Archive member included to satisfy reference by file (symbol)

c:/st/stm32cubeide_1.6.1/stm32cubeide/plugins/com.st.stm32cube.ide.mcu.externaltools.gnu-tools-for-stm32.10.3-2021.10.win32_1.0.100.202210260954/tools/bin/../lib/gcc/arm-none-eabi/10.3.1/../../../../arm-none-eabi/lib/thumb/v7e-m+fp/hard\libc_nano.a(lib_a-atoi.o)
                              ./Core/fc/source/cli.o (atoi)
c:/st/stm32cubeide_1.6.1/stm32cubeide/plugins/com.st.stm32cube.ide.mcu.externaltools.gnu-tools-for-stm32.10.3-2021.10.win32_1.0.100.202210260954/tools/bin/../lib/gcc/arm-none-eabi/10.3.1/../../../../arm-none-eabi/lib/thumb/v7e-m+fp/hard\libc_nano.a(lib_a-calloc.o)
                              ./Core/pif/source/core/pif_list.o (calloc)
c:/st/stm32cubeide_1.6.1/stm32cubeide/plugins/com.st.stm32cube.ide.mcu.externaltools.gnu-tools-for-stm32.10.3-2021.10.win32_1.0.100.202210260954/tools/bin/../lib/gcc/arm-none-eabi/10.3.1/../../../../arm-none-eabi/lib/thumb/v7e-m+fp/hard\libc_nano.a(lib_a-ctype_.o)
                              ./Core/fc/source/cli.o (_ctype_)
c:/st/stm32cubeide_1.6.1/stm32cubeide/plugins/com.st.stm32cube.ide.mcu.externaltools.gnu-tools-for-stm32.10.3-2021.10.win32_1.0.100.202210260954/tools/bin/../lib/gcc/arm-none-eabi/10.3.1/../../../../arm-none-eabi/lib/thumb/v7e-m+fp/hard\libc_nano.a(lib_a-errno.o)
                              ./Core/Src/syscalls.o (__errno)
c:/st/stm32cubeide_1.6.1/stm32cubeide/plugins/com.st.stm32cube.ide.mcu.externaltools.gnu-tools-for-stm32.10.3-2021.10.win32_1.0.100.202210260954/tools/bin/../lib/gcc/arm-none-eabi/10.3.1/../../../../arm-none-eabi/lib/thumb/v7e-m+fp/hard\libc_nano.a(lib_a-exit.o)
                              c:/st/stm32cubeide_1.6.1/stm32cubeide/plugins/com.st.stm32cube.ide.mcu.externaltools.gnu-tools-for-stm32.10.3-2021.10.win32_1.0.100.202210260954/tools/bin/../lib/gcc/arm-none-eabi/10.3.1/../../../../arm-none-eabi/lib/thumb/v7e-m+fp/hard/crt0.o (exit)
c:/st/stm32cubeide_1.6.1/stm32cubeide/plugins/com.st.stm32cube.ide.mcu.externaltools.gnu-tools-for-stm32.10.3-2021.10.win32_1.0.100.202210260954/tools/bin/../lib/gcc/arm-none-eabi/10.3.1/../../../../arm-none-eabi/lib/thumb/v7e-m+fp/hard\libc_nano.a(lib_a-impure.o)
                              c:/st/stm32cubeide_1.6.1/stm32cubeide/plugins/com.st.stm32cube.ide.mcu.externaltools.gnu-tools-for-stm32.10.3-2021.10.win32_1.0.100.202210260954/tools/bin/../lib/gcc/arm-none-eabi/10.3.1/../../../../arm-none-eabi/lib/thumb/v7e-m+fp/hard\libc_nano.a(lib_a-exit.o) (_global_impure_ptr)
c:/st/stm32cubeide_1.6.1/stm32cubeide/plugins/com.st.stm32cube.ide.mcu.externaltools.gnu-tools-for-stm32.10.3-2021.10.win32_1.0.100.202210260954/tools/bin/../lib/gcc/arm-none-eabi/10.3.1/../../../../arm-none-eabi/lib/thumb/v7e-m+fp/hard\libc_nano.a(lib_a-init.o)
                              c:/st/stm32cubeide_1.6.1/stm32cubeide/plugins/com.st.stm32cube.ide.mcu.externaltools.gnu-tools-for-stm32.10.3-2021.10.win32_1.0.100.202210260954/tools/bin/../lib/gcc/arm-none-eabi/10.3.1/../../../../arm-none-eabi/lib/thumb/v7e-m+fp/hard/crt0.o (__libc_init_array)
c:/st/stm32cubeide_1.6.1/stm32cubeide/plugins/com.st.stm32cube.ide.mcu.externaltools.gnu-tools-for-stm32.10.3-2021.10.win32_1.0.100.202210260954/tools/bin/../lib/gcc/arm-none-eabi/10.3.1/../../../../arm-none-eabi/lib/thumb/v7e-m+fp/hard\libc_nano.a(lib_a-malloc.o)
                              ./Core/fc/source/config.o (malloc)
c:/st/stm32cubeide_1.6.1/stm32cubeide/plugins/com.st.stm32cube.ide.mcu.externaltools.gnu-tools-for-stm32.10.3-2021.10.win32_1.0.100.202210260954/tools/bin/../lib/gcc/arm-none-eabi/10.3.1/../../../../arm-none-eabi/lib/thumb/v7e-m+fp/hard\libc_nano.a(lib_a-memcpy-stub.o)
                              ./Core/Src/drv_pwm.o (memcpy)
c:/st/stm32cubeide_1.6.1/stm32cubeide/plugins/com.st.stm32cube.ide.mcu.externaltools.gnu-tools-for-stm32.10.3-2021.10.win32_1.0.100.202210260954/tools/bin/../lib/gcc/arm-none-eabi/10.3.1/../../../../arm-none-eabi/lib/thumb/v7e-m+fp/hard\libc_nano.a(lib_a-memset.o)
                              c:/st/stm32cubeide_1.6.1/stm32cubeide/plugins/com.st.stm32cube.ide.mcu.externaltools.gnu-tools-for-stm32.10.3-2021.10.win32_1.0.100.202210260954/tools/bin/../lib/gcc/arm-none-eabi/10.3.1/../../../../arm-none-eabi/lib/thumb/v7e-m+fp/hard/crt0.o (memset)
c:/st/stm32cubeide_1.6.1/stm32cubeide/plugins/com.st.stm32cube.ide.mcu.externaltools.gnu-tools-for-stm32.10.3-2021.10.win32_1.0.100.202210260954/tools/bin/../lib/gcc/arm-none-eabi/10.3.1/../../../../arm-none-eabi/lib/thumb/v7e-m+fp/hard\libc_nano.a(lib_a-nano-callocr.o)
                              c:/st/stm32cubeide_1.6.1/stm32cubeide/plugins/com.st.stm32cube.ide.mcu.externaltools.gnu-tools-for-stm32.10.3-2021.10.win32_1.0.100.202210260954/tools/bin/../lib/gcc/arm-none-eabi/10.3.1/../../../../arm-none-eabi/lib/thumb/v7e-m+fp/hard\libc_nano.a(lib_a-calloc.o) (_calloc_r)
[...]
Memory Configuration

Name             Origin             Length             Attributes
RAM              0x0000000020000000 0x0000000000020000 xrw
FLASH            0x0000000008000000 0x0000000000080000 xr
*default*        0x0000000000000000 0xffffffffffffffff

Linker script and memory map

LOAD c:/st/stm32cubeide_1.6.1/stm32cubeide/plugins/com.st.stm32cube.ide.mcu.externaltools.gnu-tools-for-stm32.10.3-2021.10.win32_1.0.100.202210260954/tools/bin/../lib/gcc/arm-none-eabi/10.3.1/thumb/v7e-m+fp/hard/crti.o
LOAD c:/st/stm32cubeide_1.6.1/stm32cubeide/plugins/com.st.stm32cube.ide.mcu.externaltools.gnu-tools-for-stm32.10.3-2021.10.win32_1.0.100.202210260954/tools/bin/../lib/gcc/arm-none-eabi/10.3.1/thumb/v7e-m+fp/hard/crtbegin.o
LOAD c:/st/stm32cubeide_1.6.1/stm32cubeide/plugins/com.st.stm32cube.ide.mcu.externaltools.gnu-tools-for-stm32.10.3-2021.10.win32_1.0.100.202210260954/tools/bin/../lib/gcc/arm-none-eabi/10.3.1/../../../../arm-none-eabi/lib/thumb/v7e-m+fp/hard/crt0.o
LOAD ./Core/Src/drv_adc.o
LOAD ./Core/Src/drv_gy86.o
LOAD ./Core/Src/drv_hcsr04.o
LOAD ./Core/Src/drv_i2c.o
LOAD ./Core/Src/drv_pwm.o
LOAD ./Core/Src/drv_system.o
LOAD ./Core/Src/drv_uart.o
LOAD ./Core/Src/main.o
LOAD ./Core/Src/stm32f4xx_hal_msp.o
LOAD ./Core/Src/stm32f4xx_it.o
LOAD ./Core/Src/syscalls.o
LOAD ./Core/Src/sysmem.o
LOAD ./Core/Src/system_stm32f4xx.o
LOAD ./Core/Src/utils.o
LOAD ./Core/Startup/startup_stm32f411retx.o
LOAD ./Core/fc/source/buzzer.o
LOAD ./Core/fc/source/cli.o
LOAD ./Core/fc/source/config.o
LOAD ./Core/fc/source/fw_nav.o
LOAD ./Core/fc/source/gps.o
LOAD ./Core/fc/source/ibus.o
LOAD ./Core/fc/source/imu.o
LOAD ./Core/fc/source/link_driver.o
LOAD ./Core/fc/source/mixer.o
LOAD ./Core/fc/source/mw.o
LOAD ./Core/fc/source/rxmsp.o
LOAD ./Core/fc/source/sbus.o
LOAD ./Core/fc/source/sensors.o
LOAD ./Core/fc/source/serial.o
LOAD ./Core/fc/source/spektrum.o
LOAD ./Core/fc/source/sumd.o
LOAD ./Core/pif/source/core/pif.o
LOAD ./Core/pif/source/core/pif_comm.o
LOAD ./Core/pif/source/core/pif_i2c.o
LOAD ./Core/pif/source/core/pif_list.o
LOAD ./Core/pif/source/core/pif_log.o
LOAD ./Core/pif/source/core/pif_ring_buffer.o
LOAD ./Core/pif/source/core/pif_task.o
LOAD ./Core/pif/source/core/pif_timer.o
LOAD ./Core/pif/source/filter/pif_noise_filter.o
LOAD ./Core/pif/source/filter/pif_noise_filter_int32.o
LOAD ./Core/pif/source/gps/pif_gps.o
LOAD ./Core/pif/source/gps/pif_gps_ublox.o
LOAD ./Core/pif/source/protocol/pif_msp.o
LOAD ./Core/pif/source/rc/pif_rc.o
LOAD ./Core/pif/source/rc/pif_rc_ibus.o
LOAD ./Core/pif/source/rc/pif_rc_ppm.o
LOAD ./Core/pif/source/rc/pif_rc_pwm.o
LOAD ./Core/pif/source/rc/pif_rc_sbus.o
LOAD ./Core/pif/source/rc/pif_rc_spektrum.o
LOAD ./Core/pif/source/rc/pif_rc_sumd.o
LOAD ./Core/pif/source/sensor/pif_gy86.o
LOAD ./Core/pif/source/sensor/pif_hc_sr04.o
LOAD ./Core/pif/source/sensor/pif_hmc5883.o
LOAD ./Core/pif/source/sensor/pif_imu_sensor.o
LOAD ./Core/pif/source/sensor/pif_mpu60x0.o
LOAD ./Core/pif/source/sensor/pif_ms5611.o
LOAD ./Core/pif/source/sound/pif_buzzer.o
LOAD ./Core/pif/source/storage/pif_storage.o
LOAD ./Core/pif/source/storage/pif_storage_fix.o
LOAD ./Core/pif/source/storage/pif_storage_var.o
LOAD ./Drivers/STM32F4xx_HAL_Driver/Src/stm32f4xx_hal.o
LOAD ./Drivers/STM32F4xx_HAL_Driver/Src/stm32f4xx_hal_adc.o
LOAD ./Drivers/STM32F4xx_HAL_Driver/Src/stm32f4xx_hal_adc_ex.o
LOAD ./Drivers/STM32F4xx_HAL_Driver/Src/stm32f4xx_hal_cortex.o
LOAD ./Drivers/STM32F4xx_HAL_Driver/Src/stm32f4xx_hal_dma.o
LOAD ./Drivers/STM32F4xx_HAL_Driver/Src/stm32f4xx_hal_dma_ex.o
LOAD ./Drivers/STM32F4xx_HAL_Driver/Src/stm32f4xx_hal_exti.o
LOAD ./Drivers/STM32F4xx_HAL_Driver/Src/stm32f4xx_hal_flash.o
LOAD ./Drivers/STM32F4xx_HAL_Driver/Src/stm32f4xx_hal_flash_ex.o
LOAD ./Drivers/STM32F4xx_HAL_Driver/Src/stm32f4xx_hal_flash_ramfunc.o
LOAD ./Drivers/STM32F4xx_HAL_Driver/Src/stm32f4xx_hal_gpio.o
LOAD ./Drivers/STM32F4xx_HAL_Driver/Src/stm32f4xx_hal_i2c.o
LOAD ./Drivers/STM32F4xx_HAL_Driver/Src/stm32f4xx_hal_i2c_ex.o
LOAD ./Drivers/STM32F4xx_HAL_Driver/Src/stm32f4xx_hal_pwr.o
LOAD ./Drivers/STM32F4xx_HAL_Driver/Src/stm32f4xx_hal_pwr_ex.o
LOAD ./Drivers/STM32F4xx_HAL_Driver/Src/stm32f4xx_hal_rcc.o
LOAD ./Drivers/STM32F4xx_HAL_Driver/Src/stm32f4xx_hal_rcc_ex.o
LOAD ./Drivers/STM32F4xx_HAL_Driver/Src/stm32f4xx_hal_tim.o
LOAD ./Drivers/STM32F4xx_HAL_Driver/Src/stm32f4xx_hal_tim_ex.o
LOAD ./Drivers/STM32F4xx_HAL_Driver/Src/stm32f4xx_hal_uart.o
LOAD ./Drivers/STM32F4xx_HAL_Driver/Src/stm32f4xx_ll_adc.o
START GROUP
LOAD c:/st/stm32cubeide_1.6.1/stm32cubeide/plugins/com.st.stm32cube.ide.mcu.externaltools.gnu-tools-for-stm32.10.3-2021.10.win32_1.0.100.202210260954/tools/bin/../lib/gcc/arm-none-eabi/10.3.1/../../../../arm-none-eabi/lib/thumb/v7e-m+fp/hard\libc_nano.a
LOAD c:/st/stm32cubeide_1.6.1/stm32cubeide/plugins/com.st.stm32cube.ide.mcu.externaltools.gnu-tools-for-stm32.10.3-2021.10.win32_1.0.100.202210260954/tools/bin/../lib/gcc/arm-none-eabi/10.3.1/../../../../arm-none-eabi/lib/thumb/v7e-m+fp/hard\libm.a
END GROUP
START GROUP
LOAD c:/st/stm32cubeide_1.6.1/stm32cubeide/plugins/com.st.stm32cube.ide.mcu.externaltools.gnu-tools-for-stm32.10.3-2021.10.win32_1.0.100.202210260954/tools/bin/../lib/gcc/arm-none-eabi/10.3.1/thumb/v7e-m+fp/hard\libgcc.a
LOAD c:/st/stm32cubeide_1.6.1/stm32cubeide/plugins/com.st.stm32cube.ide.mcu.externaltools.gnu-tools-for-stm32.10.3-2021.10.win32_1.0.100.202210260954/tools/bin/../lib/gcc/arm-none-eabi/10.3.1/../../../../arm-none-eabi/lib/thumb/v7e-m+fp/hard\libc_nano.a
END GROUP
START GROUP
LOAD c:/st/stm32cubeide_1.6.1/stm32cubeide/plugins/com.st.stm32cube.ide.mcu.externaltools.gnu-tools-for-stm32.10.3-2021.10.win32_1.0.100.202210260954/tools/bin/../lib/gcc/arm-none-eabi/10.3.1/thumb/v7e-m+fp/hard\libgcc.a
LOAD c:/st/stm32cubeide_1.6.1/stm32cubeide/plugins/com.st.stm32cube.ide.mcu.externaltools.gnu-tools-for-stm32.10.3-2021.10.win32_1.0.100.202210260954/tools/bin/../lib/gcc/arm-none-eabi/10.3.1/../../../../arm-none-eabi/lib/thumb/v7e-m+fp/hard\libc_nano.a
LOAD c:/st/stm32cubeide_1.6.1/stm32cubeide/plugins/com.st.stm32cube.ide.mcu.externaltools.gnu-tools-for-stm32.10.3-2021.10.win32_1.0.100.202210260954/tools/bin/../lib/gcc/arm-none-eabi/10.3.1/../../../../arm-none-eabi/lib/thumb/v7e-m+fp/hard\libnosys.a
END GROUP
START GROUP
LOAD c:/st/stm32cubeide_1.6.1/stm32cubeide/plugins/com.st.stm32cube.ide.mcu.externaltools.gnu-tools-for-stm32.10.3-2021.10.win32_1.0.100.202210260954/tools/bin/../lib/gcc/arm-none-eabi/10.3.1/thumb/v7e-m+fp/hard\libgcc.a
LOAD c:/st/stm32cubeide_1.6.1/stm32cubeide/plugins/com.st.stm32cube.ide.mcu.externaltools.gnu-tools-for-stm32.10.3-2021.10.win32_1.0.100.202210260954/tools/bin/../lib/gcc/arm-none-eabi/10.3.1/../../../../arm-none-eabi/lib/thumb/v7e-m+fp/hard\libc_nano.a
LOAD c:/st/stm32cubeide_1.6.1/stm32cubeide/plugins/com.st.stm32cube.ide.mcu.externaltools.gnu-tools-for-stm32.10.3-2021.10.win32_1.0.100.202210260954/tools/bin/../lib/gcc/arm-none-eabi/10.3.1/../../../../arm-none-eabi/lib/thumb/v7e-m+fp/hard\libnosys.a
END GROUP
LOAD c:/st/stm32cubeide_1.6.1/stm32cubeide/plugins/com.st.stm32cube.ide.mcu.externaltools.gnu-tools-for-stm32.10.3-2021.10.win32_1.0.100.202210260954/tools/bin/../lib/gcc/arm-none-eabi/10.3.1/thumb/v7e-m+fp/hard/crtend.o
LOAD c:/st/stm32cubeide_1.6.1/stm32cubeide/plugins/com.st.stm32cube.ide.mcu.externaltools.gnu-tools-for-stm32.10.3-2021.10.win32_1.0.100.202210260954/tools/bin/../lib/gcc/arm-none-eabi/10.3.1/thumb/v7e-m+fp/hard/crtn.o
                0x0000000020020000                _estack = (ORIGIN (RAM) + LENGTH (RAM))
                0x0000000000000200                _Min_Heap_Size = 0x200
                0x0000000000000400                _Min_Stack_Size = 0x400

.isr_vector     0x0000000008000000      0x198
                0x0000000008000000                . = ALIGN (0x4)
 *(.isr_vector)
 .isr_vector    0x0000000008000000      0x198 ./Core/Startup/startup_stm32f411retx.o
                0x0000000008000000                g_pfnVectors
                0x0000000008000198                . = ALIGN (0x4)

.text           0x0000000008000198    0x16e08
                0x0000000008000198                . = ALIGN (0x4)
 *(.text)
 .text          0x0000000008000198       0x40 c:/st/stm32cubeide_1.6.1/stm32cubeide/plugins/com.st.stm32cube.ide.mcu.externaltools.gnu-tools-for-stm32.10.3-2021.10.win32_1.0.100.202210260954/tools/bin/../lib/gcc/arm-none-eabi/10.3.1/thumb/v7e-m+fp/hard/crtbegin.o
 .text          0x00000000080001d8       0x10 c:/st/stm32cubeide_1.6.1/stm32cubeide/plugins/com.st.stm32cube.ide.mcu.externaltools.gnu-tools-for-stm32.10.3-2021.10.win32_1.0.100.202210260954/tools/bin/../lib/gcc/arm-none-eabi/10.3.1/../../../../arm-none-eabi/lib/thumb/v7e-m+fp/hard\libc_nano.a(lib_a-strlen.o)
                0x00000000080001d8                strlen
 .text          0x00000000080001e8      0x378 c:/st/stm32cubeide_1.6.1/stm32cubeide/plugins/com.st.stm32cube.ide.mcu.externaltools.gnu-tools-for-stm32.10.3-2021.10.win32_1.0.100.202210260954/tools/bin/../lib/gcc/arm-none-eabi/10.3.1/thumb/v7e-m+fp/hard\libgcc.a(_arm_addsubdf3.o)
                0x00000000080001e8                __aeabi_drsub
                0x00000000080001f0                __aeabi_dsub
                0x00000000080001f0                __subdf3
                0x00000000080001f4                __aeabi_dadd
                0x00000000080001f4                __adddf3
                0x000000000800046c                __floatunsidf
                0x000000000800046c                __aeabi_ui2d
                0x000000000800048c                __floatsidf
                0x000000000800048c                __aeabi_i2d
                0x00000000080004b0                __aeabi_f2d
                0x00000000080004b0                __extendsfdf2
                0x00000000080004f4                __floatundidf
                0x00000000080004f4                __aeabi_ul2d
                0x0000000008000504                __floatdidf
                0x0000000008000504                __aeabi_l2d
 .text          0x0000000008000560      0x424 c:/st/stm32cubeide_1.6.1/stm32cubeide/plugins/com.st.stm32cube.ide.mcu.externaltools.gnu-tools-for-stm32.10.3-2021.10.win32_1.0.100.202210260954/tools/bin/../lib/gcc/arm-none-eabi/10.3.1/thumb/v7e-m+fp/hard\libgcc.a(_arm_muldivdf3.o)
                0x0000000008000560                __aeabi_dmul
                0x0000000008000560                __muldf3
                0x00000000080007b4                __divdf3
                0x00000000080007b4                __aeabi_ddiv
 .text          0x0000000008000984      0x110 c:/st/stm32cubeide_1.6.1/stm32cubeide/plugins/com.st.stm32cube.ide.mcu.externaltools.gnu-tools-for-stm32.10.3-2021.10.win32_1.0.100.202210260954/tools/bin/../lib/gcc/arm-none-eabi/10.3.1/thumb/v7e-m+fp/hard\libgcc.a(_arm_cmpdf2.o)
                0x0000000008000984                __gtdf2
                0x0000000008000984                __gedf2
                0x000000000800098c                __ltdf2
                0x000000000800098c                __ledf2
                0x0000000008000994                __nedf2
                0x0000000008000994                __eqdf2
                0x0000000008000994                __cmpdf2
                0x0000000008000a10                __aeabi_cdrcmple
                0x0000000008000a20                __aeabi_cdcmpeq
                0x0000000008000a20                __aeabi_cdcmple
                0x0000000008000a30                __aeabi_dcmpeq
                0x0000000008000a44                __aeabi_dcmplt
                0x0000000008000a58                __aeabi_dcmple
                0x0000000008000a6c                __aeabi_dcmpge
                0x0000000008000a80                __aeabi_dcmpgt
 .text          0x0000000008000a94       0x50 c:/st/stm32cubeide_1.6.1/stm32cubeide/plugins/com.st.stm32cube.ide.mcu.externaltools.gnu-tools-for-stm32.10.3-2021.10.win32_1.0.100.202210260954/tools/bin/../lib/gcc/arm-none-eabi/10.3.1/thumb/v7e-m+fp/hard\libgcc.a(_arm_fixdfsi.o)
                0x0000000008000a94                __aeabi_d2iz
                0x0000000008000a94                __fixdfsi
 .text          0x0000000008000ae4       0x40 c:/st/stm32cubeide_1.6.1/stm32cubeide/plugins/com.st.stm32cube.ide.mcu.externaltools.gnu-tools-for-stm32.10.3-2021.10.win32_1.0.100.202210260954/tools/bin/../lib/gcc/arm-none-eabi/10.3.1/thumb/v7e-m+fp/hard\libgcc.a(_arm_fixunsdfsi.o)
                0x0000000008000ae4                __aeabi_d2uiz
                0x0000000008000ae4                __fixunsdfsi
 .text          0x0000000008000b24       0xa0 c:/st/stm32cubeide_1.6.1/stm32cubeide/plugins/com.st.stm32cube.ide.mcu.externaltools.gnu-tools-for-stm32.10.3-2021.10.win32_1.0.100.202210260954/tools/bin/../lib/gcc/arm-none-eabi/10.3.1/thumb/v7e-m+fp/hard\libgcc.a(_arm_truncdfsf2.o)
                0x0000000008000b24                __truncdfsf2
                0x0000000008000b24                __aeabi_d2f
 .text          0x0000000008000bc4      0x21c c:/st/stm32cubeide_1.6.1/stm32cubeide/plugins/com.st.stm32cube.ide.mcu.externaltools.gnu-tools-for-stm32.10.3-2021.10.win32_1.0.100.202210260954/tools/bin/../lib/gcc/arm-none-eabi/10.3.1/thumb/v7e-m+fp/hard\libgcc.a(_arm_addsubsf3.o)
                0x0000000008000bc4                __aeabi_frsub
                0x0000000008000bcc                __subsf3
                0x0000000008000bcc                __aeabi_fsub
                0x0000000008000bd0                __aeabi_fadd
                0x0000000008000bd0                __addsf3
                0x0000000008000d30                __aeabi_ui2f
                0x0000000008000d30                __floatunsisf
                0x0000000008000d38                __aeabi_i2f
                0x0000000008000d38                __floatsisf
                0x0000000008000d54                __aeabi_ul2f
                0x0000000008000d54                __floatundisf
                0x0000000008000d64                __aeabi_l2f
                0x0000000008000d64                __floatdisf
 .text          0x0000000008000de0       0xa0 c:/st/stm32cubeide_1.6.1/stm32cubeide/plugins/com.st.stm32cube.ide.mcu.externaltools.gnu-tools-for-stm32.10.3-2021.10.win32_1.0.100.202210260954/tools/bin/../lib/gcc/arm-none-eabi/10.3.1/thumb/v7e-m+fp/hard\libgcc.a(_aeabi_ldivmod.o)
                0x0000000008000de0                __aeabi_ldivmod
 .text          0x0000000008000e80       0x30 c:/st/stm32cubeide_1.6.1/stm32cubeide/plugins/com.st.stm32cube.ide.mcu.externaltools.gnu-tools-for-stm32.10.3-2021.10.win32_1.0.100.202210260954/tools/bin/../lib/gcc/arm-none-eabi/10.3.1/thumb/v7e-m+fp/hard\libgcc.a(_aeabi_uldivmod.o)
                0x0000000008000e80                __aeabi_uldivmod
 .text          0x0000000008000eb0      0x2d0 c:/st/stm32cubeide_1.6.1/stm32cubeide/plugins/com.st.stm32cube.ide.mcu.externaltools.gnu-tools-for-stm32.10.3-2021.10.win32_1.0.100.202210260954/tools/bin/../lib/gcc/arm-none-eabi/10.3.1/thumb/v7e-m+fp/hard\libgcc.a(_udivmoddi4.o)
                0x0000000008000eb0                __udivmoddi4
 .text          0x0000000008001180        0x4 c:/st/stm32cubeide_1.6.1/stm32cubeide/plugins/com.st.stm32cube.ide.mcu.externaltools.gnu-tools-for-stm32.10.3-2021.10.win32_1.0.100.202210260954/tools/bin/../lib/gcc/arm-none-eabi/10.3.1/thumb/v7e-m+fp/hard\libgcc.a(_dvmd_tls.o)
                0x0000000008001180                __aeabi_idiv0
                0x0000000008001180                __aeabi_ldiv0
 *(.text*)
 .text.adcInit  0x0000000008001184       0x14 ./Core/Src/drv_adc.o
                0x0000000008001184                adcInit
 .text.actGetAdcChannel
                0x0000000008001198        0xc ./Core/Src/drv_adc.o
                0x0000000008001198                actGetAdcChannel
 .text.actGetBatteryVoltage
                0x00000000080011a4       0x28 ./Core/Src/drv_adc.o
                0x00000000080011a4                actGetBatteryVoltage
 .text.actGetBatteryCurrent
                0x00000000080011cc       0x18 ./Core/Src/drv_adc.o
                0x00000000080011cc                actGetBatteryCurrent
 .text.hmc5883lRead
                0x00000000080011e4       0x24 ./Core/Src/drv_gy86.o
 .text.mpuGyroRead
                0x0000000008001208       0x24 ./Core/Src/drv_gy86.o
 .text.mpuGyroInit
                0x000000000800122c        0xa ./Core/Src/drv_gy86.o
 .text.mpuAccRead
                0x0000000008001236       0x24 ./Core/Src/drv_gy86.o
 .text.mpuAccInit
                0x000000000800125a        0xa ./Core/Src/drv_gy86.o
 .text.hmc5883lInit
                0x0000000008001264      0x238 ./Core/Src/drv_gy86.o
 .text.gy86Detect
                0x000000000800149c      0x110 ./Core/Src/drv_gy86.o
                0x000000000800149c                gy86Detect
 .text._evtHcSr04Distance
                0x00000000080015ac       0x3c ./Core/Src/drv_hcsr04.o
 .text._actHcSr04Trigger
                0x00000000080015e8       0x1c ./Core/Src/drv_hcsr04.o
 .text.hcsr04Echo
                0x0000000008001604       0x18 ./Core/Src/drv_hcsr04.o
                0x0000000008001604                hcsr04Echo
 .text.hcsr04Init
                0x000000000800161c       0x44 ./Core/Src/drv_hcsr04.o
                0x000000000800161c                hcsr04Init
 .text.actI2cRead
                0x0000000008001660       0x3c ./Core/Src/drv_i2c.o
                0x0000000008001660                actI2cRead
 .text.actI2cWrite
                0x000000000800169c       0x38 ./Core/Src/drv_i2c.o
                0x000000000800169c                actI2cWrite
 .text.HAL_I2C_MasterTxCpltCallback
                0x00000000080016d4       0x1c ./Core/Src/drv_i2c.o
                0x00000000080016d4                HAL_I2C_MasterTxCpltCallback
 .text.HAL_I2C_MasterRxCpltCallback
                0x00000000080016f0        0x4 ./Core/Src/drv_i2c.o
                0x00000000080016f0                HAL_I2C_MasterRxCpltCallback
 .text.HAL_I2C_MemTxCpltCallback
                0x00000000080016f4        0x4 ./Core/Src/drv_i2c.o
                0x00000000080016f4                HAL_I2C_MemTxCpltCallback
 .text.HAL_I2C_MemRxCpltCallback
                0x00000000080016f8        0x4 ./Core/Src/drv_i2c.o
                0x00000000080016f8                HAL_I2C_MemRxCpltCallback
 .text.i2cInit  0x00000000080016fc       0x2c ./Core/Src/drv_i2c.o
                0x00000000080016fc                i2cInit
 .text.pwmWriteStandard
                0x0000000008001728       0x44 ./Core/Src/drv_pwm.o
 .text._evtRcReceive
                0x000000000800176c       0x1c ./Core/Src/drv_pwm.o
 .text.pwmReadRc
                0x0000000008001788       0x60 ./Core/Src/drv_pwm.o
                0x0000000008001788                pwmReadRc
 .text.pwmInit  0x00000000080017e8      0x164 ./Core/Src/drv_pwm.o
                0x00000000080017e8                pwmInit
 .text.actPwmWriteMotor
                0x000000000800194c       0x18 ./Core/Src/drv_pwm.o
                0x000000000800194c                actPwmWriteMotor
 .text.actPwmWriteServo
                0x0000000008001964        0x2 ./Core/Src/drv_pwm.o
                0x0000000008001964                actPwmWriteServo
 *fill*         0x0000000008001966        0x2 
 .text.actPwmRead
                0x0000000008001968        0xc ./Core/Src/drv_pwm.o
                0x0000000008001968                actPwmRead
 .text.systemReset
                0x0000000008001974       0x28 ./Core/Src/drv_system.o
                0x0000000008001974                systemReset
 .text.actLed0State
                0x000000000800199c       0x1c ./Core/Src/drv_system.o
                0x000000000800199c                actLed0State
 .text.actLed0Toggle
                0x00000000080019b8       0x1c ./Core/Src/drv_system.o
                0x00000000080019b8                actLed0Toggle
 .text.actLed1State
                0x00000000080019d4       0x1c ./Core/Src/drv_system.o
                0x00000000080019d4                actLed1State
 .text.actLed1Toggle
                0x00000000080019f0       0x1c ./Core/Src/drv_system.o
                0x00000000080019f0                actLed1Toggle
 .text.actBuzzerAction
                0x0000000008001a0c       0x10 ./Core/Src/drv_system.o
                0x0000000008001a0c                actBuzzerAction
 .text.systemInit
                0x0000000008001a1c       0x1c ./Core/Src/drv_system.o
                0x0000000008001a1c                systemInit
 .text.failureMode
                0x0000000008001a38       0x4a ./Core/Src/drv_system.o
                0x0000000008001a38                failureMode
 .text.actInvState
                0x0000000008001a82        0x2 ./Core/Src/drv_system.o
                0x0000000008001a82                actInvState
 .text.HAL_GPIO_EXTI_Callback
                0x0000000008001a84       0x14 ./Core/Src/drv_system.o
                0x0000000008001a84                HAL_GPIO_EXTI_Callback
 .text.storageInit
                0x0000000008001a98       0x84 ./Core/Src/drv_system.o
                0x0000000008001a98                storageInit
 .text.actUartStartTransfer
                0x0000000008001b1c       0x38 ./Core/Src/drv_uart.o
 .text.actUartSetBaudRate
                0x0000000008001b54       0x34 ./Core/Src/drv_uart.o
 .text.HAL_UART_TxCpltCallback
                0x0000000008001b88       0x74 ./Core/Src/drv_uart.o
                0x0000000008001b88                HAL_UART_TxCpltCallback
 .text.HAL_UART_RxCpltCallback
                0x0000000008001bfc       0x58 ./Core/Src/drv_uart.o
                0x0000000008001bfc                HAL_UART_RxCpltCallback
 .text.serialSetBaudRate
                0x0000000008001c54        0x6 ./Core/Src/drv_uart.o
                0x0000000008001c54                serialSetBaudRate
 *fill*         0x0000000008001c5a        0x2 
 .text.uartOpen
                0x0000000008001c5c       0xf0 ./Core/Src/drv_uart.o
                0x0000000008001c5c                uartOpen
 .text.serialStartReceiveFunc
                0x0000000008001d4c       0x28 ./Core/Src/drv_uart.o
                0x0000000008001d4c                serialStartReceiveFunc
 .text.serialStopReceiveFunc
                0x0000000008001d74       0x1c ./Core/Src/drv_uart.o
                0x0000000008001d74                serialStopReceiveFunc
 .text.micros   0x0000000008001d90        0xc ./Core/Src/main.o
                0x0000000008001d90                micros
 .text.featureDefault
                0x0000000008001d9c        0x6 ./Core/Src/main.o
 *fill*         0x0000000008001da2        0x2 
 .text.SystemClock_Config
                0x0000000008001da4       0x9c ./Core/Src/main.o
                0x0000000008001da4                SystemClock_Config
 .text.startup.main
                0x0000000008001e40      0x86c ./Core/Src/main.o
                0x0000000008001e40                main
 .text.Error_Handler
                0x00000000080026ac        0x4 ./Core/Src/main.o
                0x00000000080026ac                Error_Handler
 .text.HAL_MspInit
                0x00000000080026b0       0x3c ./Core/Src/stm32f4xx_hal_msp.o
                0x00000000080026b0                HAL_MspInit
 .text.HAL_ADC_MspInit
                0x00000000080026ec       0xf4 ./Core/Src/stm32f4xx_hal_msp.o
                0x00000000080026ec                HAL_ADC_MspInit
 .text.HAL_I2C_MspInit
                0x00000000080027e0      0x100 ./Core/Src/stm32f4xx_hal_msp.o
                0x00000000080027e0                HAL_I2C_MspInit
 .text.HAL_TIM_Base_MspInit
                0x00000000080028e0       0x64 ./Core/Src/stm32f4xx_hal_msp.o
                0x00000000080028e0                HAL_TIM_Base_MspInit
 .text.HAL_TIM_MspPostInit
                0x0000000008002944       0x80 ./Core/Src/stm32f4xx_hal_msp.o
                0x0000000008002944                HAL_TIM_MspPostInit
 .text.HAL_UART_MspInit
                0x00000000080029c4      0x13c ./Core/Src/stm32f4xx_hal_msp.o
                0x00000000080029c4                HAL_UART_MspInit
 .text.HAL_UART_MspDeInit
                0x0000000008002b00       0x7c ./Core/Src/stm32f4xx_hal_msp.o
                0x0000000008002b00                HAL_UART_MspDeInit
 .text.NMI_Handler
                0x0000000008002b7c        0x2 ./Core/Src/stm32f4xx_it.o
                0x0000000008002b7c                NMI_Handler
 .text.HardFault_Handler
                0x0000000008002b7e        0x2 ./Core/Src/stm32f4xx_it.o
                0x0000000008002b7e                HardFault_Handler
 .text.MemManage_Handler
                0x0000000008002b80        0x2 ./Core/Src/stm32f4xx_it.o
                0x0000000008002b80                MemManage_Handler
 .text.BusFault_Handler
                0x0000000008002b82        0x2 ./Core/Src/stm32f4xx_it.o
                0x0000000008002b82                BusFault_Handler
 .text.UsageFault_Handler
                0x0000000008002b84        0x2 ./Core/Src/stm32f4xx_it.o
                0x0000000008002b84                UsageFault_Handler
 .text.SVC_Handler
                0x0000000008002b86        0x2 ./Core/Src/stm32f4xx_it.o
                0x0000000008002b86                SVC_Handler
 .text.DebugMon_Handler
                0x0000000008002b88        0x2 ./Core/Src/stm32f4xx_it.o
                0x0000000008002b88                DebugMon_Handler
 .text.PendSV_Handler
                0x0000000008002b8a        0x2 ./Core/Src/stm32f4xx_it.o
                0x0000000008002b8a                PendSV_Handler
 .text.SysTick_Handler
                0x0000000008002b8c       0x18 ./Core/Src/stm32f4xx_it.o
                0x0000000008002b8c                SysTick_Handler
 .text.EXTI1_IRQHandler
                0x0000000008002ba4        0x6 ./Core/Src/stm32f4xx_it.o
                0x0000000008002ba4                EXTI1_IRQHandler
 *fill*         0x0000000008002baa        0x2 
 .text.DMA1_Stream0_IRQHandler
                0x0000000008002bac        0xc ./Core/Src/stm32f4xx_it.o
                0x0000000008002bac                DMA1_Stream0_IRQHandler
 .text.DMA1_Stream1_IRQHandler
                0x0000000008002bb8        0xc ./Core/Src/stm32f4xx_it.o
                0x0000000008002bb8                DMA1_Stream1_IRQHandler
 .text.TIM3_IRQHandler
                0x0000000008002bc4        0xc ./Core/Src/stm32f4xx_it.o
                0x0000000008002bc4                TIM3_IRQHandler
 .text.I2C1_EV_IRQHandler
                0x0000000008002bd0        0xc ./Core/Src/stm32f4xx_it.o
                0x0000000008002bd0                I2C1_EV_IRQHandler
 .text.I2C1_ER_IRQHandler
                0x0000000008002bdc        0xc ./Core/Src/stm32f4xx_it.o
                0x0000000008002bdc                I2C1_ER_IRQHandler
 .text.USART1_IRQHandler
                0x0000000008002be8        0xc ./Core/Src/stm32f4xx_it.o
                0x0000000008002be8                USART1_IRQHandler
 .text.USART2_IRQHandler
                0x0000000008002bf4        0xc ./Core/Src/stm32f4xx_it.o
                0x0000000008002bf4                USART2_IRQHandler
 .text.EXTI15_10_IRQHandler
                0x0000000008002c00       0x16 ./Core/Src/stm32f4xx_it.o
                0x0000000008002c00                EXTI15_10_IRQHandler
 *fill*         0x0000000008002c16        0x2 
 .text.DMA2_Stream0_IRQHandler
                0x0000000008002c18        0xc ./Core/Src/stm32f4xx_it.o
                0x0000000008002c18                DMA2_Stream0_IRQHandler
 .text.USART6_IRQHandler
                0x0000000008002c24        0xc ./Core/Src/stm32f4xx_it.o
                0x0000000008002c24                USART6_IRQHandler
 .text._sbrk    0x0000000008002c30       0x40 ./Core/Src/sysmem.o
                0x0000000008002c30                _sbrk
 .text.SystemInit
                0x0000000008002c70       0x14 ./Core/Src/system_stm32f4xx.o
                0x0000000008002c70                SystemInit
 .text.constrain
                0x0000000008002c84       0x10 ./Core/Src/utils.o
                0x0000000008002c84                constrain
 *fill*         0x0000000008002c94        0x4 
 .text.initBoardAlignment
                0x0000000008002c98      0x140 ./Core/Src/utils.o
                0x0000000008002c98                initBoardAlignment
 .text.Reset_Handler
                0x0000000008002dd8       0x50 ./Core/Startup/startup_stm32f411retx.o
                0x0000000008002dd8                Reset_Handler
 .text.Default_Handler
                0x0000000008002e28        0x2 ./Core/Startup/startup_stm32f411retx.o
                0x0000000008002e28                RTC_Alarm_IRQHandler
                0x0000000008002e28                EXTI2_IRQHandler
                0x0000000008002e28                SPI4_IRQHandler
                0x0000000008002e28                TIM1_CC_IRQHandler
                0x0000000008002e28                DMA2_Stream5_IRQHandler
                0x0000000008002e28                DMA1_Stream5_IRQHandler
                0x0000000008002e28                PVD_IRQHandler
                0x0000000008002e28                SDIO_IRQHandler
                0x0000000008002e28                TAMP_STAMP_IRQHandler
                0x0000000008002e28                EXTI3_IRQHandler
                0x0000000008002e28                TIM1_UP_TIM10_IRQHandler
                0x0000000008002e28                I2C3_ER_IRQHandler
                0x0000000008002e28                EXTI0_IRQHandler
                0x0000000008002e28                I2C2_EV_IRQHandler
                0x0000000008002e28                DMA1_Stream2_IRQHandler
                0x0000000008002e28                FPU_IRQHandler
                0x0000000008002e28                DMA2_Stream2_IRQHandler
                0x0000000008002e28                SPI1_IRQHandler
                0x0000000008002e28                TIM1_BRK_TIM9_IRQHandler
                0x0000000008002e28                DMA2_Stream3_IRQHandler
                0x0000000008002e28                TIM4_IRQHandler
                0x0000000008002e28                DMA1_Stream6_IRQHandler
                0x0000000008002e28                RCC_IRQHandler
                0x0000000008002e28                Default_Handler
                0x0000000008002e28                ADC_IRQHandler
                0x0000000008002e28                DMA1_Stream7_IRQHandler
                0x0000000008002e28                SPI5_IRQHandler
                0x0000000008002e28                TIM5_IRQHandler
                0x0000000008002e28                DMA2_Stream7_IRQHandler
                0x0000000008002e28                I2C3_EV_IRQHandler
                0x0000000008002e28                EXTI9_5_IRQHandler
                0x0000000008002e28                RTC_WKUP_IRQHandler
                0x0000000008002e28                SPI2_IRQHandler
                0x0000000008002e28                EXTI4_IRQHandler
                0x0000000008002e28                WWDG_IRQHandler
                0x0000000008002e28                TIM2_IRQHandler
                0x0000000008002e28                OTG_FS_WKUP_IRQHandler
                0x0000000008002e28                TIM1_TRG_COM_TIM11_IRQHandler
                0x0000000008002e28                I2C2_ER_IRQHandler
                0x0000000008002e28                DMA2_Stream1_IRQHandler
                0x0000000008002e28                FLASH_IRQHandler
                0x0000000008002e28                DMA2_Stream4_IRQHandler
                0x0000000008002e28                OTG_FS_IRQHandler
                0x0000000008002e28                SPI3_IRQHandler
                0x0000000008002e28                DMA1_Stream4_IRQHandler
                0x0000000008002e28                DMA2_Stream6_IRQHandler
                0x0000000008002e28                DMA1_Stream3_IRQHandler
 *fill*         0x0000000008002e2a        0x2 
 .text._evtBuzzerFinish
                0x0000000008002e2c        0xc ./Core/fc/source/buzzer.o
 .text.buzzerInit
                0x0000000008002e38       0x28 ./Core/fc/source/buzzer.o
                0x0000000008002e38                buzzerInit
 .text.buzzer   0x0000000008002e60      0x140 ./Core/fc/source/buzzer.o
                0x0000000008002e60                buzzer
 .text.buzzerUpdate
                0x0000000008002fa0       0x20 ./Core/fc/source/buzzer.o
                0x0000000008002fa0                buzzerUpdate
 .text.i2a      0x0000000008002fc0       0x28 ./Core/fc/source/cli.o
 .text._atof    0x0000000008002fe8      0x118 ./Core/fc/source/cli.o
 .text.cliVersion
                0x0000000008003100       0x14 ./Core/fc/source/cli.o
 .text.cliMixer
                0x0000000008003114       0xc8 ./Core/fc/source/cli.o
 .text.cliServoMix
                0x00000000080031dc      0x35c ./Core/fc/source/cli.o
 .text.cliServo
                0x0000000008003538      0x174 ./Core/fc/source/cli.o
 .text.cliSave  0x00000000080036ac       0x34 ./Core/fc/source/cli.o
 .text.cliMap   0x00000000080036e0       0xe0 ./Core/fc/source/cli.o
 .text.cliFeature
                0x00000000080037c0       0xe8 ./Core/fc/source/cli.o
 .text.cliExit  0x00000000080038a8       0x2c ./Core/fc/source/cli.o
 .text.cliDefaults
                0x00000000080038d4       0x30 ./Core/fc/source/cli.o
 .text.cliMotor
                0x0000000008003904       0x84 ./Core/fc/source/cli.o
 .text.cliAux   0x0000000008003988       0x6c ./Core/fc/source/cli.o
 .text.cliGpsPassthrough
                0x00000000080039f4       0x2c ./Core/fc/source/cli.o
 .text.cliProfile.part.0.isra.0
                0x0000000008003a20       0x24 ./Core/fc/source/cli.o
 .text.cliProfile
                0x0000000008003a44       0x24 ./Core/fc/source/cli.o
 .text.itoa     0x0000000008003a68       0x26 ./Core/fc/source/cli.o
                0x0000000008003a68                itoa
 *fill*         0x0000000008003a8e        0x2 
 .text.ftoa     0x0000000008003a90       0xc8 ./Core/fc/source/cli.o
 .text.cliPrintVar
                0x0000000008003b58       0xb4 ./Core/fc/source/cli.o
 .text.cliSet   0x0000000008003c0c      0x18c ./Core/fc/source/cli.o
 .text.cliDump  0x0000000008003d98      0x324 ./Core/fc/source/cli.o
 .text.cliCMix  0x00000000080040bc      0x274 ./Core/fc/source/cli.o
 .text.cliInit  0x0000000008004330       0x44 ./Core/fc/source/cli.o
                0x0000000008004330                cliInit
 .text.cliStatusCallback
                0x0000000008004374        0x2 ./Core/fc/source/cli.o
                0x0000000008004374                cliStatusCallback
 *fill*         0x0000000008004376        0x2 
 .text.cliStatus
                0x0000000008004378      0x154 ./Core/fc/source/cli.o
 .text.validEEPROM
                0x00000000080044cc       0x78 ./Core/fc/source/config.o
 .text.initEEPROM
                0x0000000008004544       0x10 ./Core/fc/source/config.o
                0x0000000008004544                initEEPROM
 .text.parseRcChannels
                0x0000000008004554       0x38 ./Core/fc/source/config.o
                0x0000000008004554                parseRcChannels
 .text.readEEPROM
                0x000000000800458c       0x64 ./Core/fc/source/config.o
                0x000000000800458c                readEEPROM
 .text.activateConfig
                0x00000000080045f0       0xdc ./Core/fc/source/config.o
                0x00000000080045f0                activateConfig
 .text.loadAndActivateConfig
                0x00000000080046cc        0xe ./Core/fc/source/config.o
                0x00000000080046cc                loadAndActivateConfig
 *fill*         0x00000000080046da        0x2 
 .text.writeEEPROM
                0x00000000080046dc       0x9c ./Core/fc/source/config.o
                0x00000000080046dc                writeEEPROM
 .text.checkFirstTime
                0x0000000008004778      0x308 ./Core/fc/source/config.o
                0x0000000008004778                checkFirstTime
 .text.sensors  0x0000000008004a80       0x14 ./Core/fc/source/config.o
                0x0000000008004a80                sensors
 .text.sensorsSet
                0x0000000008004a94       0x10 ./Core/fc/source/config.o
                0x0000000008004a94                sensorsSet
 .text.sensorsClear
                0x0000000008004aa4       0x10 ./Core/fc/source/config.o
                0x0000000008004aa4                sensorsClear
 .text.sensorsMask
                0x0000000008004ab4        0xc ./Core/fc/source/config.o
                0x0000000008004ab4                sensorsMask
 .text.feature  0x0000000008004ac0       0x14 ./Core/fc/source/config.o
                0x0000000008004ac0                feature
 .text.featureSet
                0x0000000008004ad4       0x10 ./Core/fc/source/config.o
                0x0000000008004ad4                featureSet
 .text.featureClear
                0x0000000008004ae4       0x10 ./Core/fc/source/config.o
                0x0000000008004ae4                featureClear
 .text.featureClearAll
                0x0000000008004af4        0xc ./Core/fc/source/config.o
                0x0000000008004af4                featureClearAll
 .text.featureMask
                0x0000000008004b00        0xc ./Core/fc/source/config.o
                0x0000000008004b00                featureMask
 .text.fw_nav_reset
                0x0000000008004b0c       0x48 ./Core/fc/source/fw_nav.o
                0x0000000008004b0c                fw_nav_reset
 .text.fw_FlyTo
                0x0000000008004b54       0xe4 ./Core/fc/source/fw_nav.o
                0x0000000008004b54                fw_FlyTo
 .text.fw_nav   0x0000000008004c38      0x5e0 ./Core/fc/source/fw_nav.o
                0x0000000008004c38                fw_nav
 .text.gpsSetState
                0x0000000008005218       0x1c ./Core/fc/source/gps.o
 *fill*         0x0000000008005234        0x4 
 .text._evtGpsNmeaReceive
                0x0000000008005238       0xd0 ./Core/fc/source/gps.o
 .text._evtGpsUbxReceive
                0x0000000008005308      0x10c ./Core/fc/source/gps.o
 .text._evtGpsTimeout
                0x0000000008005414       0x2c ./Core/fc/source/gps.o
 .text.GPS_calc_longitude_scaling
                0x0000000008005440       0x34 ./Core/fc/source/gps.o
 .text._EvtPrintFrame
                0x0000000008005474       0x12 ./Core/fc/source/gps.o
 *fill*         0x0000000008005486        0x2 
 .text.GPS_distance_cm_bearing.constprop.0.isra.0
                0x0000000008005488       0x90 ./Core/fc/source/gps.o
 .text.gpsThread
                0x0000000008005518      0x2b4 ./Core/fc/source/gps.o
                0x0000000008005518                gpsThread
 .text.gpsPollSvinfo
                0x00000000080057cc       0x88 ./Core/fc/source/gps.o
                0x00000000080057cc                gpsPollSvinfo
 .text.GPS_reset_home_position
                0x0000000008005854       0x50 ./Core/fc/source/gps.o
                0x0000000008005854                GPS_reset_home_position
 .text.GPS_reset_nav
                0x00000000080058a4       0x5c ./Core/fc/source/gps.o
                0x00000000080058a4                GPS_reset_nav
 .text.gpsSetPIDs
                0x0000000008005900      0x110 ./Core/fc/source/gps.o
                0x0000000008005900                gpsSetPIDs
 .text.gpsInit  0x0000000008005a10       0x84 ./Core/fc/source/gps.o
                0x0000000008005a10                gpsInit
 .text.gpsSetPassthrough
                0x0000000008005a94       0x50 ./Core/fc/source/gps.o
                0x0000000008005a94                gpsSetPassthrough
 .text.GPS_set_next_wp
                0x0000000008005ae4       0x98 ./Core/fc/source/gps.o
                0x0000000008005ae4                GPS_set_next_wp
 .text.wrap_18000
                0x0000000008005b7c       0x24 ./Core/fc/source/gps.o
                0x0000000008005b7c                wrap_18000
 .text._evtGpsReceive
                0x0000000008005ba0       0x88 ./Core/fc/source/gps.o
 .text.taskGpsNewData
                0x0000000008005c28      0x7f4 ./Core/fc/source/gps.o
                0x0000000008005c28                taskGpsNewData
 .text.ibusReadRawRC
                0x000000000800641c       0x18 ./Core/fc/source/ibus.o
 .text._evtIbusReceive
                0x0000000008006434       0x4c ./Core/fc/source/ibus.o
 .text.ibusInit
                0x0000000008006480       0x84 ./Core/fc/source/ibus.o
                0x0000000008006480                ibusInit
 *fill*         0x0000000008006504        0x4 
 .text.calculateHeading
                0x0000000008006508       0xe8 ./Core/fc/source/imu.o
 .text.imuInit  0x00000000080065f0      0x108 ./Core/fc/source/imu.o
                0x00000000080065f0                imuInit
 .text.normalizeV
                0x00000000080066f8       0x52 ./Core/fc/source/imu.o
                0x00000000080066f8                normalizeV
 .text.rotateV  0x000000000800674a       0xd4 ./Core/fc/source/imu.o
                0x000000000800674a                rotateV
 .text.applyDeadband
                0x000000000800681e       0x1e ./Core/fc/source/imu.o
                0x000000000800681e                applyDeadband
 *fill*         0x000000000800683c        0x4 
 .text.acc_calc
                0x0000000008006840      0x1c4 ./Core/fc/source/imu.o
                0x0000000008006840                acc_calc
 *fill*         0x0000000008006a04        0x4 
 .text.computeIMU
                0x0000000008006a08      0x3ac ./Core/fc/source/imu.o
                0x0000000008006a08                computeIMU
 .text.accSum_reset
                0x0000000008006db4       0x20 ./Core/fc/source/imu.o
                0x0000000008006db4                accSum_reset
 .text.taskGetEstimatedAltitude
                0x0000000008006dd4      0x44c ./Core/fc/source/imu.o
                0x0000000008006dd4                taskGetEstimatedAltitude
 .text.servoMiddle
                0x0000000008007220       0x28 ./Core/fc/source/mixer.o
                0x0000000008007220                servoMiddle
 .text.servoDirection
                0x0000000008007248       0x24 ./Core/fc/source/mixer.o
                0x0000000008007248                servoDirection
 .text.loadCustomServoMixer
                0x000000000800726c       0x50 ./Core/fc/source/mixer.o
                0x000000000800726c                loadCustomServoMixer
 .text.mixerResetMotors
                0x00000000080072bc       0x30 ./Core/fc/source/mixer.o
                0x00000000080072bc                mixerResetMotors
 .text.mixerInit
                0x00000000080072ec      0x164 ./Core/fc/source/mixer.o
                0x00000000080072ec                mixerInit
 .text.servoMixerLoadMix
                0x0000000008007450       0x64 ./Core/fc/source/mixer.o
                0x0000000008007450                servoMixerLoadMix
 .text.mixerLoadMix
                0x00000000080074b4       0x44 ./Core/fc/source/mixer.o
                0x00000000080074b4                mixerLoadMix
 .text.writeServos
                0x00000000080074f8      0x100 ./Core/fc/source/mixer.o
                0x00000000080074f8                writeServos
 .text.writeMotors
                0x00000000080075f8       0x28 ./Core/fc/source/mixer.o
                0x00000000080075f8                writeMotors
 .text.mixTable
                0x0000000008007620      0x570 ./Core/fc/source/mixer.o
                0x0000000008007620                mixTable
 .text.pidMultiWii
                0x0000000008007b90      0x268 ./Core/fc/source/mw.o
 .text.pidRewrite
                0x0000000008007df8      0x16c ./Core/fc/source/mw.o
 .text.mwDisarm
                0x0000000008007f64       0x24 ./Core/fc/source/mw.o
 .text.blinkLED
                0x0000000008007f88       0x46 ./Core/fc/source/mw.o
                0x0000000008007f88                blinkLED
 *fill*         0x0000000008007fce        0x2 
 .text.mwArm    0x0000000008007fd0       0x68 ./Core/fc/source/mw.o
 .text.annexCode
                0x0000000008008038      0x2f4 ./Core/fc/source/mw.o
                0x0000000008008038                annexCode
 .text.taskLedState
                0x000000000800832c      0x1e4 ./Core/fc/source/mw.o
                0x000000000800832c                taskLedState
 .text.pwmReadRawRC
                0x0000000008008510       0x10 ./Core/fc/source/mw.o
                0x0000000008008510                pwmReadRawRC
 .text.computeRC
                0x0000000008008520       0xc4 ./Core/fc/source/mw.o
                0x0000000008008520                computeRC
 .text.setPIDController
                0x00000000080085e4       0x1c ./Core/fc/source/mw.o
                0x00000000080085e4                setPIDController
 .text.taskComputeRc
                0x0000000008008600      0x7d0 ./Core/fc/source/mw.o
                0x0000000008008600                taskComputeRc
 .text.taskLoop
                0x0000000008008dd0       0x38 ./Core/fc/source/mw.o
                0x0000000008008dd0                taskLoop
 .text.taskComputeImu
                0x0000000008008e08      0x384 ./Core/fc/source/mw.o
                0x0000000008008e08                taskComputeImu
 .text.mspReadRawRC
                0x000000000800918c        0xc ./Core/fc/source/rxmsp.o
 .text.mspFrameRecieve
                0x0000000008009198       0x18 ./Core/fc/source/rxmsp.o
                0x0000000008009198                mspFrameRecieve
 .text.mspInit  0x00000000080091b0        0xc ./Core/fc/source/rxmsp.o
                0x00000000080091b0                mspInit
 .text.sbusReadRawRC
                0x00000000080091bc       0x18 ./Core/fc/source/sbus.o
 .text._evtSbusReceive
                0x00000000080091d4       0x48 ./Core/fc/source/sbus.o
 .text.sbusInit
                0x000000000800921c       0x84 ./Core/fc/source/sbus.o
                0x000000000800921c                sbusInit
 .text.getSonarDistance
                0x00000000080092a0       0x38 ./Core/fc/source/sensors.o
 .text.evtBaroRead
                0x00000000080092d8       0x7c ./Core/fc/source/sensors.o
 .text.getSonarDistanceFilter
                0x0000000008009354       0x50 ./Core/fc/source/sensors.o
 .text.sensorsAutodetect
                0x00000000080093a4      0x160 ./Core/fc/source/sensors.o
                0x00000000080093a4                sensorsAutodetect
 .text.RSSI_getValue
                0x0000000008009504       0x88 ./Core/fc/source/sensors.o
                0x0000000008009504                RSSI_getValue
 .text.batteryInit
                0x000000000800958c       0x94 ./Core/fc/source/sensors.o
                0x000000000800958c                batteryInit
 .text.ACC_getADC
                0x0000000008009620      0x1e8 ./Core/fc/source/sensors.o
                0x0000000008009620                ACC_getADC
 .text.Gyro_getADC
                0x0000000008009808      0x18c ./Core/fc/source/sensors.o
                0x0000000008009808                Gyro_getADC
 .text.Mag_init
                0x0000000008009994       0x30 ./Core/fc/source/sensors.o
                0x0000000008009994                Mag_init
 .text.taskMagGetAdc
                0x00000000080099c4      0x10c ./Core/fc/source/sensors.o
                0x00000000080099c4                taskMagGetAdc
 .text.Sonar_init
                0x0000000008009ad0       0x68 ./Core/fc/source/sensors.o
                0x0000000008009ad0                Sonar_init
 .text.evtMspReceive
                0x0000000008009b38     0x104c ./Core/fc/source/serial.o
 .text.evtMspOtherPacket
                0x000000000800ab84       0x30 ./Core/fc/source/serial.o
 .text.serialInit
                0x000000000800abb4      0x1ac ./Core/fc/source/serial.o
                0x000000000800abb4                serialInit
 .text.serialCom
                0x000000000800ad60       0x40 ./Core/fc/source/serial.o
                0x000000000800ad60                serialCom
 .text.spektrumReadRawRC
                0x000000000800ada0       0x2c ./Core/fc/source/spektrum.o
 .text._evtSpektrumReceive
                0x000000000800adcc       0x4c ./Core/fc/source/spektrum.o
 .text.spektrumInit
                0x000000000800ae18       0x94 ./Core/fc/source/spektrum.o
                0x000000000800ae18                spektrumInit
 .text.sumdReadRawRC
                0x000000000800aeac       0x18 ./Core/fc/source/sumd.o
 .text._evtSumdReceive
                0x000000000800aec4       0x48 ./Core/fc/source/sumd.o
 .text.sumdInit
                0x000000000800af0c       0x64 ./Core/fc/source/sumd.o
                0x000000000800af0c                sumdInit
 .text.pif_Init
                0x000000000800af70       0x18 ./Core/pif/source/core/pif.o
                0x000000000800af70                pif_Init
 .text.pif_sigTimer1ms
                0x000000000800af88       0xc4 ./Core/pif/source/core/pif.o
                0x000000000800af88                pif_sigTimer1ms
 .text.pif_Delay1ms
                0x000000000800b04c       0x14 ./Core/pif/source/core/pif.o
                0x000000000800b04c                pif_Delay1ms
 .text.pif_Delay1us
                0x000000000800b060       0x20 ./Core/pif/source/core/pif.o
                0x000000000800b060                pif_Delay1us
 .text.pif_BinToString
                0x000000000800b080       0x46 ./Core/pif/source/core/pif.o
                0x000000000800b080                pif_BinToString
 *fill*         0x000000000800b0c6        0x2 
 .text.pif_DecToString
                0x000000000800b0c8       0x9c ./Core/pif/source/core/pif.o
                0x000000000800b0c8                pif_DecToString
 .text.pif_HexToString
                0x000000000800b164       0x64 ./Core/pif/source/core/pif.o
                0x000000000800b164                pif_HexToString
 .text.pif_FloatToString
                0x000000000800b1c8       0xb4 ./Core/pif/source/core/pif.o
                0x000000000800b1c8                pif_FloatToString
 .text.pif_PrintFormat
                0x000000000800b27c      0x190 ./Core/pif/source/core/pif.o
                0x000000000800b27c                pif_PrintFormat
 .text.pif_Printf
                0x000000000800b40c       0x1c ./Core/pif/source/core/pif.o
                0x000000000800b40c                pif_Printf
 .text.pifCrc16_Add
                0x000000000800b428       0x24 ./Core/pif/source/core/pif.o
                0x000000000800b428                pifCrc16_Add
 .text.pifCrc16
                0x000000000800b44c       0x18 ./Core/pif/source/core/pif.o
                0x000000000800b44c                pifCrc16
 .text.pifCheckSum
                0x000000000800b464       0x14 ./Core/pif/source/core/pif.o
                0x000000000800b464                pifCheckSum
 .text.pifCheckXor
                0x000000000800b478       0x14 ./Core/pif/source/core/pif.o
                0x000000000800b478                pifCheckXor
 .text._actSendData
                0x000000000800b48c       0x32 ./Core/pif/source/core/pif_comm.o
 .text._actReceiveData
                0x000000000800b4be        0x6 ./Core/pif/source/core/pif_comm.o
 .text._sendData
                0x000000000800b4c4       0x40 ./Core/pif/source/core/pif_comm.o
 .text._doTask  0x000000000800b504       0x2c ./Core/pif/source/core/pif_comm.o
 .text.pifComm_Init
                0x000000000800b530       0x30 ./Core/pif/source/core/pif_comm.o
                0x000000000800b530                pifComm_Init
 .text.pifComm_Clear
                0x000000000800b560       0x2e ./Core/pif/source/core/pif_comm.o
                0x000000000800b560                pifComm_Clear
 *fill*         0x000000000800b58e        0x2 
 .text.pifComm_AllocRxBuffer
                0x000000000800b590       0x4c ./Core/pif/source/core/pif_comm.o
                0x000000000800b590                pifComm_AllocRxBuffer
 .text.pifComm_AllocTxBuffer
                0x000000000800b5dc       0x30 ./Core/pif/source/core/pif_comm.o
                0x000000000800b5dc                pifComm_AllocTxBuffer
 .text.pifComm_AttachClient
                0x000000000800b60c        0x8 ./Core/pif/source/core/pif_comm.o
                0x000000000800b60c                pifComm_AttachClient
 .text.pifComm_DetachClient
                0x000000000800b614        0xa ./Core/pif/source/core/pif_comm.o
                0x000000000800b614                pifComm_DetachClient
 .text.pifComm_PutRxByte
                0x000000000800b61e       0x2a ./Core/pif/source/core/pif_comm.o
                0x000000000800b61e                pifComm_PutRxByte
 .text.pifComm_StartGetTxData
                0x000000000800b648       0x3a ./Core/pif/source/core/pif_comm.o
                0x000000000800b648                pifComm_StartGetTxData
 .text.pifComm_EndGetTxData
                0x000000000800b682       0x18 ./Core/pif/source/core/pif_comm.o
                0x000000000800b682                pifComm_EndGetTxData
 .text.pifComm_FinishTransfer
                0x000000000800b69a        0xc ./Core/pif/source/core/pif_comm.o
                0x000000000800b69a                pifComm_FinishTransfer
 *fill*         0x000000000800b6a6        0x2 
 .text.pifComm_AttachTask
                0x000000000800b6a8       0x30 ./Core/pif/source/core/pif_comm.o
                0x000000000800b6a8                pifComm_AttachTask
 .text.pifI2cPort_Clear
                0x000000000800b6d8        0x8 ./Core/pif/source/core/pif_i2c.o
                0x000000000800b6d8                pifI2cPort_Clear
 .text.pifI2cPort_Init
                0x000000000800b6e0       0x58 ./Core/pif/source/core/pif_i2c.o
                0x000000000800b6e0                pifI2cPort_Init
 .text.pifI2cPort_AddDevice
                0x000000000800b738       0x24 ./Core/pif/source/core/pif_i2c.o
                0x000000000800b738                pifI2cPort_AddDevice
 .text.pifI2cPort_RemoveDevice
                0x000000000800b75c        0xa ./Core/pif/source/core/pif_i2c.o
                0x000000000800b75c                pifI2cPort_RemoveDevice
 *fill*         0x000000000800b766        0x2 
 .text.pifI2cDevice_Read
                0x000000000800b768       0xa4 ./Core/pif/source/core/pif_i2c.o
                0x000000000800b768                pifI2cDevice_Read
 .text.pifI2cDevice_ReadRegByte
                0x000000000800b80c       0x12 ./Core/pif/source/core/pif_i2c.o
                0x000000000800b80c                pifI2cDevice_ReadRegByte
 .text.pifI2cDevice_ReadRegWord
                0x000000000800b81e       0x26 ./Core/pif/source/core/pif_i2c.o
                0x000000000800b81e                pifI2cDevice_ReadRegWord
 .text.pifI2cDevice_ReadRegBytes
                0x000000000800b844       0x12 ./Core/pif/source/core/pif_i2c.o
                0x000000000800b844                pifI2cDevice_ReadRegBytes
 .text.pifI2cDevice_ReadRegBit8
                0x000000000800b856       0x30 ./Core/pif/source/core/pif_i2c.o
                0x000000000800b856                pifI2cDevice_ReadRegBit8
 *fill*         0x000000000800b886        0x2 
 .text.pifI2cDevice_Write
                0x000000000800b888       0xa4 ./Core/pif/source/core/pif_i2c.o
                0x000000000800b888                pifI2cDevice_Write
 .text.pifI2cDevice_WriteRegByte
                0x000000000800b92c       0x18 ./Core/pif/source/core/pif_i2c.o
                0x000000000800b92c                pifI2cDevice_WriteRegByte
 .text.pifI2cDevice_WriteRegBit8
                0x000000000800b944       0x7c ./Core/pif/source/core/pif_i2c.o
                0x000000000800b944                pifI2cDevice_WriteRegBit8
 .text.pifI2cPort_sigEndTransfer
                0x000000000800b9c0       0x10 ./Core/pif/source/core/pif_i2c.o
                0x000000000800b9c0                pifI2cPort_sigEndTransfer
 .text.pifFixList_Clear
                0x000000000800b9d0       0x2e ./Core/pif/source/core/pif_list.o
                0x000000000800b9d0                pifFixList_Clear
 *fill*         0x000000000800b9fe        0x2 
 .text.pifFixList_Init
                0x000000000800ba00       0x78 ./Core/pif/source/core/pif_list.o
                0x000000000800ba00                pifFixList_Init
 .text.pifFixList_AddFirst
                0x000000000800ba78       0x2c ./Core/pif/source/core/pif_list.o
                0x000000000800ba78                pifFixList_AddFirst
 .text.pifFixList_Remove
                0x000000000800baa4       0x30 ./Core/pif/source/core/pif_list.o
                0x000000000800baa4                pifFixList_Remove
 .text.pifFixList_Count
                0x000000000800bad4        0x4 ./Core/pif/source/core/pif_list.o
                0x000000000800bad4                pifFixList_Count
 .text.pifFixList_Begin
                0x000000000800bad8        0x4 ./Core/pif/source/core/pif_list.o
                0x000000000800bad8                pifFixList_Begin
 .text.pifFixList_Next
                0x000000000800badc        0x6 ./Core/pif/source/core/pif_list.o
                0x000000000800badc                pifFixList_Next
 *fill*         0x000000000800bae2        0x2 
 .text._printLog
                0x000000000800bae4       0x34 ./Core/pif/source/core/pif_log.o
 .text._printTime
                0x000000000800bb18       0x74 ./Core/pif/source/core/pif_log.o
 .text._evtSending
                0x000000000800bb8c       0x3e ./Core/pif/source/core/pif_log.o
 *fill*         0x000000000800bbca        0x2 
 .text._evtParsing
                0x000000000800bbcc      0x208 ./Core/pif/source/core/pif_log.o
 .text._doTask  0x000000000800bdd4       0xfc ./Core/pif/source/core/pif_log.o
 .text.pifLog_CmdPrintTask
                0x000000000800bed0        0xa ./Core/pif/source/core/pif_log.o
                0x000000000800bed0                pifLog_CmdPrintTask
 *fill*         0x000000000800beda        0x2 
 .text.pifLog_Init
                0x000000000800bedc       0x3c ./Core/pif/source/core/pif_log.o
                0x000000000800bedc                pifLog_Init
 .text.pifLog_UseCommand
                0x000000000800bf18       0x40 ./Core/pif/source/core/pif_log.o
                0x000000000800bf18                pifLog_UseCommand
 .text.pifLog_Print
                0x000000000800bf58       0x98 ./Core/pif/source/core/pif_log.o
                0x000000000800bf58                pifLog_Print
 .text.pifLog_Printf
                0x000000000800bff0       0xac ./Core/pif/source/core/pif_log.o
                0x000000000800bff0                pifLog_Printf
 .text.pifLog_CmdHelp
                0x000000000800c09c       0x50 ./Core/pif/source/core/pif_log.o
                0x000000000800c09c                pifLog_CmdHelp
 .text.pifLog_CmdPrintVersion
                0x000000000800c0ec       0x24 ./Core/pif/source/core/pif_log.o
                0x000000000800c0ec                pifLog_CmdPrintVersion
 .text.pifLog_CmdSetStatus
                0x000000000800c110       0xe8 ./Core/pif/source/core/pif_log.o
                0x000000000800c110                pifLog_CmdSetStatus
 .text.pifLog_AttachComm
                0x000000000800c1f8       0x30 ./Core/pif/source/core/pif_log.o
                0x000000000800c1f8                pifLog_AttachComm
 .text.pifRingBuffer_Clear
                0x000000000800c228       0x18 ./Core/pif/source/core/pif_ring_buffer.o
                0x000000000800c228                pifRingBuffer_Clear
 .text.pifRingBuffer_Destroy.part.0
                0x000000000800c240       0x16 ./Core/pif/source/core/pif_ring_buffer.o
 .text.pifRingBuffer_Destroy
                0x000000000800c256        0x8 ./Core/pif/source/core/pif_ring_buffer.o
                0x000000000800c256                pifRingBuffer_Destroy
 *fill*         0x000000000800c25e        0x2 
 .text.pifRingBuffer_InitHeap
                0x000000000800c260       0x54 ./Core/pif/source/core/pif_ring_buffer.o
                0x000000000800c260                pifRingBuffer_InitHeap
 .text.pifRingBuffer_CreateHeap
                0x000000000800c2b4       0x3c ./Core/pif/source/core/pif_ring_buffer.o
                0x000000000800c2b4                pifRingBuffer_CreateHeap
 .text.pifRingBuffer_SetName
                0x000000000800c2f0        0x4 ./Core/pif/source/core/pif_ring_buffer.o
                0x000000000800c2f0                pifRingBuffer_SetName
 .text.pifRingBuffer_GetTailPointer
                0x000000000800c2f4       0x14 ./Core/pif/source/core/pif_ring_buffer.o
                0x000000000800c2f4                pifRingBuffer_GetTailPointer
 .text.pifRingBuffer_IsBuffer
                0x000000000800c308        0xa ./Core/pif/source/core/pif_ring_buffer.o
                0x000000000800c308                pifRingBuffer_IsBuffer
 .text.pifRingBuffer_IsEmpty
                0x000000000800c312        0xc ./Core/pif/source/core/pif_ring_buffer.o
                0x000000000800c312                pifRingBuffer_IsEmpty
 .text.pifRingBuffer_GetFillSize
                0x000000000800c31e       0x14 ./Core/pif/source/core/pif_ring_buffer.o
                0x000000000800c31e                pifRingBuffer_GetFillSize
 .text._chopOff
                0x000000000800c332       0x78 ./Core/pif/source/core/pif_ring_buffer.o
 .text.pifRingBuffer_GetLinerSize
                0x000000000800c3aa       0x20 ./Core/pif/source/core/pif_ring_buffer.o
                0x000000000800c3aa                pifRingBuffer_GetLinerSize
 .text.pifRingBuffer_GetRemainSize
                0x000000000800c3ca       0x16 ./Core/pif/source/core/pif_ring_buffer.o
                0x000000000800c3ca                pifRingBuffer_GetRemainSize
 .text.pifRingBuffer_BeginPutting
                0x000000000800c3e0       0x10 ./Core/pif/source/core/pif_ring_buffer.o
                0x000000000800c3e0                pifRingBuffer_BeginPutting
 .text.pifRingBuffer_CommitPutting
                0x000000000800c3f0        0x6 ./Core/pif/source/core/pif_ring_buffer.o
                0x000000000800c3f0                pifRingBuffer_CommitPutting
 .text.pifRingBuffer_RollbackPutting
                0x000000000800c3f6        0xa ./Core/pif/source/core/pif_ring_buffer.o
                0x000000000800c3f6                pifRingBuffer_RollbackPutting
 .text.pifRingBuffer_GetPointerPutting
                0x000000000800c400       0x14 ./Core/pif/source/core/pif_ring_buffer.o
                0x000000000800c400                pifRingBuffer_GetPointerPutting
 .text.pifRingBuffer_PutByte
                0x000000000800c414       0x3c ./Core/pif/source/core/pif_ring_buffer.o
                0x000000000800c414                pifRingBuffer_PutByte
 .text.pifRingBuffer_PutData
                0x000000000800c450       0x54 ./Core/pif/source/core/pif_ring_buffer.o
                0x000000000800c450                pifRingBuffer_PutData
 .text.pifRingBuffer_PutString
                0x000000000800c4a4       0x60 ./Core/pif/source/core/pif_ring_buffer.o
                0x000000000800c4a4                pifRingBuffer_PutString
 .text.pifRingBuffer_GetByte
                0x000000000800c504       0x28 ./Core/pif/source/core/pif_ring_buffer.o
                0x000000000800c504                pifRingBuffer_GetByte
 .text.pifRingBuffer_CopyToArray
                0x000000000800c52c       0x3a ./Core/pif/source/core/pif_ring_buffer.o
                0x000000000800c52c                pifRingBuffer_CopyToArray
 .text.pifRingBuffer_Remove
                0x000000000800c566       0x24 ./Core/pif/source/core/pif_ring_buffer.o
                0x000000000800c566                pifRingBuffer_Remove
 *fill*         0x000000000800c58a        0x2 
 .text._resetTable
                0x000000000800c58c       0x2c ./Core/pif/source/core/pif_task.o
 .text._processingAlways
                0x000000000800c5b8       0x20 ./Core/pif/source/core/pif_task.o
 .text._processingPeriodUs
                0x000000000800c5d8       0x24 ./Core/pif/source/core/pif_task.o
 .text._processingPeriodMs
                0x000000000800c5fc       0x18 ./Core/pif/source/core/pif_task.o
 .text._checkParam
                0x000000000800c614       0x68 ./Core/pif/source/core/pif_task.o
 .text._setParam
                0x000000000800c67c      0x100 ./Core/pif/source/core/pif_task.o
 .text._processingTask
                0x000000000800c77c       0xac ./Core/pif/source/core/pif_task.o
 .text._checkLoopTime
                0x000000000800c828       0x58 ./Core/pif/source/core/pif_task.o
 .text._processingRatio
                0x000000000800c880       0x34 ./Core/pif/source/core/pif_task.o
 .text.pifTask_Init
                0x000000000800c8b4       0x14 ./Core/pif/source/core/pif_task.o
                0x000000000800c8b4                pifTask_Init
 .text.pifTask_ChangeMode
                0x000000000800c8c8       0x54 ./Core/pif/source/core/pif_task.o
                0x000000000800c8c8                pifTask_ChangeMode
 .text.pifTask_ChangePeriod
                0x000000000800c91c       0x24 ./Core/pif/source/core/pif_task.o
                0x000000000800c91c                pifTask_ChangePeriod
 .text.pifTask_SetTrigger
                0x000000000800c940       0x28 ./Core/pif/source/core/pif_task.o
                0x000000000800c940                pifTask_SetTrigger
 .text.pifTask_GetDeltaTime
                0x000000000800c968       0x3c ./Core/pif/source/core/pif_task.o
                0x000000000800c968                pifTask_GetDeltaTime
 .text.pifTaskManager_Init
                0x000000000800c9a4       0x34 ./Core/pif/source/core/pif_task.o
                0x000000000800c9a4                pifTaskManager_Init
 .text.pifTaskManager_Add
                0x000000000800c9d8       0x8c ./Core/pif/source/core/pif_task.o
                0x000000000800c9d8                pifTaskManager_Add
 .text.pifTaskManager_Remove
                0x000000000800ca64       0x48 ./Core/pif/source/core/pif_task.o
                0x000000000800ca64                pifTaskManager_Remove
 .text.pifTaskManager_Loop
                0x000000000800caac      0x18c ./Core/pif/source/core/pif_task.o
                0x000000000800caac                pifTaskManager_Loop
 .text.pifTaskManager_Yield
                0x000000000800cc38      0x1dc ./Core/pif/source/core/pif_task.o
                0x000000000800cc38                pifTaskManager_Yield
 .text.pifTaskManager_YieldMs
                0x000000000800ce14       0x24 ./Core/pif/source/core/pif_task.o
                0x000000000800ce14                pifTaskManager_YieldMs
 .text.pifTaskManager_Print
                0x000000000800ce38       0xe4 ./Core/pif/source/core/pif_task.o
                0x000000000800ce38                pifTaskManager_Print
 .text._doTask  0x000000000800cf1c       0x30 ./Core/pif/source/core/pif_timer.o
 .text.pifTimerManager_Clear
                0x000000000800cf4c       0x1e ./Core/pif/source/core/pif_timer.o
                0x000000000800cf4c                pifTimerManager_Clear
 *fill*         0x000000000800cf6a        0x2 
 .text.pifTimerManager_Init
                0x000000000800cf6c       0x74 ./Core/pif/source/core/pif_timer.o
                0x000000000800cf6c                pifTimerManager_Init
 .text.pifTimerManager_Add
                0x000000000800cfe0       0x14 ./Core/pif/source/core/pif_timer.o
                0x000000000800cfe0                pifTimerManager_Add
 .text.pifTimerManager_Remove
                0x000000000800cff4        0x6 ./Core/pif/source/core/pif_timer.o
                0x000000000800cff4                pifTimerManager_Remove
 .text.pifTimerManager_Count
                0x000000000800cffa        0x6 ./Core/pif/source/core/pif_timer.o
                0x000000000800cffa                pifTimerManager_Count
 .text.pifTimer_Start
                0x000000000800d000       0x2c ./Core/pif/source/core/pif_timer.o
                0x000000000800d000                pifTimer_Start
 .text.pifTimer_Stop
                0x000000000800d02c       0x14 ./Core/pif/source/core/pif_timer.o
                0x000000000800d02c                pifTimer_Stop
 .text.pifTimer_Reset
                0x000000000800d040        0xa ./Core/pif/source/core/pif_timer.o
                0x000000000800d040                pifTimer_Reset
 .text.pifTimerManager_sigTick
                0x000000000800d04a       0xa6 ./Core/pif/source/core/pif_timer.o
                0x000000000800d04a                pifTimerManager_sigTick
 .text.pifTimer_AttachEvtFinish
                0x000000000800d0f0        0x6 ./Core/pif/source/core/pif_timer.o
                0x000000000800d0f0                pifTimer_AttachEvtFinish
 *fill*         0x000000000800d0f6        0x2 
 .text.pifNoiseFilter_Init
                0x000000000800d0f8       0x1c ./Core/pif/source/filter/pif_noise_filter.o
                0x000000000800d0f8                pifNoiseFilter_Init
 .text.pifNoiseFilter_Process
                0x000000000800d114        0x4 ./Core/pif/source/filter/pif_noise_filter.o
                0x000000000800d114                pifNoiseFilter_Process
 .text._processAverage
                0x000000000800d118       0x38 ./Core/pif/source/filter/pif_noise_filter_int32.o
 .text._processNoiseCancel
                0x000000000800d150      0x104 ./Core/pif/source/filter/pif_noise_filter_int32.o
 .text._clear   0x000000000800d254       0x30 ./Core/pif/source/filter/pif_noise_filter_int32.o
 .text.pifNoiseFilterInt32_Init
                0x000000000800d284       0x50 ./Core/pif/source/filter/pif_noise_filter_int32.o
                0x000000000800d284                pifNoiseFilterInt32_Init
 .text.pifNoiseFilterInt32_SetNoiseCancel
                0x000000000800d2d4       0x4c ./Core/pif/source/filter/pif_noise_filter_int32.o
                0x000000000800d2d4                pifNoiseFilterInt32_SetNoiseCancel
 .text._evtTimerFinish
                0x000000000800d320       0x1a ./Core/pif/source/gps/pif_gps.o
 *fill*         0x000000000800d33a        0x6 
 .text._convertString2Degrees.constprop.0
                0x000000000800d340       0xc0 ./Core/pif/source/gps/pif_gps.o
 .text._convertString2Interger.constprop.0
                0x000000000800d400       0x3c ./Core/pif/source/gps/pif_gps.o
 .text._convertString2Float.constprop.0
                0x000000000800d43c       0xc4 ./Core/pif/source/gps/pif_gps.o
 .text._convertString2Time.constprop.0
                0x000000000800d500       0x74 ./Core/pif/source/gps/pif_gps.o
 .text.pifGps_Init
                0x000000000800d574       0x30 ./Core/pif/source/gps/pif_gps.o
                0x000000000800d574                pifGps_Init
 .text.pifGps_SetTimeout
                0x000000000800d5a4       0x4c ./Core/pif/source/gps/pif_gps.o
                0x000000000800d5a4                pifGps_SetTimeout
 .text.pifGps_SendEvent
                0x000000000800d5f0       0x26 ./Core/pif/source/gps/pif_gps.o
                0x000000000800d5f0                pifGps_SendEvent
 *fill*         0x000000000800d616        0x2 
 .text.pifGps_ParsingNmea
                0x000000000800d618      0x588 ./Core/pif/source/gps/pif_gps.o
                0x000000000800d618                pifGps_ParsingNmea
 .text._checksumUbx
                0x000000000800dba0       0x3a ./Core/pif/source/gps/pif_gps_ublox.o
 .text._evtSending
                0x000000000800dbda       0xa8 ./Core/pif/source/gps/pif_gps_ublox.o
                0x000000000800dbda                _evtSending
 *fill*         0x000000000800dc82        0x6 
 .text._evtParsing
                0x000000000800dc88      0x358 ./Core/pif/source/gps/pif_gps_ublox.o
 .text._makeNmeaPacket
                0x000000000800dfe0       0xb4 ./Core/pif/source/gps/pif_gps_ublox.o
 .text.pifGpsUblox_Init
                0x000000000800e094       0x58 ./Core/pif/source/gps/pif_gps_ublox.o
                0x000000000800e094                pifGpsUblox_Init
 .text.pifGpsUblox_AttachComm
                0x000000000800e0ec       0x20 ./Core/pif/source/gps/pif_gps_ublox.o
                0x000000000800e0ec                pifGpsUblox_AttachComm
 .text.pifGpsUblox_SetPubxConfig
                0x000000000800e10c       0x40 ./Core/pif/source/gps/pif_gps_ublox.o
                0x000000000800e10c                pifGpsUblox_SetPubxConfig
 .text.pifGpsUblox_SendUbxMsg
                0x000000000800e14c       0xe8 ./Core/pif/source/gps/pif_gps_ublox.o
                0x000000000800e14c                pifGpsUblox_SendUbxMsg
 .text._evtTimerRxTimeout
                0x000000000800e234       0x14 ./Core/pif/source/protocol/pif_msp.o
 .text._evtSending
                0x000000000800e248       0x96 ./Core/pif/source/protocol/pif_msp.o
 *fill*         0x000000000800e2de        0x2 
 .text._evtParsing
                0x000000000800e2e0      0x124 ./Core/pif/source/protocol/pif_msp.o
 .text.pifMsp_Clear
                0x000000000800e404       0x26 ./Core/pif/source/protocol/pif_msp.o
                0x000000000800e404                pifMsp_Clear
 *fill*         0x000000000800e42a        0x2 
 .text.pifMsp_Init
                0x000000000800e42c       0x78 ./Core/pif/source/protocol/pif_msp.o
                0x000000000800e42c                pifMsp_Init
 .text.pifMsp_AttachComm
                0x000000000800e4a4       0x20 ./Core/pif/source/protocol/pif_msp.o
                0x000000000800e4a4                pifMsp_AttachComm
 .text.pifMsp_DetachComm
                0x000000000800e4c4       0x10 ./Core/pif/source/protocol/pif_msp.o
                0x000000000800e4c4                pifMsp_DetachComm
 .text.pifMsp_AttachEvtReceive
                0x000000000800e4d4        0x8 ./Core/pif/source/protocol/pif_msp.o
                0x000000000800e4d4                pifMsp_AttachEvtReceive
 .text.pifMsp_ReadData8
                0x000000000800e4dc        0xc ./Core/pif/source/protocol/pif_msp.o
                0x000000000800e4dc                pifMsp_ReadData8
 .text.pifMsp_ReadData16
                0x000000000800e4e8        0xc ./Core/pif/source/protocol/pif_msp.o
                0x000000000800e4e8                pifMsp_ReadData16
 .text.pifMsp_ReadData32
                0x000000000800e4f4        0xc ./Core/pif/source/protocol/pif_msp.o
                0x000000000800e4f4                pifMsp_ReadData32
 .text.pifMsp_MakeAnswer
                0x000000000800e500       0x68 ./Core/pif/source/protocol/pif_msp.o
                0x000000000800e500                pifMsp_MakeAnswer
 .text.pifMsp_AddAnswer8
                0x000000000800e568       0x54 ./Core/pif/source/protocol/pif_msp.o
                0x000000000800e568                pifMsp_AddAnswer8
 .text.pifMsp_AddAnswer16
                0x000000000800e5bc       0x5c ./Core/pif/source/protocol/pif_msp.o
                0x000000000800e5bc                pifMsp_AddAnswer16
 .text.pifMsp_AddAnswer32
                0x000000000800e618       0x58 ./Core/pif/source/protocol/pif_msp.o
                0x000000000800e618                pifMsp_AddAnswer32
 .text.pifMsp_AddAnswer
                0x000000000800e670       0x58 ./Core/pif/source/protocol/pif_msp.o
                0x000000000800e670                pifMsp_AddAnswer
 .text.pifMsp_MakeError
                0x000000000800e6c8       0x68 ./Core/pif/source/protocol/pif_msp.o
                0x000000000800e6c8                pifMsp_MakeError
 .text.pifMsp_SendAnswer
                0x000000000800e730       0x58 ./Core/pif/source/protocol/pif_msp.o
                0x000000000800e730                pifMsp_SendAnswer
 .text.pifRc_AttachEvtReceive
                0x000000000800e788        0x6 ./Core/pif/source/rc/pif_rc.o
                0x000000000800e788                pifRc_AttachEvtReceive
 *fill*         0x000000000800e78e        0x2 
 .text.pifRc_CheckFailSafe
                0x000000000800e790       0x24 ./Core/pif/source/rc/pif_rc.o
                0x000000000800e790                pifRc_CheckFailSafe
 .text._evtParsing
                0x000000000800e7b4      0x1f8 ./Core/pif/source/rc/pif_rc_ibus.o
 .text.pifRcIbus_Init
                0x000000000800e9ac       0x34 ./Core/pif/source/rc/pif_rc_ibus.o
                0x000000000800e9ac                pifRcIbus_Init
 .text.pifRcIbus_AttachComm
                0x000000000800e9e0       0x1c ./Core/pif/source/rc/pif_rc_ibus.o
                0x000000000800e9e0                pifRcIbus_AttachComm
 .text.pifRcPpm_Init
                0x000000000800e9fc       0x58 ./Core/pif/source/rc/pif_rc_ppm.o
                0x000000000800e9fc                pifRcPpm_Init
 .text.pifRcPpm_SetValidRange
                0x000000000800ea54        0xe ./Core/pif/source/rc/pif_rc_ppm.o
                0x000000000800ea54                pifRcPpm_SetValidRange
 .text.pifRcPpm_sigTick
                0x000000000800ea62       0xee ./Core/pif/source/rc/pif_rc_ppm.o
                0x000000000800ea62                pifRcPpm_sigTick
 .text.pifRcPwm_Clear
                0x000000000800eb50       0x1e ./Core/pif/source/rc/pif_rc_pwm.o
                0x000000000800eb50                pifRcPwm_Clear
 *fill*         0x000000000800eb6e        0x2 
 .text.pifRcPwm_Init
                0x000000000800eb70       0x68 ./Core/pif/source/rc/pif_rc_pwm.o
                0x000000000800eb70                pifRcPwm_Init
 .text.pifRcPwm_SetValidRange
                0x000000000800ebd8        0xe ./Core/pif/source/rc/pif_rc_pwm.o
                0x000000000800ebd8                pifRcPwm_SetValidRange
 *fill*         0x000000000800ebe6        0x2 
 .text._evtParsing
                0x000000000800ebe8      0x22c ./Core/pif/source/rc/pif_rc_sbus.o
 .text.pifRcSbus_Init
                0x000000000800ee14       0x38 ./Core/pif/source/rc/pif_rc_sbus.o
                0x000000000800ee14                pifRcSbus_Init
 .text.pifRcSbus_AttachComm
                0x000000000800ee4c       0x1c ./Core/pif/source/rc/pif_rc_sbus.o
                0x000000000800ee4c                pifRcSbus_AttachComm
 .text._evtParsing
                0x000000000800ee68       0xf8 ./Core/pif/source/rc/pif_rc_spektrum.o
 .text.pifRcSpektrum_Init
                0x000000000800ef60       0x9c ./Core/pif/source/rc/pif_rc_spektrum.o
                0x000000000800ef60                pifRcSpektrum_Init
 .text.pifRcSpektrum_AttachComm
                0x000000000800effc       0x1c ./Core/pif/source/rc/pif_rc_spektrum.o
                0x000000000800effc                pifRcSpektrum_AttachComm
 .text._evtParsing
                0x000000000800f018       0xfc ./Core/pif/source/rc/pif_rc_sumd.o
 .text.pifRcSumd_Init
                0x000000000800f114       0x3c ./Core/pif/source/rc/pif_rc_sumd.o
                0x000000000800f114                pifRcSumd_Init
 .text.pifRcSumd_AttachComm
                0x000000000800f150       0x1c ./Core/pif/source/rc/pif_rc_sumd.o
                0x000000000800f150                pifRcSumd_AttachComm
 .text.pifGy86_ReadMag
                0x000000000800f16c       0x9a ./Core/pif/source/sensor/pif_gy86.o
                0x000000000800f16c                pifGy86_ReadMag
 .text.pifGy86_Clear
                0x000000000800f206       0x1c ./Core/pif/source/sensor/pif_gy86.o
                0x000000000800f206                pifGy86_Clear
 *fill*         0x000000000800f222        0x2 
 .text.pifGy86_Init
                0x000000000800f224      0x208 ./Core/pif/source/sensor/pif_gy86.o
                0x000000000800f224                pifGy86_Init
 .text.pifHcSr04_Init
                0x000000000800f42c       0x70 ./Core/pif/source/sensor/pif_hc_sr04.o
                0x000000000800f42c                pifHcSr04_Init
 .text.pifHcSr04_Trigger
                0x000000000800f49c       0x1c ./Core/pif/source/sensor/pif_hc_sr04.o
                0x000000000800f49c                pifHcSr04_Trigger
 .text._doTask  0x000000000800f4b8       0x26 ./Core/pif/source/sensor/pif_hc_sr04.o
 *fill*         0x000000000800f4de        0x2 
 .text.pifHcSr04_StartTrigger
                0x000000000800f4e0       0x28 ./Core/pif/source/sensor/pif_hc_sr04.o
                0x000000000800f4e0                pifHcSr04_StartTrigger
 .text.pifHcSr04_SetTemperature
                0x000000000800f508       0x30 ./Core/pif/source/sensor/pif_hc_sr04.o
                0x000000000800f508                pifHcSr04_SetTemperature
 .text.pifHcSr04_sigReceiveEcho
                0x000000000800f538       0x5c ./Core/pif/source/sensor/pif_hc_sr04.o
                0x000000000800f538                pifHcSr04_sigReceiveEcho
 .text._changeGain
                0x000000000800f594       0x40 ./Core/pif/source/sensor/pif_hmc5883.o
 .text.pifHmc5883_ReadMag
                0x000000000800f5d4       0xae ./Core/pif/source/sensor/pif_hmc5883.o
                0x000000000800f5d4                pifHmc5883_ReadMag
 .text.pifHmc5883_Clear
                0x000000000800f682       0x14 ./Core/pif/source/sensor/pif_hmc5883.o
                0x000000000800f682                pifHmc5883_Clear
 *fill*         0x000000000800f696        0x2 
 .text.pifHmc5883_Init
                0x000000000800f698       0xac ./Core/pif/source/sensor/pif_hmc5883.o
                0x000000000800f698                pifHmc5883_Init
 .text.pifHmc5883_SetGain
                0x000000000800f744       0x22 ./Core/pif/source/sensor/pif_hmc5883.o
                0x000000000800f744                pifHmc5883_SetGain
 .text._alignSensors2
                0x000000000800f766      0x110 ./Core/pif/source/sensor/pif_imu_sensor.o
 .text.pifImuSensor_Init
                0x000000000800f876        0x8 ./Core/pif/source/sensor/pif_imu_sensor.o
                0x000000000800f876                pifImuSensor_Init
 *fill*         0x000000000800f87e        0x2 
 .text.pifImuSensor_InitBoardAlignment
                0x000000000800f880       0xfc ./Core/pif/source/sensor/pif_imu_sensor.o
                0x000000000800f880                pifImuSensor_InitBoardAlignment
 .text.pifImuSensor_SetGyroAlign
                0x000000000800f97c        0x6 ./Core/pif/source/sensor/pif_imu_sensor.o
                0x000000000800f97c                pifImuSensor_SetGyroAlign
 .text.pifImuSensor_ReadGyro2
                0x000000000800f982       0x30 ./Core/pif/source/sensor/pif_imu_sensor.o
                0x000000000800f982                pifImuSensor_ReadGyro2
 .text.pifImuSensor_SetAccelAlign
                0x000000000800f9b2        0x8 ./Core/pif/source/sensor/pif_imu_sensor.o
                0x000000000800f9b2                pifImuSensor_SetAccelAlign
 .text.pifImuSensor_ReadAccel2
                0x000000000800f9ba       0x2c ./Core/pif/source/sensor/pif_imu_sensor.o
                0x000000000800f9ba                pifImuSensor_ReadAccel2
 .text.pifImuSensor_SetMagAlign
                0x000000000800f9e6        0x8 ./Core/pif/source/sensor/pif_imu_sensor.o
                0x000000000800f9e6                pifImuSensor_SetMagAlign
 .text.pifImuSensor_ReadMag2
                0x000000000800f9ee       0x30 ./Core/pif/source/sensor/pif_imu_sensor.o
                0x000000000800f9ee                pifImuSensor_ReadMag2
 .text.pifMpu60x0_ReadGyro
                0x000000000800fa1e       0x60 ./Core/pif/source/sensor/pif_mpu60x0.o
                0x000000000800fa1e                pifMpu60x0_ReadGyro
 .text.pifMpu60x0_ReadAccel
                0x000000000800fa7e       0x60 ./Core/pif/source/sensor/pif_mpu60x0.o
                0x000000000800fa7e                pifMpu60x0_ReadAccel
 .text.pifMpu60x0_Clear
                0x000000000800fade       0x14 ./Core/pif/source/sensor/pif_mpu60x0.o
                0x000000000800fade                pifMpu60x0_Clear
 *fill*         0x000000000800faf2        0x6 
 .text.pifMpu60x0_Init
                0x000000000800faf8      0x120 ./Core/pif/source/sensor/pif_mpu60x0.o
                0x000000000800faf8                pifMpu60x0_Init
 .text.pifMpu60x0_SetGyroConfig
                0x000000000800fc18       0x48 ./Core/pif/source/sensor/pif_mpu60x0.o
                0x000000000800fc18                pifMpu60x0_SetGyroConfig
 .text.pifMpu60x0_SetAccelConfig
                0x000000000800fc60       0x28 ./Core/pif/source/sensor/pif_mpu60x0.o
                0x000000000800fc60                pifMpu60x0_SetAccelConfig
 .text._calcurateBarometric
                0x000000000800fc88      0x180 ./Core/pif/source/sensor/pif_ms5611.o
 .text._doTask  0x000000000800fe08      0x104 ./Core/pif/source/sensor/pif_ms5611.o
 .text.pifMs5611_Clear
                0x000000000800ff0c       0x20 ./Core/pif/source/sensor/pif_ms5611.o
                0x000000000800ff0c                pifMs5611_Clear
 .text.pifMs5611_Init
                0x000000000800ff2c       0xe8 ./Core/pif/source/sensor/pif_ms5611.o
                0x000000000800ff2c                pifMs5611_Init
 .text.pifMs5611_SetOverSamplingRate
                0x0000000008010014       0x2a ./Core/pif/source/sensor/pif_ms5611.o
                0x0000000008010014                pifMs5611_SetOverSamplingRate
 *fill*         0x000000000801003e        0x2 
 .text.pifMs5611_AddTaskForReading
                0x0000000008010040       0x34 ./Core/pif/source/sensor/pif_ms5611.o
                0x0000000008010040                pifMs5611_AddTaskForReading
 .text._doTask  0x0000000008010074       0x8c ./Core/pif/source/sound/pif_buzzer.o
 .text.pifBuzzer_Init
                0x0000000008010100       0x5c ./Core/pif/source/sound/pif_buzzer.o
                0x0000000008010100                pifBuzzer_Init
 .text.pifBuzzer_Start
                0x000000000801015c       0x1a ./Core/pif/source/sound/pif_buzzer.o
                0x000000000801015c                pifBuzzer_Start
 .text.pifBuzzer_Stop
                0x0000000008010176        0x6 ./Core/pif/source/sound/pif_buzzer.o
                0x0000000008010176                pifBuzzer_Stop
 .text._actStorageI2c_Read_2
                0x000000000801017c       0x26 ./Core/pif/source/storage/pif_storage.o
 .text._actStorageI2c_Read_1
                0x00000000080101a2       0x26 ./Core/pif/source/storage/pif_storage.o
 .text._actStorageI2c_Write_1
                0x00000000080101c8       0x2a ./Core/pif/source/storage/pif_storage.o
 .text._actStorageI2c_Write_2
                0x00000000080101f2       0x2a ./Core/pif/source/storage/pif_storage.o
 .text.pifStorage_DetachI2c
                0x000000000801021c       0x1a ./Core/pif/source/storage/pif_storage.o
                0x000000000801021c                pifStorage_DetachI2c
 *fill*         0x0000000008010236        0x2 
 .text.pifStorage_AttachI2c
                0x0000000008010238       0x6c ./Core/pif/source/storage/pif_storage.o
                0x0000000008010238                pifStorage_AttachI2c
 .text.pifStorage_IsFormat
                0x00000000080102a4        0x4 ./Core/pif/source/storage/pif_storage.o
                0x00000000080102a4                pifStorage_IsFormat
 .text.pifStorage_Format
                0x00000000080102a8        0x4 ./Core/pif/source/storage/pif_storage.o
                0x00000000080102a8                pifStorage_Format
 .text.pifStorage_Create
                0x00000000080102ac        0x4 ./Core/pif/source/storage/pif_storage.o
                0x00000000080102ac                pifStorage_Create
 .text.pifStorage_Open
                0x00000000080102b0        0x4 ./Core/pif/source/storage/pif_storage.o
                0x00000000080102b0                pifStorage_Open
 .text.pifStorage_Read
                0x00000000080102b4        0xc ./Core/pif/source/storage/pif_storage.o
                0x00000000080102b4                pifStorage_Read
 .text.pifStorage_Write
                0x00000000080102c0        0xc ./Core/pif/source/storage/pif_storage.o
                0x00000000080102c0                pifStorage_Write
 .text._getNewDataNode
                0x00000000080102cc       0x28 ./Core/pif/source/storage/pif_storage_var.o
 .text._readData
                0x00000000080102f4       0x3e ./Core/pif/source/storage/pif_storage_var.o
 .text._writeData
                0x0000000008010332       0x40 ./Core/pif/source/storage/pif_storage_var.o
 .text.pifStorageVar_IsFormat
                0x0000000008010372        0x6 ./Core/pif/source/storage/pif_storage_var.o
                0x0000000008010372                pifStorageVar_IsFormat
 .text.pifStorageVar_Format
                0x0000000008010378       0xdc ./Core/pif/source/storage/pif_storage_var.o
                0x0000000008010378                pifStorageVar_Format
 .text.pifStorageVar_Create
                0x0000000008010454      0x16c ./Core/pif/source/storage/pif_storage_var.o
                0x0000000008010454                pifStorageVar_Create
 .text.pifStorageVar_Delete
                0x00000000080105c0       0xa8 ./Core/pif/source/storage/pif_storage_var.o
                0x00000000080105c0                pifStorageVar_Delete
 .text.pifStorageVar_Open
                0x0000000008010668       0x54 ./Core/pif/source/storage/pif_storage_var.o
                0x0000000008010668                pifStorageVar_Open
 .text.pifStorageVar_Read
                0x00000000080106bc       0x2c ./Core/pif/source/storage/pif_storage_var.o
                0x00000000080106bc                pifStorageVar_Read
 .text.pifStorageVar_Write
                0x00000000080106e8       0x28 ./Core/pif/source/storage/pif_storage_var.o
                0x00000000080106e8                pifStorageVar_Write
 .text.pifStorageVar_Init
                0x0000000008010710       0x68 ./Core/pif/source/storage/pif_storage_var.o
                0x0000000008010710                pifStorageVar_Init
 .text.pifStorageVar_Clear
                0x0000000008010778       0x22 ./Core/pif/source/storage/pif_storage_var.o
                0x0000000008010778                pifStorageVar_Clear
 *fill*         0x000000000801079a        0x2 
 .text.pifStorageVar_SetMedia
                0x000000000801079c       0xf4 ./Core/pif/source/storage/pif_storage_var.o
                0x000000000801079c                pifStorageVar_SetMedia
 .text.pifStorageVar_AttachI2c
                0x0000000008010890       0x10 ./Core/pif/source/storage/pif_storage_var.o
                0x0000000008010890                pifStorageVar_AttachI2c
 .text.HAL_InitTick
                0x00000000080108a0       0x48 ./Drivers/STM32F4xx_HAL_Driver/Src/stm32f4xx_hal.o
                0x00000000080108a0                HAL_InitTick
 .text.HAL_Init
                0x00000000080108e8       0x34 ./Drivers/STM32F4xx_HAL_Driver/Src/stm32f4xx_hal.o
                0x00000000080108e8                HAL_Init
 .text.HAL_IncTick
                0x000000000801091c       0x18 ./Drivers/STM32F4xx_HAL_Driver/Src/stm32f4xx_hal.o
                0x000000000801091c                HAL_IncTick
 .text.HAL_GetTick
                0x0000000008010934        0xc ./Drivers/STM32F4xx_HAL_Driver/Src/stm32f4xx_hal.o
                0x0000000008010934                HAL_GetTick
 .text.HAL_ADC_Init
                0x0000000008010940      0x14c ./Drivers/STM32F4xx_HAL_Driver/Src/stm32f4xx_hal_adc.o
                0x0000000008010940                HAL_ADC_Init
 .text.HAL_ADC_Start_DMA
                0x0000000008010a8c      0x12c ./Drivers/STM32F4xx_HAL_Driver/Src/stm32f4xx_hal_adc.o
                0x0000000008010a8c                HAL_ADC_Start_DMA
 .text.HAL_ADC_ConvCpltCallback
                0x0000000008010bb8        0x2 ./Drivers/STM32F4xx_HAL_Driver/Src/stm32f4xx_hal_adc.o
                0x0000000008010bb8                HAL_ADC_ConvCpltCallback
 .text.HAL_ADC_ConvHalfCpltCallback
                0x0000000008010bba        0x2 ./Drivers/STM32F4xx_HAL_Driver/Src/stm32f4xx_hal_adc.o
                0x0000000008010bba                HAL_ADC_ConvHalfCpltCallback
 .text.ADC_DMAHalfConvCplt
                0x0000000008010bbc        0xa ./Drivers/STM32F4xx_HAL_Driver/Src/stm32f4xx_hal_adc.o
 .text.HAL_ADC_ErrorCallback
                0x0000000008010bc6        0x2 ./Drivers/STM32F4xx_HAL_Driver/Src/stm32f4xx_hal_adc.o
                0x0000000008010bc6                HAL_ADC_ErrorCallback
 .text.ADC_DMAError
                0x0000000008010bc8       0x16 ./Drivers/STM32F4xx_HAL_Driver/Src/stm32f4xx_hal_adc.o
 .text.ADC_DMAConvCplt
                0x0000000008010bde       0x6c ./Drivers/STM32F4xx_HAL_Driver/Src/stm32f4xx_hal_adc.o
 *fill*         0x0000000008010c4a        0x2 
 .text.HAL_ADC_ConfigChannel
                0x0000000008010c4c      0x138 ./Drivers/STM32F4xx_HAL_Driver/Src/stm32f4xx_hal_adc.o
                0x0000000008010c4c                HAL_ADC_ConfigChannel
 .text.HAL_NVIC_SetPriorityGrouping
                0x0000000008010d84       0x24 ./Drivers/STM32F4xx_HAL_Driver/Src/stm32f4xx_hal_cortex.o
                0x0000000008010d84                HAL_NVIC_SetPriorityGrouping
 .text.HAL_NVIC_SetPriority
                0x0000000008010da8       0x64 ./Drivers/STM32F4xx_HAL_Driver/Src/stm32f4xx_hal_cortex.o
                0x0000000008010da8                HAL_NVIC_SetPriority
 .text.HAL_NVIC_EnableIRQ
                0x0000000008010e0c       0x1c ./Drivers/STM32F4xx_HAL_Driver/Src/stm32f4xx_hal_cortex.o
                0x0000000008010e0c                HAL_NVIC_EnableIRQ
 .text.HAL_NVIC_DisableIRQ
                0x0000000008010e28       0x28 ./Drivers/STM32F4xx_HAL_Driver/Src/stm32f4xx_hal_cortex.o
                0x0000000008010e28                HAL_NVIC_DisableIRQ
 .text.HAL_SYSTICK_Config
                0x0000000008010e50       0x28 ./Drivers/STM32F4xx_HAL_Driver/Src/stm32f4xx_hal_cortex.o
                0x0000000008010e50                HAL_SYSTICK_Config
 .text.DMA_CalcBaseAndBitshift
                0x0000000008010e78       0x2c ./Drivers/STM32F4xx_HAL_Driver/Src/stm32f4xx_hal_dma.o
 .text.HAL_DMA_Init
                0x0000000008010ea4      0x100 ./Drivers/STM32F4xx_HAL_Driver/Src/stm32f4xx_hal_dma.o
                0x0000000008010ea4                HAL_DMA_Init
 .text.HAL_DMA_Start_IT
                0x0000000008010fa4       0x74 ./Drivers/STM32F4xx_HAL_Driver/Src/stm32f4xx_hal_dma.o
                0x0000000008010fa4                HAL_DMA_Start_IT
 .text.HAL_DMA_Abort
                0x0000000008011018       0x88 ./Drivers/STM32F4xx_HAL_Driver/Src/stm32f4xx_hal_dma.o
                0x0000000008011018                HAL_DMA_Abort
 .text.HAL_DMA_Abort_IT
                0x00000000080110a0       0x24 ./Drivers/STM32F4xx_HAL_Driver/Src/stm32f4xx_hal_dma.o
                0x00000000080110a0                HAL_DMA_Abort_IT
 .text.HAL_DMA_IRQHandler
                0x00000000080110c4      0x17c ./Drivers/STM32F4xx_HAL_Driver/Src/stm32f4xx_hal_dma.o
                0x00000000080110c4                HAL_DMA_IRQHandler
 .text.HAL_DMA_GetState
                0x0000000008011240        0x6 ./Drivers/STM32F4xx_HAL_Driver/Src/stm32f4xx_hal_dma.o
                0x0000000008011240                HAL_DMA_GetState
 .text.HAL_DMA_GetError
                0x0000000008011246        0x4 ./Drivers/STM32F4xx_HAL_Driver/Src/stm32f4xx_hal_dma.o
                0x0000000008011246                HAL_DMA_GetError
 *fill*         0x000000000801124a        0x2 
 .text.HAL_GPIO_Init
                0x000000000801124c      0x190 ./Drivers/STM32F4xx_HAL_Driver/Src/stm32f4xx_hal_gpio.o
                0x000000000801124c                HAL_GPIO_Init
 .text.HAL_GPIO_DeInit
                0x00000000080113dc       0xf8 ./Drivers/STM32F4xx_HAL_Driver/Src/stm32f4xx_hal_gpio.o
                0x00000000080113dc                HAL_GPIO_DeInit