Archive member included to satisfy reference by file (symbol)

c:/st/stm32cubeide_1.6.1/stm32cubeide/plugins/com.st.stm32cube.ide.mcu.externaltools.gnu-tools-for-stm32.10.3-2021.10.win32_1.0.100.202210260954/tools/bin/../lib/gcc/arm-none-eabi/10.3.1/../../../../arm-none-eabi/lib/thumb/v7e-m+fp/hard\libc_nano.a(lib_a-atoi.o)
                              ./Core/fc/source/cli.o (atoi)
c:/st/stm32cubeide_1.6.1/stm32cubeide/plugins/com.st.stm32cube.ide.mcu.externaltools.gnu-tools-for-stm32.10.3-2021.10.win32_1.0.100.202210260954/tools/bin/../lib/gcc/arm-none-eabi/10.3.1/../../../../arm-none-eabi/lib/thumb/v7e-m+fp/hard\libc_nano.a(lib_a-calloc.o)
                              ./Core/pif/source/core/pif_list.o (calloc)
c:/st/stm32cubeide_1.6.1/stm32cubeide/plugins/com.st.stm32cube.ide.mcu.externaltools.gnu-tools-for-stm32.10.3-2021.10.win32_1.0.100.202210260954/tools/bin/../lib/gcc/arm-none-eabi/10.3.1/../../../../arm-none-eabi/lib/thumb/v7e-m+fp/hard\libc_nano.a(lib_a-ctype_.o)
                              ./Core/fc/source/cli.o (_ctype_)
c:/st/stm32cubeide_1.6.1/stm32cubeide/plugins/com.st.stm32cube.ide.mcu.externaltools.gnu-tools-for-stm32.10.3-2021.10.win32_1.0.100.202210260954/tools/bin/../lib/gcc/arm-none-eabi/10.3.1/../../../../arm-none-eabi/lib/thumb/v7e-m+fp/hard\libc_nano.a(lib_a-errno.o)
                              ./Core/Src/syscalls.o (__errno)
c:/st/stm32cubeide_1.6.1/stm32cubeide/plugins/com.st.stm32cube.ide.mcu.externaltools.gnu-tools-for-stm32.10.3-2021.10.win32_1.0.100.202210260954/tools/bin/../lib/gcc/arm-none-eabi/10.3.1/../../../../arm-none-eabi/lib/thumb/v7e-m+fp/hard\libc_nano.a(lib_a-exit.o)
                              c:/st/stm32cubeide_1.6.1/stm32cubeide/plugins/com.st.stm32cube.ide.mcu.externaltools.gnu-tools-for-stm32.10.3-2021.10.win32_1.0.100.202210260954/tools/bin/../lib/gcc/arm-none-eabi/10.3.1/../../../../arm-none-eabi/lib/thumb/v7e-m+fp/hard/crt0.o (exit)
c:/st/stm32cubeide_1.6.1/stm32cubeide/plugins/com.st.stm32cube.ide.mcu.externaltools.gnu-tools-for-stm32.10.3-2021.10.win32_1.0.100.202210260954/tools/bin/../lib/gcc/arm-none-eabi/10.3.1/../../../../arm-none-eabi/lib/thumb/v7e-m+fp/hard\libc_nano.a(lib_a-impure.o)
                              c:/st/stm32cubeide_1.6.1/stm32cubeide/plugins/com.st.stm32cube.ide.mcu.externaltools.gnu-tools-for-stm32.10.3-2021.10.win32_1.0.100.202210260954/tools/bin/../lib/gcc/arm-none-eabi/10.3.1/../../../../arm-none-eabi/lib/thumb/v7e-m+fp/hard\libc_nano.a(lib_a-exit.o) (_global_impure_ptr)
c:/st/stm32cubeide_1.6.1/stm32cubeide/plugins/com.st.stm32cube.ide.mcu.externaltools.gnu-tools-for-stm32.10.3-2021.10.win32_1.0.100.202210260954/tools/bin/../lib/gcc/arm-none-eabi/10.3.1/../../../../arm-none-eabi/lib/thumb/v7e-m+fp/hard\libc_nano.a(lib_a-init.o)
                              c:/st/stm32cubeide_1.6.1/stm32cubeide/plugins/com.st.stm32cube.ide.mcu.externaltools.gnu-tools-for-stm32.10.3-2021.10.win32_1.0.100.202210260954/tools/bin/../lib/gcc/arm-none-eabi/10.3.1/../../../../arm-none-eabi/lib/thumb/v7e-m+fp/hard/crt0.o (__libc_init_array)
c:/st/stm32cubeide_1.6.1/stm32cubeide/plugins/com.st.stm32cube.ide.mcu.externaltools.gnu-tools-for-stm32.10.3-2021.10.win32_1.0.100.202210260954/tools/bin/../lib/gcc/arm-none-eabi/10.3.1/../../../../arm-none-eabi/lib/thumb/v7e-m+fp/hard\libc_nano.a(lib_a-malloc.o)
                              ./Core/fc/source/config.o (malloc)
c:/st/stm32cubeide_1.6.1/stm32cubeide/plugins/com.st.stm32cube.ide.mcu.externaltools.gnu-tools-for-stm32.10.3-2021.10.win32_1.0.100.202210260954/tools/bin/../lib/gcc/arm-none-eabi/10.3.1/../../../../arm-none-eabi/lib/thumb/v7e-m+fp/hard\libc_nano.a(lib_a-memcpy-stub.o)
                              ./Core/Src/drv_pwm.o (memcpy)
c:/st/stm32cubeide_1.6.1/stm32cubeide/plugins/com.st.stm32cube.ide.mcu.externaltools.gnu-tools-for-stm32.10.3-2021.10.win32_1.0.100.202210260954/tools/bin/../lib/gcc/arm-none-eabi/10.3.1/../../../../arm-none-eabi/lib/thumb/v7e-m+fp/hard\libc_nano.a(lib_a-memset.o)
                              c:/st/stm32cubeide_1.6.1/stm32cubeide/plugins/com.st.stm32cube.ide.mcu.externaltools.gnu-tools-for-stm32.10.3-2021.10.win32_1.0.100.202210260954/tools/bin/../lib/gcc/arm-none-eabi/10.3.1/../../../../arm-none-eabi/lib/thumb/v7e-m+fp/hard/crt0.o (memset)
c:/st/stm32cubeide_1.6.1/stm32cubeide/plugins/com.st.stm32cube.ide.mcu.externaltools.gnu-tools-for-stm32.10.3-2021.10.win32_1.0.100.202210260954/tools/bin/../lib/gcc/arm-none-eabi/10.3.1/../../../../arm-none-eabi/lib/thumb/v7e-m+fp/hard\libc_nano.a(lib_a-nano-callocr.o)
                              c:/st/stm32cubeide_1.6.1/stm32cubeide/plugins/com.st.stm32cube.ide.mcu.externaltools.gnu-tools-for-stm32.10.3-2021.10.win32_1.0.100.202210260954/tools/bin/../lib/gcc/arm-none-eabi/10.3.1/../../../../arm-none-eabi/lib/thumb/v7e-m+fp/hard\libc_nano.a(lib_a-calloc.o) (_calloc_r)
[...]
Memory Configuration

Name             Origin             Length             Attributes
RAM              0x0000000020000000 0x0000000000020000 xrw
FLASH            0x0000000008000000 0x0000000000080000 xr
*default*        0x0000000000000000 0xffffffffffffffff

Linker script and memory map

LOAD c:/st/stm32cubeide_1.6.1/stm32cubeide/plugins/com.st.stm32cube.ide.mcu.externaltools.gnu-tools-for-stm32.10.3-2021.10.win32_1.0.100.202210260954/tools/bin/../lib/gcc/arm-none-eabi/10.3.1/thumb/v7e-m+fp/hard/crti.o
LOAD c:/st/stm32cubeide_1.6.1/stm32cubeide/plugins/com.st.stm32cube.ide.mcu.externaltools.gnu-tools-for-stm32.10.3-2021.10.win32_1.0.100.202210260954/tools/bin/../lib/gcc/arm-none-eabi/10.3.1/thumb/v7e-m+fp/hard/crtbegin.o
LOAD c:/st/stm32cubeide_1.6.1/stm32cubeide/plugins/com.st.stm32cube.ide.mcu.externaltools.gnu-tools-for-stm32.10.3-2021.10.win32_1.0.100.202210260954/tools/bin/../lib/gcc/arm-none-eabi/10.3.1/../../../../arm-none-eabi/lib/thumb/v7e-m+fp/hard/crt0.o
LOAD ./Core/Src/drv_adc.o
LOAD ./Core/Src/drv_gy86.o
LOAD ./Core/Src/drv_hcsr04.o
LOAD ./Core/Src/drv_i2c.o
LOAD ./Core/Src/drv_pwm.o
LOAD ./Core/Src/drv_system.o
LOAD ./Core/Src/drv_uart.o
LOAD ./Core/Src/main.o
LOAD ./Core/Src/stm32f4xx_hal_msp.o
LOAD ./Core/Src/stm32f4xx_it.o
LOAD ./Core/Src/syscalls.o
LOAD ./Core/Src/sysmem.o
LOAD ./Core/Src/system_stm32f4xx.o
LOAD ./Core/Src/utils.o
LOAD ./Core/Startup/startup_stm32f411retx.o
LOAD ./Core/fc/source/buzzer.o
LOAD ./Core/fc/source/cli.o
LOAD ./Core/fc/source/config.o
LOAD ./Core/fc/source/fw_nav.o
LOAD ./Core/fc/source/gps.o
LOAD ./Core/fc/source/ibus.o
LOAD ./Core/fc/source/imu.o
LOAD ./Core/fc/source/link_driver.o
LOAD ./Core/fc/source/mixer.o
LOAD ./Core/fc/source/mw.o
LOAD ./Core/fc/source/rxmsp.o
LOAD ./Core/fc/source/sbus.o
LOAD ./Core/fc/source/sensors.o
LOAD ./Core/fc/source/serial.o
LOAD ./Core/fc/source/spektrum.o
LOAD ./Core/fc/source/sumd.o
LOAD ./Core/pif/source/core/pif.o
LOAD ./Core/pif/source/core/pif_comm.o
LOAD ./Core/pif/source/core/pif_i2c.o
LOAD ./Core/pif/source/core/pif_list.o
LOAD ./Core/pif/source/core/pif_log.o
LOAD ./Core/pif/source/core/pif_ring_buffer.o
LOAD ./Core/pif/source/core/pif_task.o
LOAD ./Core/pif/source/core/pif_timer.o
LOAD ./Core/pif/source/filter/pif_noise_filter.o
LOAD ./Core/pif/source/filter/pif_noise_filter_int32.o
LOAD ./Core/pif/source/gps/pif_gps.o
LOAD ./Core/pif/source/gps/pif_gps_ublox.o
LOAD ./Core/pif/source/protocol/pif_msp.o
LOAD ./Core/pif/source/rc/pif_rc.o
LOAD ./Core/pif/source/rc/pif_rc_ibus.o
LOAD ./Core/pif/source/rc/pif_rc_ppm.o
LOAD ./Core/pif/source/rc/pif_rc_pwm.o
LOAD ./Core/pif/source/rc/pif_rc_sbus.o
LOAD ./Core/pif/source/rc/pif_rc_spektrum.o
LOAD ./Core/pif/source/rc/pif_rc_sumd.o
LOAD ./Core/pif/source/sensor/pif_gy86.o
LOAD ./Core/pif/source/sensor/pif_hc_sr04.o
LOAD ./Core/pif/source/sensor/pif_hmc5883.o
LOAD ./Core/pif/source/sensor/pif_imu_sensor.o
LOAD ./Core/pif/source/sensor/pif_mpu60x0.o
LOAD ./Core/pif/source/sensor/pif_ms5611.o
LOAD ./Core/pif/source/sound/pif_buzzer.o
LOAD ./Core/pif/source/storage/pif_storage.o
LOAD ./Core/pif/source/storage/pif_storage_fix.o
LOAD ./Core/pif/source/storage/pif_storage_var.o
LOAD ./Drivers/STM32F4xx_HAL_Driver/Src/stm32f4xx_hal.o
LOAD ./Drivers/STM32F4xx_HAL_Driver/Src/stm32f4xx_hal_adc.o
LOAD ./Drivers/STM32F4xx_HAL_Driver/Src/stm32f4xx_hal_adc_ex.o
LOAD ./Drivers/STM32F4xx_HAL_Driver/Src/stm32f4xx_hal_cortex.o
LOAD ./Drivers/STM32F4xx_HAL_Driver/Src/stm32f4xx_hal_dma.o
LOAD ./Drivers/STM32F4xx_HAL_Driver/Src/stm32f4xx_hal_dma_ex.o
LOAD ./Drivers/STM32F4xx_HAL_Driver/Src/stm32f4xx_hal_exti.o
LOAD ./Drivers/STM32F4xx_HAL_Driver/Src/stm32f4xx_hal_flash.o
LOAD ./Drivers/STM32F4xx_HAL_Driver/Src/stm32f4xx_hal_flash_ex.o
LOAD ./Drivers/STM32F4xx_HAL_Driver/Src/stm32f4xx_hal_flash_ramfunc.o
LOAD ./Drivers/STM32F4xx_HAL_Driver/Src/stm32f4xx_hal_gpio.o
LOAD ./Drivers/STM32F4xx_HAL_Driver/Src/stm32f4xx_hal_i2c.o
LOAD ./Drivers/STM32F4xx_HAL_Driver/Src/stm32f4xx_hal_i2c_ex.o
LOAD ./Drivers/STM32F4xx_HAL_Driver/Src/stm32f4xx_hal_pwr.o
LOAD ./Drivers/STM32F4xx_HAL_Driver/Src/stm32f4xx_hal_pwr_ex.o
LOAD ./Drivers/STM32F4xx_HAL_Driver/Src/stm32f4xx_hal_rcc.o
LOAD ./Drivers/STM32F4xx_HAL_Driver/Src/stm32f4xx_hal_rcc_ex.o
LOAD ./Drivers/STM32F4xx_HAL_Driver/Src/stm32f4xx_hal_tim.o
LOAD ./Drivers/STM32F4xx_HAL_Driver/Src/stm32f4xx_hal_tim_ex.o
LOAD ./Drivers/STM32F4xx_HAL_Driver/Src/stm32f4xx_hal_uart.o
LOAD ./Drivers/STM32F4xx_HAL_Driver/Src/stm32f4xx_ll_adc.o
START GROUP
LOAD c:/st/stm32cubeide_1.6.1/stm32cubeide/plugins/com.st.stm32cube.ide.mcu.externaltools.gnu-tools-for-stm32.10.3-2021.10.win32_1.0.100.202210260954/tools/bin/../lib/gcc/arm-none-eabi/10.3.1/../../../../arm-none-eabi/lib/thumb/v7e-m+fp/hard\libc_nano.a
LOAD c:/st/stm32cubeide_1.6.1/stm32cubeide/plugins/com.st.stm32cube.ide.mcu.externaltools.gnu-tools-for-stm32.10.3-2021.10.win32_1.0.100.202210260954/tools/bin/../lib/gcc/arm-none-eabi/10.3.1/../../../../arm-none-eabi/lib/thumb/v7e-m+fp/hard\libm.a
END GROUP
START GROUP
LOAD c:/st/stm32cubeide_1.6.1/stm32cubeide/plugins/com.st.stm32cube.ide.mcu.externaltools.gnu-tools-for-stm32.10.3-2021.10.win32_1.0.100.202210260954/tools/bin/../lib/gcc/arm-none-eabi/10.3.1/thumb/v7e-m+fp/hard\libgcc.a
LOAD c:/st/stm32cubeide_1.6.1/stm32cubeide/plugins/com.st.stm32cube.ide.mcu.externaltools.gnu-tools-for-stm32.10.3-2021.10.win32_1.0.100.202210260954/tools/bin/../lib/gcc/arm-none-eabi/10.3.1/../../../../arm-none-eabi/lib/thumb/v7e-m+fp/hard\libc_nano.a
END GROUP
START GROUP
LOAD c:/st/stm32cubeide_1.6.1/stm32cubeide/plugins/com.st.stm32cube.ide.mcu.externaltools.gnu-tools-for-stm32.10.3-2021.10.win32_1.0.100.202210260954/tools/bin/../lib/gcc/arm-none-eabi/10.3.1/thumb/v7e-m+fp/hard\libgcc.a
LOAD c:/st/stm32cubeide_1.6.1/stm32cubeide/plugins/com.st.stm32cube.ide.mcu.externaltools.gnu-tools-for-stm32.10.3-2021.10.win32_1.0.100.202210260954/tools/bin/../lib/gcc/arm-none-eabi/10.3.1/../../../../arm-none-eabi/lib/thumb/v7e-m+fp/hard\libc_nano.a
LOAD c:/st/stm32cubeide_1.6.1/stm32cubeide/plugins/com.st.stm32cube.ide.mcu.externaltools.gnu-tools-for-stm32.10.3-2021.10.win32_1.0.100.202210260954/tools/bin/../lib/gcc/arm-none-eabi/10.3.1/../../../../arm-none-eabi/lib/thumb/v7e-m+fp/hard\libnosys.a
END GROUP
START GROUP
LOAD c:/st/stm32cubeide_1.6.1/stm32cubeide/plugins/com.st.stm32cube.ide.mcu.externaltools.gnu-tools-for-stm32.10.3-2021.10.win32_1.0.100.202210260954/tools/bin/../lib/gcc/arm-none-eabi/10.3.1/thumb/v7e-m+fp/hard\libgcc.a
LOAD c:/st/stm32cubeide_1.6.1/stm32cubeide/plugins/com.st.stm32cube.ide.mcu.externaltools.gnu-tools-for-stm32.10.3-2021.10.win32_1.0.100.202210260954/tools/bin/../lib/gcc/arm-none-eabi/10.3.1/../../../../arm-none-eabi/lib/thumb/v7e-m+fp/hard\libc_nano.a
LOAD c:/st/stm32cubeide_1.6.1/stm32cubeide/plugins/com.st.stm32cube.ide.mcu.externaltools.gnu-tools-for-stm32.10.3-2021.10.win32_1.0.100.202210260954/tools/bin/../lib/gcc/arm-none-eabi/10.3.1/../../../../arm-none-eabi/lib/thumb/v7e-m+fp/hard\libnosys.a
END GROUP
LOAD c:/st/stm32cubeide_1.6.1/stm32cubeide/plugins/com.st.stm32cube.ide.mcu.externaltools.gnu-tools-for-stm32.10.3-2021.10.win32_1.0.100.202210260954/tools/bin/../lib/gcc/arm-none-eabi/10.3.1/thumb/v7e-m+fp/hard/crtend.o
LOAD c:/st/stm32cubeide_1.6.1/stm32cubeide/plugins/com.st.stm32cube.ide.mcu.externaltools.gnu-tools-for-stm32.10.3-2021.10.win32_1.0.100.202210260954/tools/bin/../lib/gcc/arm-none-eabi/10.3.1/thumb/v7e-m+fp/hard/crtn.o
                0x0000000020020000                _estack = (ORIGIN (RAM) + LENGTH (RAM))
                0x0000000000000200                _Min_Heap_Size = 0x200
                0x0000000000000400                _Min_Stack_Size = 0x400

.isr_vector     0x0000000008000000      0x198
                0x0000000008000000                . = ALIGN (0x4)
 *(.isr_vector)
 .isr_vector    0x0000000008000000      0x198 ./Core/Startup/startup_stm32f411retx.o
                0x0000000008000000                g_pfnVectors
                0x0000000008000198                . = ALIGN (0x4)

.text           0x0000000008000198    0x16fb0
                0x0000000008000198                . = ALIGN (0x4)
 *(.text)
 .text          0x0000000008000198       0x40 c:/st/stm32cubeide_1.6.1/stm32cubeide/plugins/com.st.stm32cube.ide.mcu.externaltools.gnu-tools-for-stm32.10.3-2021.10.win32_1.0.100.202210260954/tools/bin/../lib/gcc/arm-none-eabi/10.3.1/thumb/v7e-m+fp/hard/crtbegin.o
 .text          0x00000000080001d8       0x10 c:/st/stm32cubeide_1.6.1/stm32cubeide/plugins/com.st.stm32cube.ide.mcu.externaltools.gnu-tools-for-stm32.10.3-2021.10.win32_1.0.100.202210260954/tools/bin/../lib/gcc/arm-none-eabi/10.3.1/../../../../arm-none-eabi/lib/thumb/v7e-m+fp/hard\libc_nano.a(lib_a-strlen.o)
                0x00000000080001d8                strlen
 .text          0x00000000080001e8      0x378 c:/st/stm32cubeide_1.6.1/stm32cubeide/plugins/com.st.stm32cube.ide.mcu.externaltools.gnu-tools-for-stm32.10.3-2021.10.win32_1.0.100.202210260954/tools/bin/../lib/gcc/arm-none-eabi/10.3.1/thumb/v7e-m+fp/hard\libgcc.a(_arm_addsubdf3.o)
                0x00000000080001e8                __aeabi_drsub
                0x00000000080001f0                __aeabi_dsub
                0x00000000080001f0                __subdf3
                0x00000000080001f4                __aeabi_dadd
                0x00000000080001f4                __adddf3
                0x000000000800046c                __floatunsidf
                0x000000000800046c                __aeabi_ui2d
                0x000000000800048c                __floatsidf
                0x000000000800048c                __aeabi_i2d
                0x00000000080004b0                __aeabi_f2d
                0x00000000080004b0                __extendsfdf2
                0x00000000080004f4                __floatundidf
                0x00000000080004f4                __aeabi_ul2d
                0x0000000008000504                __floatdidf
                0x0000000008000504                __aeabi_l2d
 .text          0x0000000008000560      0x424 c:/st/stm32cubeide_1.6.1/stm32cubeide/plugins/com.st.stm32cube.ide.mcu.externaltools.gnu-tools-for-stm32.10.3-2021.10.win32_1.0.100.202210260954/tools/bin/../lib/gcc/arm-none-eabi/10.3.1/thumb/v7e-m+fp/hard\libgcc.a(_arm_muldivdf3.o)
                0x0000000008000560                __aeabi_dmul
                0x0000000008000560                __muldf3
                0x00000000080007b4                __divdf3
                0x00000000080007b4                __aeabi_ddiv
 .text          0x0000000008000984      0x110 c:/st/stm32cubeide_1.6.1/stm32cubeide/plugins/com.st.stm32cube.ide.mcu.externaltools.gnu-tools-for-stm32.10.3-2021.10.win32_1.0.100.202210260954/tools/bin/../lib/gcc/arm-none-eabi/10.3.1/thumb/v7e-m+fp/hard\libgcc.a(_arm_cmpdf2.o)
                0x0000000008000984                __gtdf2
                0x0000000008000984                __gedf2
                0x000000000800098c                __ltdf2
                0x000000000800098c                __ledf2
                0x0000000008000994                __nedf2
                0x0000000008000994                __eqdf2
                0x0000000008000994                __cmpdf2
                0x0000000008000a10                __aeabi_cdrcmple
                0x0000000008000a20                __aeabi_cdcmpeq
                0x0000000008000a20                __aeabi_cdcmple
                0x0000000008000a30                __aeabi_dcmpeq
                0x0000000008000a44                __aeabi_dcmplt
                0x0000000008000a58                __aeabi_dcmple
                0x0000000008000a6c                __aeabi_dcmpge
                0x0000000008000a80                __aeabi_dcmpgt
 .text          0x0000000008000a94       0x50 c:/st/stm32cubeide_1.6.1/stm32cubeide/plugins/com.st.stm32cube.ide.mcu.externaltools.gnu-tools-for-stm32.10.3-2021.10.win32_1.0.100.202210260954/tools/bin/../lib/gcc/arm-none-eabi/10.3.1/thumb/v7e-m+fp/hard\libgcc.a(_arm_fixdfsi.o)
                0x0000000008000a94                __aeabi_d2iz
                0x0000000008000a94                __fixdfsi
 .text          0x0000000008000ae4       0x40 c:/st/stm32cubeide_1.6.1/stm32cubeide/plugins/com.st.stm32cube.ide.mcu.externaltools.gnu-tools-for-stm32.10.3-2021.10.win32_1.0.100.202210260954/tools/bin/../lib/gcc/arm-none-eabi/10.3.1/thumb/v7e-m+fp/hard\libgcc.a(_arm_fixunsdfsi.o)
                0x0000000008000ae4                __aeabi_d2uiz
                0x0000000008000ae4                __fixunsdfsi
 .text          0x0000000008000b24       0xa0 c:/st/stm32cubeide_1.6.1/stm32cubeide/plugins/com.st.stm32cube.ide.mcu.externaltools.gnu-tools-for-stm32.10.3-2021.10.win32_1.0.100.202210260954/tools/bin/../lib/gcc/arm-none-eabi/10.3.1/thumb/v7e-m+fp/hard\libgcc.a(_arm_truncdfsf2.o)
                0x0000000008000b24                __truncdfsf2
                0x0000000008000b24                __aeabi_d2f
 .text          0x0000000008000bc4      0x21c c:/st/stm32cubeide_1.6.1/stm32cubeide/plugins/com.st.stm32cube.ide.mcu.externaltools.gnu-tools-for-stm32.10.3-2021.10.win32_1.0.100.202210260954/tools/bin/../lib/gcc/arm-none-eabi/10.3.1/thumb/v7e-m+fp/hard\libgcc.a(_arm_addsubsf3.o)
                0x0000000008000bc4                __aeabi_frsub
                0x0000000008000bcc                __subsf3
                0x0000000008000bcc                __aeabi_fsub
                0x0000000008000bd0                __aeabi_fadd
                0x0000000008000bd0                __addsf3
                0x0000000008000d30                __aeabi_ui2f
                0x0000000008000d30                __floatunsisf
                0x0000000008000d38                __aeabi_i2f
                0x0000000008000d38                __floatsisf
                0x0000000008000d54                __aeabi_ul2f
                0x0000000008000d54                __floatundisf
                0x0000000008000d64                __aeabi_l2f
                0x0000000008000d64                __floatdisf
 .text          0x0000000008000de0       0xa0 c:/st/stm32cubeide_1.6.1/stm32cubeide/plugins/com.st.stm32cube.ide.mcu.externaltools.gnu-tools-for-stm32.10.3-2021.10.win32_1.0.100.202210260954/tools/bin/../lib/gcc/arm-none-eabi/10.3.1/thumb/v7e-m+fp/hard\libgcc.a(_aeabi_ldivmod.o)
                0x0000000008000de0                __aeabi_ldivmod
 .text          0x0000000008000e80       0x30 c:/st/stm32cubeide_1.6.1/stm32cubeide/plugins/com.st.stm32cube.ide.mcu.externaltools.gnu-tools-for-stm32.10.3-2021.10.win32_1.0.100.202210260954/tools/bin/../lib/gcc/arm-none-eabi/10.3.1/thumb/v7e-m+fp/hard\libgcc.a(_aeabi_uldivmod.o)
                0x0000000008000e80                __aeabi_uldivmod
 .text          0x0000000008000eb0      0x2d0 c:/st/stm32cubeide_1.6.1/stm32cubeide/plugins/com.st.stm32cube.ide.mcu.externaltools.gnu-tools-for-stm32.10.3-2021.10.win32_1.0.100.202210260954/tools/bin/../lib/gcc/arm-none-eabi/10.3.1/thumb/v7e-m+fp/hard\libgcc.a(_udivmoddi4.o)
                0x0000000008000eb0                __udivmoddi4
 .text          0x0000000008001180        0x4 c:/st/stm32cubeide_1.6.1/stm32cubeide/plugins/com.st.stm32cube.ide.mcu.externaltools.gnu-tools-for-stm32.10.3-2021.10.win32_1.0.100.202210260954/tools/bin/../lib/gcc/arm-none-eabi/10.3.1/thumb/v7e-m+fp/hard\libgcc.a(_dvmd_tls.o)
                0x0000000008001180                __aeabi_idiv0
                0x0000000008001180                __aeabi_ldiv0
 *(.text*)
 .text.adcInit  0x0000000008001184       0x14 ./Core/Src/drv_adc.o
                0x0000000008001184                adcInit
 .text.actGetAdcChannel
                0x0000000008001198        0xc ./Core/Src/drv_adc.o
                0x0000000008001198                actGetAdcChannel
 .text.actGetBatteryVoltage
                0x00000000080011a4       0x28 ./Core/Src/drv_adc.o
                0x00000000080011a4                actGetBatteryVoltage
 .text.actGetBatteryCurrent
                0x00000000080011cc       0x18 ./Core/Src/drv_adc.o
                0x00000000080011cc                actGetBatteryCurrent
 .text.hmc5883lRead
                0x00000000080011e4        0x4 ./Core/Src/drv_gy86.o
 .text.hmc5883lInit
                0x00000000080011e8       0x18 ./Core/Src/drv_gy86.o
 .text.mpuGyroRead
                0x0000000008001200        0x4 ./Core/Src/drv_gy86.o
 .text.mpuGyroInit
                0x0000000008001204        0xa ./Core/Src/drv_gy86.o
 .text.mpuAccRead
                0x000000000800120e        0x4 ./Core/Src/drv_gy86.o
 .text.mpuAccInit
                0x0000000008001212        0xa ./Core/Src/drv_gy86.o
 .text.gy86Detect
                0x000000000800121c      0x130 ./Core/Src/drv_gy86.o
                0x000000000800121c                gy86Detect
 .text._evtHcSr04Distance
                0x000000000800134c       0x3c ./Core/Src/drv_hcsr04.o
 .text._actHcSr04Trigger
                0x0000000008001388       0x1c ./Core/Src/drv_hcsr04.o
 .text.hcsr04Echo
                0x00000000080013a4       0x18 ./Core/Src/drv_hcsr04.o
                0x00000000080013a4                hcsr04Echo
 .text.hcsr04Init
                0x00000000080013bc       0x44 ./Core/Src/drv_hcsr04.o
                0x00000000080013bc                hcsr04Init
 .text.actI2cRead
                0x0000000008001400       0x3c ./Core/Src/drv_i2c.o
                0x0000000008001400                actI2cRead
 .text.actI2cWrite
                0x000000000800143c       0x38 ./Core/Src/drv_i2c.o
                0x000000000800143c                actI2cWrite
 .text.HAL_I2C_MasterTxCpltCallback
                0x0000000008001474       0x1c ./Core/Src/drv_i2c.o
                0x0000000008001474                HAL_I2C_MasterTxCpltCallback
 .text.HAL_I2C_MasterRxCpltCallback
                0x0000000008001490        0x4 ./Core/Src/drv_i2c.o
                0x0000000008001490                HAL_I2C_MasterRxCpltCallback
 .text.HAL_I2C_MemTxCpltCallback
                0x0000000008001494        0x4 ./Core/Src/drv_i2c.o
                0x0000000008001494                HAL_I2C_MemTxCpltCallback
 .text.HAL_I2C_MemRxCpltCallback
                0x0000000008001498        0x4 ./Core/Src/drv_i2c.o
                0x0000000008001498                HAL_I2C_MemRxCpltCallback
 .text.i2cInit  0x000000000800149c       0x2c ./Core/Src/drv_i2c.o
                0x000000000800149c                i2cInit
 .text.pwmWriteStandard
                0x00000000080014c8       0x44 ./Core/Src/drv_pwm.o
 .text._evtRcReceive
                0x000000000800150c       0x1c ./Core/Src/drv_pwm.o
 .text.pwmReadRc
                0x0000000008001528       0x60 ./Core/Src/drv_pwm.o
                0x0000000008001528                pwmReadRc
 .text.pwmInit  0x0000000008001588      0x164 ./Core/Src/drv_pwm.o
                0x0000000008001588                pwmInit
 .text.actPwmWriteMotor
                0x00000000080016ec       0x18 ./Core/Src/drv_pwm.o
                0x00000000080016ec                actPwmWriteMotor
 .text.actPwmWriteServo
                0x0000000008001704        0x2 ./Core/Src/drv_pwm.o
                0x0000000008001704                actPwmWriteServo
 *fill*         0x0000000008001706        0x2 
 .text.actPwmRead
                0x0000000008001708        0xc ./Core/Src/drv_pwm.o
                0x0000000008001708                actPwmRead
 .text.systemReset
                0x0000000008001714       0x28 ./Core/Src/drv_system.o
                0x0000000008001714                systemReset
 .text.actLed0State
                0x000000000800173c       0x1c ./Core/Src/drv_system.o
                0x000000000800173c                actLed0State
 .text.actLed0Toggle
                0x0000000008001758       0x1c ./Core/Src/drv_system.o
                0x0000000008001758                actLed0Toggle
 .text.actLed1State
                0x0000000008001774       0x1c ./Core/Src/drv_system.o
                0x0000000008001774                actLed1State
 .text.actLed1Toggle
                0x0000000008001790       0x1c ./Core/Src/drv_system.o
                0x0000000008001790                actLed1Toggle
 .text.actBuzzerAction
                0x00000000080017ac       0x10 ./Core/Src/drv_system.o
                0x00000000080017ac                actBuzzerAction
 .text.systemInit
                0x00000000080017bc       0x1c ./Core/Src/drv_system.o
                0x00000000080017bc                systemInit
 .text.failureMode
                0x00000000080017d8       0x4a ./Core/Src/drv_system.o
                0x00000000080017d8                failureMode
 .text.actInvState
                0x0000000008001822        0x2 ./Core/Src/drv_system.o
                0x0000000008001822                actInvState
 .text.HAL_GPIO_EXTI_Callback
                0x0000000008001824       0x14 ./Core/Src/drv_system.o
                0x0000000008001824                HAL_GPIO_EXTI_Callback
 .text.storageInit
                0x0000000008001838       0x84 ./Core/Src/drv_system.o
                0x0000000008001838                storageInit
 .text.actUartStartTransfer
                0x00000000080018bc       0x38 ./Core/Src/drv_uart.o
 .text.actUartSetBaudRate
                0x00000000080018f4       0x34 ./Core/Src/drv_uart.o
 .text.HAL_UART_TxCpltCallback
                0x0000000008001928       0x74 ./Core/Src/drv_uart.o
                0x0000000008001928                HAL_UART_TxCpltCallback
 .text.HAL_UART_RxCpltCallback
                0x000000000800199c       0x58 ./Core/Src/drv_uart.o
                0x000000000800199c                HAL_UART_RxCpltCallback
 .text.serialSetBaudRate
                0x00000000080019f4        0x6 ./Core/Src/drv_uart.o
                0x00000000080019f4                serialSetBaudRate
 *fill*         0x00000000080019fa        0x2 
 .text.uartOpen
                0x00000000080019fc       0xf0 ./Core/Src/drv_uart.o
                0x00000000080019fc                uartOpen
 .text.serialStartReceiveFunc
                0x0000000008001aec       0x28 ./Core/Src/drv_uart.o
                0x0000000008001aec                serialStartReceiveFunc
 .text.serialStopReceiveFunc
                0x0000000008001b14       0x1c ./Core/Src/drv_uart.o
                0x0000000008001b14                serialStopReceiveFunc
 .text.micros   0x0000000008001b30        0xc ./Core/Src/main.o
                0x0000000008001b30                micros
 .text.featureDefault
                0x0000000008001b3c        0x6 ./Core/Src/main.o
 *fill*         0x0000000008001b42        0x2 
 .text.SystemClock_Config
                0x0000000008001b44       0x9c ./Core/Src/main.o
                0x0000000008001b44                SystemClock_Config
 .text.startup.main
                0x0000000008001be0      0x8b4 ./Core/Src/main.o
                0x0000000008001be0                main
 .text.Error_Handler
                0x0000000008002494        0x4 ./Core/Src/main.o
                0x0000000008002494                Error_Handler
 .text.HAL_MspInit
                0x0000000008002498       0x3c ./Core/Src/stm32f4xx_hal_msp.o
                0x0000000008002498                HAL_MspInit
 .text.HAL_ADC_MspInit
                0x00000000080024d4       0xf4 ./Core/Src/stm32f4xx_hal_msp.o
                0x00000000080024d4                HAL_ADC_MspInit
 .text.HAL_I2C_MspInit
                0x00000000080025c8      0x168 ./Core/Src/stm32f4xx_hal_msp.o
                0x00000000080025c8                HAL_I2C_MspInit
 .text.HAL_TIM_Base_MspInit
                0x0000000008002730       0x64 ./Core/Src/stm32f4xx_hal_msp.o
                0x0000000008002730                HAL_TIM_Base_MspInit
 .text.HAL_TIM_MspPostInit
                0x0000000008002794       0x80 ./Core/Src/stm32f4xx_hal_msp.o
                0x0000000008002794                HAL_TIM_MspPostInit
 .text.HAL_UART_MspInit
                0x0000000008002814      0x13c ./Core/Src/stm32f4xx_hal_msp.o
                0x0000000008002814                HAL_UART_MspInit
 .text.HAL_UART_MspDeInit
                0x0000000008002950       0x7c ./Core/Src/stm32f4xx_hal_msp.o
                0x0000000008002950                HAL_UART_MspDeInit
 .text.NMI_Handler
                0x00000000080029cc        0x2 ./Core/Src/stm32f4xx_it.o
                0x00000000080029cc                NMI_Handler
 .text.HardFault_Handler
                0x00000000080029ce        0x2 ./Core/Src/stm32f4xx_it.o
                0x00000000080029ce                HardFault_Handler
 .text.MemManage_Handler
                0x00000000080029d0        0x2 ./Core/Src/stm32f4xx_it.o
                0x00000000080029d0                MemManage_Handler
 .text.BusFault_Handler
                0x00000000080029d2        0x2 ./Core/Src/stm32f4xx_it.o
                0x00000000080029d2                BusFault_Handler
 .text.UsageFault_Handler
                0x00000000080029d4        0x2 ./Core/Src/stm32f4xx_it.o
                0x00000000080029d4                UsageFault_Handler
 .text.SVC_Handler
                0x00000000080029d6        0x2 ./Core/Src/stm32f4xx_it.o
                0x00000000080029d6                SVC_Handler
 .text.DebugMon_Handler
                0x00000000080029d8        0x2 ./Core/Src/stm32f4xx_it.o
                0x00000000080029d8                DebugMon_Handler
 .text.PendSV_Handler
                0x00000000080029da        0x2 ./Core/Src/stm32f4xx_it.o
                0x00000000080029da                PendSV_Handler
 .text.SysTick_Handler
                0x00000000080029dc       0x18 ./Core/Src/stm32f4xx_it.o
                0x00000000080029dc                SysTick_Handler
 .text.EXTI1_IRQHandler
                0x00000000080029f4        0x6 ./Core/Src/stm32f4xx_it.o
                0x00000000080029f4                EXTI1_IRQHandler
 *fill*         0x00000000080029fa        0x2 
 .text.DMA1_Stream0_IRQHandler
                0x00000000080029fc        0xc ./Core/Src/stm32f4xx_it.o
                0x00000000080029fc                DMA1_Stream0_IRQHandler
 .text.DMA1_Stream1_IRQHandler
                0x0000000008002a08        0xc ./Core/Src/stm32f4xx_it.o
                0x0000000008002a08                DMA1_Stream1_IRQHandler
 .text.TIM3_IRQHandler
                0x0000000008002a14        0xc ./Core/Src/stm32f4xx_it.o
                0x0000000008002a14                TIM3_IRQHandler
 .text.I2C1_EV_IRQHandler
                0x0000000008002a20        0xc ./Core/Src/stm32f4xx_it.o
                0x0000000008002a20                I2C1_EV_IRQHandler
 .text.I2C1_ER_IRQHandler
                0x0000000008002a2c        0xc ./Core/Src/stm32f4xx_it.o
                0x0000000008002a2c                I2C1_ER_IRQHandler
 .text.USART1_IRQHandler
                0x0000000008002a38        0xc ./Core/Src/stm32f4xx_it.o
                0x0000000008002a38                USART1_IRQHandler
 .text.USART2_IRQHandler
                0x0000000008002a44        0xc ./Core/Src/stm32f4xx_it.o
                0x0000000008002a44                USART2_IRQHandler
 .text.EXTI15_10_IRQHandler
                0x0000000008002a50       0x16 ./Core/Src/stm32f4xx_it.o
                0x0000000008002a50                EXTI15_10_IRQHandler
 *fill*         0x0000000008002a66        0x2 
 .text.DMA2_Stream0_IRQHandler
                0x0000000008002a68        0xc ./Core/Src/stm32f4xx_it.o
                0x0000000008002a68                DMA2_Stream0_IRQHandler
 .text.USART6_IRQHandler
                0x0000000008002a74        0xc ./Core/Src/stm32f4xx_it.o
                0x0000000008002a74                USART6_IRQHandler
 .text._sbrk    0x0000000008002a80       0x40 ./Core/Src/sysmem.o
                0x0000000008002a80                _sbrk
 .text.SystemInit
                0x0000000008002ac0       0x14 ./Core/Src/system_stm32f4xx.o
                0x0000000008002ac0                SystemInit
 .text.constrain
                0x0000000008002ad4       0x10 ./Core/Src/utils.o
                0x0000000008002ad4                constrain
 *fill*         0x0000000008002ae4        0x4 
 .text.initBoardAlignment
                0x0000000008002ae8      0x140 ./Core/Src/utils.o
                0x0000000008002ae8                initBoardAlignment
 .text.Reset_Handler
                0x0000000008002c28       0x50 ./Core/Startup/startup_stm32f411retx.o
                0x0000000008002c28                Reset_Handler
 .text.Default_Handler
                0x0000000008002c78        0x2 ./Core/Startup/startup_stm32f411retx.o
                0x0000000008002c78                RTC_Alarm_IRQHandler
                0x0000000008002c78                EXTI2_IRQHandler
                0x0000000008002c78                SPI4_IRQHandler
                0x0000000008002c78                TIM1_CC_IRQHandler
                0x0000000008002c78                DMA2_Stream5_IRQHandler
                0x0000000008002c78                DMA1_Stream5_IRQHandler
                0x0000000008002c78                PVD_IRQHandler
                0x0000000008002c78                SDIO_IRQHandler
                0x0000000008002c78                TAMP_STAMP_IRQHandler
                0x0000000008002c78                EXTI3_IRQHandler
                0x0000000008002c78                TIM1_UP_TIM10_IRQHandler
                0x0000000008002c78                I2C3_ER_IRQHandler
                0x0000000008002c78                EXTI0_IRQHandler
                0x0000000008002c78                I2C2_EV_IRQHandler
                0x0000000008002c78                DMA1_Stream2_IRQHandler
                0x0000000008002c78                FPU_IRQHandler
                0x0000000008002c78                DMA2_Stream2_IRQHandler
                0x0000000008002c78                SPI1_IRQHandler
                0x0000000008002c78                TIM1_BRK_TIM9_IRQHandler
                0x0000000008002c78                DMA2_Stream3_IRQHandler
                0x0000000008002c78                TIM4_IRQHandler
                0x0000000008002c78                DMA1_Stream6_IRQHandler
                0x0000000008002c78                RCC_IRQHandler
                0x0000000008002c78                Default_Handler
                0x0000000008002c78                ADC_IRQHandler
                0x0000000008002c78                DMA1_Stream7_IRQHandler
                0x0000000008002c78                SPI5_IRQHandler
                0x0000000008002c78                TIM5_IRQHandler
                0x0000000008002c78                DMA2_Stream7_IRQHandler
                0x0000000008002c78                I2C3_EV_IRQHandler
                0x0000000008002c78                EXTI9_5_IRQHandler
                0x0000000008002c78                RTC_WKUP_IRQHandler
                0x0000000008002c78                SPI2_IRQHandler
                0x0000000008002c78                EXTI4_IRQHandler
                0x0000000008002c78                WWDG_IRQHandler
                0x0000000008002c78                TIM2_IRQHandler
                0x0000000008002c78                OTG_FS_WKUP_IRQHandler
                0x0000000008002c78                TIM1_TRG_COM_TIM11_IRQHandler
                0x0000000008002c78                I2C2_ER_IRQHandler
                0x0000000008002c78                DMA2_Stream1_IRQHandler
                0x0000000008002c78                FLASH_IRQHandler
                0x0000000008002c78                DMA2_Stream4_IRQHandler
                0x0000000008002c78                OTG_FS_IRQHandler
                0x0000000008002c78                SPI3_IRQHandler
                0x0000000008002c78                DMA1_Stream4_IRQHandler
                0x0000000008002c78                DMA2_Stream6_IRQHandler
                0x0000000008002c78                DMA1_Stream3_IRQHandler
 *fill*         0x0000000008002c7a        0x2 
 .text._evtBuzzerFinish
                0x0000000008002c7c        0xc ./Core/fc/source/buzzer.o
 .text.buzzerInit
                0x0000000008002c88       0x28 ./Core/fc/source/buzzer.o
                0x0000000008002c88                buzzerInit
 .text.buzzer   0x0000000008002cb0      0x140 ./Core/fc/source/buzzer.o
                0x0000000008002cb0                buzzer
 .text.buzzerUpdate
                0x0000000008002df0       0x20 ./Core/fc/source/buzzer.o
                0x0000000008002df0                buzzerUpdate
 .text.i2a      0x0000000008002e10       0x28 ./Core/fc/source/cli.o
 .text._atof    0x0000000008002e38      0x118 ./Core/fc/source/cli.o
 .text.cliVersion
                0x0000000008002f50       0x14 ./Core/fc/source/cli.o
 .text.cliMixer
                0x0000000008002f64       0xc8 ./Core/fc/source/cli.o
 .text.cliServoMix
                0x000000000800302c      0x35c ./Core/fc/source/cli.o
 .text.cliServo
                0x0000000008003388      0x174 ./Core/fc/source/cli.o
 .text.cliSave  0x00000000080034fc       0x34 ./Core/fc/source/cli.o
 .text.cliMap   0x0000000008003530       0xe0 ./Core/fc/source/cli.o
 .text.cliFeature
                0x0000000008003610       0xe8 ./Core/fc/source/cli.o
 .text.cliExit  0x00000000080036f8       0x2c ./Core/fc/source/cli.o
 .text.cliDefaults
                0x0000000008003724       0x30 ./Core/fc/source/cli.o
 .text.cliMotor
                0x0000000008003754       0x84 ./Core/fc/source/cli.o
 .text.cliAux   0x00000000080037d8       0x6c ./Core/fc/source/cli.o
 .text.cliGpsPassthrough
                0x0000000008003844       0x2c ./Core/fc/source/cli.o
 .text.cliProfile.part.0.isra.0
                0x0000000008003870       0x24 ./Core/fc/source/cli.o
 .text.cliProfile
                0x0000000008003894       0x24 ./Core/fc/source/cli.o
 .text.itoa     0x00000000080038b8       0x26 ./Core/fc/source/cli.o
                0x00000000080038b8                itoa
 *fill*         0x00000000080038de        0x2 
 .text.ftoa     0x00000000080038e0       0xc8 ./Core/fc/source/cli.o
 .text.cliPrintVar
                0x00000000080039a8       0xb4 ./Core/fc/source/cli.o
 .text.cliSet   0x0000000008003a5c      0x18c ./Core/fc/source/cli.o
 .text.cliDump  0x0000000008003be8      0x324 ./Core/fc/source/cli.o
 .text.cliCMix  0x0000000008003f0c      0x274 ./Core/fc/source/cli.o
 .text.cliInit  0x0000000008004180       0x44 ./Core/fc/source/cli.o
                0x0000000008004180                cliInit
 .text.cliStatusCallback
                0x00000000080041c4        0x2 ./Core/fc/source/cli.o
                0x00000000080041c4                cliStatusCallback
 *fill*         0x00000000080041c6        0x2 
 .text.cliStatus
                0x00000000080041c8      0x154 ./Core/fc/source/cli.o
 .text.validEEPROM
                0x000000000800431c       0x78 ./Core/fc/source/config.o
 .text.initEEPROM
                0x0000000008004394       0x10 ./Core/fc/source/config.o
                0x0000000008004394                initEEPROM
 .text.parseRcChannels
                0x00000000080043a4       0x38 ./Core/fc/source/config.o
                0x00000000080043a4                parseRcChannels
 .text.readEEPROM
                0x00000000080043dc       0x64 ./Core/fc/source/config.o
                0x00000000080043dc                readEEPROM
 .text.activateConfig
                0x0000000008004440       0xdc ./Core/fc/source/config.o
                0x0000000008004440                activateConfig
 .text.loadAndActivateConfig
                0x000000000800451c        0xe ./Core/fc/source/config.o
                0x000000000800451c                loadAndActivateConfig
 *fill*         0x000000000800452a        0x2 
 .text.writeEEPROM
                0x000000000800452c       0x9c ./Core/fc/source/config.o
                0x000000000800452c                writeEEPROM
 .text.checkFirstTime
                0x00000000080045c8      0x308 ./Core/fc/source/config.o
                0x00000000080045c8                checkFirstTime
 .text.sensors  0x00000000080048d0       0x14 ./Core/fc/source/config.o
                0x00000000080048d0                sensors
 .text.sensorsSet
                0x00000000080048e4       0x10 ./Core/fc/source/config.o
                0x00000000080048e4                sensorsSet
 .text.sensorsClear
                0x00000000080048f4       0x10 ./Core/fc/source/config.o
                0x00000000080048f4                sensorsClear
 .text.sensorsMask
                0x0000000008004904        0xc ./Core/fc/source/config.o
                0x0000000008004904                sensorsMask
 .text.feature  0x0000000008004910       0x14 ./Core/fc/source/config.o
                0x0000000008004910                feature
 .text.featureSet
                0x0000000008004924       0x10 ./Core/fc/source/config.o
                0x0000000008004924                featureSet
 .text.featureClear
                0x0000000008004934       0x10 ./Core/fc/source/config.o
                0x0000000008004934                featureClear
 .text.featureClearAll
                0x0000000008004944        0xc ./Core/fc/source/config.o
                0x0000000008004944                featureClearAll
 .text.featureMask
                0x0000000008004950        0xc ./Core/fc/source/config.o
                0x0000000008004950                featureMask
 .text.fw_nav_reset
                0x000000000800495c       0x48 ./Core/fc/source/fw_nav.o
                0x000000000800495c                fw_nav_reset
 .text.fw_FlyTo
                0x00000000080049a4       0xe4 ./Core/fc/source/fw_nav.o
                0x00000000080049a4                fw_FlyTo
 .text.fw_nav   0x0000000008004a88      0x5e0 ./Core/fc/source/fw_nav.o
                0x0000000008004a88                fw_nav
 .text.gpsSetState
                0x0000000008005068       0x1c ./Core/fc/source/gps.o
 *fill*         0x0000000008005084        0x4 
 .text._evtGpsNmeaReceive
                0x0000000008005088       0xd0 ./Core/fc/source/gps.o
 .text._evtGpsUbxReceive
                0x0000000008005158      0x104 ./Core/fc/source/gps.o
 .text._evtGpsTimeout
                0x000000000800525c       0x2c ./Core/fc/source/gps.o
 .text.GPS_calc_longitude_scaling
                0x0000000008005288       0x34 ./Core/fc/source/gps.o
 .text._EvtPrintFrame
                0x00000000080052bc       0x12 ./Core/fc/source/gps.o
 *fill*         0x00000000080052ce        0x2 
 .text.GPS_distance_cm_bearing.constprop.0.isra.0
                0x00000000080052d0       0x90 ./Core/fc/source/gps.o
 .text.gpsThread
                0x0000000008005360      0x29c ./Core/fc/source/gps.o
                0x0000000008005360                gpsThread
 .text.gpsPollSvinfo
                0x00000000080055fc       0x88 ./Core/fc/source/gps.o
                0x00000000080055fc                gpsPollSvinfo
 .text.GPS_reset_home_position
                0x0000000008005684       0x50 ./Core/fc/source/gps.o
                0x0000000008005684                GPS_reset_home_position
 .text.GPS_reset_nav
                0x00000000080056d4       0x5c ./Core/fc/source/gps.o
                0x00000000080056d4                GPS_reset_nav
 .text.gpsSetPIDs
                0x0000000008005730      0x110 ./Core/fc/source/gps.o
                0x0000000008005730                gpsSetPIDs
 .text.gpsInit  0x0000000008005840       0x84 ./Core/fc/source/gps.o
                0x0000000008005840                gpsInit
 .text.gpsSetPassthrough
                0x00000000080058c4       0x50 ./Core/fc/source/gps.o
                0x00000000080058c4                gpsSetPassthrough
 .text.GPS_set_next_wp
                0x0000000008005914       0x98 ./Core/fc/source/gps.o
                0x0000000008005914                GPS_set_next_wp
 .text.wrap_18000
                0x00000000080059ac       0x24 ./Core/fc/source/gps.o
                0x00000000080059ac                wrap_18000
 .text._evtGpsReceive
                0x00000000080059d0       0x88 ./Core/fc/source/gps.o
 .text.taskGpsNewData
                0x0000000008005a58      0x7f4 ./Core/fc/source/gps.o
                0x0000000008005a58                taskGpsNewData
 .text.ibusReadRawRC
                0x000000000800624c       0x18 ./Core/fc/source/ibus.o
 .text._evtIbusReceive
                0x0000000008006264       0x4c ./Core/fc/source/ibus.o
 .text.ibusInit
                0x00000000080062b0       0x84 ./Core/fc/source/ibus.o
                0x00000000080062b0                ibusInit
 *fill*         0x0000000008006334        0x4 
 .text.calculateHeading
                0x0000000008006338       0xe8 ./Core/fc/source/imu.o
 .text.imuInit  0x0000000008006420      0x108 ./Core/fc/source/imu.o
                0x0000000008006420                imuInit
 .text.normalizeV
                0x0000000008006528       0x52 ./Core/fc/source/imu.o
                0x0000000008006528                normalizeV
 .text.rotateV  0x000000000800657a       0xd4 ./Core/fc/source/imu.o
                0x000000000800657a                rotateV
 .text.applyDeadband
                0x000000000800664e       0x1e ./Core/fc/source/imu.o
                0x000000000800664e                applyDeadband
 *fill*         0x000000000800666c        0x4 
 .text.acc_calc
                0x0000000008006670      0x19c ./Core/fc/source/imu.o
                0x0000000008006670                acc_calc
 *fill*         0x000000000800680c        0x4 
 .text.computeIMU
                0x0000000008006810      0x3d4 ./Core/fc/source/imu.o
                0x0000000008006810                computeIMU
 .text.accSum_reset
                0x0000000008006be4       0x20 ./Core/fc/source/imu.o
                0x0000000008006be4                accSum_reset
 .text.taskGetEstimatedAltitude
                0x0000000008006c04      0x44c ./Core/fc/source/imu.o
                0x0000000008006c04                taskGetEstimatedAltitude
 .text.servoMiddle
                0x0000000008007050       0x28 ./Core/fc/source/mixer.o
                0x0000000008007050                servoMiddle
 .text.servoDirection
                0x0000000008007078       0x24 ./Core/fc/source/mixer.o
                0x0000000008007078                servoDirection
 .text.loadCustomServoMixer
                0x000000000800709c       0x50 ./Core/fc/source/mixer.o
                0x000000000800709c                loadCustomServoMixer
 .text.mixerResetMotors
                0x00000000080070ec       0x30 ./Core/fc/source/mixer.o
                0x00000000080070ec                mixerResetMotors
 .text.mixerInit
                0x000000000800711c      0x164 ./Core/fc/source/mixer.o
                0x000000000800711c                mixerInit
 .text.servoMixerLoadMix
                0x0000000008007280       0x64 ./Core/fc/source/mixer.o
                0x0000000008007280                servoMixerLoadMix
 .text.mixerLoadMix
                0x00000000080072e4       0x44 ./Core/fc/source/mixer.o
                0x00000000080072e4                mixerLoadMix
 .text.writeServos
                0x0000000008007328      0x100 ./Core/fc/source/mixer.o
                0x0000000008007328                writeServos
 .text.writeMotors
                0x0000000008007428       0x28 ./Core/fc/source/mixer.o
                0x0000000008007428                writeMotors
 .text.mixTable
                0x0000000008007450      0x570 ./Core/fc/source/mixer.o
                0x0000000008007450                mixTable
 .text.pidMultiWii
                0x00000000080079c0      0x268 ./Core/fc/source/mw.o
 .text.pidRewrite
                0x0000000008007c28      0x16c ./Core/fc/source/mw.o
 .text.mwDisarm
                0x0000000008007d94       0x24 ./Core/fc/source/mw.o
 .text.blinkLED
                0x0000000008007db8       0x46 ./Core/fc/source/mw.o
                0x0000000008007db8                blinkLED
 *fill*         0x0000000008007dfe        0x2 
 .text.mwArm    0x0000000008007e00       0x68 ./Core/fc/source/mw.o
 .text.annexCode
                0x0000000008007e68      0x2f4 ./Core/fc/source/mw.o
                0x0000000008007e68                annexCode
 .text.taskLedState
                0x000000000800815c      0x1e4 ./Core/fc/source/mw.o
                0x000000000800815c                taskLedState
 .text.pwmReadRawRC
                0x0000000008008340       0x10 ./Core/fc/source/mw.o
                0x0000000008008340                pwmReadRawRC
 .text.computeRC
                0x0000000008008350       0xc4 ./Core/fc/source/mw.o
                0x0000000008008350                computeRC
 .text.setPIDController
                0x0000000008008414       0x1c ./Core/fc/source/mw.o
                0x0000000008008414                setPIDController
 .text.taskComputeRc
                0x0000000008008430      0x7d0 ./Core/fc/source/mw.o
                0x0000000008008430                taskComputeRc
 .text.taskLoop
                0x0000000008008c00       0x38 ./Core/fc/source/mw.o
                0x0000000008008c00                taskLoop
 .text.taskComputeImu
                0x0000000008008c38      0x384 ./Core/fc/source/mw.o
                0x0000000008008c38                taskComputeImu
 .text.mspReadRawRC
                0x0000000008008fbc        0xc ./Core/fc/source/rxmsp.o
 .text.mspFrameRecieve
                0x0000000008008fc8       0x18 ./Core/fc/source/rxmsp.o
                0x0000000008008fc8                mspFrameRecieve
 .text.mspInit  0x0000000008008fe0        0xc ./Core/fc/source/rxmsp.o
                0x0000000008008fe0                mspInit
 .text.sbusReadRawRC
                0x0000000008008fec       0x18 ./Core/fc/source/sbus.o
 .text._evtSbusReceive
                0x0000000008009004       0x48 ./Core/fc/source/sbus.o
 .text.sbusInit
                0x000000000800904c       0x84 ./Core/fc/source/sbus.o
                0x000000000800904c                sbusInit
 .text.getSonarDistance
                0x00000000080090d0       0x38 ./Core/fc/source/sensors.o
 .text.evtBaroRead
                0x0000000008009108       0x7c ./Core/fc/source/sensors.o
 .text.getSonarDistanceFilter
                0x0000000008009184       0x50 ./Core/fc/source/sensors.o
 .text.sensorsAutodetect
                0x00000000080091d4      0x160 ./Core/fc/source/sensors.o
                0x00000000080091d4                sensorsAutodetect
 .text.RSSI_getValue
                0x0000000008009334       0x88 ./Core/fc/source/sensors.o
                0x0000000008009334                RSSI_getValue
 .text.batteryInit
                0x00000000080093bc       0x94 ./Core/fc/source/sensors.o
                0x00000000080093bc                batteryInit
 .text.ACC_getADC
                0x0000000008009450      0x220 ./Core/fc/source/sensors.o
                0x0000000008009450                ACC_getADC
 .text.Gyro_getADC
                0x0000000008009670      0x188 ./Core/fc/source/sensors.o
                0x0000000008009670                Gyro_getADC
 .text.Mag_init
                0x00000000080097f8       0x30 ./Core/fc/source/sensors.o
                0x00000000080097f8                Mag_init
 .text.taskMagGetAdc
                0x0000000008009828      0x194 ./Core/fc/source/sensors.o
                0x0000000008009828                taskMagGetAdc
 .text.Sonar_init
                0x00000000080099bc       0x68 ./Core/fc/source/sensors.o
                0x00000000080099bc                Sonar_init
 .text.evtMspReceive
                0x0000000008009a24     0x1068 ./Core/fc/source/serial.o
 .text.evtMspOtherPacket
                0x000000000800aa8c       0x30 ./Core/fc/source/serial.o
 .text.serialInit
                0x000000000800aabc      0x1ac ./Core/fc/source/serial.o
                0x000000000800aabc                serialInit
 .text.serialCom
                0x000000000800ac68       0x40 ./Core/fc/source/serial.o
                0x000000000800ac68                serialCom
 .text.spektrumReadRawRC
                0x000000000800aca8       0x2c ./Core/fc/source/spektrum.o
 .text._evtSpektrumReceive
                0x000000000800acd4       0x4c ./Core/fc/source/spektrum.o
 .text.spektrumInit
                0x000000000800ad20       0x94 ./Core/fc/source/spektrum.o
                0x000000000800ad20                spektrumInit
 .text.sumdReadRawRC
                0x000000000800adb4       0x18 ./Core/fc/source/sumd.o
 .text._evtSumdReceive
                0x000000000800adcc       0x48 ./Core/fc/source/sumd.o
 .text.sumdInit
                0x000000000800ae14       0x64 ./Core/fc/source/sumd.o
                0x000000000800ae14                sumdInit
 .text.pif_Init
                0x000000000800ae78       0x18 ./Core/pif/source/core/pif.o
                0x000000000800ae78                pif_Init
 .text.pif_sigTimer1ms
                0x000000000800ae90       0xc4 ./Core/pif/source/core/pif.o
                0x000000000800ae90                pif_sigTimer1ms
 .text.pif_Delay1ms
                0x000000000800af54       0x14 ./Core/pif/source/core/pif.o
                0x000000000800af54                pif_Delay1ms
 .text.pif_Delay1us
                0x000000000800af68       0x20 ./Core/pif/source/core/pif.o
                0x000000000800af68                pif_Delay1us
 .text.pif_BinToString
                0x000000000800af88       0x46 ./Core/pif/source/core/pif.o
                0x000000000800af88                pif_BinToString
 *fill*         0x000000000800afce        0x2 
 .text.pif_DecToString
                0x000000000800afd0       0x9c ./Core/pif/source/core/pif.o
                0x000000000800afd0                pif_DecToString
 .text.pif_HexToString
                0x000000000800b06c       0x64 ./Core/pif/source/core/pif.o
                0x000000000800b06c                pif_HexToString
 .text.pif_FloatToString
                0x000000000800b0d0       0xb4 ./Core/pif/source/core/pif.o
                0x000000000800b0d0                pif_FloatToString
 .text.pif_PrintFormat
                0x000000000800b184      0x190 ./Core/pif/source/core/pif.o
                0x000000000800b184                pif_PrintFormat
 .text.pif_Printf
                0x000000000800b314       0x1c ./Core/pif/source/core/pif.o
                0x000000000800b314                pif_Printf
 .text.pifCrc16_Add
                0x000000000800b330       0x24 ./Core/pif/source/core/pif.o
                0x000000000800b330                pifCrc16_Add
 .text.pifCrc16
                0x000000000800b354       0x18 ./Core/pif/source/core/pif.o
                0x000000000800b354                pifCrc16
 .text.pifCheckSum
                0x000000000800b36c       0x14 ./Core/pif/source/core/pif.o
                0x000000000800b36c                pifCheckSum
 .text.pifCheckXor
                0x000000000800b380       0x14 ./Core/pif/source/core/pif.o
                0x000000000800b380                pifCheckXor
 .text._actSendData
                0x000000000800b394       0x32 ./Core/pif/source/core/pif_comm.o
 .text._actReceiveData
                0x000000000800b3c6        0x6 ./Core/pif/source/core/pif_comm.o
 .text._sendData
                0x000000000800b3cc       0x40 ./Core/pif/source/core/pif_comm.o
 .text._doTask  0x000000000800b40c       0x2c ./Core/pif/source/core/pif_comm.o
 .text.pifComm_Init
                0x000000000800b438       0x30 ./Core/pif/source/core/pif_comm.o
                0x000000000800b438                pifComm_Init
 .text.pifComm_Clear
                0x000000000800b468       0x2e ./Core/pif/source/core/pif_comm.o
                0x000000000800b468                pifComm_Clear
 *fill*         0x000000000800b496        0x2 
 .text.pifComm_AllocRxBuffer
                0x000000000800b498       0x4c ./Core/pif/source/core/pif_comm.o
                0x000000000800b498                pifComm_AllocRxBuffer
 .text.pifComm_AllocTxBuffer
                0x000000000800b4e4       0x30 ./Core/pif/source/core/pif_comm.o
                0x000000000800b4e4                pifComm_AllocTxBuffer
 .text.pifComm_AttachClient
                0x000000000800b514        0x8 ./Core/pif/source/core/pif_comm.o
                0x000000000800b514                pifComm_AttachClient
 .text.pifComm_DetachClient
                0x000000000800b51c        0xa ./Core/pif/source/core/pif_comm.o
                0x000000000800b51c                pifComm_DetachClient
 .text.pifComm_PutRxByte
                0x000000000800b526       0x2a ./Core/pif/source/core/pif_comm.o
                0x000000000800b526                pifComm_PutRxByte
 .text.pifComm_StartGetTxData
                0x000000000800b550       0x3a ./Core/pif/source/core/pif_comm.o
                0x000000000800b550                pifComm_StartGetTxData
 .text.pifComm_EndGetTxData
                0x000000000800b58a       0x18 ./Core/pif/source/core/pif_comm.o
                0x000000000800b58a                pifComm_EndGetTxData
 .text.pifComm_FinishTransfer
                0x000000000800b5a2        0xc ./Core/pif/source/core/pif_comm.o
                0x000000000800b5a2                pifComm_FinishTransfer
 *fill*         0x000000000800b5ae        0x2 
 .text.pifComm_AttachTask
                0x000000000800b5b0       0x30 ./Core/pif/source/core/pif_comm.o
                0x000000000800b5b0                pifComm_AttachTask
 .text.pifI2cPort_Clear
                0x000000000800b5e0        0x8 ./Core/pif/source/core/pif_i2c.o
                0x000000000800b5e0                pifI2cPort_Clear
 .text.pifI2cPort_Init
                0x000000000800b5e8       0x58 ./Core/pif/source/core/pif_i2c.o
                0x000000000800b5e8                pifI2cPort_Init
 .text.pifI2cPort_AddDevice
                0x000000000800b640       0x28 ./Core/pif/source/core/pif_i2c.o
                0x000000000800b640                pifI2cPort_AddDevice
 .text.pifI2cPort_RemoveDevice
                0x000000000800b668        0xa ./Core/pif/source/core/pif_i2c.o
                0x000000000800b668                pifI2cPort_RemoveDevice
 *fill*         0x000000000800b672        0x2 
 .text.pifI2cPort_TemporaryDevice
                0x000000000800b674       0x14 ./Core/pif/source/core/pif_i2c.o
                0x000000000800b674                pifI2cPort_TemporaryDevice
 .text.pifI2cDevice_Read
                0x000000000800b688       0xa4 ./Core/pif/source/core/pif_i2c.o
                0x000000000800b688                pifI2cDevice_Read
 .text.pifI2cDevice_ReadRegByte
                0x000000000800b72c       0x12 ./Core/pif/source/core/pif_i2c.o
                0x000000000800b72c                pifI2cDevice_ReadRegByte
 .text.pifI2cDevice_ReadRegWord
                0x000000000800b73e       0x26 ./Core/pif/source/core/pif_i2c.o
                0x000000000800b73e                pifI2cDevice_ReadRegWord
 .text.pifI2cDevice_ReadRegBytes
                0x000000000800b764       0x12 ./Core/pif/source/core/pif_i2c.o
                0x000000000800b764                pifI2cDevice_ReadRegBytes
 .text.pifI2cDevice_ReadRegBit8
                0x000000000800b776       0x30 ./Core/pif/source/core/pif_i2c.o
                0x000000000800b776                pifI2cDevice_ReadRegBit8
 *fill*         0x000000000800b7a6        0x2 
 .text.pifI2cDevice_Write
                0x000000000800b7a8       0xa4 ./Core/pif/source/core/pif_i2c.o
                0x000000000800b7a8                pifI2cDevice_Write
 .text.pifI2cDevice_WriteRegByte
                0x000000000800b84c       0x18 ./Core/pif/source/core/pif_i2c.o
                0x000000000800b84c                pifI2cDevice_WriteRegByte
 .text.pifI2cDevice_WriteRegBit8
                0x000000000800b864       0x7c ./Core/pif/source/core/pif_i2c.o
                0x000000000800b864                pifI2cDevice_WriteRegBit8
 .text.pifI2cPort_sigEndTransfer
                0x000000000800b8e0       0x10 ./Core/pif/source/core/pif_i2c.o
                0x000000000800b8e0                pifI2cPort_sigEndTransfer
 .text.pifFixList_Clear
                0x000000000800b8f0       0x2e ./Core/pif/source/core/pif_list.o
                0x000000000800b8f0                pifFixList_Clear
 *fill*         0x000000000800b91e        0x2 
 .text.pifFixList_Init
                0x000000000800b920       0x78 ./Core/pif/source/core/pif_list.o
                0x000000000800b920                pifFixList_Init
 .text.pifFixList_AddFirst
                0x000000000800b998       0x2c ./Core/pif/source/core/pif_list.o
                0x000000000800b998                pifFixList_AddFirst
 .text.pifFixList_Remove
                0x000000000800b9c4       0x30 ./Core/pif/source/core/pif_list.o
                0x000000000800b9c4                pifFixList_Remove
 .text.pifFixList_Count
                0x000000000800b9f4        0x4 ./Core/pif/source/core/pif_list.o
                0x000000000800b9f4                pifFixList_Count
 .text.pifFixList_Begin
                0x000000000800b9f8        0x4 ./Core/pif/source/core/pif_list.o
                0x000000000800b9f8                pifFixList_Begin
 .text.pifFixList_Next
                0x000000000800b9fc        0x6 ./Core/pif/source/core/pif_list.o
                0x000000000800b9fc                pifFixList_Next
 *fill*         0x000000000800ba02        0x2 
 .text._printLog
                0x000000000800ba04       0x34 ./Core/pif/source/core/pif_log.o
 .text._printTime
                0x000000000800ba38       0x74 ./Core/pif/source/core/pif_log.o
 .text._evtSending
                0x000000000800baac       0x3e ./Core/pif/source/core/pif_log.o
 *fill*         0x000000000800baea        0x2 
 .text._evtParsing
                0x000000000800baec      0x208 ./Core/pif/source/core/pif_log.o
 .text._doTask  0x000000000800bcf4       0xfc ./Core/pif/source/core/pif_log.o
 .text.pifLog_CmdPrintTask
                0x000000000800bdf0        0xa ./Core/pif/source/core/pif_log.o
                0x000000000800bdf0                pifLog_CmdPrintTask
 *fill*         0x000000000800bdfa        0x2 
 .text.pifLog_Init
                0x000000000800bdfc       0x3c ./Core/pif/source/core/pif_log.o
                0x000000000800bdfc                pifLog_Init
 .text.pifLog_UseCommand
                0x000000000800be38       0x40 ./Core/pif/source/core/pif_log.o
                0x000000000800be38                pifLog_UseCommand
 .text.pifLog_Print
                0x000000000800be78       0x98 ./Core/pif/source/core/pif_log.o
                0x000000000800be78                pifLog_Print
 .text.pifLog_Printf
                0x000000000800bf10       0xac ./Core/pif/source/core/pif_log.o
                0x000000000800bf10                pifLog_Printf
 .text.pifLog_CmdHelp
                0x000000000800bfbc       0x50 ./Core/pif/source/core/pif_log.o
                0x000000000800bfbc                pifLog_CmdHelp
 .text.pifLog_CmdPrintVersion
                0x000000000800c00c       0x24 ./Core/pif/source/core/pif_log.o
                0x000000000800c00c                pifLog_CmdPrintVersion
 .text.pifLog_CmdSetStatus
                0x000000000800c030       0xe8 ./Core/pif/source/core/pif_log.o
                0x000000000800c030                pifLog_CmdSetStatus
 .text.pifLog_AttachComm
                0x000000000800c118       0x30 ./Core/pif/source/core/pif_log.o
                0x000000000800c118                pifLog_AttachComm
 .text.pifRingBuffer_Clear
                0x000000000800c148       0x18 ./Core/pif/source/core/pif_ring_buffer.o
                0x000000000800c148                pifRingBuffer_Clear
 .text.pifRingBuffer_Destroy.part.0
                0x000000000800c160       0x16 ./Core/pif/source/core/pif_ring_buffer.o
 .text.pifRingBuffer_Destroy
                0x000000000800c176        0x8 ./Core/pif/source/core/pif_ring_buffer.o
                0x000000000800c176                pifRingBuffer_Destroy
 *fill*         0x000000000800c17e        0x2 
 .text.pifRingBuffer_InitHeap
                0x000000000800c180       0x54 ./Core/pif/source/core/pif_ring_buffer.o
                0x000000000800c180                pifRingBuffer_InitHeap
 .text.pifRingBuffer_CreateHeap
                0x000000000800c1d4       0x3c ./Core/pif/source/core/pif_ring_buffer.o
                0x000000000800c1d4                pifRingBuffer_CreateHeap
 .text.pifRingBuffer_SetName
                0x000000000800c210        0x4 ./Core/pif/source/core/pif_ring_buffer.o
                0x000000000800c210                pifRingBuffer_SetName
 .text.pifRingBuffer_GetTailPointer
                0x000000000800c214       0x14 ./Core/pif/source/core/pif_ring_buffer.o
                0x000000000800c214                pifRingBuffer_GetTailPointer
 .text.pifRingBuffer_IsBuffer
                0x000000000800c228        0xa ./Core/pif/source/core/pif_ring_buffer.o
                0x000000000800c228                pifRingBuffer_IsBuffer
 .text.pifRingBuffer_IsEmpty
                0x000000000800c232        0xc ./Core/pif/source/core/pif_ring_buffer.o
                0x000000000800c232                pifRingBuffer_IsEmpty
 .text.pifRingBuffer_GetFillSize
                0x000000000800c23e       0x14 ./Core/pif/source/core/pif_ring_buffer.o
                0x000000000800c23e                pifRingBuffer_GetFillSize
 .text._chopOff
                0x000000000800c252       0x78 ./Core/pif/source/core/pif_ring_buffer.o
 .text.pifRingBuffer_GetLinerSize
                0x000000000800c2ca       0x20 ./Core/pif/source/core/pif_ring_buffer.o
                0x000000000800c2ca                pifRingBuffer_GetLinerSize
 .text.pifRingBuffer_GetRemainSize
                0x000000000800c2ea       0x16 ./Core/pif/source/core/pif_ring_buffer.o
                0x000000000800c2ea                pifRingBuffer_GetRemainSize
 .text.pifRingBuffer_BeginPutting
                0x000000000800c300       0x10 ./Core/pif/source/core/pif_ring_buffer.o
                0x000000000800c300                pifRingBuffer_BeginPutting
 .text.pifRingBuffer_CommitPutting
                0x000000000800c310        0x6 ./Core/pif/source/core/pif_ring_buffer.o
                0x000000000800c310                pifRingBuffer_CommitPutting
 .text.pifRingBuffer_RollbackPutting
                0x000000000800c316        0xa ./Core/pif/source/core/pif_ring_buffer.o
                0x000000000800c316                pifRingBuffer_RollbackPutting
 .text.pifRingBuffer_GetPointerPutting
                0x000000000800c320       0x14 ./Core/pif/source/core/pif_ring_buffer.o
                0x000000000800c320                pifRingBuffer_GetPointerPutting
 .text.pifRingBuffer_PutByte
                0x000000000800c334       0x3c ./Core/pif/source/core/pif_ring_buffer.o
                0x000000000800c334                pifRingBuffer_PutByte
 .text.pifRingBuffer_PutData
                0x000000000800c370       0x54 ./Core/pif/source/core/pif_ring_buffer.o
                0x000000000800c370                pifRingBuffer_PutData
 .text.pifRingBuffer_PutString
                0x000000000800c3c4       0x60 ./Core/pif/source/core/pif_ring_buffer.o
                0x000000000800c3c4                pifRingBuffer_PutString
 .text.pifRingBuffer_GetByte
                0x000000000800c424       0x28 ./Core/pif/source/core/pif_ring_buffer.o
                0x000000000800c424                pifRingBuffer_GetByte
 .text.pifRingBuffer_CopyToArray
                0x000000000800c44c       0x3a ./Core/pif/source/core/pif_ring_buffer.o
                0x000000000800c44c                pifRingBuffer_CopyToArray
 .text.pifRingBuffer_Remove
                0x000000000800c486       0x24 ./Core/pif/source/core/pif_ring_buffer.o
                0x000000000800c486                pifRingBuffer_Remove
 *fill*         0x000000000800c4aa        0x2 
 .text._resetTable
                0x000000000800c4ac       0x2c ./Core/pif/source/core/pif_task.o
 .text._processingAlways
                0x000000000800c4d8       0x20 ./Core/pif/source/core/pif_task.o
 .text._processingPeriodUs
                0x000000000800c4f8       0x24 ./Core/pif/source/core/pif_task.o
 .text._processingPeriodMs
                0x000000000800c51c       0x18 ./Core/pif/source/core/pif_task.o
 .text._checkParam
                0x000000000800c534       0x68 ./Core/pif/source/core/pif_task.o
 .text._setParam
                0x000000000800c59c      0x100 ./Core/pif/source/core/pif_task.o
 .text._processingTask
                0x000000000800c69c       0xac ./Core/pif/source/core/pif_task.o
 .text._checkLoopTime
                0x000000000800c748       0x58 ./Core/pif/source/core/pif_task.o
 .text._processingRatio
                0x000000000800c7a0       0x34 ./Core/pif/source/core/pif_task.o
 .text.pifTask_Init
                0x000000000800c7d4       0x14 ./Core/pif/source/core/pif_task.o
                0x000000000800c7d4                pifTask_Init
 .text.pifTask_ChangeMode
                0x000000000800c7e8       0x54 ./Core/pif/source/core/pif_task.o
                0x000000000800c7e8                pifTask_ChangeMode
 .text.pifTask_ChangePeriod
                0x000000000800c83c       0x24 ./Core/pif/source/core/pif_task.o
                0x000000000800c83c                pifTask_ChangePeriod
 .text.pifTask_SetTrigger
                0x000000000800c860       0x28 ./Core/pif/source/core/pif_task.o
                0x000000000800c860                pifTask_SetTrigger
 .text.pifTask_GetDeltaTime
                0x000000000800c888       0x3c ./Core/pif/source/core/pif_task.o
                0x000000000800c888                pifTask_GetDeltaTime
 .text.pifTaskManager_Init
                0x000000000800c8c4       0x34 ./Core/pif/source/core/pif_task.o
                0x000000000800c8c4                pifTaskManager_Init
 .text.pifTaskManager_Add
                0x000000000800c8f8       0x8c ./Core/pif/source/core/pif_task.o
                0x000000000800c8f8                pifTaskManager_Add
 .text.pifTaskManager_Remove
                0x000000000800c984       0x48 ./Core/pif/source/core/pif_task.o
                0x000000000800c984                pifTaskManager_Remove
 .text.pifTaskManager_Loop
                0x000000000800c9cc      0x18c ./Core/pif/source/core/pif_task.o
                0x000000000800c9cc                pifTaskManager_Loop
 .text.pifTaskManager_Yield
                0x000000000800cb58      0x1dc ./Core/pif/source/core/pif_task.o
                0x000000000800cb58                pifTaskManager_Yield
 .text.pifTaskManager_YieldMs
                0x000000000800cd34       0x24 ./Core/pif/source/core/pif_task.o
                0x000000000800cd34                pifTaskManager_YieldMs
 .text.pifTaskManager_Print
                0x000000000800cd58       0xe4 ./Core/pif/source/core/pif_task.o
                0x000000000800cd58                pifTaskManager_Print
 .text._doTask  0x000000000800ce3c       0x30 ./Core/pif/source/core/pif_timer.o
 .text.pifTimerManager_Clear
                0x000000000800ce6c       0x1e ./Core/pif/source/core/pif_timer.o
                0x000000000800ce6c                pifTimerManager_Clear
 *fill*         0x000000000800ce8a        0x2 
 .text.pifTimerManager_Init
                0x000000000800ce8c       0x74 ./Core/pif/source/core/pif_timer.o
                0x000000000800ce8c                pifTimerManager_Init
 .text.pifTimerManager_Add
                0x000000000800cf00       0x14 ./Core/pif/source/core/pif_timer.o
                0x000000000800cf00                pifTimerManager_Add
 .text.pifTimerManager_Remove
                0x000000000800cf14        0x6 ./Core/pif/source/core/pif_timer.o
                0x000000000800cf14                pifTimerManager_Remove
 .text.pifTimerManager_Count
                0x000000000800cf1a        0x6 ./Core/pif/source/core/pif_timer.o
                0x000000000800cf1a                pifTimerManager_Count
 .text.pifTimer_Start
                0x000000000800cf20       0x2c ./Core/pif/source/core/pif_timer.o
                0x000000000800cf20                pifTimer_Start
 .text.pifTimer_Stop
                0x000000000800cf4c       0x14 ./Core/pif/source/core/pif_timer.o
                0x000000000800cf4c                pifTimer_Stop
 .text.pifTimer_Reset
                0x000000000800cf60        0xa ./Core/pif/source/core/pif_timer.o
                0x000000000800cf60                pifTimer_Reset
 .text.pifTimerManager_sigTick
                0x000000000800cf6a       0xa6 ./Core/pif/source/core/pif_timer.o
                0x000000000800cf6a                pifTimerManager_sigTick
 .text.pifTimer_AttachEvtFinish
                0x000000000800d010        0x6 ./Core/pif/source/core/pif_timer.o
                0x000000000800d010                pifTimer_AttachEvtFinish
 *fill*         0x000000000800d016        0x2 
 .text.pifNoiseFilter_Init
                0x000000000800d018       0x1c ./Core/pif/source/filter/pif_noise_filter.o
                0x000000000800d018                pifNoiseFilter_Init
 .text.pifNoiseFilter_Process
                0x000000000800d034        0x4 ./Core/pif/source/filter/pif_noise_filter.o
                0x000000000800d034                pifNoiseFilter_Process
 .text._processAverage
                0x000000000800d038       0x38 ./Core/pif/source/filter/pif_noise_filter_int32.o
 .text._processNoiseCancel
                0x000000000800d070      0x104 ./Core/pif/source/filter/pif_noise_filter_int32.o
 .text._clear   0x000000000800d174       0x30 ./Core/pif/source/filter/pif_noise_filter_int32.o
 .text.pifNoiseFilterInt32_Init
                0x000000000800d1a4       0x50 ./Core/pif/source/filter/pif_noise_filter_int32.o
                0x000000000800d1a4                pifNoiseFilterInt32_Init
 .text.pifNoiseFilterInt32_SetNoiseCancel
                0x000000000800d1f4       0x4c ./Core/pif/source/filter/pif_noise_filter_int32.o
                0x000000000800d1f4                pifNoiseFilterInt32_SetNoiseCancel
 .text._evtTimerFinish
                0x000000000800d240       0x1a ./Core/pif/source/gps/pif_gps.o
 *fill*         0x000000000800d25a        0x6 
 .text._convertString2Degrees.constprop.0
                0x000000000800d260       0xc0 ./Core/pif/source/gps/pif_gps.o
 .text._convertString2Interger.constprop.0
                0x000000000800d320       0x3c ./Core/pif/source/gps/pif_gps.o
 .text._convertString2Float.constprop.0
                0x000000000800d35c       0xc4 ./Core/pif/source/gps/pif_gps.o
 .text._convertString2Time.constprop.0
                0x000000000800d420       0x74 ./Core/pif/source/gps/pif_gps.o
 .text.pifGps_Init
                0x000000000800d494       0x30 ./Core/pif/source/gps/pif_gps.o
                0x000000000800d494                pifGps_Init
 .text.pifGps_SetTimeout
                0x000000000800d4c4       0x4c ./Core/pif/source/gps/pif_gps.o
                0x000000000800d4c4                pifGps_SetTimeout
 .text.pifGps_SendEvent
                0x000000000800d510       0x26 ./Core/pif/source/gps/pif_gps.o
                0x000000000800d510                pifGps_SendEvent
 *fill*         0x000000000800d536        0x2 
 .text.pifGps_ParsingNmea
                0x000000000800d538      0x588 ./Core/pif/source/gps/pif_gps.o
                0x000000000800d538                pifGps_ParsingNmea
 .text._checksumUbx
                0x000000000800dac0       0x3a ./Core/pif/source/gps/pif_gps_ublox.o
 .text._evtSending
                0x000000000800dafa       0xa8 ./Core/pif/source/gps/pif_gps_ublox.o
                0x000000000800dafa                _evtSending
 *fill*         0x000000000800dba2        0x6 
 .text._evtParsing
                0x000000000800dba8      0x358 ./Core/pif/source/gps/pif_gps_ublox.o
 .text._makeNmeaPacket
                0x000000000800df00       0xb4 ./Core/pif/source/gps/pif_gps_ublox.o
 .text.pifGpsUblox_Init
                0x000000000800dfb4       0x58 ./Core/pif/source/gps/pif_gps_ublox.o
                0x000000000800dfb4                pifGpsUblox_Init
 .text.pifGpsUblox_AttachComm
                0x000000000800e00c       0x20 ./Core/pif/source/gps/pif_gps_ublox.o
                0x000000000800e00c                pifGpsUblox_AttachComm
 .text.pifGpsUblox_SetPubxConfig
                0x000000000800e02c       0x40 ./Core/pif/source/gps/pif_gps_ublox.o
                0x000000000800e02c                pifGpsUblox_SetPubxConfig
 .text.pifGpsUblox_SendUbxMsg
                0x000000000800e06c       0xe8 ./Core/pif/source/gps/pif_gps_ublox.o
                0x000000000800e06c                pifGpsUblox_SendUbxMsg
 .text._evtTimerRxTimeout
                0x000000000800e154       0x14 ./Core/pif/source/protocol/pif_msp.o
 .text._evtSending
                0x000000000800e168       0x96 ./Core/pif/source/protocol/pif_msp.o
 *fill*         0x000000000800e1fe        0x2 
 .text._evtParsing
                0x000000000800e200      0x124 ./Core/pif/source/protocol/pif_msp.o
 .text.pifMsp_Clear
                0x000000000800e324       0x26 ./Core/pif/source/protocol/pif_msp.o
                0x000000000800e324                pifMsp_Clear
 *fill*         0x000000000800e34a        0x2 
 .text.pifMsp_Init
                0x000000000800e34c       0x78 ./Core/pif/source/protocol/pif_msp.o
                0x000000000800e34c                pifMsp_Init
 .text.pifMsp_AttachComm
                0x000000000800e3c4       0x20 ./Core/pif/source/protocol/pif_msp.o
                0x000000000800e3c4                pifMsp_AttachComm
 .text.pifMsp_DetachComm
                0x000000000800e3e4       0x10 ./Core/pif/source/protocol/pif_msp.o
                0x000000000800e3e4                pifMsp_DetachComm
 .text.pifMsp_AttachEvtReceive
                0x000000000800e3f4        0x8 ./Core/pif/source/protocol/pif_msp.o
                0x000000000800e3f4                pifMsp_AttachEvtReceive
 .text.pifMsp_ReadData8
                0x000000000800e3fc        0xc ./Core/pif/source/protocol/pif_msp.o
                0x000000000800e3fc                pifMsp_ReadData8
 .text.pifMsp_ReadData16
                0x000000000800e408        0xc ./Core/pif/source/protocol/pif_msp.o
                0x000000000800e408                pifMsp_ReadData16
 .text.pifMsp_ReadData32
                0x000000000800e414        0xc ./Core/pif/source/protocol/pif_msp.o
                0x000000000800e414                pifMsp_ReadData32
 .text.pifMsp_MakeAnswer
                0x000000000800e420       0x68 ./Core/pif/source/protocol/pif_msp.o
                0x000000000800e420                pifMsp_MakeAnswer
 .text.pifMsp_AddAnswer8
                0x000000000800e488       0x54 ./Core/pif/source/protocol/pif_msp.o
                0x000000000800e488                pifMsp_AddAnswer8
 .text.pifMsp_AddAnswer16
                0x000000000800e4dc       0x5c ./Core/pif/source/protocol/pif_msp.o
                0x000000000800e4dc                pifMsp_AddAnswer16
 .text.pifMsp_AddAnswer32
                0x000000000800e538       0x58 ./Core/pif/source/protocol/pif_msp.o
                0x000000000800e538                pifMsp_AddAnswer32
 .text.pifMsp_AddAnswer
                0x000000000800e590       0x58 ./Core/pif/source/protocol/pif_msp.o
                0x000000000800e590                pifMsp_AddAnswer
 .text.pifMsp_MakeError
                0x000000000800e5e8       0x68 ./Core/pif/source/protocol/pif_msp.o
                0x000000000800e5e8                pifMsp_MakeError
 .text.pifMsp_SendAnswer
                0x000000000800e650       0x58 ./Core/pif/source/protocol/pif_msp.o
                0x000000000800e650                pifMsp_SendAnswer
 .text.pifRc_AttachEvtReceive
                0x000000000800e6a8        0x6 ./Core/pif/source/rc/pif_rc.o
                0x000000000800e6a8                pifRc_AttachEvtReceive
 *fill*         0x000000000800e6ae        0x2 
 .text.pifRc_CheckFailSafe
                0x000000000800e6b0       0x24 ./Core/pif/source/rc/pif_rc.o
                0x000000000800e6b0                pifRc_CheckFailSafe
 .text._evtParsing
                0x000000000800e6d4      0x1f8 ./Core/pif/source/rc/pif_rc_ibus.o
 .text.pifRcIbus_Init
                0x000000000800e8cc       0x34 ./Core/pif/source/rc/pif_rc_ibus.o
                0x000000000800e8cc                pifRcIbus_Init
 .text.pifRcIbus_AttachComm
                0x000000000800e900       0x1c ./Core/pif/source/rc/pif_rc_ibus.o
                0x000000000800e900                pifRcIbus_AttachComm
 .text.pifRcPpm_Init
                0x000000000800e91c       0x58 ./Core/pif/source/rc/pif_rc_ppm.o
                0x000000000800e91c                pifRcPpm_Init
 .text.pifRcPpm_SetValidRange
                0x000000000800e974        0xe ./Core/pif/source/rc/pif_rc_ppm.o
                0x000000000800e974                pifRcPpm_SetValidRange
 .text.pifRcPpm_sigTick
                0x000000000800e982       0xee ./Core/pif/source/rc/pif_rc_ppm.o
                0x000000000800e982                pifRcPpm_sigTick
 .text.pifRcPwm_Clear
                0x000000000800ea70       0x1e ./Core/pif/source/rc/pif_rc_pwm.o
                0x000000000800ea70                pifRcPwm_Clear
 *fill*         0x000000000800ea8e        0x2 
 .text.pifRcPwm_Init
                0x000000000800ea90       0x68 ./Core/pif/source/rc/pif_rc_pwm.o
                0x000000000800ea90                pifRcPwm_Init
 .text.pifRcPwm_SetValidRange
                0x000000000800eaf8        0xe ./Core/pif/source/rc/pif_rc_pwm.o
                0x000000000800eaf8                pifRcPwm_SetValidRange
 *fill*         0x000000000800eb06        0x2 
 .text._evtParsing
                0x000000000800eb08      0x22c ./Core/pif/source/rc/pif_rc_sbus.o
 .text.pifRcSbus_Init
                0x000000000800ed34       0x38 ./Core/pif/source/rc/pif_rc_sbus.o
                0x000000000800ed34                pifRcSbus_Init
 .text.pifRcSbus_AttachComm
                0x000000000800ed6c       0x1c ./Core/pif/source/rc/pif_rc_sbus.o
                0x000000000800ed6c                pifRcSbus_AttachComm
 .text._evtParsing
                0x000000000800ed88       0xf8 ./Core/pif/source/rc/pif_rc_spektrum.o
 .text.pifRcSpektrum_Init
                0x000000000800ee80       0x9c ./Core/pif/source/rc/pif_rc_spektrum.o
                0x000000000800ee80                pifRcSpektrum_Init
 .text.pifRcSpektrum_AttachComm
                0x000000000800ef1c       0x1c ./Core/pif/source/rc/pif_rc_spektrum.o
                0x000000000800ef1c                pifRcSpektrum_AttachComm
 .text._evtParsing
                0x000000000800ef38       0xfc ./Core/pif/source/rc/pif_rc_sumd.o
 .text.pifRcSumd_Init
                0x000000000800f034       0x3c ./Core/pif/source/rc/pif_rc_sumd.o
                0x000000000800f034                pifRcSumd_Init
 .text.pifRcSumd_AttachComm
                0x000000000800f070       0x1c ./Core/pif/source/rc/pif_rc_sumd.o
                0x000000000800f070                pifRcSumd_AttachComm
 .text.pifGy86_ReadMag
                0x000000000800f08c       0x9a ./Core/pif/source/sensor/pif_gy86.o
                0x000000000800f08c                pifGy86_ReadMag
 .text.pifGy86_Detect
                0x000000000800f126       0x10 ./Core/pif/source/sensor/pif_gy86.o
                0x000000000800f126                pifGy86_Detect
 .text.pifGy86_Clear
                0x000000000800f136       0x1c ./Core/pif/source/sensor/pif_gy86.o
                0x000000000800f136                pifGy86_Clear
 *fill*         0x000000000800f152        0x2 
 .text.pifGy86_Init
                0x000000000800f154      0x150 ./Core/pif/source/sensor/pif_gy86.o
                0x000000000800f154                pifGy86_Init
 .text.pifHcSr04_Init
                0x000000000800f2a4       0x70 ./Core/pif/source/sensor/pif_hc_sr04.o
                0x000000000800f2a4                pifHcSr04_Init
 .text.pifHcSr04_Trigger
                0x000000000800f314       0x1c ./Core/pif/source/sensor/pif_hc_sr04.o
                0x000000000800f314                pifHcSr04_Trigger
 .text._doTask  0x000000000800f330       0x26 ./Core/pif/source/sensor/pif_hc_sr04.o
 *fill*         0x000000000800f356        0x2 
 .text.pifHcSr04_StartTrigger
                0x000000000800f358       0x28 ./Core/pif/source/sensor/pif_hc_sr04.o
                0x000000000800f358                pifHcSr04_StartTrigger
 .text.pifHcSr04_SetTemperature
                0x000000000800f380       0x30 ./Core/pif/source/sensor/pif_hc_sr04.o
                0x000000000800f380                pifHcSr04_SetTemperature
 .text.pifHcSr04_sigReceiveEcho
                0x000000000800f3b0       0x5c ./Core/pif/source/sensor/pif_hc_sr04.o
                0x000000000800f3b0                pifHcSr04_sigReceiveEcho
 .text._changeGain
                0x000000000800f40c       0x54 ./Core/pif/source/sensor/pif_hmc5883.o
 .text.pifHmc5883_ReadMag
                0x000000000800f460       0xae ./Core/pif/source/sensor/pif_hmc5883.o
                0x000000000800f460                pifHmc5883_ReadMag
 .text.pifHmc5883_Detect
                0x000000000800f50e       0x26 ./Core/pif/source/sensor/pif_hmc5883.o
                0x000000000800f50e                pifHmc5883_Detect
 .text.pifHmc5883_Clear
                0x000000000800f534       0x14 ./Core/pif/source/sensor/pif_hmc5883.o
                0x000000000800f534                pifHmc5883_Clear
 .text.pifHmc5883_SetGain
                0x000000000800f548       0x22 ./Core/pif/source/sensor/pif_hmc5883.o
                0x000000000800f548                pifHmc5883_SetGain
 *fill*         0x000000000800f56a        0x2 
 .text.pifHmc5883_Init
                0x000000000800f56c      0x224 ./Core/pif/source/sensor/pif_hmc5883.o
                0x000000000800f56c                pifHmc5883_Init
 .text._alignSensors
                0x000000000800f790      0x13a ./Core/pif/source/sensor/pif_imu_sensor.o
 .text.pifImuSensor_Init
                0x000000000800f8ca       0x18 ./Core/pif/source/sensor/pif_imu_sensor.o
                0x000000000800f8ca                pifImuSensor_Init
 *fill*         0x000000000800f8e2        0x2 
 .text.pifImuSensor_InitBoardAlignment
                0x000000000800f8e4       0xfc ./Core/pif/source/sensor/pif_imu_sensor.o
                0x000000000800f8e4                pifImuSensor_InitBoardAlignment
 .text.pifImuSensor_SetGyroAlign
                0x000000000800f9e0        0x6 ./Core/pif/source/sensor/pif_imu_sensor.o
                0x000000000800f9e0                pifImuSensor_SetGyroAlign
 .text.pifImuSensor_ReadRawGyro
                0x000000000800f9e6       0x62 ./Core/pif/source/sensor/pif_imu_sensor.o
                0x000000000800f9e6                pifImuSensor_ReadRawGyro
 .text.pifImuSensor_SetAccelAlign
                0x000000000800fa48        0x6 ./Core/pif/source/sensor/pif_imu_sensor.o
                0x000000000800fa48                pifImuSensor_SetAccelAlign
 .text.pifImuSensor_ReadRawAccel
                0x000000000800fa4e       0x60 ./Core/pif/source/sensor/pif_imu_sensor.o
                0x000000000800fa4e                pifImuSensor_ReadRawAccel
 .text.pifImuSensor_SetMagAlign
                0x000000000800faae        0x8 ./Core/pif/source/sensor/pif_imu_sensor.o
                0x000000000800faae                pifImuSensor_SetMagAlign
 .text.pifImuSensor_ReadRawMag
                0x000000000800fab6       0x62 ./Core/pif/source/sensor/pif_imu_sensor.o
                0x000000000800fab6                pifImuSensor_ReadRawMag
 .text.pifMpu60x0_ReadGyro
                0x000000000800fb18       0x60 ./Core/pif/source/sensor/pif_mpu60x0.o
                0x000000000800fb18                pifMpu60x0_ReadGyro
 .text.pifMpu60x0_ReadAccel
                0x000000000800fb78       0x60 ./Core/pif/source/sensor/pif_mpu60x0.o
                0x000000000800fb78                pifMpu60x0_ReadAccel
 .text.pifMpu60x0_Detect
                0x000000000800fbd8       0x22 ./Core/pif/source/sensor/pif_mpu60x0.o
                0x000000000800fbd8                pifMpu60x0_Detect
 .text.pifMpu60x0_Clear
                0x000000000800fbfa       0x14 ./Core/pif/source/sensor/pif_mpu60x0.o
                0x000000000800fbfa                pifMpu60x0_Clear
 *fill*         0x000000000800fc0e        0x2 
 .text.pifMpu60x0_SetGyroConfig
                0x000000000800fc10       0x48 ./Core/pif/source/sensor/pif_mpu60x0.o
                0x000000000800fc10                pifMpu60x0_SetGyroConfig
 .text.pifMpu60x0_SetAccelConfig
                0x000000000800fc58       0x32 ./Core/pif/source/sensor/pif_mpu60x0.o
                0x000000000800fc58                pifMpu60x0_SetAccelConfig
 *fill*         0x000000000800fc8a        0x6 
 .text.pifMpu60x0_Init
                0x000000000800fc90      0x178 ./Core/pif/source/sensor/pif_mpu60x0.o
                0x000000000800fc90                pifMpu60x0_Init
 .text._calcurateBarometric
                0x000000000800fe08      0x180 ./Core/pif/source/sensor/pif_ms5611.o
 .text._doTask  0x000000000800ff88      0x104 ./Core/pif/source/sensor/pif_ms5611.o
 .text.pifMs5611_Clear
                0x000000000801008c       0x20 ./Core/pif/source/sensor/pif_ms5611.o
                0x000000000801008c                pifMs5611_Clear
 .text.pifMs5611_SetOverSamplingRate
                0x00000000080100ac       0x2a ./Core/pif/source/sensor/pif_ms5611.o
                0x00000000080100ac                pifMs5611_SetOverSamplingRate
 *fill*         0x00000000080100d6        0x2 
 .text.pifMs5611_AddTaskForReading
                0x00000000080100d8       0x34 ./Core/pif/source/sensor/pif_ms5611.o
                0x00000000080100d8                pifMs5611_AddTaskForReading
 .text.pifMs5611_Init
                0x000000000801010c      0x110 ./Core/pif/source/sensor/pif_ms5611.o
                0x000000000801010c                pifMs5611_Init
 .text._doTask  0x000000000801021c       0x8c ./Core/pif/source/sound/pif_buzzer.o
 .text.pifBuzzer_Init
                0x00000000080102a8       0x5c ./Core/pif/source/sound/pif_buzzer.o
                0x00000000080102a8                pifBuzzer_Init
 .text.pifBuzzer_Start
                0x0000000008010304       0x1a ./Core/pif/source/sound/pif_buzzer.o
                0x0000000008010304                pifBuzzer_Start
 .text.pifBuzzer_Stop
                0x000000000801031e        0x6 ./Core/pif/source/sound/pif_buzzer.o
                0x000000000801031e                pifBuzzer_Stop
 .text._actStorageI2c_Read_2
                0x0000000008010324       0x26 ./Core/pif/source/storage/pif_storage.o
 .text._actStorageI2c_Read_1
                0x000000000801034a       0x26 ./Core/pif/source/storage/pif_storage.o
 .text._actStorageI2c_Write_1
                0x0000000008010370       0x2a ./Core/pif/source/storage/pif_storage.o
 .text._actStorageI2c_Write_2
                0x000000000801039a       0x2a ./Core/pif/source/storage/pif_storage.o
 .text.pifStorage_DetachI2c
                0x00000000080103c4       0x1a ./Core/pif/source/storage/pif_storage.o
                0x00000000080103c4                pifStorage_DetachI2c
 *fill*         0x00000000080103de        0x2 
 .text.pifStorage_AttachI2c
                0x00000000080103e0       0x6c ./Core/pif/source/storage/pif_storage.o
                0x00000000080103e0                pifStorage_AttachI2c
 .text.pifStorage_IsFormat
                0x000000000801044c        0x4 ./Core/pif/source/storage/pif_storage.o
                0x000000000801044c                pifStorage_IsFormat
 .text.pifStorage_Format
                0x0000000008010450        0x4 ./Core/pif/source/storage/pif_storage.o
                0x0000000008010450                pifStorage_Format
 .text.pifStorage_Create
                0x0000000008010454        0x4 ./Core/pif/source/storage/pif_storage.o
                0x0000000008010454                pifStorage_Create
 .text.pifStorage_Open
                0x0000000008010458        0x4 ./Core/pif/source/storage/pif_storage.o
                0x0000000008010458                pifStorage_Open
 .text.pifStorage_Read
                0x000000000801045c        0xc ./Core/pif/source/storage/pif_storage.o
                0x000000000801045c                pifStorage_Read
 .text.pifStorage_Write
                0x0000000008010468        0xc ./Core/pif/source/storage/pif_storage.o
                0x0000000008010468                pifStorage_Write
 .text._getNewDataNode
                0x0000000008010474       0x28 ./Core/pif/source/storage/pif_storage_var.o
 .text._readData
                0x000000000801049c       0x3e ./Core/pif/source/storage/pif_storage_var.o
 .text._writeData
                0x00000000080104da       0x40 ./Core/pif/source/storage/pif_storage_var.o
 .text.pifStorageVar_IsFormat
                0x000000000801051a        0x6 ./Core/pif/source/storage/pif_storage_var.o
                0x000000000801051a                pifStorageVar_IsFormat
 .text.pifStorageVar_Format
                0x0000000008010520       0xdc ./Core/pif/source/storage/pif_storage_var.o
                0x0000000008010520                pifStorageVar_Format
 .text.pifStorageVar_Create
                0x00000000080105fc      0x16c ./Core/pif/source/storage/pif_storage_var.o
                0x00000000080105fc                pifStorageVar_Create
 .text.pifStorageVar_Delete
                0x0000000008010768       0xa8 ./Core/pif/source/storage/pif_storage_var.o
                0x0000000008010768                pifStorageVar_Delete
 .text.pifStorageVar_Open
                0x0000000008010810       0x54 ./Core/pif/source/storage/pif_storage_var.o
                0x0000000008010810                pifStorageVar_Open
 .text.pifStorageVar_Read
                0x0000000008010864       0x2c ./Core/pif/source/storage/pif_storage_var.o
                0x0000000008010864                pifStorageVar_Read
 .text.pifStorageVar_Write
                0x0000000008010890       0x28 ./Core/pif/source/storage/pif_storage_var.o
                0x0000000008010890                pifStorageVar_Write
 .text.pifStorageVar_Init
                0x00000000080108b8       0x68 ./Core/pif/source/storage/pif_storage_var.o
                0x00000000080108b8                pifStorageVar_Init
 .text.pifStorageVar_Clear
                0x0000000008010920       0x22 ./Core/pif/source/storage/pif_storage_var.o
                0x0000000008010920                pifStorageVar_Clear
 *fill*         0x0000000008010942        0x2 
 .text.pifStorageVar_SetMedia
                0x0000000008010944       0xf4 ./Core/pif/source/storage/pif_storage_var.o
                0x0000000008010944                pifStorageVar_SetMedia
 .text.pifStorageVar_AttachI2c
                0x0000000008010a38       0x10 ./Core/pif/source/storage/pif_storage_var.o
                0x0000000008010a38                pifStorageVar_AttachI2c
 .text.HAL_InitTick
                0x0000000008010a48       0x48 ./Drivers/STM32F4xx_HAL_Driver/Src/stm32f4xx_hal.o
                0x0000000008010a48                HAL_InitTick
 .text.HAL_Init
                0x0000000008010a90       0x34 ./Drivers/STM32F4xx_HAL_Driver/Src/stm32f4xx_hal.o
                0x0000000008010a90                HAL_Init
 .text.HAL_IncTick
                0x0000000008010ac4       0x18 ./Drivers/STM32F4xx_HAL_Driver/Src/stm32f4xx_hal.o
                0x0000000008010ac4                HAL_IncTick
 .text.HAL_GetTick
                0x0000000008010adc        0xc ./Drivers/STM32F4xx_HAL_Driver/Src/stm32f4xx_hal.o
                0x0000000008010adc                HAL_GetTick
 .text.HAL_ADC_Init
                0x0000000008010ae8      0x14c ./Drivers/STM32F4xx_HAL_Driver/Src/stm32f4xx_hal_adc.o
                0x0000000008010ae8                HAL_ADC_Init
 .text.HAL_ADC_Start_DMA
                0x0000000008010c34      0x12c ./Drivers/STM32F4xx_HAL_Driver/Src/stm32f4xx_hal_adc.o
                0x0000000008010c34                HAL_ADC_Start_DMA
 .text.HAL_ADC_ConvCpltCallback
                0x0000000008010d60        0x2 ./Drivers/STM32F4xx_HAL_Driver/Src/stm32f4xx_hal_adc.o
                0x0000000008010d60                HAL_ADC_ConvCpltCallback
 .text.HAL_ADC_ConvHalfCpltCallback
                0x0000000008010d62        0x2 ./Drivers/STM32F4xx_HAL_Driver/Src/stm32f4xx_hal_adc.o
                0x0000000008010d62                HAL_ADC_ConvHalfCpltCallback
 .text.ADC_DMAHalfConvCplt
                0x0000000008010d64        0xa ./Drivers/STM32F4xx_HAL_Driver/Src/stm32f4xx_hal_adc.o
 .text.HAL_ADC_ErrorCallback
                0x0000000008010d6e        0x2 ./Drivers/STM32F4xx_HAL_Driver/Src/stm32f4xx_hal_adc.o
                0x0000000008010d6e                HAL_ADC_ErrorCallback
 .text.ADC_DMAError
                0x0000000008010d70       0x16 ./Drivers/STM32F4xx_HAL_Driver/Src/stm32f4xx_hal_adc.o
 .text.ADC_DMAConvCplt
                0x0000000008010d86       0x6c ./Drivers/STM32F4xx_HAL_Driver/Src/stm32f4xx_hal_adc.o
 *fill*         0x0000000008010df2        0x2 
 .text.HAL_ADC_ConfigChannel
                0x0000000008010df4      0x138 ./Drivers/STM32F4xx_HAL_Driver/Src/stm32f4xx_hal_adc.o
                0x0000000008010df4                HAL_ADC_ConfigChannel
 .text.HAL_NVIC_SetPriorityGrouping
                0x0000000008010f2c       0x24 ./Drivers/STM32F4xx_HAL_Driver/Src/stm32f4xx_hal_cortex.o
                0x0000000008010f2c                HAL_NVIC_SetPriorityGrouping
 .text.HAL_NVIC_SetPriority
                0x0000000008010f50       0x64 ./Drivers/STM32F4xx_HAL_Driver/Src/stm32f4xx_hal_cortex.o
                0x0000000008010f50                HAL_NVIC_SetPriority
 .text.HAL_NVIC_EnableIRQ
                0x0000000008010fb4       0x1c ./Drivers/STM32F4xx_HAL_Driver/Src/stm32f4xx_hal_cortex.o
                0x0000000008010fb4                HAL_NVIC_EnableIRQ
 .text.HAL_NVIC_DisableIRQ
                0x0000000008010fd0       0x28 ./Drivers/STM32F4xx_HAL_Driver/Src/stm32f4xx_hal_cortex.o
                0x0000000008010fd0                HAL_NVIC_DisableIRQ
 .text.HAL_SYSTICK_Config
                0x0000000008010ff8       0x28 ./Drivers/STM32F4xx_HAL_Driver/Src/stm32f4xx_hal_cortex.o
                0x0000000008010ff8                HAL_SYSTICK_Config
 .text.DMA_CalcBaseAndBitshift
                0x0000000008011020       0x2c ./Drivers/STM32F4xx_HAL_Driver/Src/stm32f4xx_hal_dma.o
 .text.HAL_DMA_Init
                0x000000000801104c      0x100 ./Drivers/STM32F4xx_HAL_Driver/Src/stm32f4xx_hal_dma.o
                0x000000000801104c                HAL_DMA_Init
 .text.HAL_DMA_Start_IT
                0x000000000801114c       0x74 ./Drivers/STM32F4xx_HAL_Driver/Src/stm32f4xx_hal_dma.o
                0x000000000801114c                HAL_DMA_Start_IT
 .text.HAL_DMA_Abort
                0x00000000080111c0       0x88 ./Drivers/STM32F4xx_HAL_Driver/Src/stm32f4xx_hal_dma.o
                0x00000000080111c0                HAL_DMA_Abort
 .text.HAL_DMA_Abort_IT
                0x0000000008011248       0x24 ./Drivers/STM32F4xx_HAL_Driver/Src/stm32f4xx_hal_dma.o
                0x0000000008011248                HAL_DMA_Abort_IT
 .text.HAL_DMA_IRQHandler
                0x000000000801126c      0x17c ./Drivers/STM32F4xx_HAL_Driver/Src/stm32f4xx_hal_dma.o
                0x000000000801126c                HAL_DMA_IRQHandler
 .text.HAL_DMA_GetState