Archive member included because of file (symbol)

/usr/lib/gcc/arm-none-eabi/4.8.2/../../../arm-none-eabi/lib/armv7-m/libc.a(lib_a-atoi.o)
                              obj/NAZE/cli.o (symbol from plugin) (atoi)
/usr/lib/gcc/arm-none-eabi/4.8.2/../../../arm-none-eabi/lib/armv7-m/libc.a(lib_a-ctype_.o)
                              obj/NAZE/cli.o (symbol from plugin) (__ctype_ptr__)
/usr/lib/gcc/arm-none-eabi/4.8.2/../../../arm-none-eabi/lib/armv7-m/libc.a(lib_a-strtol.o)
                              /usr/lib/gcc/arm-none-eabi/4.8.2/../../../arm-none-eabi/lib/armv7-m/libc.a(lib_a-atoi.o) (_strtol_r)
/usr/lib/gcc/arm-none-eabi/4.8.2/../../../arm-none-eabi/lib/armv7-m/libc.a(lib_a-impure.o)
                              /usr/lib/gcc/arm-none-eabi/4.8.2/../../../arm-none-eabi/lib/armv7-m/libc.a(lib_a-strtol.o) (_impure_ptr)
/usr/lib/gcc/arm-none-eabi/4.8.2/../../../arm-none-eabi/lib/armv7-m/libm.a(lib_a-s_cos.o)
                              /tmp/ccx6gYxX.ltrans19.ltrans.o (cos)
/usr/lib/gcc/arm-none-eabi/4.8.2/../../../arm-none-eabi/lib/armv7-m/libm.a(lib_a-s_sin.o)
                              /tmp/ccx6gYxX.ltrans19.ltrans.o (sin)
/usr/lib/gcc/arm-none-eabi/4.8.2/../../../arm-none-eabi/lib/armv7-m/libm.a(lib_a-sf_cos.o)
                              /tmp/ccx6gYxX.ltrans0.ltrans.o (cosf)
/usr/lib/gcc/arm-none-eabi/4.8.2/../../../arm-none-eabi/lib/armv7-m/libm.a(lib_a-sf_lrint.o)
                              /tmp/ccx6gYxX.ltrans0.ltrans.o (lrintf)
/usr/lib/gcc/arm-none-eabi/4.8.2/../../../arm-none-eabi/lib/armv7-m/libm.a(lib_a-sf_sin.o)
                              /tmp/ccx6gYxX.ltrans0.ltrans.o (sinf)
/usr/lib/gcc/arm-none-eabi/4.8.2/../../../arm-none-eabi/lib/armv7-m/libm.a(lib_a-wf_acos.o)
                              /tmp/ccx6gYxX.ltrans1.ltrans.o (acosf)
/usr/lib/gcc/arm-none-eabi/4.8.2/../../../arm-none-eabi/lib/armv7-m/libm.a(lib_a-wf_atan2.o)
                              /tmp/ccx6gYxX.ltrans1.ltrans.o (atan2f)
/usr/lib/gcc/arm-none-eabi/4.8.2/../../../arm-none-eabi/lib/armv7-m/libm.a(lib_a-wf_pow.o)
                              /tmp/ccx6gYxX.ltrans13.ltrans.o (powf)
/usr/lib/gcc/arm-none-eabi/4.8.2/../../../arm-none-eabi/lib/armv7-m/libm.a(lib_a-wf_sqrt.o)
                              /tmp/ccx6gYxX.ltrans1.ltrans.o (sqrtf)
/usr/lib/gcc/arm-none-eabi/4.8.2/../../../arm-none-eabi/lib/armv7-m/libm.a(lib_a-e_rem_pio2.o)
                              /usr/lib/gcc/arm-none-eabi/4.8.2/../../../arm-none-eabi/lib/armv7-m/libm.a(lib_a-s_cos.o) (__ieee754_rem_pio2)
/usr/lib/gcc/arm-none-eabi/4.8.2/../../../arm-none-eabi/lib/armv7-m/libm.a(lib_a-ef_acos.o)
                              /usr/lib/gcc/arm-none-eabi/4.8.2/../../../arm-none-eabi/lib/armv7-m/libm.a(lib_a-wf_acos.o) (__ieee754_acosf)
/usr/lib/gcc/arm-none-eabi/4.8.2/../../../arm-none-eabi/lib/armv7-m/libm.a(lib_a-ef_atan2.o)
                              /usr/lib/gcc/arm-none-eabi/4.8.2/../../../arm-none-eabi/lib/armv7-m/libm.a(lib_a-wf_atan2.o) (__ieee754_atan2f)
/usr/lib/gcc/arm-none-eabi/4.8.2/../../../arm-none-eabi/lib/armv7-m/libm.a(lib_a-ef_pow.o)
                              /usr/lib/gcc/arm-none-eabi/4.8.2/../../../arm-none-eabi/lib/armv7-m/libm.a(lib_a-wf_pow.o) (__ieee754_powf)
/usr/lib/gcc/arm-none-eabi/4.8.2/../../../arm-none-eabi/lib/armv7-m/libm.a(lib_a-ef_rem_pio2.o)
                              /usr/lib/gcc/arm-none-eabi/4.8.2/../../../arm-none-eabi/lib/armv7-m/libm.a(lib_a-sf_cos.o) (__ieee754_rem_pio2f)
/usr/lib/gcc/arm-none-eabi/4.8.2/../../../arm-none-eabi/lib/armv7-m/libm.a(lib_a-ef_sqrt.o)
                              /usr/lib/gcc/arm-none-eabi/4.8.2/../../../arm-none-eabi/lib/armv7-m/libm.a(lib_a-wf_sqrt.o) (__ieee754_sqrtf)
/usr/lib/gcc/arm-none-eabi/4.8.2/../../../arm-none-eabi/lib/armv7-m/libm.a(lib_a-k_cos.o)
                              /usr/lib/gcc/arm-none-eabi/4.8.2/../../../arm-none-eabi/lib/armv7-m/libm.a(lib_a-s_cos.o) (__kernel_cos)
/usr/lib/gcc/arm-none-eabi/4.8.2/../../../arm-none-eabi/lib/armv7-m/libm.a(lib_a-k_rem_pio2.o)
                              /usr/lib/gcc/arm-none-eabi/4.8.2/../../../arm-none-eabi/lib/armv7-m/libm.a(lib_a-e_rem_pio2.o) (__kernel_rem_pio2)
/usr/lib/gcc/arm-none-eabi/4.8.2/../../../arm-none-eabi/lib/armv7-m/libm.a(lib_a-k_sin.o)
                              /usr/lib/gcc/arm-none-eabi/4.8.2/../../../arm-none-eabi/lib/armv7-m/libm.a(lib_a-s_cos.o) (__kernel_sin)
/usr/lib/gcc/arm-none-eabi/4.8.2/../../../arm-none-eabi/lib/armv7-m/libm.a(lib_a-kf_cos.o)
                              /usr/lib/gcc/arm-none-eabi/4.8.2/../../../arm-none-eabi/lib/armv7-m/libm.a(lib_a-sf_cos.o) (__kernel_cosf)
/usr/lib/gcc/arm-none-eabi/4.8.2/../../../arm-none-eabi/lib/armv7-m/libm.a(lib_a-kf_rem_pio2.o)
                              /usr/lib/gcc/arm-none-eabi/4.8.2/../../../arm-none-eabi/lib/armv7-m/libm.a(lib_a-ef_rem_pio2.o) (__kernel_rem_pio2f)
/usr/lib/gcc/arm-none-eabi/4.8.2/../../../arm-none-eabi/lib/armv7-m/libm.a(lib_a-kf_sin.o)
[...]
Memory Configuration

Name             Origin             Length             Attributes
FLASH            0x0000000008000000 0x000000000001f800 xr
RAM              0x0000000020000000 0x0000000000005000 xrw
MEMORY_B1        0x0000000060000000 0x0000000000000000 xr
*default*        0x0000000000000000 0xffffffffffffffff

Linker script and memory map

LOAD obj/NAZE/drv_adc.o
LOAD /tmp/ccx6gYxX.ltrans0.ltrans.o
LOAD /tmp/ccx6gYxX.ltrans1.ltrans.o
LOAD /tmp/ccx6gYxX.ltrans2.ltrans.o
LOAD /tmp/ccx6gYxX.ltrans3.ltrans.o
LOAD /tmp/ccx6gYxX.ltrans4.ltrans.o
LOAD /tmp/ccx6gYxX.ltrans5.ltrans.o
LOAD /tmp/ccx6gYxX.ltrans6.ltrans.o
LOAD /tmp/ccx6gYxX.ltrans7.ltrans.o
LOAD /tmp/ccx6gYxX.ltrans8.ltrans.o
LOAD /tmp/ccx6gYxX.ltrans9.ltrans.o
LOAD /tmp/ccx6gYxX.ltrans10.ltrans.o
LOAD /tmp/ccx6gYxX.ltrans11.ltrans.o
LOAD /tmp/ccx6gYxX.ltrans12.ltrans.o
LOAD /tmp/ccx6gYxX.ltrans13.ltrans.o
LOAD /tmp/ccx6gYxX.ltrans14.ltrans.o
LOAD /tmp/ccx6gYxX.ltrans15.ltrans.o
LOAD /tmp/ccx6gYxX.ltrans16.ltrans.o
LOAD /tmp/ccx6gYxX.ltrans17.ltrans.o
LOAD /tmp/ccx6gYxX.ltrans18.ltrans.o
LOAD /tmp/ccx6gYxX.ltrans19.ltrans.o
LOAD /tmp/ccx6gYxX.ltrans20.ltrans.o
LOAD /tmp/ccx6gYxX.ltrans21.ltrans.o
LOAD /tmp/ccx6gYxX.ltrans22.ltrans.o
LOAD /tmp/ccx6gYxX.ltrans23.ltrans.o
LOAD /tmp/ccx6gYxX.ltrans24.ltrans.o
LOAD /tmp/ccx6gYxX.ltrans25.ltrans.o
LOAD /tmp/ccx6gYxX.ltrans26.ltrans.o
LOAD /tmp/ccx6gYxX.ltrans27.ltrans.o
LOAD obj/NAZE/drv_adxl345.o
LOAD obj/NAZE/drv_ak8975.o
LOAD obj/NAZE/drv_bma280.o
LOAD obj/NAZE/drv_bmp280.o
LOAD obj/NAZE/drv_hcsr04.o
LOAD obj/NAZE/drv_hmc5883l.o
LOAD obj/NAZE/drv_qmc5883.o
LOAD obj/NAZE/drv_ledring.o
LOAD obj/NAZE/drv_mma845x.o
LOAD obj/NAZE/drv_mpu.o
LOAD obj/NAZE/drv_l3g4200d.o
LOAD obj/NAZE/drv_pwm.o
LOAD obj/NAZE/drv_spi.o
LOAD obj/NAZE/drv_timer.o
LOAD obj/NAZE/gps.o
LOAD obj/NAZE/drv_softserial.o
LOAD obj/NAZE/telemetry_common.o
LOAD obj/NAZE/telemetry_frsky.o
LOAD obj/NAZE/telemetry_hott.o
LOAD obj/NAZE/buzzer.o
LOAD obj/NAZE/cli.o
LOAD obj/NAZE/config.o
LOAD obj/NAZE/imu.o
LOAD obj/NAZE/main.o
LOAD obj/NAZE/mixer.o
LOAD obj/NAZE/mw.o
LOAD obj/NAZE/link_driver.o
LOAD obj/NAZE/sensors.o
LOAD obj/NAZE/serial.o
LOAD obj/NAZE/rxmsp.o
LOAD obj/NAZE/drv_gpio.o
LOAD obj/NAZE/drv_i2c.o
LOAD obj/NAZE/drv_i2c_soft.o
LOAD obj/NAZE/drv_system.o
LOAD obj/NAZE/drv_serial.o
LOAD obj/NAZE/drv_spektrum.o
LOAD obj/NAZE/drv_uart.o
LOAD obj/NAZE/printf.o
LOAD obj/NAZE/utils.o
LOAD obj/NAZE/fw_nav.o
LOAD obj/NAZE/ibus.o
LOAD obj/NAZE/sbus.o
LOAD obj/NAZE/sumd.o
LOAD obj/NAZE/spektrum.o
LOAD obj/NAZE/pif.o
LOAD obj/NAZE/pif_comm.o
LOAD obj/NAZE/pif_i2c.o
LOAD obj/NAZE/pif_list.o
LOAD obj/NAZE/pif_log.o
LOAD obj/NAZE/pif_ring_buffer.o
LOAD obj/NAZE/pif_task.o
LOAD obj/NAZE/pif_timer.o
LOAD obj/NAZE/pif_noise_filter.o
LOAD obj/NAZE/pif_noise_filter_int32.o
LOAD obj/NAZE/pif_gps.o
LOAD obj/NAZE/pif_gps_ublox.o
LOAD obj/NAZE/pif_msp.o
LOAD obj/NAZE/pif_rc.o
LOAD obj/NAZE/pif_rc_ibus.o
LOAD obj/NAZE/pif_rc_ppm.o
LOAD obj/NAZE/pif_rc_pwm.o
LOAD obj/NAZE/pif_rc_sbus.o
LOAD obj/NAZE/pif_rc_spektrum.o
LOAD obj/NAZE/pif_rc_sumd.o
LOAD obj/NAZE/pif_bmp280.o
LOAD obj/NAZE/pif_hc_sr04.o
LOAD obj/NAZE/pif_hmc5883.o
LOAD obj/NAZE/pif_qmc5883.o
LOAD obj/NAZE/pif_imu_sensor.o
LOAD obj/NAZE/pif_mpu30x0.o
LOAD obj/NAZE/pif_mpu60x0.o
LOAD obj/NAZE/pif_mpu6500.o
LOAD obj/NAZE/pif_buzzer.o
LOAD obj/NAZE/pif_storage.o
LOAD obj/NAZE/pif_storage_var.o
LOAD obj/NAZE/startup_stm32f10x_md_gcc.o
LOAD obj/NAZE/core_cm3.o
LOAD obj/NAZE/system_stm32f10x.o
LOAD obj/NAZE/misc.o
LOAD obj/NAZE/stm32f10x_adc.o
LOAD obj/NAZE/stm32f10x_bkp.o
LOAD obj/NAZE/stm32f10x_can.o
LOAD obj/NAZE/stm32f10x_cec.o
LOAD obj/NAZE/stm32f10x_crc.o
LOAD obj/NAZE/stm32f10x_dac.o
LOAD obj/NAZE/stm32f10x_dbgmcu.o
LOAD obj/NAZE/stm32f10x_dma.o
LOAD obj/NAZE/stm32f10x_exti.o
LOAD obj/NAZE/stm32f10x_flash.o
LOAD obj/NAZE/stm32f10x_fsmc.o
LOAD obj/NAZE/stm32f10x_gpio.o
LOAD obj/NAZE/stm32f10x_i2c.o
LOAD obj/NAZE/stm32f10x_iwdg.o
LOAD obj/NAZE/stm32f10x_pwr.o
LOAD obj/NAZE/stm32f10x_rcc.o
LOAD obj/NAZE/stm32f10x_rtc.o
LOAD obj/NAZE/stm32f10x_sdio.o
LOAD obj/NAZE/stm32f10x_spi.o
LOAD obj/NAZE/stm32f10x_tim.o
LOAD obj/NAZE/stm32f10x_usart.o
LOAD obj/NAZE/stm32f10x_wwdg.o
LOAD /usr/lib/gcc/arm-none-eabi/4.8.2/../../../arm-none-eabi/lib/armv7-m/libm.a
LOAD /usr/lib/gcc/arm-none-eabi/4.8.2/../../../arm-none-eabi/lib/armv7-m/libc.a
LOAD /usr/lib/gcc/arm-none-eabi/4.8.2/../../../arm-none-eabi/lib/armv7-m/libnosys.a
START GROUP
LOAD /usr/lib/gcc/arm-none-eabi/4.8.2/armv7-m/libgcc.a
LOAD /usr/lib/gcc/arm-none-eabi/4.8.2/../../../arm-none-eabi/lib/armv7-m/libc.a
END GROUP
                0x0000000020005000                _estack = 0x20005000
                0x0000000000000000                _Min_Heap_Size = 0x0
                0x0000000000000400                _Min_Stack_Size = 0x400

.isr_vector     0x0000000008000000      0x10c
                0x0000000008000000                . = ALIGN (0x4)
 *(.isr_vector)
 .isr_vector    0x0000000008000000      0x10c obj/NAZE/startup_stm32f10x_md_gcc.o
                0x0000000008000000                g_pfnVectors
                0x000000000800010c                . = ALIGN (0x4)

.text           0x0000000008000110    0x1b030
                0x0000000008000110                . = ALIGN (0x4)
 *(.text)
 .text          0x0000000008000110     0x1db0 /tmp/ccx6gYxX.ltrans1.ltrans.o
                0x0000000008000110                taskComputeImu
 .text          0x0000000008001ec0     0x1590 /tmp/ccx6gYxX.ltrans2.ltrans.o
                0x0000000008001ec0                _doTask.16019
                0x0000000008001fd2                spektrumReadRawRC.15553
                0x0000000008001ffc                sumdReadRawRC.15230
                0x0000000008002014                sbusReadRawRC.14912
                0x000000000800202c                ibusReadRawRC.14596
                0x0000000008002044                micros
                0x0000000008002078                beepRev5.13425
                0x000000000800208c                beepRev4.13422
                0x00000000080020a0                mspReadRawRC.13002
                0x00000000080020ac                getSonarDistanceFilter.12057
                0x00000000080020fc                getSonarDistance.12054
                0x0000000008002130                pwmReadRawRC
                0x0000000008002148                _evtBuzzerFinish.8834
                0x0000000008002154                softSerialWriteByte
                0x0000000008002172                softSerialTotalBytesWaiting
                0x0000000008002196                softSerialReadByte
                0x00000000080021c6                isSoftSerialTransmitBufferEmpty
                0x00000000080021d2                softSerialSetMode
                0x00000000080021d6                _evtGpsUbxReceive.6877
                0x00000000080022dc                _evtGpsNmeaReceive.6867
                0x00000000080023b0                pwmWriteSyncPwm.5993
                0x00000000080023e0                pwmWriteStandard.5989
                0x00000000080023f0                pwmWriteBrushed.5985
                0x0000000008002414                dummyRead.5526
                0x0000000008002418                dummyInit.5522
                0x000000000800241c                _actHcSr04Trigger.4727
                0x0000000008002440                actStorageRead
                0x0000000008002456                pifRingBuffer_BeginPutting
                0x0000000008002466                pifRingBuffer_GetRemainSize
                0x000000000800247c                serialTotalBytesWaiting
                0x0000000008002492                pifRingBuffer_GetFillSize
                0x00000000080024a4                _chopOff.16856
                0x0000000008002524                pifRingBuffer_PutByte
                0x0000000008002560                pifFixList_AddFirst
                0x000000000800258e                pifFixList_Remove
                0x00000000080025be                pifI2cPort_RemoveDevice
                0x00000000080025c6                pifCrc16
                0x0000000008002606                pif_DecToString
                0x0000000008002692                pif_PrintFormat
                0x00000000080028a8                pif_Printf
                0x00000000080028c6                pif_Delay1us
                0x00000000080028e4                pif_Delay1ms
                0x00000000080028f8                alignSensors
                0x0000000008002a30                serialSetMode
                0x0000000008002a3c                serialSetBaudRate
                0x0000000008002a52                actLed1Toggle
                0x0000000008002a64                actLed0Toggle
                0x0000000008002a74                systemBeep
                0x0000000008002a84                actBuzzerAction
                0x0000000008002a8e                gpioInit
                0x0000000008002b00                loadCustomServoMixer
                0x0000000008002b4c                writeMotors
                0x0000000008002b88                rotateV
                0x0000000008002cf8                calculateHeading.9814
                0x0000000008002df0                applyDeadband
                0x0000000008002e0e                parseRcChannels
                0x0000000008002e40                validEEPROM.9701
                0x0000000008002eb4                sensorsSet
                0x0000000008002ec4                _atof.9147
                0x0000000008002ff0                i2a.9142
                0x0000000008003018                applyChangedBits
                0x0000000008003042                setTxSignal
                0x0000000008003062                GPS_distance_cm_bearing.isra.3.6921
                0x00000000080030e8                GPS_calc_longitude_scaling.6896
                0x0000000008003124                GPS_reset_home_position
                0x0000000008003174                wrap_18000
                0x0000000008003198                gpsSetPIDs
                0x0000000008003278                activateConfig
                0x0000000008003358                gpsSetState.6874
                0x0000000008003374                spiTransferByte
                0x00000000080033a8                spiSelect
                0x00000000080033c8                mpuWriteRegisterSPI.5555
                0x00000000080033ea                actPwmWriteServo
                0x0000000008003408                failsafeCheck.6074
 .text          0x0000000008003450     0x10a4 /tmp/ccx6gYxX.ltrans3.ltrans.o
                0x0000000008003450                evtMspReceive.12537
 .text          0x00000000080044f4      0xa08 /tmp/ccx6gYxX.ltrans4.ltrans.o
                0x00000000080044f4                taskComputeRc
 .text          0x0000000008004efc      0x900 /tmp/ccx6gYxX.ltrans5.ltrans.o
                0x0000000008004efc                taskLedState
 .text          0x00000000080057fc      0x7a8 /tmp/ccx6gYxX.ltrans6.ltrans.o
                0x00000000080057fc                cliServo.9179
                0x000000000800596c                hmc5883lInit.4949
                0x0000000008005b3c                timerConfigure
                0x0000000008005b70                pwmInConfig.6087
                0x0000000008005bd4                pifMsp_AddAnswer8
                0x0000000008005c20                pifMsp_MakeError
                0x0000000008005c84                spiTransfer.part.2.6295
                0x0000000008005cc4                mpuReadRegisterSPI.5559
                0x0000000008005cf8                i2c_ev_handler.13108
 .text          0x0000000008005fa4      0x96c /tmp/ccx6gYxX.ltrans7.ltrans.o
                0x0000000008005fa4                _evtSending.16564
                0x0000000008005fe6                hcsr04Init
                0x0000000008006130                pifMpu6500_ReadGyro
                0x000000000800619a                pifMpu6500_ReadAccel
                0x0000000008006204                hmc5883lDetect
                0x00000000080062d4                qmc5883Detect
                0x00000000080063b4                pifComm_GetTxByte
                0x00000000080063f4                configureTimerCaptureCompareInterrupt
                0x00000000080064a8                pifMsp_Init.constprop.77
                0x0000000008006520                pifI2cDevice_ReadRegByte
                0x0000000008006720                bmp280Detect
 .text          0x0000000008006910      0x618 /tmp/ccx6gYxX.ltrans8.ltrans.o
                0x0000000008006910                cliCMix.9253
                0x0000000008006b74                cliMixer.9171
                0x0000000008006c40                cliDump.9249
 .text          0x0000000008006f28      0xaec /tmp/ccx6gYxX.ltrans9.ltrans.o
                0x0000000008006f28                _evtHcSr04Distance.4730
                0x000000000800700c                ppmCallback.5981
                0x0000000008007114                pifI2cDevice_Read.constprop.167
                0x00000000080071b0                pifI2cDevice_ReadRegBytes
                0x00000000080071b2                pifMpu60x0_ReadGyro
                0x000000000800721c                pifMpu60x0_ReadAccel
                0x0000000008007286                pifMpu30x0_ReadGyro
                0x00000000080072ea                pifI2cDevice_ReadRegBit8
                0x0000000008007318                pifHmc5883_SetGain.constprop.153
                0x0000000008007380                pifI2cPort_AddDevice.constprop.166
                0x000000000800739c                pifI2cDevice_WriteRegByte
                0x00000000080073b0                configTimeBase
                0x0000000008007458                TIM_ICInit.constprop.121
                0x000000000800767c                pwmICConfig
                0x00000000080076ac                _processRcPwm.18887.constprop.119
                0x000000000800778c                pifTimerManager_Add.constprop.102
                0x00000000080077a4                pifGpsUblox_SendUbxMsg.constprop.98
                0x0000000008007884                pifRingBuffer_InitHeap.constprop.90
                0x00000000080078d4                pifRingBuffer_CreateHeap.constprop.85
                0x000000000800790c                serialWrite
                0x0000000008007940                _putc.10363
                0x000000000800794c                sendDataHead.8131
                0x0000000008007968                sendTelemetryTail.8134
                0x00000000080079a4                serialize16.8141
                0x00000000080079b8                pifRingBuffer_CopyToArray.constprop.73
                0x00000000080079f4                pifBuzzer_Start.constprop.69
 *fill*         0x0000000008007a14        0x4 
 .text          0x0000000008007a18      0x960 /tmp/ccx6gYxX.ltrans10.ltrans.o
                0x0000000008007a18                cliFeature.9191
                0x0000000008007b08                taskGpsNewData
                0x000000000800827c                cliAux.9211
                0x00000000080082e0                mwDisarm.11280
                0x000000000800831c                pifMsp_AddAnswer
 .text          0x0000000008008378      0x5c4 /tmp/ccx6gYxX.ltrans11.ltrans.o
                0x0000000008008378                cliSet.9245
                0x00000000080084e8                cliGpsPassthrough.9223
                0x0000000008008554                cliMotor.9205
                0x00000000080085d8                i2cInit
                0x00000000080087b0                i2cHandleHardwareFailure.13125
                0x00000000080087cc                i2cWriteBuffer
                0x0000000008008884                i2cWrite
                0x0000000008008898                i2c_er_handler.13119
 .text          0x000000000800893c      0x528 /tmp/ccx6gYxX.ltrans12.ltrans.o
                0x000000000800893c                pifLog_CmdPrintTask
                0x0000000008008a0c                cliServoMix.9175
                0x0000000008008d84                cliMap.9187
 .text          0x0000000008008e64      0xf98 /tmp/ccx6gYxX.ltrans13.ltrans.o
                0x0000000008008e64                pidMultiWii.11274
                0x00000000080090d0                pidRewrite.11276
                0x0000000008009254                _EvtPrintFrame.6899
                0x0000000008009264                taskGetEstimatedAltitude
                0x00000000080096fc                blinkLED
                0x000000000800973e                failureMode
                0x000000000800977c                readEEPROM
                0x00000000080097dc                writeEEPROM
                0x000000000800987c                taskMagGetAdc
                0x000000000800998c                cliProfile.9217
                0x00000000080099cc                checkFirstTime
                0x0000000008009d84                ECHO_EXTI_IRQHandler
 .text          0x0000000008009dfc      0xba4 /tmp/ccx6gYxX.ltrans14.ltrans.o
                0x0000000008009dfc                actUartStartTransfer
                0x0000000008009e1c                featureDefault.10368
                0x0000000008009e2c                cliStatus.9303
                0x0000000008009f68                _evtGpsReceive.6943
                0x0000000008009ff0                _evtSpektrumReceive.15548
                0x000000000800a03c                _evtSumdReceive.15225
                0x000000000800a080                _evtSbusReceive.14907
                0x000000000800a0c4                _evtIbusReceive.14591
                0x000000000800a3a4                l3g4200dDetect
                0x000000000800a42a                mpuDetect
                0x000000000800a62c                mma8452Detect
                0x000000000800a6e4                bma280Detect
                0x000000000800a798                ak8975detect
                0x000000000800a8c4                adxl345Detect
                0x000000000800a928                actI2cRead
                0x000000000800a938                actI2cWrite
                0x000000000800a948                serialICConfig
                0x000000000800a96e                mixerResetMotors
 .text          0x000000000800a9a0      0x9d0 /tmp/ccx6gYxX.ltrans15.ltrans.o
                0x000000000800a9a0                TIM_GetCapture4
                0x000000000800a9a8                TIM_GetCapture3
                0x000000000800a9ae                TIM_GetCapture2
                0x000000000800a9b4                TIM_GetCapture1
                0x000000000800a9ba                actStorageWrite
                0x000000000800aaa8                _doTask.16557
                0x000000000800abb0                _printLog.16571
                0x000000000800abec                pifLog_Printf.constprop.66
                0x000000000800ac14                pifLog_CmdHelp
                0x000000000800ac58                pifLog_CmdPrintVersion
                0x000000000800ac7c                pifLog_CmdSetStatus
                0x000000000800ad58                cliVersion.9167
                0x000000000800ad6c                ftoa.9234
                0x000000000800ae40                cliPrintVar.9238
                0x000000000800aee8                pifFixList_Init.part.1.16423
                0x000000000800af44                _convertString2Float.17530.constprop.4
                0x000000000800b00c                _convertString2Interger.17533.constprop.3
                0x000000000800b04c                _convertString2Degrees.17536.constprop.2
                0x000000000800b10c                _convertString2Time.17546.constprop.0
                0x000000000800b178                timCCxHandler.6399
                0x000000000800b1c4                RCC_GetClocksFreq
                0x000000000800b25c                USART_Init
                0x000000000800b308                actCommSetBaudRate
                0x000000000800b360                RCC_APB1PeriphResetCmd.part.6.22884
 .text          0x000000000800b370      0x984 /tmp/ccx6gYxX.ltrans16.ltrans.o
                0x000000000800b398                pifStorageVar_IsFormat
                0x000000000800b3dc                pifStorageVar_Write
                0x000000000800b428                _doTask.20684
                0x000000000800b4b2                mpuAccInit.5533
                0x000000000800b4bc                mpuGyroInit.5541
                0x000000000800b4c4                _evtParsing.19158
                0x000000000800b5b4                pifStorageVar_Open
                0x000000000800b608                pifStorageVar_Create
                0x000000000800b76c                _evtParsing.19295
                0x000000000800b86c                pifStorageVar_Delete
                0x000000000800b914                pifStorageVar_Format
                0x000000000800bb18                mpuAccRead.5537
                0x000000000800bb48                mpuGyroRead.5545
                0x000000000800bb72                _doTask.19571
                0x000000000800bba6                FLASH_WaitForLastOperation
                0x000000000800bbc8                NVIC_Init.part.0.21185
                0x000000000800bc14                _readData.20943
                0x000000000800bc50                pifStorageVar_Read
                0x000000000800bc7c                pifImuSensor_ReadMag2.part.4.19980
                0x000000000800bca0                hmc5883lRead.4882
                0x000000000800bcb2                _changeGain.isra.0.19711
 .text          0x000000000800bcf4      0x5e4 /tmp/ccx6gYxX.ltrans17.ltrans.o
                0x000000000800bcf4                uartOpen
                0x000000000800c07e                serialInit.constprop.76
                0x000000000800c21c                checkTelemetryState.part.2.7727
 .text          0x000000000800c2d8      0xa64 /tmp/ccx6gYxX.ltrans18.ltrans.o
                0x000000000800c2d8                _evtParsing.19020
                0x000000000800c504                _evtTimerRxTimeout.18382
                0x000000000800c518                _evtTimerFinish.17523
                0x000000000800c53a                _processNoiseCancel.17397
                0x000000000800c648                _processAverage.17389
                0x000000000800c690                _doTask.17225
                0x000000000800c6b4                _evtParsing.18674
                0x000000000800c89c                pifRc_CheckFailSafe
                0x000000000800c8c4                pifMsp_ReadData32
                0x000000000800c8e2                pifMsp_ReadData16
                0x000000000800c8f2                _checksumUbx.18058
                0x000000000800c928                pifGps_SendEvent
                0x000000000800c94e                pifTimer_Stop
                0x000000000800c964                _evtParsing.18385
                0x000000000800caac                pifTaskManager_Yield
                0x000000000800cc58                pifTaskManager_Remove
                0x000000000800cc9c                pifTaskManager_Add
 *fill*         0x000000000800cd3c        0x4 
 .text          0x000000000800cd40      0x930 /tmp/ccx6gYxX.ltrans19.ltrans.o
                0x000000000800cd40                _actReceiveData.16015
                0x000000000800cd6c                _evtSending.18389
                0x000000000800ce0a                _evtSending
                0x000000000800cec2                qmc5883lInit.5143
                0x000000000800cee8                pwmCallback.5977
                0x000000000800cf90                mpu3050Init.5552
                0x000000000800d1a0                mpu6500Init.5530
                0x000000000800d444                pifMsp_AddAnswer32
                0x000000000800d4a4                pifMsp_AddAnswer16
                0x000000000800d4f8                GPS_set_next_wp
 .text          0x000000000800d670      0x850 /tmp/ccx6gYxX.ltrans20.ltrans.o
                0x000000000800d670                mpu6050Init.5549
                0x000000000800d894                qmc5883lRead.5076
                0x000000000800d8a8                _evtGpsTimeout.6871
                0x000000000800da98                pwmOutConfig.6058
                0x000000000800dd38                hottV4Respond.8622
                0x000000000800dd90                initialiseSoftSerial
 .text          0x000000000800dec0      0x7bc /tmp/ccx6gYxX.ltrans21.ltrans.o
                0x000000000800df58                pifTask_SetTrigger
                0x000000000800df84                pifComm_PutRxByte
                0x000000000800dfae                evtBaroRead.12076
                0x000000000800e018                _evtRcReceive.5972
                0x000000000800e03c                pifTask_ChangePeriod
                0x000000000800e068                _checkParam.17026
                0x000000000800e0cc                _checkLoopTime.17018
                0x000000000800e130                _processingTask.17015
                0x000000000800e1d4                _setParam.17007
                0x000000000800e2e0                _resetTable.16995
                0x000000000800e30c                pifTask_ChangeMode
                0x000000000800e35c                pifRingBuffer_PutString
                0x000000000800e3bc                _evtParsing.16560
                0x000000000800e5b8                pifRingBuffer_Clear
                0x000000000800e5d0                pifRingBuffer_Remove
                0x000000000800e5f6                pifRingBuffer_PutData
                0x000000000800e64c                _actSendData.16010
 *fill*         0x000000000800e67c        0x4 
 .text          0x000000000800e680      0x528 /tmp/ccx6gYxX.ltrans22.ltrans.o
                0x000000000800e680                pifGps_ParsingNmea
 .text          0x000000000800eba8      0x3e8 /tmp/ccx6gYxX.ltrans23.ltrans.o
                0x000000000800eba8                taskLoop
                0x000000000800ef58                TIM4_IRQHandler
                0x000000000800ef64                TIM3_IRQHandler
                0x000000000800ef70                TIM2_IRQHandler
                0x000000000800ef7a                TIM1_CC_IRQHandler
                0x000000000800ef88                EXTI9_5_IRQHandler
                0x000000000800ef8c                EXTI1_IRQHandler
 .text          0x000000000800ef90      0x194 /tmp/ccx6gYxX.ltrans24.ltrans.o
                0x000000000800ef90                evtMspOtherPacket.12542
                0x000000000800efdc                cliSave.9183
                0x000000000800f01c                cliExit.9195
                0x000000000800f054                cliDefaults.9199
                0x000000000800f090                mwArm.11293
 .text          0x000000000800f124      0x32c /tmp/ccx6gYxX.ltrans25.ltrans.o
                0x000000000800f124                SystemInit
                0x000000000800f170                USART3_IRQHandler
                0x000000000800f1d4                USART2_IRQHandler
                0x000000000800f230                USART1_IRQHandler
                0x000000000800f288                SysTick_Handler
                0x000000000800f414                I2C2_ER_IRQHandler
                0x000000000800f418                I2C1_ER_IRQHandler
                0x000000000800f41c                I2C2_EV_IRQHandler
                0x000000000800f420                I2C1_EV_IRQHandler
                0x000000000800f424                HardFault_Handler
 .text          0x000000000800f450      0x350 /tmp/ccx6gYxX.ltrans26.ltrans.o
                0x000000000800f450                _evtParsing.18050
 .text          0x000000000800f7a0       0x30 /tmp/ccx6gYxX.ltrans27.ltrans.o
                0x000000000800f7a0                rccWriteBkpDr.constprop.64
 .text          0x000000000800f7d0       0xec /usr/lib/gcc/arm-none-eabi/4.8.2/../../../arm-none-eabi/lib/armv7-m/libc.a(lib_a-memcpy.o)
                0x000000000800f7d0                memcpy
 .text          0x000000000800f8bc      0x370 /usr/lib/gcc/arm-none-eabi/4.8.2/armv7-m/libgcc.a(_arm_addsubdf3.o)
                0x000000000800f8bc                __aeabi_drsub
                0x000000000800f8c4                __aeabi_dsub
                0x000000000800f8c4                __subdf3
                0x000000000800f8c8                __adddf3
                0x000000000800f8c8                __aeabi_dadd
                0x000000000800fb40                __aeabi_ui2d
                0x000000000800fb40                __floatunsidf
                0x000000000800fb60                __floatsidf
                0x000000000800fb60                __aeabi_i2d
                0x000000000800fb84                __extendsfdf2
                0x000000000800fb84                __aeabi_f2d
                0x000000000800fbc0                __aeabi_ul2d
                0x000000000800fbc0                __floatundidf
                0x000000000800fbd0                __floatdidf
                0x000000000800fbd0                __aeabi_l2d
 .text          0x000000000800fc2c      0x424 /usr/lib/gcc/arm-none-eabi/4.8.2/armv7-m/libgcc.a(_arm_muldivdf3.o)
                0x000000000800fc2c                __aeabi_dmul
                0x000000000800fc2c                __muldf3
                0x000000000800fe80                __aeabi_ddiv
                0x000000000800fe80                __divdf3
 .text          0x0000000008010050      0x110 /usr/lib/gcc/arm-none-eabi/4.8.2/armv7-m/libgcc.a(_arm_cmpdf2.o)
                0x0000000008010050                __gtdf2
                0x0000000008010050                __gedf2
                0x0000000008010058                __ltdf2
                0x0000000008010058                __ledf2
                0x0000000008010060                __cmpdf2
                0x0000000008010060                __eqdf2
                0x0000000008010060                __nedf2
                0x00000000080100dc                __aeabi_cdrcmple
                0x00000000080100ec                __aeabi_cdcmple
                0x00000000080100ec                __aeabi_cdcmpeq
                0x00000000080100fc                __aeabi_dcmpeq
                0x0000000008010110                __aeabi_dcmplt
                0x0000000008010124                __aeabi_dcmple
                0x0000000008010138                __aeabi_dcmpge
                0x000000000801014c                __aeabi_dcmpgt
 .text          0x0000000008010160       0x50 /usr/lib/gcc/arm-none-eabi/4.8.2/armv7-m/libgcc.a(_arm_fixdfsi.o)
                0x0000000008010160                __fixdfsi
                0x0000000008010160                __aeabi_d2iz
 .text          0x00000000080101b0       0x40 /usr/lib/gcc/arm-none-eabi/4.8.2/armv7-m/libgcc.a(_arm_fixunsdfsi.o)
                0x00000000080101b0                __fixunsdfsi
                0x00000000080101b0                __aeabi_d2uiz
 .text          0x00000000080101f0       0xa0 /usr/lib/gcc/arm-none-eabi/4.8.2/armv7-m/libgcc.a(_arm_truncdfsf2.o)
                0x00000000080101f0                __aeabi_d2f
                0x00000000080101f0                __truncdfsf2
 .text          0x0000000008010290      0x21c /usr/lib/gcc/arm-none-eabi/4.8.2/armv7-m/libgcc.a(_arm_addsubsf3.o)
                0x0000000008010290                __aeabi_frsub
                0x0000000008010298                __subsf3
                0x0000000008010298                __aeabi_fsub
                0x000000000801029c                __aeabi_fadd
                0x000000000801029c                __addsf3
                0x00000000080103fc                __aeabi_ui2f
                0x00000000080103fc                __floatunsisf
                0x0000000008010404                __aeabi_i2f
                0x0000000008010404                __floatsisf
                0x0000000008010420                __floatundisf
                0x0000000008010420                __aeabi_ul2f
                0x0000000008010430                __floatdisf
                0x0000000008010430                __aeabi_l2f
 .text          0x00000000080104ac      0x2a0 /usr/lib/gcc/arm-none-eabi/4.8.2/armv7-m/libgcc.a(_arm_muldivsf3.o)
                0x00000000080104ac                __mulsf3
                0x00000000080104ac                __aeabi_fmul
                0x0000000008010614                __divsf3
                0x0000000008010614                __aeabi_fdiv
 .text          0x000000000801074c       0xec /usr/lib/gcc/arm-none-eabi/4.8.2/armv7-m/libgcc.a(_arm_cmpsf2.o)
                0x000000000801074c                __gtsf2
                0x000000000801074c                __gesf2
                0x0000000008010754                __lesf2
                0x0000000008010754                __ltsf2
                0x000000000801075c                __nesf2
                0x000000000801075c                __eqsf2
                0x000000000801075c                __cmpsf2
                0x00000000080107bc                __aeabi_cfrcmple
                0x00000000080107c4                __aeabi_cfcmple
                0x00000000080107c4                __aeabi_cfcmpeq
                0x00000000080107d4                __aeabi_fcmpeq
                0x00000000080107e8                __aeabi_fcmplt
                0x00000000080107fc                __aeabi_fcmple
                0x0000000008010810                __aeabi_fcmpge
                0x0000000008010824                __aeabi_fcmpgt
 .text          0x0000000008010838       0x4c /usr/lib/gcc/arm-none-eabi/4.8.2/armv7-m/libgcc.a(_arm_fixsfsi.o)
                0x0000000008010838                __fixsfsi
                0x0000000008010838                __aeabi_f2iz
 .text          0x0000000008010884       0x40 /usr/lib/gcc/arm-none-eabi/4.8.2/armv7-m/libgcc.a(_arm_fixunssfsi.o)
                0x0000000008010884                __aeabi_f2uiz
                0x0000000008010884                __fixunssfsi
 .text          0x00000000080108c4       0x38 /usr/lib/gcc/arm-none-eabi/4.8.2/armv7-m/libgcc.a(_aeabi_ldivmod.o)
                0x00000000080108c4                __aeabi_ldivmod
 .text          0x00000000080108fc       0x60 /usr/lib/gcc/arm-none-eabi/4.8.2/armv7-m/libgcc.a(bpabi.o)
                0x00000000080108fc                __gnu_ldivmod_helper
                0x000000000801092c                __gnu_uldivmod_helper
 .text          0x000000000801095c        0x4 /usr/lib/gcc/arm-none-eabi/4.8.2/armv7-m/libgcc.a(_dvmd_tls.o)
                0x000000000801095c                __aeabi_ldiv0
                0x000000000801095c                __aeabi_idiv0
 .text          0x0000000008010960      0x2bc /usr/lib/gcc/arm-none-eabi/4.8.2/armv7-m/libgcc.a(_divdi3.o)
                0x0000000008010960                __divdi3
 .text          0x0000000008010c1c      0x284 /usr/lib/gcc/arm-none-eabi/4.8.2/armv7-m/libgcc.a(_udivdi3.o)
                0x0000000008010c1c                __udivdi3
 *(.text*)
 .text.startup  0x0000000008010ea0     0x1db8 /tmp/ccx6gYxX.ltrans0.ltrans.o
                0x0000000008010ea0                main
 .text.unlikely
                0x0000000008012c58       0xbc /tmp/ccx6gYxX.ltrans15.ltrans.o
                0x0000000008012c58                _printTime.16575
                0x0000000008012ccc                pifNoiseFilterInt32_Init.constprop.54
 .text.Reset_Handler
                0x0000000008012d14       0xa0 obj/NAZE/startup_stm32f10x_md_gcc.o
                0x0000000008012d14                Reset_Handler
 .text.Default_Handler
                0x0000000008012db4        0x2 obj/NAZE/startup_stm32f10x_md_gcc.o
                0x0000000008012db4                EXTI2_IRQHandler
                0x0000000008012db4                DebugMon_Handler
                0x0000000008012db4                PVD_IRQHandler
                0x0000000008012db4                PendSV_Handler
                0x0000000008012db4                NMI_Handler
                0x0000000008012db4                EXTI3_IRQHandler
                0x0000000008012db4                EXTI0_IRQHandler
                0x0000000008012db4                UsageFault_Handler
                0x0000000008012db4                ADC1_2_IRQHandler
                0x0000000008012db4                SPI1_IRQHandler
                0x0000000008012db4                TAMPER_IRQHandler
                0x0000000008012db4                DMA1_Channel4_IRQHandler
                0x0000000008012db4                RTC_IRQHandler
                0x0000000008012db4                DMA1_Channel7_IRQHandler
                0x0000000008012db4                CAN1_RX1_IRQHandler
                0x0000000008012db4                DMA1_Channel6_IRQHandler
                0x0000000008012db4                RCC_IRQHandler
                0x0000000008012db4                TIM1_TRG_COM_IRQHandler
                0x0000000008012db4                DMA1_Channel1_IRQHandler
                0x0000000008012db4                Default_Handler
                0x0000000008012db4                EXTI15_10_IRQHandler
                0x0000000008012db4                SPI2_IRQHandler
                0x0000000008012db4                MemManage_Handler
                0x0000000008012db4                SVC_Handler
                0x0000000008012db4                DMA1_Channel5_IRQHandler
                0x0000000008012db4                EXTI4_IRQHandler
                0x0000000008012db4                USB_LP_CAN1_RX0_IRQHandler
                0x0000000008012db4                USB_HP_CAN1_TX_IRQHandler
                0x0000000008012db4                DMA1_Channel3_IRQHandler
                0x0000000008012db4                TIM1_UP_IRQHandler
                0x0000000008012db4                WWDG_IRQHandler
                0x0000000008012db4                TIM1_BRK_IRQHandler
                0x0000000008012db4                RTCAlarm_IRQHandler
                0x0000000008012db4                DMA1_Channel2_IRQHandler
                0x0000000008012db4                CAN1_SCE_IRQHandler
                0x0000000008012db4                FLASH_IRQHandler
                0x0000000008012db4                BusFault_Handler
                0x0000000008012db4                USBWakeUp_IRQHandler
 *fill*         0x0000000008012db6        0x2 
 .text.atoi     0x0000000008012db8        0x8 /usr/lib/gcc/arm-none-eabi/4.8.2/../../../arm-none-eabi/lib/armv7-m/libc.a(lib_a-atoi.o)
                0x0000000008012db8                atoi
 .text._strtol_r
                0x0000000008012dc0      0x124 /usr/lib/gcc/arm-none-eabi/4.8.2/../../../arm-none-eabi/lib/armv7-m/libc.a(lib_a-strtol.o)
                0x0000000008012dc0                _strtol_r
 .text.strtol   0x0000000008012ee4       0x1c /usr/lib/gcc/arm-none-eabi/4.8.2/../../../arm-none-eabi/lib/armv7-m/libc.a(lib_a-strtol.o)
                0x0000000008012ee4                strtol
 .text.cos      0x0000000008012f00       0x94 /usr/lib/gcc/arm-none-eabi/4.8.2/../../../arm-none-eabi/lib/armv7-m/libm.a(lib_a-s_cos.o)
                0x0000000008012f00                cos
 .text.sin      0x0000000008012f94       0x98 /usr/lib/gcc/arm-none-eabi/4.8.2/../../../arm-none-eabi/lib/armv7-m/libm.a(lib_a-s_sin.o)
                0x0000000008012f94                sin
 .text.cosf     0x000000000801302c       0x6c /usr/lib/gcc/arm-none-eabi/4.8.2/../../../arm-none-eabi/lib/armv7-m/libm.a(lib_a-sf_cos.o)
                0x000000000801302c                cosf
 .text.lrintf   0x0000000008013098       0x7c /usr/lib/gcc/arm-none-eabi/4.8.2/../../../arm-none-eabi/lib/armv7-m/libm.a(lib_a-sf_lrint.o)
                0x0000000008013098                lrintf
 .text.sinf     0x0000000008013114       0x7c /usr/lib/gcc/arm-none-eabi/4.8.2/../../../arm-none-eabi/lib/armv7-m/libm.a(lib_a-sf_sin.o)
                0x0000000008013114                sinf
 .text.acosf    0x0000000008013190       0xa4 /usr/lib/gcc/arm-none-eabi/4.8.2/../../../arm-none-eabi/lib/armv7-m/libm.a(lib_a-wf_acos.o)
                0x0000000008013190                acosf
 .text.atan2f   0x0000000008013234        0x4 /usr/lib/gcc/arm-none-eabi/4.8.2/../../../arm-none-eabi/lib/armv7-m/libm.a(lib_a-wf_atan2.o)
                0x0000000008013234                atan2f
 .text.powf     0x0000000008013238      0x33c /usr/lib/gcc/arm-none-eabi/4.8.2/../../../arm-none-eabi/lib/armv7-m/libm.a(lib_a-wf_pow.o)
                0x0000000008013238                powf
 .text.sqrtf    0x0000000008013574       0xa0 /usr/lib/gcc/arm-none-eabi/4.8.2/../../../arm-none-eabi/lib/armv7-m/libm.a(lib_a-wf_sqrt.o)
                0x0000000008013574                sqrtf
 *fill*         0x0000000008013614        0x4 
 .text.__ieee754_rem_pio2
                0x0000000008013618      0x458 /usr/lib/gcc/arm-none-eabi/4.8.2/../../../arm-none-eabi/lib/armv7-m/libm.a(lib_a-e_rem_pio2.o)
                0x0000000008013618                __ieee754_rem_pio2
 .text.__ieee754_acosf
                0x0000000008013a70      0x36c /usr/lib/gcc/arm-none-eabi/4.8.2/../../../arm-none-eabi/lib/armv7-m/libm.a(lib_a-ef_acos.o)
                0x0000000008013a70                __ieee754_acosf
 .text.__ieee754_atan2f
                0x0000000008013ddc      0x148 /usr/lib/gcc/arm-none-eabi/4.8.2/../../../arm-none-eabi/lib/armv7-m/libm.a(lib_a-ef_atan2.o)
                0x0000000008013ddc                __ieee754_atan2f
 .text.__ieee754_powf
                0x0000000008013f24      0x74c /usr/lib/gcc/arm-none-eabi/4.8.2/../../../arm-none-eabi/lib/armv7-m/libm.a(lib_a-ef_pow.o)
                0x0000000008013f24                __ieee754_powf
 .text.__ieee754_rem_pio2f
                0x0000000008014670      0x34c /usr/lib/gcc/arm-none-eabi/4.8.2/../../../arm-none-eabi/lib/armv7-m/libm.a(lib_a-ef_rem_pio2.o)
                0x0000000008014670                __ieee754_rem_pio2f
 .text.__ieee754_sqrtf
                0x00000000080149bc       0xa8 /usr/lib/gcc/arm-none-eabi/4.8.2/../../../arm-none-eabi/lib/armv7-m/libm.a(lib_a-ef_sqrt.o)
                0x00000000080149bc                __ieee754_sqrtf
 *fill*         0x0000000008014a64        0x4 
 .text.__kernel_cos
                0x0000000008014a68      0x260 /usr/lib/gcc/arm-none-eabi/4.8.2/../../../arm-none-eabi/lib/armv7-m/libm.a(lib_a-k_cos.o)
                0x0000000008014a68                __kernel_cos
 .text.__kernel_rem_pio2
                0x0000000008014cc8      0x7e4 /usr/lib/gcc/arm-none-eabi/4.8.2/../../../arm-none-eabi/lib/armv7-m/libm.a(lib_a-k_rem_pio2.o)
                0x0000000008014cc8                __kernel_rem_pio2
 *fill*         0x00000000080154ac        0x4 
 .text.__kernel_sin
                0x00000000080154b0      0x168 /usr/lib/gcc/arm-none-eabi/4.8.2/../../../arm-none-eabi/lib/armv7-m/libm.a(lib_a-k_sin.o)
                0x00000000080154b0                __kernel_sin
 .text.__kernel_cosf
                0x0000000008015618      0x1b8 /usr/lib/gcc/arm-none-eabi/4.8.2/../../../arm-none-eabi/lib/armv7-m/libm.a(lib_a-kf_cos.o)
                0x0000000008015618                __kernel_cosf
 .text.__kernel_rem_pio2f
                0x00000000080157d0      0x664 /usr/lib/gcc/arm-none-eabi/4.8.2/../../../arm-none-eabi/lib/armv7-m/libm.a(lib_a-kf_rem_pio2.o)
                0x00000000080157d0                __kernel_rem_pio2f
 .text.__kernel_sinf
                0x0000000008015e34       0xfc /usr/lib/gcc/arm-none-eabi/4.8.2/../../../arm-none-eabi/lib/armv7-m/libm.a(lib_a-kf_sin.o)
                0x0000000008015e34                __kernel_sinf
 .text.fabs     0x0000000008015f30        0x8 /usr/lib/gcc/arm-none-eabi/4.8.2/../../../arm-none-eabi/lib/armv7-m/libm.a(lib_a-s_fabs.o)
                0x0000000008015f30                fabs
 .text.floor    0x0000000008015f38      0x120 /usr/lib/gcc/arm-none-eabi/4.8.2/../../../arm-none-eabi/lib/armv7-m/libm.a(lib_a-s_floor.o)
                0x0000000008015f38                floor
 .text.matherr  0x0000000008016058        0x4 /usr/lib/gcc/arm-none-eabi/4.8.2/../../../arm-none-eabi/lib/armv7-m/libm.a(lib_a-s_matherr.o)
                0x0000000008016058                matherr
 .text.nan      0x000000000801605c        0xc /usr/lib/gcc/arm-none-eabi/4.8.2/../../../arm-none-eabi/lib/armv7-m/libm.a(lib_a-s_nan.o)
                0x000000000801605c                nan
 .text.rint     0x0000000008016068      0x120 /usr/lib/gcc/arm-none-eabi/4.8.2/../../../arm-none-eabi/lib/armv7-m/libm.a(lib_a-s_rint.o)
                0x0000000008016068                rint
 .text.scalbn   0x0000000008016188      0x100 /usr/lib/gcc/arm-none-eabi/4.8.2/../../../arm-none-eabi/lib/armv7-m/libm.a(lib_a-s_scalbn.o)
                0x0000000008016188                scalbn
 .text.atanf    0x0000000008016288      0x254 /usr/lib/gcc/arm-none-eabi/4.8.2/../../../arm-none-eabi/lib/armv7-m/libm.a(lib_a-sf_atan.o)
                0x0000000008016288                atanf
 .text.fabsf    0x00000000080164dc        0x8 /usr/lib/gcc/arm-none-eabi/4.8.2/../../../arm-none-eabi/lib/armv7-m/libm.a(lib_a-sf_fabs.o)
                0x00000000080164dc                fabsf
 .text.finitef  0x00000000080164e4       0x10 /usr/lib/gcc/arm-none-eabi/4.8.2/../../../arm-none-eabi/lib/armv7-m/libm.a(lib_a-sf_finite.o)
                0x00000000080164e4                finitef
 .text.floorf   0x00000000080164f4       0x98 /usr/lib/gcc/arm-none-eabi/4.8.2/../../../arm-none-eabi/lib/armv7-m/libm.a(lib_a-sf_floor.o)
                0x00000000080164f4                floorf
 .text.__fpclassifyf
                0x000000000801658c       0x34 /usr/lib/gcc/arm-none-eabi/4.8.2/../../../arm-none-eabi/lib/armv7-m/libm.a(lib_a-sf_fpclassify.o)
                0x000000000801658c                __fpclassifyf
 .text.nanf     0x00000000080165c0        0x8 /usr/lib/gcc/arm-none-eabi/4.8.2/../../../arm-none-eabi/lib/armv7-m/libm.a(lib_a-sf_nan.o)
                0x00000000080165c0                nanf
 .text.scalbnf  0x00000000080165c8       0xb8 /usr/lib/gcc/arm-none-eabi/4.8.2/../../../arm-none-eabi/lib/armv7-m/libm.a(lib_a-sf_scalbn.o)
                0x00000000080165c8                scalbnf
 .text.copysign
                0x0000000008016680       0x14 /usr/lib/gcc/arm-none-eabi/4.8.2/../../../arm-none-eabi/lib/armv7-m/libm.a(lib_a-s_copysign.o)
                0x0000000008016680                copysign
 .text.copysignf
                0x0000000008016694        0xc /usr/lib/gcc/arm-none-eabi/4.8.2/../../../arm-none-eabi/lib/armv7-m/libm.a(lib_a-sf_copysign.o)
                0x0000000008016694                copysignf
 .text.calloc   0x00000000080166a0       0x14 /usr/lib/gcc/arm-none-eabi/4.8.2/../../../arm-none-eabi/lib/armv7-m/libc.a(lib_a-calloc.o)
                0x00000000080166a0                calloc
 .text._calloc_r
                0x00000000080166b4       0x60 /usr/lib/gcc/arm-none-eabi/4.8.2/../../../arm-none-eabi/lib/armv7-m/libc.a(lib_a-callocr.o)
                0x00000000080166b4                _calloc_r
 .text.__errno  0x0000000008016714        0xc /usr/lib/gcc/arm-none-eabi/4.8.2/../../../arm-none-eabi/lib/armv7-m/libc.a(lib_a-errno.o)
                0x0000000008016714                __errno
 .text.malloc   0x0000000008016720       0x10 /usr/lib/gcc/arm-none-eabi/4.8.2/../../../arm-none-eabi/lib/armv7-m/libc.a(lib_a-malloc.o)
                0x0000000008016720                malloc
 .text.free     0x0000000008016730       0x10 /usr/lib/gcc/arm-none-eabi/4.8.2/../../../arm-none-eabi/lib/armv7-m/libc.a(lib_a-malloc.o)
                0x0000000008016730                free
 .text._malloc_r
                0x0000000008016740      0x564 /usr/lib/gcc/arm-none-eabi/4.8.2/../../../arm-none-eabi/lib/armv7-m/libc.a(lib_a-mallocr.o)
                0x0000000008016740                _malloc_r
 .text.memset   0x0000000008016ca4       0x94 /usr/lib/gcc/arm-none-eabi/4.8.2/../../../arm-none-eabi/lib/armv7-m/libc.a(lib_a-memset.o)
                0x0000000008016ca4                memset
 .text.__malloc_lock
                0x0000000008016d38        0x4 /usr/lib/gcc/arm-none-eabi/4.8.2/../../../arm-none-eabi/lib/armv7-m/libc.a(lib_a-mlock.o)
                0x0000000008016d38                __malloc_lock
 .text.__malloc_unlock
                0x0000000008016d3c        0x4 /usr/lib/gcc/arm-none-eabi/4.8.2/../../../arm-none-eabi/lib/armv7-m/libc.a(lib_a-mlock.o)
                0x0000000008016d3c                __malloc_unlock
 .text._sbrk_r  0x0000000008016d40       0x28 /usr/lib/gcc/arm-none-eabi/4.8.2/../../../arm-none-eabi/lib/armv7-m/libc.a(lib_a-sbrkr.o)
                0x0000000008016d40                _sbrk_r
 .text.strcasecmp
                0x0000000008016d68       0x48 /usr/lib/gcc/arm-none-eabi/4.8.2/../../../arm-none-eabi/lib/armv7-m/libc.a(lib_a-strcasecmp.o)
                0x0000000008016d68                strcasecmp
 .text.strcat   0x0000000008016db0       0x4c /usr/lib/gcc/arm-none-eabi/4.8.2/../../../arm-none-eabi/lib/armv7-m/libc.a(lib_a-strcat.o)
                0x0000000008016db0                strcat
 .text.strchr   0x0000000008016dfc       0xf4 /usr/lib/gcc/arm-none-eabi/4.8.2/../../../arm-none-eabi/lib/armv7-m/libc.a(lib_a-strchr.o)
                0x0000000008016dfc                strchr
 .text.strcpy   0x0000000008016ef0       0xbc /usr/lib/gcc/arm-none-eabi/4.8.2/../../../arm-none-eabi/lib/armv7-m/libc.a(lib_a-strcpy.o)
                0x0000000008016ef0                strcpy
 .text.strlen   0x0000000008016fac       0x60 /usr/lib/gcc/arm-none-eabi/4.8.2/../../../arm-none-eabi/lib/armv7-m/libc.a(lib_a-strlen.o)
                0x0000000008016fac                strlen
 .text.strncasecmp
                0x000000000801700c       0x54 /usr/lib/gcc/arm-none-eabi/4.8.2/../../../arm-none-eabi/lib/armv7-m/libc.a(lib_a-strncasecmp.o)
                0x000000000801700c                strncasecmp
 .text.strncpy  0x0000000008017060       0x68 /usr/lib/gcc/arm-none-eabi/4.8.2/../../../arm-none-eabi/lib/armv7-m/libc.a(lib_a-strncpy.o)
                0x0000000008017060                strncpy
 .text.critical_factorization
                0x00000000080170c8       0xbc /usr/lib/gcc/arm-none-eabi/4.8.2/../../../arm-none-eabi/lib/armv7-m/libc.a(lib_a-strstr.o)
 .text.two_way_long_needle
                0x0000000008017184      0x228 /usr/lib/gcc/arm-none-eabi/4.8.2/../../../arm-none-eabi/lib/armv7-m/libc.a(lib_a-strstr.o)
 .text.strstr   0x00000000080173ac      0x21c /usr/lib/gcc/arm-none-eabi/4.8.2/../../../arm-none-eabi/lib/armv7-m/libc.a(lib_a-strstr.o)
                0x00000000080173ac                strstr
 .text._malloc_trim_r
                0x00000000080175c8       0xa4 /usr/lib/gcc/arm-none-eabi/4.8.2/../../../arm-none-eabi/lib/armv7-m/libc.a(lib_a-freer.o)
                0x00000000080175c8                _malloc_trim_r
 .text._free_r  0x000000000801766c      0x198 /usr/lib/gcc/arm-none-eabi/4.8.2/../../../arm-none-eabi/lib/armv7-m/libc.a(lib_a-freer.o)
                0x000000000801766c                _free_r
 .text.memchr   0x0000000008017804       0x94 /usr/lib/gcc/arm-none-eabi/4.8.2/../../../arm-none-eabi/lib/armv7-m/libc.a(lib_a-memchr-stub.o)
                0x0000000008017804                memchr
 .text.memcmp   0x0000000008017898       0x68 /usr/lib/gcc/arm-none-eabi/4.8.2/../../../arm-none-eabi/lib/armv7-m/libc.a(lib_a-memcmp.o)
                0x0000000008017898                memcmp
 .text._sbrk    0x0000000008017900       0x20 /usr/lib/gcc/arm-none-eabi/4.8.2/../../../arm-none-eabi/lib/armv7-m/libnosys.a(sbrk.o)
                0x0000000008017900                _sbrk
 *(.rodata)
 .rodata        0x0000000008017920      0x780 /tmp/ccx6gYxX.ltrans0.ltrans.o
                0x0000000008017954                mixers
                0x0000000008017a1c                servoMixers
                0x0000000008017af4                servoMixerSingle.11161
                0x0000000008017b2c                servoMixerDual.11160
                0x0000000008017b3a                servoMixerAirplane.11159
                0x0000000008017b56                servoMixerFlyingWing.11158
                0x0000000008017b72                servoMixerBI.11157
                0x0000000008017b8e                servoMixerTri.11156
                0x0000000008017b98                mixerAtail4.11057
                0x0000000008017bd8                mixerDualcopter.11056
                0x0000000008017bf8                mixerHex6H.11055
                0x0000000008017c58                mixerVtail4.11054
                0x0000000008017c98                mixerOctoFlatX.11053
                0x0000000008017d18                mixerOctoFlatP.11052
                0x0000000008017d98                mixerOctoX8.11051
                0x0000000008017e18                mixerHex6X.11050
                0x0000000008017e78                mixerY4.11049
                0x0000000008017eb8                mixerVectorThrust.11048
                0x0000000008017ed8                mixerHex6P.11047
                0x0000000008017f38                mixerY6.11046
                0x0000000008017f98                mixerBi.11045
                0x0000000008017fb8                mixerQuadX.11044
                0x0000000008017ff8                mixerQuadP.11043
                0x0000000008018038                mixerTri.11042
 .rodata        0x00000000080180a0      0x168 /tmp/ccx6gYxX.ltrans3.ltrans.o
 .rodata        0x0000000008018208       0x46 /tmp/ccx6gYxX.ltrans4.ltrans.o
                0x0000000008018208                buzz_sos.8859
                0x000000000801821b                buzz_mediumBeep.8862
                0x000000000801821e                buzz_2shortBeeps.8857
                0x0000000008018223                buzz_3shortBeeps.8858
                0x000000000801822a                buzz_readyBeep.8855
                0x0000000008018239                buzz_shortBeep.8865
                0x000000000801823c                buzz_armed.8863
                0x0000000008018245                buzz_BatteryBeep.8861
                0x0000000008018248                buzz_longBeep.8860
                0x000000000801824b                buzz_mediumBeepFast.8856
 .rodata        0x000000000801824e        0x8 /tmp/ccx6gYxX.ltrans6.ltrans.o
 *fill*         0x0000000008018256        0x2 
 .rodata        0x0000000008018258       0x20 /tmp/ccx6gYxX.ltrans7.ltrans.o
                0x0000000008018258                channels.6489
 .rodata        0x0000000008018278       0x64 /tmp/ccx6gYxX.ltrans8.ltrans.o
                0x0000000008018278                mixerNames.9346
 .rodata        0x00000000080182dc       0x4c /tmp/ccx6gYxX.ltrans10.ltrans.o
                0x00000000080182dc                featureNames.9353
 .rodata        0x0000000008018328       0x28 /tmp/ccx6gYxX.ltrans11.ltrans.o
 .rodata        0x0000000008018350       0x30 /tmp/ccx6gYxX.ltrans12.ltrans.o
 .rodata        0x0000000008018380        0x8 /tmp/ccx6gYxX.ltrans13.ltrans.o
 .rodata        0x0000000008018388       0x20 /tmp/ccx6gYxX.ltrans14.ltrans.o
 .rodata        0x00000000080183a8       0x30 /tmp/ccx6gYxX.ltrans15.ltrans.o
 .rodata        0x00000000080183d8       0x18 /tmp/ccx6gYxX.ltrans20.ltrans.o
 .rodata        0x00000000080183f0       0x98 /tmp/ccx6gYxX.ltrans23.ltrans.o
                0x0000000008018484                kPifHexUpperChar
 .rodata        0x0000000008018488      0x164 /tmp/ccx6gYxX.ltrans24.ltrans.o
                0x0000000008018488                c_psCmdTable
                0x00000000080185e8                type_ch
 .rodata        0x00000000080185ec      0xb38 /tmp/ccx6gYxX.ltrans25.ltrans.o
                0x00000000080185f8                valueTable
 *(.rodata*)
 .rodata.timerHardware
                0x0000000008019124       0xe0 /tmp/ccx6gYxX.ltrans0.ltrans.o
                0x0000000008019124                timerHardware
 .rodata.str1.1
                0x0000000008019204       0x5a /tmp/ccx6gYxX.ltrans0.ltrans.o
                                         0x5b (size before relaxing)
 .rodata.str1.1
                0x000000000801925e       0x47 /tmp/ccx6gYxX.ltrans2.ltrans.o
 .rodata.str1.1
                0x00000000080192a5       0xdb /tmp/ccx6gYxX.ltrans3.ltrans.o
 .rodata.str1.1
                0x0000000008019380       0x41 /tmp/ccx6gYxX.ltrans5.ltrans.o
 .rodata.str1.1
                0x00000000080193c1      0x11a /tmp/ccx6gYxX.ltrans6.ltrans.o
                                        0x11d (size before relaxing)
 .rodata.str1.1
                0x00000000080194db       0x20 /tmp/ccx6gYxX.ltrans7.ltrans.o
 .rodata.str1.1
                0x00000000080194fb      0x2cf /tmp/ccx6gYxX.ltrans8.ltrans.o
                                        0x2fa (size before relaxing)
 .rodata.rcChannelLetters
                0x00000000080197ca       0x13 /tmp/ccx6gYxX.ltrans8.ltrans.o
                0x00000000080197ca                rcChannelLetters
 .rodata.str1.1
                0x00000000080197dd      0x121 /tmp/ccx6gYxX.ltrans10.ltrans.o
                                        0x136 (size before relaxing)
 .rodata.str1.1
                0x00000000080198fe      0x178 /tmp/ccx6gYxX.ltrans11.ltrans.o
                                        0x181 (size before relaxing)
 .rodata.str1.1
                0x0000000008019a76      0x2c8 /tmp/ccx6gYxX.ltrans12.ltrans.o
                                        0x330 (size before relaxing)
 .rodata.str1.1
                0x0000000008019d3e       0x29 /tmp/ccx6gYxX.ltrans13.ltrans.o
 .rodata.str1.1
                0x0000000008019d67      0x126 /tmp/ccx6gYxX.ltrans14.ltrans.o
                                        0x13b (size before relaxing)
 .rodata.str1.1
                0x0000000008019e8d      0x12c /tmp/ccx6gYxX.ltrans15.ltrans.o
                                        0x175 (size before relaxing)
 .rodata.str1.1
                0x0000000008019fb9       0x1b /tmp/ccx6gYxX.ltrans17.ltrans.o
 .rodata.str1.1
                0x0000000008019fd4       0x18 /tmp/ccx6gYxX.ltrans19.ltrans.o
 .rodata.str1.1
                0x0000000000000000        0x8 /tmp/ccx6gYxX.ltrans20.ltrans.o
 .rodata.str1.1
                0x0000000008019fec       0x14 /tmp/ccx6gYxX.ltrans21.ltrans.o
 .rodata.str1.1
                0x000000000801a000       0x1b /tmp/ccx6gYxX.ltrans23.ltrans.o
                                         0x2c (size before relaxing)
 .rodata.kCfgMsgNmea
                0x000000000801a01b       0x12 /tmp/ccx6gYxX.ltrans23.ltrans.o
 .rodata.str1.1
                0x000000000801a02d      0x26d /tmp/ccx6gYxX.ltrans24.ltrans.o
                                        0x2a4 (size before relaxing)
 .rodata.str1.1
                0x000000000801a29a      0x78a /tmp/ccx6gYxX.ltrans25.ltrans.o
                                        0x7b8 (size before relaxing)
 .rodata._ctype_
                0x000000000801aa24      0x104 /usr/lib/gcc/arm-none-eabi/4.8.2/../../../arm-none-eabi/lib/armv7-m/libc.a(lib_a-ctype_.o)
                0x000000000801aa24                _ctype_
 .rodata.str1.4
                0x000000000801ab28        0x2 /usr/lib/gcc/arm-none-eabi/4.8.2/../../../arm-none-eabi/lib/armv7-m/libc.a(lib_a-impure.o)
                                          0x4 (size before relaxing)
 *fill*         0x000000000801ab2a        0x2 
 .rodata.TWO23  0x000000000801ab2c        0x8 /usr/lib/gcc/arm-none-eabi/4.8.2/../../../arm-none-eabi/lib/armv7-m/libm.a(lib_a-sf_lrint.o)
 .rodata.str1.4
                0x000000000801ab34        0x6 /usr/lib/gcc/arm-none-eabi/4.8.2/../../../arm-none-eabi/lib/armv7-m/libm.a(lib_a-wf_acos.o)
                                          0xc (size before relaxing)
 *fill*         0x000000000801ab3a        0x2 
 .rodata.str1.4
                0x000000000801ab3c        0x5 /usr/lib/gcc/arm-none-eabi/4.8.2/../../../arm-none-eabi/lib/armv7-m/libm.a(lib_a-wf_pow.o)
                                          0x8 (size before relaxing)
 *fill*         0x000000000801ab41        0x3 
 .rodata.str1.4
                0x000000000801ab44        0x8 /usr/lib/gcc/arm-none-eabi/4.8.2/../../../arm-none-eabi/lib/armv7-m/libm.a(lib_a-wf_sqrt.o)
 .rodata.npio2_hw
                0x000000000801ab4c       0x80 /usr/lib/gcc/arm-none-eabi/4.8.2/../../../arm-none-eabi/lib/armv7-m/libm.a(lib_a-e_rem_pio2.o)
 .rodata.two_over_pi
                0x000000000801abcc      0x108 /usr/lib/gcc/arm-none-eabi/4.8.2/../../../arm-none-eabi/lib/armv7-m/libm.a(lib_a-e_rem_pio2.o)
 .rodata.dp_h   0x000000000801acd4        0x8 /usr/lib/gcc/arm-none-eabi/4.8.2/../../../arm-none-eabi/lib/armv7-m/libm.a(lib_a-ef_pow.o)
 .rodata.dp_l   0x000000000801acdc        0x8 /usr/lib/gcc/arm-none-eabi/4.8.2/../../../arm-none-eabi/lib/armv7-m/libm.a(lib_a-ef_pow.o)
 .rodata.bp     0x000000000801ace4        0x8 /usr/lib/gcc/arm-none-eabi/4.8.2/../../../arm-none-eabi/lib/armv7-m/libm.a(lib_a-ef_pow.o)
 .rodata.str1.4
                0x0000000000000000        0x4 /usr/lib/gcc/arm-none-eabi/4.8.2/../../../arm-none-eabi/lib/armv7-m/libm.a(lib_a-ef_pow.o)
 .rodata.npio2_hw
                0x000000000801acec       0x80 /usr/lib/gcc/arm-none-eabi/4.8.2/../../../arm-none-eabi/lib/armv7-m/libm.a(lib_a-ef_rem_pio2.o)
 .rodata.two_over_pi
                0x000000000801ad6c      0x318 /usr/lib/gcc/arm-none-eabi/4.8.2/../../../arm-none-eabi/lib/armv7-m/libm.a(lib_a-ef_rem_pio2.o)
 .rodata.init_jk
                0x000000000801b084       0x10 /usr/lib/gcc/arm-none-eabi/4.8.2/../../../arm-none-eabi/lib/armv7-m/libm.a(lib_a-k_rem_pio2.o)
 *fill*         0x000000000801b094        0x4 
 .rodata.PIo2   0x000000000801b098       0x40 /usr/lib/gcc/arm-none-eabi/4.8.2/../../../arm-none-eabi/lib/armv7-m/libm.a(lib_a-k_rem_pio2.o)
 .rodata.init_jk
                0x000000000801b0d8        0xc /usr/lib/gcc/arm-none-eabi/4.8.2/../../../arm-none-eabi/lib/armv7-m/libm.a(lib_a-kf_rem_pio2.o)
 .rodata.PIo2   0x000000000801b0e4       0x2c /usr/lib/gcc/arm-none-eabi/4.8.2/../../../arm-none-eabi/lib/armv7-m/libm.a(lib_a-kf_rem_pio2.o)
 .rodata.TWO52  0x000000000801b110       0x10 /usr/lib/gcc/arm-none-eabi/4.8.2/../../../arm-none-eabi/lib/armv7-m/libm.a(lib_a-s_rint.o)
 .rodata.atanlo
                0x000000000801b120       0x10 /usr/lib/gcc/arm-none-eabi/4.8.2/../../../arm-none-eabi/lib/armv7-m/libm.a(lib_a-sf_atan.o)
 .rodata.atanhi
                0x000000000801b130       0x10 /usr/lib/gcc/arm-none-eabi/4.8.2/../../../arm-none-eabi/lib/armv7-m/libm.a(lib_a-sf_atan.o)
 *(.glue_7)
 .glue_7        0x0000000000000000        0x0 linker stubs
 *(.glue_7t)
 .glue_7t       0x0000000000000000        0x0 linker stubs
 *(.eh_frame)
 *(.init)
 *(.fini)
                0x000000000801b140                . = ALIGN (0x4)
                0x000000000801b140                _etext = .

.vfp11_veneer   0x000000000801b140        0x0
 .vfp11_veneer  0x0000000000000000        0x0 linker stubs

.v4_bx          0x000000000801b140        0x0
 .v4_bx         0x0000000000000000        0x0 linker stubs

.iplt           0x000000000801b140        0x0
 .iplt          0x0000000000000000        0x0 obj/NAZE/startup_stm32f10x_md_gcc.o

.ARM.extab
 *(.ARM.extab* .gnu.linkonce.armextab.*)

.ARM            0x000000000801b140        0x8
                0x000000000801b140                __exidx_start = .
 *(.ARM.exidx*)
 .ARM.exidx     0x000000000801b140        0x8 /usr/lib/gcc/arm-none-eabi/4.8.2/armv7-m/libgcc.a(_divdi3.o)
 .ARM.exidx     0x000000000801b148        0x0 /usr/lib/gcc/arm-none-eabi/4.8.2/armv7-m/libgcc.a(_udivdi3.o)
                                          0x8 (size before relaxing)
                0x000000000801b148                __exidx_end = .

.rel.dyn        0x000000000801b148        0x0
 .rel.iplt      0x0000000000000000        0x0 obj/NAZE/startup_stm32f10x_md_gcc.o

.preinit_array  0x000000000801b148        0x0
                0x000000000801b148                PROVIDE (__preinit_array_start, .)
 *(.preinit_array*)
                0x000000000801b148                PROVIDE (__preinit_array_end, .)

.init_array     0x000000000801b148        0x0
                0x000000000801b148                PROVIDE (__init_array_start, .)
 *(SORT(.init_array.*))
 *(.init_array*)
                0x000000000801b148                PROVIDE (__init_array_end, .)

.fini_array     0x000000000801b148        0x0
                0x000000000801b148                PROVIDE (__fini_array_start, .)
 *(.fini_array*)
 *(SORT(.fini_array.*))
                0x000000000801b148                PROVIDE (__fini_array_end, .)
                0x000000000801b148                _sidata = .

.data           0x0000000020000000      0x9e8 load address 0x000000000801b148
                0x0000000020000000                . = ALIGN (0x4)
                0x0000000020000000                _sdata = .
 *(.data)
 .data          0x0000000020000000      0x158 /tmp/ccx6gYxX.ltrans0.ltrans.o
                0x0000000020000000                hse_value
                0x0000000020000004                pif_id
                0x0000000020000016                batteryCellCount
                0x0000000020000017                standardBoardAlignment.14307
                0x0000000020000018                sensor_set
                0x0000000020000148                failsafeThreshold.6222
                0x000000002000014c                sonarDistance
 .data          0x0000000020000158       0x10 /tmp/ccx6gYxX.ltrans1.ltrans.o
                0x0000000020000164                pid_controller
 .data          0x0000000020000168        0x2 /tmp/ccx6gYxX.ltrans4.ltrans.o
                0x0000000020000168                buzzerMode.8866
 *fill*         0x000000002000016a        0x2 
 .data          0x000000002000016c        0x4 /tmp/ccx6gYxX.ltrans10.ltrans.o
                0x000000002000016c                GPS_scaleLonDown
 .data          0x0000000020000170        0x4 /tmp/ccx6gYxX.ltrans13.ltrans.o
 .data          0x0000000020000174        0x5 /tmp/ccx6gYxX.ltrans14.ltrans.o
 .data          0x0000000020000179       0x14 /tmp/ccx6gYxX.ltrans15.ltrans.o
 .data          0x000000002000018d        0x1 /tmp/ccx6gYxX.ltrans18.ltrans.o
 *(.data*)
 *fill*         0x000000002000018e        0x2 
 .data.SystemCoreClock
                0x0000000020000190        0x4 /tmp/ccx6gYxX.ltrans0.ltrans.o
                0x0000000020000190                SystemCoreClock
 .data.servo    0x0000000020000194       0x10 /tmp/ccx6gYxX.ltrans3.ltrans.o
                0x0000000020000194                servo
 .data.__ctype_ptr__
                0x00000000200001a4        0x4 /usr/lib/gcc/arm-none-eabi/4.8.2/../../../arm-none-eabi/lib/armv7-m/libc.a(lib_a-ctype_.o)
                0x00000000200001a4                __ctype_ptr__
 .data.impure_data
                0x00000000200001a8      0x428 /usr/lib/gcc/arm-none-eabi/4.8.2/../../../arm-none-eabi/lib/armv7-m/libc.a(lib_a-impure.o)
 .data._impure_ptr
                0x00000000200005d0        0x4 /usr/lib/gcc/arm-none-eabi/4.8.2/../../../arm-none-eabi/lib/armv7-m/libc.a(lib_a-impure.o)
                0x00000000200005d0                _impure_ptr
 .data.__fdlib_version
                0x00000000200005d4        0x1 /usr/lib/gcc/arm-none-eabi/4.8.2/../../../arm-none-eabi/lib/armv7-m/libm.a(lib_a-s_lib_ver.o)
                0x00000000200005d4                __fdlib_version
 *fill*         0x00000000200005d5        0x3 
 .data.__malloc_av_
                0x00000000200005d8      0x408 /usr/lib/gcc/arm-none-eabi/4.8.2/../../../arm-none-eabi/lib/armv7-m/libc.a(lib_a-mallocr.o)
                0x00000000200005d8                __malloc_av_
 .data.__malloc_trim_threshold
                0x00000000200009e0        0x4 /usr/lib/gcc/arm-none-eabi/4.8.2/../../../arm-none-eabi/lib/armv7-m/libc.a(lib_a-mallocr.o)
                0x00000000200009e0                __malloc_trim_threshold
 .data.__malloc_sbrk_base
                0x00000000200009e4        0x4 /usr/lib/gcc/arm-none-eabi/4.8.2/../../../arm-none-eabi/lib/armv7-m/libc.a(lib_a-mallocr.o)
                0x00000000200009e4                __malloc_sbrk_base
                0x00000000200009e8                . = ALIGN (0x4)
                0x00000000200009e8                _edata = .

.igot.plt       0x00000000200009e8        0x0 load address 0x000000000801bb30
 .igot.plt      0x0000000000000000        0x0 obj/NAZE/startup_stm32f10x_md_gcc.o
                0x00000000200009e8                . = ALIGN (0x4)

.bss            0x00000000200009e8     0x21b8 load address 0x000000000801bb30
                0x00000000200009e8                _sbss = .
                0x00000000200009e8                __bss_start__ = _sbss
 *(.bss)
 .bss           0x00000000200009e8      0xe00 /tmp/ccx6gYxX.ltrans0.ltrans.o
                0x00000000200009e8                g_unique_id
                0x00000000200009f4                g_crystal_clock
                0x00000000200009f8                g_core_clock
                0x00000000200009fc                pif_act_timer1us
                0x0000000020000a00                s_tasks.17101
                0x0000000020000a18                s_it_current.17123
                0x0000000020000a1c                s_table_number.17102
                0x0000000020000a20                s_table.17100
                0x0000000020000aa0                s_buzzer
                0x0000000020000abc                g_featureDefault
                0x0000000020000b08                usTicks.13507
                0x0000000020000b1a                isSPI.6342
                0x0000000020000b1c                g_i2c_port
                0x0000000020000b4c                adcConfig.4096
                0x0000000020000b54                adcValues.4102
                0x0000000020000b5c                batteryWarningVoltage
                0x0000000020000b5e                batteryCriticalVoltage
                0x0000000020000b60                boardRotation.14135
                0x0000000020000b88                enabledSensors.9769
                0x0000000020000b8c                g_board_name
                0x0000000020000b90                smallAngle
                0x0000000020000b94                accVelScale
                0x0000000020000b98                throttleAngleScale
                0x0000000020000b9c                fc_acc
                0x0000000020000ba0                magInit.12325
                0x0000000020000ba4                core
                0x0000000020000bbc                currentMixer.11149
                0x0000000020000c7c                numberRules.11034
                0x0000000020000c7d                currentServoMixer.10845
                0x0000000020000ced                f
                0x0000000020000d04                g_task_compute_rc
                0x0000000020000d08                pwmFilter.6225
                0x0000000020000d09                syncPWM.6215
                0x0000000020000d0a                numInputs.6226
                0x0000000020000d0b                numMotors.6233
                0x0000000020000d0c                motors.6213
                0x0000000020000d3c                numServos.6234
                0x0000000020000d40                servos.6235
                0x0000000020000d60                s_rc.6212
                0x0000000020000db4                pwmWritePtr.6223
                0x0000000020000db8                rcData
                0x0000000020000ddc                rcReadRawFunc
                0x0000000020000de0                spekChannelData.15747
                0x0000000020000e00                s_spektrum.15577
                0x0000000020000e60                sbusChannelData.15107
                0x0000000020000f34                ibusChannelData.14790
                0x0000000020000fe4                gpsData.7031
                0x0000000020001008                gps_ublox.7020
                0x00000000200012c8                noise_filter.10350.12136
                0x00000000200012e8                p_sonar_noise_filter.12213
                0x00000000200012ec                softSerialPorts
                0x00000000200017bc                softSerialConfiguration
                0x00000000200017c4                isTelemetryConfigurationValid.7941
                0x00000000200017c6                calibratingG
                0x00000000200017c8                calibratingB
                0x00000000200017cc                g_task_compute_imu
                0x00000000200017d0                g_task_gps
                0x00000000200017d4                pif_timer1us
                0x00000000200017d8                s_loop_count.17121
                0x00000000200017dc                s_task_cutin.17110
                0x00000000200017e0                s_pass_count.17120
                0x00000000200017e4                p_storage.9762
 .bss           0x00000000200017e8      0x16c /tmp/ccx6gYxX.ltrans1.ltrans.o
                0x0000000020001888                anglerad
                0x00000000200018a4                accSum
                0x00000000200018b0                accSumCount
                0x00000000200018b8                lookupPitchRollRC
                0x00000000200018c6                dynP8
                0x00000000200018cc                dynD8
                0x00000000200018d0                lookupThrottleRC
                0x00000000200018ec                setVelocity
                0x00000000200018f0                velocityControl
                0x00000000200018f4                nav_bearing
                0x0000000020001908                altPID_PARAM
                0x000000002000191c                navPID_PARAM
                0x000000002000192e                axisPID
 .bss           0x0000000020001954        0x2 /tmp/ccx6gYxX.ltrans2.ltrans.o
 *fill*         0x0000000020001956        0x2 
 .bss           0x0000000020001958       0xe0 /tmp/ccx6gYxX.ltrans3.ltrans.o
                0x0000000020001958                angle
                0x000000002000195c                GPS_update
                0x000000002000195d                availableBoxes.12605
                0x0000000020001976                numberBoxItems.12612
                0x0000000020001978                motor_disarmed
                0x0000000020001990                gyroData
                0x0000000020001996                magADC
                0x000000002000199c                GPS_ground_course
                0x0000000020001a30                GPS_HorizontalAcc
                0x0000000020001a34                GPS_VerticalAcc
 .bss           0x0000000020001a38      0x1e8 /tmp/ccx6gYxX.ltrans4.ltrans.o
                0x0000000020001acc                rcOptions
                0x0000000020001ae6                rssi
                0x0000000020001ae8                failsafeCnt
                0x0000000020001aee                heading
                0x0000000020001af0                AccInflightCalibrationMeasurementDone
                0x0000000020001af1                AccInflightCalibrationSavetoEEProm
                0x0000000020001af4                InflightcalibratingA
                0x0000000020001af6                AccInflightCalibrationActive
                0x0000000020001af8                errorAngleI.11595
                0x0000000020001b00                AltHold
                0x0000000020001b04                EstAlt
                0x0000000020001b08                initialThrottleHold.11673
                0x0000000020001b0a                rcCommand
                0x0000000020001b14                errorVelocityI
                0x0000000020001b18                BaroPID
                0x0000000020001b1c                magHold
                0x0000000020001b1e                headFreeModeHold
                0x0000000020001b20                nav_mode
                0x0000000020001b24                GPS_home
                0x0000000020001b30                GPS_hold
                0x0000000020001b3c                GPS_altitude
                0x0000000020001b40                GPS_coord
                0x0000000020001b48                GPS_angle
                0x0000000020001b4e                nav_rated
                0x0000000020001b52                nav
                0x0000000020001b80                poshold_ratePID.7267
                0x0000000020001ba8                navPID.7269
                0x0000000020001bd0                navErrorI
                0x0000000020001bd4                altErrorI
                0x0000000020001bd8                lastAltDiff.14337
                0x0000000020001bda                lastnavDiff.14340
                0x0000000020001bdc                speedBoost.14341
                0x0000000020001bde                altHist.14342
                0x0000000020001bea                navDif.14343
                0x0000000020001bf6                readyBeepDone.8867
                0x0000000020001bf8                disarmTime.11608
                0x0000000020001bfc                errorGyroI.11597
                0x0000000020001c08                buzz_countSats.8864
 .bss           0x0000000020001c20      0x1c0 /tmp/ccx6gYxX.ltrans5.ltrans.o
                0x0000000020001c2c                vbat
                0x0000000020001c34                amperage
                0x0000000020001c40                mAhdrawn
                0x0000000020001c4a                accSmooth
                0x0000000020001c50                vario
                0x0000000020001c54                BaroAlt
                0x0000000020001c88                GPS_speed
                0x0000000020001c8a                GPS_distanceToHome
                0x0000000020001c8c                GPS_directionToHome
                0x0000000020001cbc                ports.12603
                0x0000000020001d74                s_log.16692
                0x0000000020001dd8                pendReboot.12930
 .bss           0x0000000020001de0       0x1c /tmp/ccx6gYxX.ltrans6.ltrans.o
                0x0000000020001de0                hmc5883.4978
 .bss           0x0000000020001dfc      0x150 /tmp/ccx6gYxX.ltrans7.ltrans.o
                0x0000000020001dfc                funcSonarDistance.4774
                0x0000000020001e00                trigger_pin.4772
                0x0000000020001e08                timerConfigs
 .bss           0x0000000020001f4c        0x4 /tmp/ccx6gYxX.ltrans9.ltrans.o
 .bss           0x0000000020001f50       0xb4 /tmp/ccx6gYxX.ltrans10.ltrans.o
                0x0000000020001fbc                GPS_WP
                0x0000000020001fc4                wp_distance
                0x0000000020001fc8                target_bearing.7029
                0x0000000020001fcc                error.7264
                0x0000000020001fd4                posholdPID_PARAM.7265
                0x0000000020001fe4                poshold_ratePID_PARAM.7025
                0x0000000020001ff8                waypoint_speed_gov.7150
                0x0000000020001ffc                original_target_bearing.7290
                0x0000000020002002                nav_takeoff_bearing.7278
 .bss           0x0000000020002004        0x4 /tmp/ccx6gYxX.ltrans11.ltrans.o
 .bss           0x0000000020002008       0xa8 /tmp/ccx6gYxX.ltrans13.ltrans.o
                0x0000000020002058                baroPressureSum
                0x0000000020002088                s_echo_state.4773
                0x000000002000208c                s_hcsr04.4771
                0x00000000200020ac                exti_line.4777
 .bss           0x00000000200020b0       0x3c /tmp/ccx6gYxX.ltrans14.ltrans.o
                0x00000000200020b0                sumdChannelData.15424
                0x00000000200020d2                addr.13235
                0x00000000200020d3                reg.13233
                0x00000000200020d4                writing.13238
                0x00000000200020d5                reading.13231
                0x00000000200020d8                read_p.13237
                0x00000000200020dc                write_p.13239
                0x00000000200020e0                bytes.13234
                0x00000000200020e1                busy.13240
                0x00000000200020e2                error.13252
                0x00000000200020e4                I2Cx.13227
 .bss           0x00000000200020ec       0x14 /tmp/ccx6gYxX.ltrans15.ltrans.o
 .bss           0x0000000020002100        0x1 /tmp/ccx6gYxX.ltrans17.ltrans.o
 *fill*         0x0000000020002101        0x3 
 .bss           0x0000000020002104       0x20 /tmp/ccx6gYxX.ltrans18.ltrans.o
                0x000000002000210c                s_task_stack_ptr.17111
                0x0000000020002110                s_task_stack.17112
 .bss           0x0000000020002124      0x108 /tmp/ccx6gYxX.ltrans19.ltrans.o
                0x0000000020002124                qmc5883.5177
                0x0000000020002130                pwmPorts.6216
                0x0000000020002210                mpu.5674
 .bss           0x000000002000222c       0xf8 /tmp/ccx6gYxX.ltrans21.ltrans.o
                0x0000000020002230                baroTemperature.12212
                0x00000000200022f8                captures.6214
 .bss           0x0000000020002324       0x25 /tmp/ccx6gYxX.ltrans22.ltrans.o
                0x0000000020002327                string.5680.17662
 *fill*         0x0000000020002349        0x3 
 .bss           0x000000002000234c        0x8 /tmp/ccx6gYxX.ltrans23.ltrans.o
                0x0000000020002350                GPS_numSat
 .bss           0x0000000020002354       0x38 /tmp/ccx6gYxX.ltrans24.ltrans.o
                0x0000000020002354                s_change_cli.12931
 .bss           0x000000002000238c      0x7b8 /tmp/ccx6gYxX.ltrans25.ltrans.o
                0x000000002000238c                uartPort.13939
                0x0000000020002440                sysTickUptime.13508
                0x0000000020002444                pif_cumulative_timer1ms
                0x0000000020002448                pif_timer1ms
                0x0000000020002450                pif_datetime
                0x0000000020002458                pif_performance
                0x0000000020002460                g_timer_1ms
                0x0000000020002484                mcfg
                0x00000000200029f0                numberMotor.11150
                0x00000000200029f2                motor
                0x0000000020002a0c                cfg
 .bss           0x0000000020002b44        0x1 /tmp/ccx6gYxX.ltrans26.ltrans.o
 *(.bss*)
 *fill*         0x0000000020002b45        0x3 
 .bss.hw_revision
                0x0000000020002b48        0x4 /tmp/ccx6gYxX.ltrans0.ltrans.o
                0x0000000020002b48                hw_revision
 .bss.pif_error
                0x0000000020002b4c        0x1 /tmp/ccx6gYxX.ltrans0.ltrans.o
                0x0000000020002b4c                pif_error
 *fill*         0x0000000020002b4d        0x1 
 .bss.calibratingA
                0x0000000020002b4e        0x2 /tmp/ccx6gYxX.ltrans0.ltrans.o
                0x0000000020002b4e                calibratingA
 .bss.systemBeepPtr
                0x0000000020002b50        0x4 /tmp/ccx6gYxX.ltrans0.ltrans.o
                0x0000000020002b50                systemBeepPtr
 .bss.accTimeSum
                0x0000000020002b54        0x4 /tmp/ccx6gYxX.ltrans1.ltrans.o
                0x0000000020002b54                accTimeSum
 .bss.cycleTime
                0x0000000020002b58        0x2 /tmp/ccx6gYxX.ltrans5.ltrans.o
                0x0000000020002b58                cycleTime
 *fill*         0x0000000020002b5a        0x2 
 .bss.pif_log_flag
                0x0000000020002b5c        0x4 /tmp/ccx6gYxX.ltrans15.ltrans.o
 .bss.cliMode   0x0000000020002b60        0x1 /tmp/ccx6gYxX.ltrans24.ltrans.o
                0x0000000020002b60                cliMode
 *fill*         0x0000000020002b61        0x3 
 .bss.__malloc_max_total_mem
                0x0000000020002b64        0x4 /usr/lib/gcc/arm-none-eabi/4.8.2/../../../arm-none-eabi/lib/armv7-m/libc.a(lib_a-mallocr.o)
                0x0000000020002b64                __malloc_max_total_mem
 .bss.__malloc_max_sbrked_mem
                0x0000000020002b68        0x4 /usr/lib/gcc/arm-none-eabi/4.8.2/../../../arm-none-eabi/lib/armv7-m/libc.a(lib_a-mallocr.o)
                0x0000000020002b68                __malloc_max_sbrked_mem
 .bss.__malloc_top_pad
                0x0000000020002b6c        0x4 /usr/lib/gcc/arm-none-eabi/4.8.2/../../../arm-none-eabi/lib/armv7-m/libc.a(lib_a-mallocr.o)
                0x0000000020002b6c                __malloc_top_pad
 .bss.__malloc_current_mallinfo
                0x0000000020002b70       0x28 /usr/lib/gcc/arm-none-eabi/4.8.2/../../../arm-none-eabi/lib/armv7-m/libc.a(lib_a-mallocr.o)
                0x0000000020002b70                __malloc_current_mallinfo
 .bss.heap_end.4061
                0x0000000020002b98        0x4 /usr/lib/gcc/arm-none-eabi/4.8.2/../../../arm-none-eabi/lib/armv7-m/libnosys.a(sbrk.o)
 *(COMMON)
 COMMON         0x0000000020002b9c        0x4 /usr/lib/gcc/arm-none-eabi/4.8.2/../../../arm-none-eabi/lib/armv7-m/libc.a(lib_a-reent.o)
                0x0000000020002b9c                errno
                0x0000000020002ba0                . = ALIGN (0x4)
                0x0000000020002ba0                _ebss = .
                0x0000000020002ba0                __bss_end__ = _ebss

._user_heap_stack
                0x0000000020002ba0      0x400 load address 0x000000000801bb30
                0x0000000020002ba0                . = ALIGN (0x4)
                0x0000000020002ba0                PROVIDE (end, .)
                0x0000000020002ba0                PROVIDE (_end, .)
                0x0000000020002ba0                . = (. + _Min_Heap_Size)
                0x0000000020002fa0                . = (. + _Min_Stack_Size)
 *fill*         0x0000000020002ba0      0x400 
                0x0000000020002fa0                . = ALIGN (0x4)

.memory_b1_text
 *(.mb1text)
 *(.mb1text*)
 *(.mb1rodata)
 *(.mb1rodata*)

/DISCARD/
 libc.a(*)
 libm.a(*)
 libgcc.a(*)

.ARM.attributes
                0x0000000000000000       0x31
 *(.ARM.attributes)
 .ARM.attributes
                0x0000000000000000       0x31 /tmp/ccx6gYxX.ltrans0.ltrans.o
 .ARM.attributes
                0x0000000000000031       0x31 /tmp/ccx6gYxX.ltrans1.ltrans.o
 .ARM.attributes
                0x0000000000000062       0x31 /tmp/ccx6gYxX.ltrans2.ltrans.o
 .ARM.attributes
                0x0000000000000093       0x31 /tmp/ccx6gYxX.ltrans3.ltrans.o
 .ARM.attributes
                0x00000000000000c4       0x31 /tmp/ccx6gYxX.ltrans4.ltrans.o
 .ARM.attributes
                0x00000000000000f5       0x31 /tmp/ccx6gYxX.ltrans5.ltrans.o
 .ARM.attributes
                0x0000000000000126       0x31 /tmp/ccx6gYxX.ltrans6.ltrans.o
 .ARM.attributes
                0x0000000000000157       0x31 /tmp/ccx6gYxX.ltrans7.ltrans.o
 .ARM.attributes
                0x0000000000000188       0x31 /tmp/ccx6gYxX.ltrans8.ltrans.o
 .ARM.attributes
                0x00000000000001b9       0x31 /tmp/ccx6gYxX.ltrans9.ltrans.o
 .ARM.attributes
                0x00000000000001ea       0x31 /tmp/ccx6gYxX.ltrans10.ltrans.o
 .ARM.attributes
                0x000000000000021b       0x31 /tmp/ccx6gYxX.ltrans11.ltrans.o
 .ARM.attributes
                0x000000000000024c       0x31 /tmp/ccx6gYxX.ltrans12.ltrans.o
 .ARM.attributes
                0x000000000000027d       0x31 /tmp/ccx6gYxX.ltrans13.ltrans.o
 .ARM.attributes
                0x00000000000002ae       0x31 /tmp/ccx6gYxX.ltrans14.ltrans.o
 .ARM.attributes
                0x00000000000002df       0x31 /tmp/ccx6gYxX.ltrans15.ltrans.o
 .ARM.attributes
                0x0000000000000310       0x31 /tmp/ccx6gYxX.ltrans16.ltrans.o
 .ARM.attributes
                0x0000000000000341       0x31 /tmp/ccx6gYxX.ltrans17.ltrans.o
 .ARM.attributes
                0x0000000000000372       0x31 /tmp/ccx6gYxX.ltrans18.ltrans.o
 .ARM.attributes
                0x00000000000003a3       0x31 /tmp/ccx6gYxX.ltrans19.ltrans.o
 .ARM.attributes
                0x00000000000003d4       0x31 /tmp/ccx6gYxX.ltrans20.ltrans.o
 .ARM.attributes
                0x0000000000000405       0x31 /tmp/ccx6gYxX.ltrans21.ltrans.o
 .ARM.attributes
                0x0000000000000436       0x31 /tmp/ccx6gYxX.ltrans22.ltrans.o
 .ARM.attributes
                0x0000000000000467       0x31 /tmp/ccx6gYxX.ltrans23.ltrans.o
 .ARM.attributes
                0x0000000000000498       0x31 /tmp/ccx6gYxX.ltrans24.ltrans.o
 .ARM.attributes
                0x00000000000004c9       0x31 /tmp/ccx6gYxX.ltrans25.ltrans.o
 .ARM.attributes
                0x00000000000004fa       0x31 /tmp/ccx6gYxX.ltrans26.ltrans.o
 .ARM.attributes
                0x000000000000052b       0x31 /tmp/ccx6gYxX.ltrans27.ltrans.o
 .ARM.attributes
                0x000000000000055c       0x21 obj/NAZE/startup_stm32f10x_md_gcc.o
 .ARM.attributes
                0x000000000000057d       0x2d /usr/lib/gcc/arm-none-eabi/4.8.2/../../../arm-none-eabi/lib/armv7-m/libc.a(lib_a-atoi.o)
 .ARM.attributes
                0x00000000000005aa       0x2d /usr/lib/gcc/arm-none-eabi/4.8.2/../../../arm-none-eabi/lib/armv7-m/libc.a(lib_a-ctype_.o)
 .ARM.attributes
                0x00000000000005d7       0x2d /usr/lib/gcc/arm-none-eabi/4.8.2/../../../arm-none-eabi/lib/armv7-m/libc.a(lib_a-strtol.o)
 .ARM.attributes
                0x0000000000000604       0x2d /usr/lib/gcc/arm-none-eabi/4.8.2/../../../arm-none-eabi/lib/armv7-m/libc.a(lib_a-impure.o)
 .ARM.attributes
                0x0000000000000631       0x2d /usr/lib/gcc/arm-none-eabi/4.8.2/../../../arm-none-eabi/lib/armv7-m/libm.a(lib_a-s_cos.o)
 .ARM.attributes
                0x000000000000065e       0x2d /usr/lib/gcc/arm-none-eabi/4.8.2/../../../arm-none-eabi/lib/armv7-m/libm.a(lib_a-s_sin.o)
 .ARM.attributes
                0x000000000000068b       0x2d /usr/lib/gcc/arm-none-eabi/4.8.2/../../../arm-none-eabi/lib/armv7-m/libm.a(lib_a-sf_cos.o)
 .ARM.attributes
                0x00000000000006b8       0x2d /usr/lib/gcc/arm-none-eabi/4.8.2/../../../arm-none-eabi/lib/armv7-m/libm.a(lib_a-sf_lrint.o)
 .ARM.attributes
                0x00000000000006e5       0x2d /usr/lib/gcc/arm-none-eabi/4.8.2/../../../arm-none-eabi/lib/armv7-m/libm.a(lib_a-sf_sin.o)
 .ARM.attributes
                0x0000000000000712       0x2d /usr/lib/gcc/arm-none-eabi/4.8.2/../../../arm-none-eabi/lib/armv7-m/libm.a(lib_a-wf_acos.o)
 .ARM.attributes
                0x000000000000073f       0x2d /usr/lib/gcc/arm-none-eabi/4.8.2/../../../arm-none-eabi/lib/armv7-m/libm.a(lib_a-wf_atan2.o)
 .ARM.attributes
                0x000000000000076c       0x2d /usr/lib/gcc/arm-none-eabi/4.8.2/../../../arm-none-eabi/lib/armv7-m/libm.a(lib_a-wf_pow.o)
 .ARM.attributes
                0x0000000000000799       0x2d /usr/lib/gcc/arm-none-eabi/4.8.2/../../../arm-none-eabi/lib/armv7-m/libm.a(lib_a-wf_sqrt.o)
 .ARM.attributes
                0x00000000000007c6       0x2d /usr/lib/gcc/arm-none-eabi/4.8.2/../../../arm-none-eabi/lib/armv7-m/libm.a(lib_a-e_rem_pio2.o)
 .ARM.attributes
                0x00000000000007f3       0x2d /usr/lib/gcc/arm-none-eabi/4.8.2/../../../arm-none-eabi/lib/armv7-m/libm.a(lib_a-ef_acos.o)
 .ARM.attributes
                0x0000000000000820       0x2d /usr/lib/gcc/arm-none-eabi/4.8.2/../../../arm-none-eabi/lib/armv7-m/libm.a(lib_a-ef_atan2.o)
 .ARM.attributes
                0x000000000000084d       0x2d /usr/lib/gcc/arm-none-eabi/4.8.2/../../../arm-none-eabi/lib/armv7-m/libm.a(lib_a-ef_pow.o)
 .ARM.attributes
                0x000000000000087a       0x2d /usr/lib/gcc/arm-none-eabi/4.8.2/../../../arm-none-eabi/lib/armv7-m/libm.a(lib_a-ef_rem_pio2.o)
 .ARM.attributes
                0x00000000000008a7       0x2d /usr/lib/gcc/arm-none-eabi/4.8.2/../../../arm-none-eabi/lib/armv7-m/libm.a(lib_a-ef_sqrt.o)
 .ARM.attributes
                0x00000000000008d4       0x2d /usr/lib/gcc/arm-none-eabi/4.8.2/../../../arm-none-eabi/lib/armv7-m/libm.a(lib_a-k_cos.o)
 .ARM.attributes
                0x0000000000000901       0x2d /usr/lib/gcc/arm-none-eabi/4.8.2/../../../arm-none-eabi/lib/armv7-m/libm.a(lib_a-k_rem_pio2.o)
 .ARM.attributes
                0x000000000000092e       0x2d /usr/lib/gcc/arm-none-eabi/4.8.2/../../../arm-none-eabi/lib/armv7-m/libm.a(lib_a-k_sin.o)
 .ARM.attributes
                0x000000000000095b       0x2d /usr/lib/gcc/arm-none-eabi/4.8.2/../../../arm-none-eabi/lib/armv7-m/libm.a(lib_a-kf_cos.o)
 .ARM.attributes
                0x0000000000000988       0x2d /usr/lib/gcc/arm-none-eabi/4.8.2/../../../arm-none-eabi/lib/armv7-m/libm.a(lib_a-kf_rem_pio2.o)
 .ARM.attributes
                0x00000000000009b5       0x2d /usr/lib/gcc/arm-none-eabi/4.8.2/../../../arm-none-eabi/lib/armv7-m/libm.a(lib_a-kf_sin.o)
 .ARM.attributes
                0x00000000000009e2       0x2d /usr/lib/gcc/arm-none-eabi/4.8.2/../../../arm-none-eabi/lib/armv7-m/libm.a(lib_a-s_fabs.o)
 .ARM.attributes
                0x0000000000000a0f       0x2d /usr/lib/gcc/arm-none-eabi/4.8.2/../../../arm-none-eabi/lib/armv7-m/libm.a(lib_a-s_floor.o)
 .ARM.attributes
                0x0000000000000a3c       0x2d /usr/lib/gcc/arm-none-eabi/4.8.2/../../../arm-none-eabi/lib/armv7-m/libm.a(lib_a-s_lib_ver.o)
 .ARM.attributes
                0x0000000000000a69       0x2d /usr/lib/gcc/arm-none-eabi/4.8.2/../../../arm-none-eabi/lib/armv7-m/libm.a(lib_a-s_matherr.o)
 .ARM.attributes
                0x0000000000000a96       0x2d /usr/lib/gcc/arm-none-eabi/4.8.2/../../../arm-none-eabi/lib/armv7-m/libm.a(lib_a-s_nan.o)
 .ARM.attributes
                0x0000000000000ac3       0x2d /usr/lib/gcc/arm-none-eabi/4.8.2/../../../arm-none-eabi/lib/armv7-m/libm.a(lib_a-s_rint.o)
 .ARM.attributes
                0x0000000000000af0       0x2d /usr/lib/gcc/arm-none-eabi/4.8.2/../../../arm-none-eabi/lib/armv7-m/libm.a(lib_a-s_scalbn.o)
 .ARM.attributes
                0x0000000000000b1d       0x2d /usr/lib/gcc/arm-none-eabi/4.8.2/../../../arm-none-eabi/lib/armv7-m/libm.a(lib_a-sf_atan.o)
 .ARM.attributes
                0x0000000000000b4a       0x2d /usr/lib/gcc/arm-none-eabi/4.8.2/../../../arm-none-eabi/lib/armv7-m/libm.a(lib_a-sf_fabs.o)
 .ARM.attributes
                0x0000000000000b77       0x2d /usr/lib/gcc/arm-none-eabi/4.8.2/../../../arm-none-eabi/lib/armv7-m/libm.a(lib_a-sf_finite.o)
 .ARM.attributes
                0x0000000000000ba4       0x2d /usr/lib/gcc/arm-none-eabi/4.8.2/../../../arm-none-eabi/lib/armv7-m/libm.a(lib_a-sf_floor.o)
 .ARM.attributes
                0x0000000000000bd1       0x2d /usr/lib/gcc/arm-none-eabi/4.8.2/../../../arm-none-eabi/lib/armv7-m/libm.a(lib_a-sf_fpclassify.o)
 .ARM.attributes
                0x0000000000000bfe       0x2d /usr/lib/gcc/arm-none-eabi/4.8.2/../../../arm-none-eabi/lib/armv7-m/libm.a(lib_a-sf_nan.o)
 .ARM.attributes
                0x0000000000000c2b       0x2d /usr/lib/gcc/arm-none-eabi/4.8.2/../../../arm-none-eabi/lib/armv7-m/libm.a(lib_a-sf_scalbn.o)
 .ARM.attributes
                0x0000000000000c58       0x2d /usr/lib/gcc/arm-none-eabi/4.8.2/../../../arm-none-eabi/lib/armv7-m/libm.a(lib_a-s_copysign.o)
 .ARM.attributes