Archive member included because of file (symbol)

/usr/lib/gcc/arm-none-eabi/4.8.2/../../../arm-none-eabi/lib/armv7-m/libc.a(lib_a-atoi.o)
                              obj/NAZE/cli.o (symbol from plugin) (atoi)
/usr/lib/gcc/arm-none-eabi/4.8.2/../../../arm-none-eabi/lib/armv7-m/libc.a(lib_a-ctype_.o)
                              obj/NAZE/cli.o (symbol from plugin) (__ctype_ptr__)
/usr/lib/gcc/arm-none-eabi/4.8.2/../../../arm-none-eabi/lib/armv7-m/libc.a(lib_a-strtol.o)
                              /usr/lib/gcc/arm-none-eabi/4.8.2/../../../arm-none-eabi/lib/armv7-m/libc.a(lib_a-atoi.o) (_strtol_r)
/usr/lib/gcc/arm-none-eabi/4.8.2/../../../arm-none-eabi/lib/armv7-m/libc.a(lib_a-impure.o)
                              /usr/lib/gcc/arm-none-eabi/4.8.2/../../../arm-none-eabi/lib/armv7-m/libc.a(lib_a-strtol.o) (_impure_ptr)
/usr/lib/gcc/arm-none-eabi/4.8.2/../../../arm-none-eabi/lib/armv7-m/libm.a(lib_a-s_cos.o)
                              /tmp/ccaExoLc.ltrans20.ltrans.o (cos)
/usr/lib/gcc/arm-none-eabi/4.8.2/../../../arm-none-eabi/lib/armv7-m/libm.a(lib_a-s_sin.o)
                              /tmp/ccaExoLc.ltrans20.ltrans.o (sin)
/usr/lib/gcc/arm-none-eabi/4.8.2/../../../arm-none-eabi/lib/armv7-m/libm.a(lib_a-sf_cos.o)
                              /tmp/ccaExoLc.ltrans0.ltrans.o (cosf)
/usr/lib/gcc/arm-none-eabi/4.8.2/../../../arm-none-eabi/lib/armv7-m/libm.a(lib_a-sf_lrint.o)
                              /tmp/ccaExoLc.ltrans0.ltrans.o (lrintf)
/usr/lib/gcc/arm-none-eabi/4.8.2/../../../arm-none-eabi/lib/armv7-m/libm.a(lib_a-sf_sin.o)
                              /tmp/ccaExoLc.ltrans0.ltrans.o (sinf)
/usr/lib/gcc/arm-none-eabi/4.8.2/../../../arm-none-eabi/lib/armv7-m/libm.a(lib_a-wf_acos.o)
                              /tmp/ccaExoLc.ltrans1.ltrans.o (acosf)
/usr/lib/gcc/arm-none-eabi/4.8.2/../../../arm-none-eabi/lib/armv7-m/libm.a(lib_a-wf_atan2.o)
                              /tmp/ccaExoLc.ltrans1.ltrans.o (atan2f)
/usr/lib/gcc/arm-none-eabi/4.8.2/../../../arm-none-eabi/lib/armv7-m/libm.a(lib_a-wf_pow.o)
                              /tmp/ccaExoLc.ltrans21.ltrans.o (powf)
/usr/lib/gcc/arm-none-eabi/4.8.2/../../../arm-none-eabi/lib/armv7-m/libm.a(lib_a-wf_sqrt.o)
                              /tmp/ccaExoLc.ltrans1.ltrans.o (sqrtf)
/usr/lib/gcc/arm-none-eabi/4.8.2/../../../arm-none-eabi/lib/armv7-m/libm.a(lib_a-e_rem_pio2.o)
                              /usr/lib/gcc/arm-none-eabi/4.8.2/../../../arm-none-eabi/lib/armv7-m/libm.a(lib_a-s_cos.o) (__ieee754_rem_pio2)
/usr/lib/gcc/arm-none-eabi/4.8.2/../../../arm-none-eabi/lib/armv7-m/libm.a(lib_a-ef_acos.o)
                              /usr/lib/gcc/arm-none-eabi/4.8.2/../../../arm-none-eabi/lib/armv7-m/libm.a(lib_a-wf_acos.o) (__ieee754_acosf)
/usr/lib/gcc/arm-none-eabi/4.8.2/../../../arm-none-eabi/lib/armv7-m/libm.a(lib_a-ef_atan2.o)
                              /usr/lib/gcc/arm-none-eabi/4.8.2/../../../arm-none-eabi/lib/armv7-m/libm.a(lib_a-wf_atan2.o) (__ieee754_atan2f)
/usr/lib/gcc/arm-none-eabi/4.8.2/../../../arm-none-eabi/lib/armv7-m/libm.a(lib_a-ef_pow.o)
                              /usr/lib/gcc/arm-none-eabi/4.8.2/../../../arm-none-eabi/lib/armv7-m/libm.a(lib_a-wf_pow.o) (__ieee754_powf)
/usr/lib/gcc/arm-none-eabi/4.8.2/../../../arm-none-eabi/lib/armv7-m/libm.a(lib_a-ef_rem_pio2.o)
                              /usr/lib/gcc/arm-none-eabi/4.8.2/../../../arm-none-eabi/lib/armv7-m/libm.a(lib_a-sf_cos.o) (__ieee754_rem_pio2f)
/usr/lib/gcc/arm-none-eabi/4.8.2/../../../arm-none-eabi/lib/armv7-m/libm.a(lib_a-ef_sqrt.o)
                              /usr/lib/gcc/arm-none-eabi/4.8.2/../../../arm-none-eabi/lib/armv7-m/libm.a(lib_a-wf_sqrt.o) (__ieee754_sqrtf)
/usr/lib/gcc/arm-none-eabi/4.8.2/../../../arm-none-eabi/lib/armv7-m/libm.a(lib_a-k_cos.o)
                              /usr/lib/gcc/arm-none-eabi/4.8.2/../../../arm-none-eabi/lib/armv7-m/libm.a(lib_a-s_cos.o) (__kernel_cos)
/usr/lib/gcc/arm-none-eabi/4.8.2/../../../arm-none-eabi/lib/armv7-m/libm.a(lib_a-k_rem_pio2.o)
                              /usr/lib/gcc/arm-none-eabi/4.8.2/../../../arm-none-eabi/lib/armv7-m/libm.a(lib_a-e_rem_pio2.o) (__kernel_rem_pio2)
/usr/lib/gcc/arm-none-eabi/4.8.2/../../../arm-none-eabi/lib/armv7-m/libm.a(lib_a-k_sin.o)
                              /usr/lib/gcc/arm-none-eabi/4.8.2/../../../arm-none-eabi/lib/armv7-m/libm.a(lib_a-s_cos.o) (__kernel_sin)
/usr/lib/gcc/arm-none-eabi/4.8.2/../../../arm-none-eabi/lib/armv7-m/libm.a(lib_a-kf_cos.o)
                              /usr/lib/gcc/arm-none-eabi/4.8.2/../../../arm-none-eabi/lib/armv7-m/libm.a(lib_a-sf_cos.o) (__kernel_cosf)
/usr/lib/gcc/arm-none-eabi/4.8.2/../../../arm-none-eabi/lib/armv7-m/libm.a(lib_a-kf_rem_pio2.o)
                              /usr/lib/gcc/arm-none-eabi/4.8.2/../../../arm-none-eabi/lib/armv7-m/libm.a(lib_a-ef_rem_pio2.o) (__kernel_rem_pio2f)
/usr/lib/gcc/arm-none-eabi/4.8.2/../../../arm-none-eabi/lib/armv7-m/libm.a(lib_a-kf_sin.o)
[...]
Memory Configuration

Name             Origin             Length             Attributes
FLASH            0x0000000008000000 0x000000000001f800 xr
RAM              0x0000000020000000 0x0000000000005000 xrw
MEMORY_B1        0x0000000060000000 0x0000000000000000 xr
*default*        0x0000000000000000 0xffffffffffffffff

Linker script and memory map

LOAD obj/NAZE/drv_adc.o
LOAD /tmp/ccaExoLc.ltrans0.ltrans.o
LOAD /tmp/ccaExoLc.ltrans1.ltrans.o
LOAD /tmp/ccaExoLc.ltrans2.ltrans.o
LOAD /tmp/ccaExoLc.ltrans3.ltrans.o
LOAD /tmp/ccaExoLc.ltrans4.ltrans.o
LOAD /tmp/ccaExoLc.ltrans5.ltrans.o
LOAD /tmp/ccaExoLc.ltrans6.ltrans.o
LOAD /tmp/ccaExoLc.ltrans7.ltrans.o
LOAD /tmp/ccaExoLc.ltrans8.ltrans.o
LOAD /tmp/ccaExoLc.ltrans9.ltrans.o
LOAD /tmp/ccaExoLc.ltrans10.ltrans.o
LOAD /tmp/ccaExoLc.ltrans11.ltrans.o
LOAD /tmp/ccaExoLc.ltrans12.ltrans.o
LOAD /tmp/ccaExoLc.ltrans13.ltrans.o
LOAD /tmp/ccaExoLc.ltrans14.ltrans.o
LOAD /tmp/ccaExoLc.ltrans15.ltrans.o
LOAD /tmp/ccaExoLc.ltrans16.ltrans.o
LOAD /tmp/ccaExoLc.ltrans17.ltrans.o
LOAD /tmp/ccaExoLc.ltrans18.ltrans.o
LOAD /tmp/ccaExoLc.ltrans19.ltrans.o
LOAD /tmp/ccaExoLc.ltrans20.ltrans.o
LOAD /tmp/ccaExoLc.ltrans21.ltrans.o
LOAD /tmp/ccaExoLc.ltrans22.ltrans.o
LOAD /tmp/ccaExoLc.ltrans23.ltrans.o
LOAD /tmp/ccaExoLc.ltrans24.ltrans.o
LOAD /tmp/ccaExoLc.ltrans25.ltrans.o
LOAD /tmp/ccaExoLc.ltrans26.ltrans.o
LOAD /tmp/ccaExoLc.ltrans27.ltrans.o
LOAD /tmp/ccaExoLc.ltrans28.ltrans.o
LOAD obj/NAZE/drv_adxl345.o
LOAD obj/NAZE/drv_ak8975.o
LOAD obj/NAZE/drv_bma280.o
LOAD obj/NAZE/drv_bmp280.o
LOAD obj/NAZE/drv_hcsr04.o
LOAD obj/NAZE/drv_hmc5883l.o
LOAD obj/NAZE/drv_qmc5883.o
LOAD obj/NAZE/drv_ledring.o
LOAD obj/NAZE/drv_mma845x.o
LOAD obj/NAZE/drv_mpu.o
LOAD obj/NAZE/drv_l3g4200d.o
LOAD obj/NAZE/drv_pwm.o
LOAD obj/NAZE/drv_spi.o
LOAD obj/NAZE/drv_timer.o
LOAD obj/NAZE/gps.o
LOAD obj/NAZE/drv_softserial.o
LOAD obj/NAZE/telemetry_common.o
LOAD obj/NAZE/telemetry_frsky.o
LOAD obj/NAZE/telemetry_hott.o
LOAD obj/NAZE/buzzer.o
LOAD obj/NAZE/cli.o
LOAD obj/NAZE/config.o
LOAD obj/NAZE/imu.o
LOAD obj/NAZE/main.o
LOAD obj/NAZE/mixer.o
LOAD obj/NAZE/mw.o
LOAD obj/NAZE/link_driver.o
LOAD obj/NAZE/sensors.o
LOAD obj/NAZE/serial.o
LOAD obj/NAZE/rxmsp.o
LOAD obj/NAZE/drv_gpio.o
LOAD obj/NAZE/drv_i2c.o
LOAD obj/NAZE/drv_i2c_soft.o
LOAD obj/NAZE/drv_system.o
LOAD obj/NAZE/drv_serial.o
LOAD obj/NAZE/drv_spektrum.o
LOAD obj/NAZE/drv_uart.o
LOAD obj/NAZE/printf.o
LOAD obj/NAZE/utils.o
LOAD obj/NAZE/fw_nav.o
LOAD obj/NAZE/ibus.o
LOAD obj/NAZE/sbus.o
LOAD obj/NAZE/sumd.o
LOAD obj/NAZE/spektrum.o
LOAD obj/NAZE/pif.o
LOAD obj/NAZE/pif_comm.o
LOAD obj/NAZE/pif_i2c.o
LOAD obj/NAZE/pif_list.o
LOAD obj/NAZE/pif_log.o
LOAD obj/NAZE/pif_ring_buffer.o
LOAD obj/NAZE/pif_task.o
LOAD obj/NAZE/pif_timer.o
LOAD obj/NAZE/pif_noise_filter.o
LOAD obj/NAZE/pif_noise_filter_int32.o
LOAD obj/NAZE/pif_gps.o
LOAD obj/NAZE/pif_gps_ublox.o
LOAD obj/NAZE/pif_msp.o
LOAD obj/NAZE/pif_rc.o
LOAD obj/NAZE/pif_rc_ibus.o
LOAD obj/NAZE/pif_rc_ppm.o
LOAD obj/NAZE/pif_rc_pwm.o
LOAD obj/NAZE/pif_rc_sbus.o
LOAD obj/NAZE/pif_rc_spektrum.o
LOAD obj/NAZE/pif_rc_sumd.o
LOAD obj/NAZE/pif_bmp280.o
LOAD obj/NAZE/pif_hc_sr04.o
LOAD obj/NAZE/pif_hmc5883.o
LOAD obj/NAZE/pif_qmc5883.o
LOAD obj/NAZE/pif_imu_sensor.o
LOAD obj/NAZE/pif_mpu30x0.o
LOAD obj/NAZE/pif_mpu60x0.o
LOAD obj/NAZE/pif_mpu6500.o
LOAD obj/NAZE/pif_buzzer.o
LOAD obj/NAZE/pif_storage.o
LOAD obj/NAZE/pif_storage_var.o
LOAD obj/NAZE/startup_stm32f10x_md_gcc.o
LOAD obj/NAZE/core_cm3.o
LOAD obj/NAZE/system_stm32f10x.o
LOAD obj/NAZE/misc.o
LOAD obj/NAZE/stm32f10x_adc.o
LOAD obj/NAZE/stm32f10x_bkp.o
LOAD obj/NAZE/stm32f10x_can.o
LOAD obj/NAZE/stm32f10x_cec.o
LOAD obj/NAZE/stm32f10x_crc.o
LOAD obj/NAZE/stm32f10x_dac.o
LOAD obj/NAZE/stm32f10x_dbgmcu.o
LOAD obj/NAZE/stm32f10x_dma.o
LOAD obj/NAZE/stm32f10x_exti.o
LOAD obj/NAZE/stm32f10x_flash.o
LOAD obj/NAZE/stm32f10x_fsmc.o
LOAD obj/NAZE/stm32f10x_gpio.o
LOAD obj/NAZE/stm32f10x_i2c.o
LOAD obj/NAZE/stm32f10x_iwdg.o
LOAD obj/NAZE/stm32f10x_pwr.o
LOAD obj/NAZE/stm32f10x_rcc.o
LOAD obj/NAZE/stm32f10x_rtc.o
LOAD obj/NAZE/stm32f10x_sdio.o
LOAD obj/NAZE/stm32f10x_spi.o
LOAD obj/NAZE/stm32f10x_tim.o
LOAD obj/NAZE/stm32f10x_usart.o
LOAD obj/NAZE/stm32f10x_wwdg.o
LOAD /usr/lib/gcc/arm-none-eabi/4.8.2/../../../arm-none-eabi/lib/armv7-m/libm.a
LOAD /usr/lib/gcc/arm-none-eabi/4.8.2/../../../arm-none-eabi/lib/armv7-m/libc.a
LOAD /usr/lib/gcc/arm-none-eabi/4.8.2/../../../arm-none-eabi/lib/armv7-m/libnosys.a
START GROUP
LOAD /usr/lib/gcc/arm-none-eabi/4.8.2/armv7-m/libgcc.a
LOAD /usr/lib/gcc/arm-none-eabi/4.8.2/../../../arm-none-eabi/lib/armv7-m/libc.a
END GROUP
                0x0000000020005000                _estack = 0x20005000
                0x0000000000000000                _Min_Heap_Size = 0x0
                0x0000000000000400                _Min_Stack_Size = 0x400

.isr_vector     0x0000000008000000      0x10c
                0x0000000008000000                . = ALIGN (0x4)
 *(.isr_vector)
 .isr_vector    0x0000000008000000      0x10c obj/NAZE/startup_stm32f10x_md_gcc.o
                0x0000000008000000                g_pfnVectors
                0x000000000800010c                . = ALIGN (0x4)

.text           0x0000000008000110    0x1b100
                0x0000000008000110                . = ALIGN (0x4)
 *(.text)
 .text          0x0000000008000110     0x1de8 /tmp/ccaExoLc.ltrans1.ltrans.o
                0x0000000008000110                taskComputeImu
 .text          0x0000000008001ef8     0x10c0 /tmp/ccaExoLc.ltrans2.ltrans.o
                0x0000000008001ef8                evtMspReceive.12508
 .text          0x0000000008002fb8      0xa08 /tmp/ccaExoLc.ltrans3.ltrans.o
                0x0000000008002fb8                taskComputeRc
 .text          0x00000000080039c0      0x900 /tmp/ccaExoLc.ltrans4.ltrans.o
                0x00000000080039c0                taskLedState
 .text          0x00000000080042c0      0xb08 /tmp/ccaExoLc.ltrans5.ltrans.o
                0x0000000008004336                _doTask.15991
                0x0000000008004446                spektrumReadRawRC.15525
                0x0000000008004470                sumdReadRawRC.15202
                0x0000000008004488                sbusReadRawRC.14884
                0x00000000080044a0                ibusReadRawRC.14568
                0x00000000080044b8                micros
                0x00000000080044ec                beepRev5.13397
                0x0000000008004500                actStorageRead
                0x0000000008004516                _setParam.16985
                0x0000000008004620                _resetTable.16973
                0x000000000800464c                pifRingBuffer_Clear
                0x0000000008004664                pifRingBuffer_BeginPutting
                0x0000000008004674                serialTotalBytesWaiting
                0x000000000800468a                pifRingBuffer_GetFillSize
                0x000000000800469c                pifRingBuffer_Remove
                0x0000000008004742                pifRingBuffer_PutString
                0x00000000080047a0                pifRingBuffer_PutData
                0x0000000008004826                pifRingBuffer_PutByte
                0x0000000008004860                pifFixList_AddFirst
                0x000000000800488e                pifFixList_Remove
                0x00000000080048be                pifI2cPort_RemoveDevice
                0x00000000080048c6                pifCrc16
                0x0000000008004906                pif_DecToString
                0x0000000008004992                pif_PrintFormat
                0x0000000008004ba8                pif_Printf
                0x0000000008004bc6                pif_Delay1us
                0x0000000008004be4                pif_Delay1ms
                0x0000000008004bf8                alignSensors
                0x0000000008004d78                serialSetMode
                0x0000000008004d84                serialSetBaudRate
                0x0000000008004d9a                actLed0Toggle
                0x0000000008004dac                systemBeep
                0x0000000008004dbc                actBuzzerAction
 .text          0x0000000008004dc8      0x7c0 /tmp/ccaExoLc.ltrans6.ltrans.o
                0x0000000008004dc8                _EvtPrintFrame.6863
                0x0000000008004dd8                hmc5883lDetect
                0x0000000008004e30                pifQmc5883_ReadMag
                0x0000000008004e8c                bmp280Detect
                0x0000000008004f7c                hcsr04Init
                0x00000000080050cc                i2c_ev_handler.13080
                0x00000000080053a8                blinkLED
                0x00000000080053ea                ECHO_EXTI_IRQHandler
                0x0000000008005458                configureTimerCaptureCompareInterrupt
                0x0000000008005510                pifMsp_Init.constprop.77
 .text          0x0000000008005588      0x960 /tmp/ccaExoLc.ltrans7.ltrans.o
                0x0000000008005588                cliFeature.9156
                0x0000000008005678                taskGpsNewData
                0x0000000008005dec                cliAux.9176
                0x0000000008005e50                mwDisarm.11250
                0x0000000008005e8c                pifMsp_AddAnswer
 .text          0x0000000008005ee8      0xb08 /tmp/ccaExoLc.ltrans8.ltrans.o
                0x0000000008005ee8                _evtTimerRxTimeout.18360
                0x0000000008005efc                _evtTimerFinish.17501
                0x0000000008005f1e                _processNoiseCancel.17375
                0x000000000800602c                _processAverage.17367
                0x0000000008006074                _doTask.17203
                0x00000000080060fc                _processingRatio.16990
                0x0000000008006134                _checksumUbx.18036
                0x000000000800616a                pifGps_SendEvent
                0x0000000008006190                pifTimer_Stop
                0x00000000080061a6                pifTaskManager_Remove
                0x00000000080061ec                pifTaskManager_Add
                0x000000000800628c                pifTask_SetTrigger
                0x00000000080062b8                _evtParsing.18363
                0x0000000008006400                _evtParsing.16538
                0x00000000080065f8                pifComm_PutRxByte
                0x0000000008006622                evtBaroRead.12047
                0x000000000800668c                _evtRcReceive.5936
                0x00000000080066b0                pifTask_ChangePeriod
                0x00000000080066dc                pifTask_ChangeMode
                0x000000000800672c                _checkLoopTime.16996
                0x0000000008006790                _processingTask.16993
                0x000000000800683c                pifTaskManager_Yield
 .text          0x00000000080069f0      0xc70 /tmp/ccaExoLc.ltrans9.ltrans.o
                0x0000000008006dec                hmc5883lRead.4894
                0x0000000008006e00                failureMode
                0x0000000008006e44                readEEPROM
                0x0000000008006ea4                writeEEPROM
                0x0000000008006f44                taskMagGetAdc
                0x0000000008007094                cliProfile.9182
                0x00000000080070d4                checkFirstTime
                0x000000000800748c                l3g4200dInit.5832
                0x00000000080074d0                mpuDetect
 .text          0x0000000008007660      0x8dc /tmp/ccaExoLc.ltrans10.ltrans.o
                0x0000000008007660                TIM_ICInit.constprop.121
                0x0000000008007884                _processRcPwm.18865.constprop.119
                0x0000000008007964                pifTimerManager_Add.constprop.102
                0x000000000800797c                pifGpsUblox_SendUbxMsg.constprop.98
                0x0000000008007a5c                pifRingBuffer_InitHeap.constprop.90
                0x0000000008007aac                pifRingBuffer_CreateHeap.constprop.85
                0x0000000008007ae4                serialWrite
                0x0000000008007b18                _putc.10332
                0x0000000008007b24                sendDataHead.8095
                0x0000000008007b40                sendTelemetryTail.8098
                0x0000000008007b7c                serialize16.8105
                0x0000000008007b90                pifRingBuffer_CopyToArray.constprop.73
                0x0000000008007bcc                pifBuzzer_Start.constprop.69
                0x0000000008007bec                _printLog.16549
                0x0000000008007c28                pifLog_Printf.constprop.66
                0x0000000008007c50                pifLog_CmdPrintVersion
                0x0000000008007c74                pifLog_CmdSetStatus
                0x0000000008007d50                cliVersion.9132
                0x0000000008007d64                ftoa.9199
                0x0000000008007e38                cliPrintVar.9203
                0x0000000008007ee0                pifFixList_Init.part.1.16401
 .text          0x0000000008007f3c      0x77c /tmp/ccaExoLc.ltrans11.ltrans.o
                0x0000000008007f3c                actUartStartTransfer
                0x0000000008007f5c                featureDefault.10337
                0x0000000008007f6c                _evtGpsTimeout.6835
                0x0000000008008180                cliMap.9152
                0x0000000008008260                cliGpsPassthrough.9188
                0x00000000080082cc                pwmOutConfig.6022
                0x000000000800856c                hottV4Respond.8587
                0x00000000080085c4                initialiseSoftSerial
 .text          0x00000000080086b8      0xa44 /tmp/ccaExoLc.ltrans12.ltrans.o
                0x00000000080086b8                _doTask.20708
                0x0000000008008742                mpuAccInit.5540
                0x000000000800874a                mpuGyroInit.5548
                0x0000000008008752                _evtParsing.19136
                0x0000000008008844                _evtParsing.18998
                0x0000000008008ba4                mpuAccRead.5544
                0x0000000008008bf2                mpuGyroRead.5552
                0x0000000008008c3c                _doTask.19554
                0x0000000008008c70                _evtParsing.19273
                0x0000000008008d70                _evtParsing.18652
                0x0000000008008f58                _writeData.20981
                0x0000000008008f96                _readData.20974
                0x0000000008008fd2                _getNewDataNode.20971
                0x0000000008008ffc                pifImuSensor_ReadRawMag.part.4.19988
                0x0000000008009040                qmc5883lRead.5074
                0x0000000008009052                _changeGain.isra.0.19706
                0x00000000080090a4                pifRc_CheckFailSafe
                0x00000000080090cc                pifMsp_ReadData32
                0x00000000080090ea                pifMsp_ReadData16
 .text          0x00000000080090fc      0x6c0 /tmp/ccaExoLc.ltrans13.ltrans.o
                0x00000000080090fc                cliMixer.9136
                0x00000000080091c8                pifLog_CmdPrintTask
                0x0000000008009298                pifLog_CmdHelp
                0x00000000080092dc                _evtSpektrumReceive.15520
                0x0000000008009328                _evtSumdReceive.15197
                0x000000000800936c                _evtSbusReceive.14879
                0x00000000080093b0                _evtIbusReceive.14563
                0x00000000080093f4                i2cInit
                0x00000000080095d0                mixerResetMotors
                0x0000000008009600                pifMsp_AddAnswer8
                0x000000000800964c                pifMsp_MakeError
                0x00000000080096b0                spiTransfer.part.2.6259
                0x00000000080096f0                mpuReadRegisterSPI.5566
                0x0000000008009724                timerConfigure
                0x0000000008009758                pwmInConfig.6051
 .text          0x00000000080097bc      0x5dc /tmp/ccaExoLc.ltrans14.ltrans.o
                0x00000000080097bc                uartOpen
                0x0000000008009b46                serialInit.constprop.76
                0x0000000008009cdc                checkTelemetryState.part.2.7691
 .text          0x0000000008009d98      0xa68 /tmp/ccaExoLc.ltrans15.ltrans.o
                0x0000000008009d98                TIM_GetCapture4
                0x0000000008009da0                TIM_GetCapture3
                0x0000000008009da6                TIM_GetCapture2
                0x0000000008009dac                TIM_GetCapture1
                0x0000000008009dfe                actStorageWrite
                0x0000000008009eec                pifStorageVar_IsFormat
                0x0000000008009ef2                _doTask.16535
                0x0000000008009ff8                pifStorageVar_Write
                0x000000000800a020                pifStorageVar_Open
                0x000000000800a074                pifStorageVar_Delete
                0x000000000800a11c                pifStorageVar_Format
                0x000000000800a1f0                pifStorageVar_Read
                0x000000000800a21c                pifStorageVar_Create
                0x000000000800a380                _convertString2Float.17508.constprop.4
                0x000000000800a448                _convertString2Interger.17511.constprop.3
                0x000000000800a488                _convertString2Degrees.17514.constprop.2
                0x000000000800a54c                _convertString2Time.17524.constprop.0
                0x000000000800a5b8                timCCxHandler.6363
                0x000000000800a604                RCC_GetClocksFreq
                0x000000000800a69c                USART_Init
                0x000000000800a748                actCommSetBaudRate
                0x000000000800a7a0                RCC_APB1PeriphResetCmd.part.6.22915
                0x000000000800a7b0                NVIC_Init.part.0.21216
 .text          0x000000000800a800      0x54c /tmp/ccaExoLc.ltrans16.ltrans.o
                0x000000000800a800                cliCMix.9218
                0x000000000800aa64                cliDump.9214
 *fill*         0x000000000800ad4c        0x4 
 .text          0x000000000800ad50      0xd80 /tmp/ccaExoLc.ltrans17.ltrans.o
                0x000000000800ad50                beepRev4.13394
                0x000000000800ad64                mspReadRawRC.12974
                0x000000000800ad70                getSonarDistanceFilter.12028
                0x000000000800adc0                getSonarDistance.12025
                0x000000000800adf4                pwmReadRawRC
                0x000000000800ae0c                _evtBuzzerFinish.8799
                0x000000000800ae18                softSerialWriteByte
                0x000000000800ae36                softSerialTotalBytesWaiting
                0x000000000800ae5a                softSerialReadByte
                0x000000000800ae8a                isSoftSerialTransmitBufferEmpty
                0x000000000800ae96                softSerialSetMode
                0x000000000800ae9a                _evtGpsUbxReceive.6841
                0x000000000800afa4                _evtGpsNmeaReceive.6831
                0x000000000800b078                pwmWriteSyncPwm.5957
                0x000000000800b0a8                pwmWriteStandard.5953
                0x000000000800b0b8                pwmWriteBrushed.5949
                0x000000000800b0dc                dummyRead.5533
                0x000000000800b0e0                dummyInit.5529
                0x000000000800b0e4                _actHcSr04Trigger.4732
                0x000000000800b108                gpioInit
                0x000000000800b17a                loadCustomServoMixer
                0x000000000800b1c8                writeMotors
                0x000000000800b204                rotateV
                0x000000000800b374                calculateHeading.9780
                0x000000000800b470                applyDeadband
                0x000000000800b48e                parseRcChannels
                0x000000000800b4c0                validEEPROM.9667
                0x000000000800b534                sensorsSet
                0x000000000800b544                _atof.9112
                0x000000000800b670                i2a.9107
                0x000000000800b698                applyChangedBits
                0x000000000800b6c2                setTxSignal
                0x000000000800b6e2                GPS_distance_cm_bearing.isra.3.6885
                0x000000000800b768                GPS_calc_longitude_scaling.6860
                0x000000000800b7a4                GPS_reset_home_position
                0x000000000800b7f4                wrap_18000
                0x000000000800b818                gpsSetPIDs
                0x000000000800b8f8                activateConfig
                0x000000000800b9d8                gpsSetState.6838
                0x000000000800b9f4                spiTransferByte
                0x000000000800ba28                spiSelect
                0x000000000800ba48                mpuWriteRegisterSPI.5562
                0x000000000800ba6a                actPwmWriteServo
                0x000000000800ba88                failsafeCheck.6038
 .text          0x000000000800bad0      0x3fc /tmp/ccaExoLc.ltrans18.ltrans.o
                0x000000000800bad0                cliMotor.9170
                0x000000000800bb54                cliServoMix.9140
 .text          0x000000000800becc      0x8c8 /tmp/ccaExoLc.ltrans19.ltrans.o
                0x000000000800becc                cliStatus.9268
                0x000000000800c114                l3g4200dDetect
                0x000000000800c184                mpuReadRegisterI2C.5575
                0x000000000800c208                mma8452Detect
                0x000000000800c2c0                bma280Detect
                0x000000000800c308                ak8975detect
                0x000000000800c434                adxl345Detect
                0x000000000800c498                actI2cRead
                0x000000000800c52c                actI2cWrite
                0x000000000800c53c                i2cWrite
                0x000000000800c6fc                mpuWriteRegisterI2C.5571
                0x000000000800c706                i2c_er_handler.13091
 *fill*         0x000000000800c794        0x4 
 .text          0x000000000800c798      0x778 /tmp/ccaExoLc.ltrans20.ltrans.o
                0x000000000800c798                _actReceiveData.15987
                0x000000000800c7c4                _evtSending.18367
                0x000000000800c862                _evtSending
                0x000000000800c91a                qmc5883lInit.5143
                0x000000000800c9dc                pwmCallback.5941
                0x000000000800ca84                softSerialSetBaudRate
                0x000000000800cac0                mpu6050Init.5556
                0x000000000800cce8                pifMsp_AddAnswer16
                0x000000000800cd3c                pifMsp_AddAnswer32
                0x000000000800cd9c                GPS_set_next_wp
 .text          0x000000000800cf10      0xbfc /tmp/ccaExoLc.ltrans21.ltrans.o
                0x000000000800cf10                pidMultiWii.11244
                0x000000000800d17c                pidRewrite.11246
                0x000000000800d300                hmc5883lInit.4961
                0x000000000800d560                _evtGpsReceive.6907
                0x000000000800d5e8                taskGetEstimatedAltitude
                0x000000000800da88                _evtSending.16542
                0x000000000800daca                pifComm_GetTxByte
 .text          0x000000000800db0c      0x94c /tmp/ccaExoLc.ltrans22.ltrans.o
                0x000000000800dba8                _evtHcSr04Distance.4735
                0x000000000800dc8c                ppmCallback.5945
                0x000000000800dd94                pifI2cDevice_ReadRegByte
                0x000000000800dd98                pifI2cDevice_ReadRegBytes
                0x000000000800dd9a                pifHmc5883_ReadMag
                0x000000000800de28                qmc5883Detect
                0x000000000800de80                pifMpu6500_ReadGyro
                0x000000000800deea                pifMpu6500_ReadAccel
                0x000000000800df54                pifMpu60x0_ReadGyro
                0x000000000800dfbe                pifMpu60x0_ReadAccel
                0x000000000800e028                pifMpu30x0_ReadGyro
                0x000000000800e08c                pifI2cDevice_ReadRegBit8
                0x000000000800e0ba                pifI2cDevice_WriteRegBit8
                0x000000000800e128                pifHmc5883_SetGain.constprop.155
                0x000000000800e150                pifI2cPort_AddDevice.constprop.169
                0x000000000800e170                pifI2cDevice_WriteRegByte
                0x000000000800e184                _doTask.19416
                0x000000000800e380                configTimeBase
                0x000000000800e428                pwmICConfig
 .text          0x000000000800e458      0x2e0 /tmp/ccaExoLc.ltrans23.ltrans.o
                0x000000000800e458                cliServo.9144
                0x000000000800e5c8                cliSet.9210
 .text          0x000000000800e738      0x528 /tmp/ccaExoLc.ltrans24.ltrans.o
                0x000000000800e738                pifGps_ParsingNmea
 .text          0x000000000800ec60      0x3e8 /tmp/ccaExoLc.ltrans25.ltrans.o
                0x000000000800ec60                taskLoop
                0x000000000800f010                TIM4_IRQHandler
                0x000000000800f01c                TIM3_IRQHandler
                0x000000000800f028                TIM2_IRQHandler
                0x000000000800f032                TIM1_CC_IRQHandler
                0x000000000800f040                EXTI9_5_IRQHandler
                0x000000000800f044                EXTI1_IRQHandler
 .text          0x000000000800f048      0x480 /tmp/ccaExoLc.ltrans26.ltrans.o
                0x000000000800f048                _evtParsing.18028
                0x000000000800f398                rccWriteBkpDr.constprop.64
                0x000000000800f3c8                evtMspOtherPacket.12513
                0x000000000800f414                cliSave.9148
                0x000000000800f454                cliExit.9160
                0x000000000800f48c                cliDefaults.9164
 .text          0x000000000800f4c8      0x32c /tmp/ccaExoLc.ltrans27.ltrans.o
                0x000000000800f4c8                SystemInit
                0x000000000800f514                USART3_IRQHandler
                0x000000000800f578                USART2_IRQHandler
                0x000000000800f5d4                USART1_IRQHandler
                0x000000000800f62c                SysTick_Handler
                0x000000000800f7b8                I2C2_ER_IRQHandler
                0x000000000800f7bc                I2C1_ER_IRQHandler
                0x000000000800f7c0                I2C2_EV_IRQHandler
                0x000000000800f7c4                I2C1_EV_IRQHandler
                0x000000000800f7c8                HardFault_Handler
 .text          0x000000000800f7f4       0x94 /tmp/ccaExoLc.ltrans28.ltrans.o
                0x000000000800f7f4                mwArm.11263
 .text          0x000000000800f888       0xec /usr/lib/gcc/arm-none-eabi/4.8.2/../../../arm-none-eabi/lib/armv7-m/libc.a(lib_a-memcpy.o)
                0x000000000800f888                memcpy
 .text          0x000000000800f974      0x370 /usr/lib/gcc/arm-none-eabi/4.8.2/armv7-m/libgcc.a(_arm_addsubdf3.o)
                0x000000000800f974                __aeabi_drsub
                0x000000000800f97c                __aeabi_dsub
                0x000000000800f97c                __subdf3
                0x000000000800f980                __adddf3
                0x000000000800f980                __aeabi_dadd
                0x000000000800fbf8                __aeabi_ui2d
                0x000000000800fbf8                __floatunsidf
                0x000000000800fc18                __floatsidf
                0x000000000800fc18                __aeabi_i2d
                0x000000000800fc3c                __extendsfdf2
                0x000000000800fc3c                __aeabi_f2d
                0x000000000800fc78                __aeabi_ul2d
                0x000000000800fc78                __floatundidf
                0x000000000800fc88                __floatdidf
                0x000000000800fc88                __aeabi_l2d
 .text          0x000000000800fce4      0x424 /usr/lib/gcc/arm-none-eabi/4.8.2/armv7-m/libgcc.a(_arm_muldivdf3.o)
                0x000000000800fce4                __aeabi_dmul
                0x000000000800fce4                __muldf3
                0x000000000800ff38                __aeabi_ddiv
                0x000000000800ff38                __divdf3
 .text          0x0000000008010108      0x110 /usr/lib/gcc/arm-none-eabi/4.8.2/armv7-m/libgcc.a(_arm_cmpdf2.o)
                0x0000000008010108                __gtdf2
                0x0000000008010108                __gedf2
                0x0000000008010110                __ltdf2
                0x0000000008010110                __ledf2
                0x0000000008010118                __cmpdf2
                0x0000000008010118                __eqdf2
                0x0000000008010118                __nedf2
                0x0000000008010194                __aeabi_cdrcmple
                0x00000000080101a4                __aeabi_cdcmple
                0x00000000080101a4                __aeabi_cdcmpeq
                0x00000000080101b4                __aeabi_dcmpeq
                0x00000000080101c8                __aeabi_dcmplt
                0x00000000080101dc                __aeabi_dcmple
                0x00000000080101f0                __aeabi_dcmpge
                0x0000000008010204                __aeabi_dcmpgt
 .text          0x0000000008010218       0x50 /usr/lib/gcc/arm-none-eabi/4.8.2/armv7-m/libgcc.a(_arm_fixdfsi.o)
                0x0000000008010218                __fixdfsi
                0x0000000008010218                __aeabi_d2iz
 .text          0x0000000008010268       0x40 /usr/lib/gcc/arm-none-eabi/4.8.2/armv7-m/libgcc.a(_arm_fixunsdfsi.o)
                0x0000000008010268                __fixunsdfsi
                0x0000000008010268                __aeabi_d2uiz
 .text          0x00000000080102a8       0xa0 /usr/lib/gcc/arm-none-eabi/4.8.2/armv7-m/libgcc.a(_arm_truncdfsf2.o)
                0x00000000080102a8                __aeabi_d2f
                0x00000000080102a8                __truncdfsf2
 .text          0x0000000008010348      0x21c /usr/lib/gcc/arm-none-eabi/4.8.2/armv7-m/libgcc.a(_arm_addsubsf3.o)
                0x0000000008010348                __aeabi_frsub
                0x0000000008010350                __subsf3
                0x0000000008010350                __aeabi_fsub
                0x0000000008010354                __aeabi_fadd
                0x0000000008010354                __addsf3
                0x00000000080104b4                __aeabi_ui2f
                0x00000000080104b4                __floatunsisf
                0x00000000080104bc                __aeabi_i2f
                0x00000000080104bc                __floatsisf
                0x00000000080104d8                __floatundisf
                0x00000000080104d8                __aeabi_ul2f
                0x00000000080104e8                __floatdisf
                0x00000000080104e8                __aeabi_l2f
 .text          0x0000000008010564      0x2a0 /usr/lib/gcc/arm-none-eabi/4.8.2/armv7-m/libgcc.a(_arm_muldivsf3.o)
                0x0000000008010564                __mulsf3
                0x0000000008010564                __aeabi_fmul
                0x00000000080106cc                __divsf3
                0x00000000080106cc                __aeabi_fdiv
 .text          0x0000000008010804       0xec /usr/lib/gcc/arm-none-eabi/4.8.2/armv7-m/libgcc.a(_arm_cmpsf2.o)
                0x0000000008010804                __gtsf2
                0x0000000008010804                __gesf2
                0x000000000801080c                __lesf2
                0x000000000801080c                __ltsf2
                0x0000000008010814                __nesf2
                0x0000000008010814                __eqsf2
                0x0000000008010814                __cmpsf2
                0x0000000008010874                __aeabi_cfrcmple
                0x000000000801087c                __aeabi_cfcmple
                0x000000000801087c                __aeabi_cfcmpeq
                0x000000000801088c                __aeabi_fcmpeq
                0x00000000080108a0                __aeabi_fcmplt
                0x00000000080108b4                __aeabi_fcmple
                0x00000000080108c8                __aeabi_fcmpge
                0x00000000080108dc                __aeabi_fcmpgt
 .text          0x00000000080108f0       0x4c /usr/lib/gcc/arm-none-eabi/4.8.2/armv7-m/libgcc.a(_arm_fixsfsi.o)
                0x00000000080108f0                __fixsfsi
                0x00000000080108f0                __aeabi_f2iz
 .text          0x000000000801093c       0x40 /usr/lib/gcc/arm-none-eabi/4.8.2/armv7-m/libgcc.a(_arm_fixunssfsi.o)
                0x000000000801093c                __aeabi_f2uiz
                0x000000000801093c                __fixunssfsi
 .text          0x000000000801097c       0x38 /usr/lib/gcc/arm-none-eabi/4.8.2/armv7-m/libgcc.a(_aeabi_ldivmod.o)
                0x000000000801097c                __aeabi_ldivmod
 .text          0x00000000080109b4       0x60 /usr/lib/gcc/arm-none-eabi/4.8.2/armv7-m/libgcc.a(bpabi.o)
                0x00000000080109b4                __gnu_ldivmod_helper
                0x00000000080109e4                __gnu_uldivmod_helper
 .text          0x0000000008010a14        0x4 /usr/lib/gcc/arm-none-eabi/4.8.2/armv7-m/libgcc.a(_dvmd_tls.o)
                0x0000000008010a14                __aeabi_ldiv0
                0x0000000008010a14                __aeabi_idiv0
 .text          0x0000000008010a18      0x2bc /usr/lib/gcc/arm-none-eabi/4.8.2/armv7-m/libgcc.a(_divdi3.o)
                0x0000000008010a18                __divdi3
 .text          0x0000000008010cd4      0x284 /usr/lib/gcc/arm-none-eabi/4.8.2/armv7-m/libgcc.a(_udivdi3.o)
                0x0000000008010cd4                __udivdi3
 *(.text*)
 .text.startup  0x0000000008010f58     0x1dc8 /tmp/ccaExoLc.ltrans0.ltrans.o
                0x0000000008010f58                main
 .text.unlikely
                0x0000000008012d20       0xbc /tmp/ccaExoLc.ltrans10.ltrans.o
                0x0000000008012d20                _printTime.16553
                0x0000000008012d94                pifNoiseFilterInt32_Init.constprop.54
 .text.Reset_Handler
                0x0000000008012ddc       0xa0 obj/NAZE/startup_stm32f10x_md_gcc.o
                0x0000000008012ddc                Reset_Handler
 .text.Default_Handler
                0x0000000008012e7c        0x2 obj/NAZE/startup_stm32f10x_md_gcc.o
                0x0000000008012e7c                EXTI2_IRQHandler
                0x0000000008012e7c                DebugMon_Handler
                0x0000000008012e7c                PVD_IRQHandler
                0x0000000008012e7c                PendSV_Handler
                0x0000000008012e7c                NMI_Handler
                0x0000000008012e7c                EXTI3_IRQHandler
                0x0000000008012e7c                EXTI0_IRQHandler
                0x0000000008012e7c                UsageFault_Handler
                0x0000000008012e7c                ADC1_2_IRQHandler
                0x0000000008012e7c                SPI1_IRQHandler
                0x0000000008012e7c                TAMPER_IRQHandler
                0x0000000008012e7c                DMA1_Channel4_IRQHandler
                0x0000000008012e7c                RTC_IRQHandler
                0x0000000008012e7c                DMA1_Channel7_IRQHandler
                0x0000000008012e7c                CAN1_RX1_IRQHandler
                0x0000000008012e7c                DMA1_Channel6_IRQHandler
                0x0000000008012e7c                RCC_IRQHandler
                0x0000000008012e7c                TIM1_TRG_COM_IRQHandler
                0x0000000008012e7c                DMA1_Channel1_IRQHandler
                0x0000000008012e7c                Default_Handler
                0x0000000008012e7c                EXTI15_10_IRQHandler
                0x0000000008012e7c                SPI2_IRQHandler
                0x0000000008012e7c                MemManage_Handler
                0x0000000008012e7c                SVC_Handler
                0x0000000008012e7c                DMA1_Channel5_IRQHandler
                0x0000000008012e7c                EXTI4_IRQHandler
                0x0000000008012e7c                USB_LP_CAN1_RX0_IRQHandler
                0x0000000008012e7c                USB_HP_CAN1_TX_IRQHandler
                0x0000000008012e7c                DMA1_Channel3_IRQHandler
                0x0000000008012e7c                TIM1_UP_IRQHandler
                0x0000000008012e7c                WWDG_IRQHandler
                0x0000000008012e7c                TIM1_BRK_IRQHandler
                0x0000000008012e7c                RTCAlarm_IRQHandler
                0x0000000008012e7c                DMA1_Channel2_IRQHandler
                0x0000000008012e7c                CAN1_SCE_IRQHandler
                0x0000000008012e7c                FLASH_IRQHandler
                0x0000000008012e7c                BusFault_Handler
                0x0000000008012e7c                USBWakeUp_IRQHandler
 *fill*         0x0000000008012e7e        0x2 
 .text.atoi     0x0000000008012e80        0x8 /usr/lib/gcc/arm-none-eabi/4.8.2/../../../arm-none-eabi/lib/armv7-m/libc.a(lib_a-atoi.o)
                0x0000000008012e80                atoi
 .text._strtol_r
                0x0000000008012e88      0x124 /usr/lib/gcc/arm-none-eabi/4.8.2/../../../arm-none-eabi/lib/armv7-m/libc.a(lib_a-strtol.o)
                0x0000000008012e88                _strtol_r
 .text.strtol   0x0000000008012fac       0x1c /usr/lib/gcc/arm-none-eabi/4.8.2/../../../arm-none-eabi/lib/armv7-m/libc.a(lib_a-strtol.o)
                0x0000000008012fac                strtol
 .text.cos      0x0000000008012fc8       0x94 /usr/lib/gcc/arm-none-eabi/4.8.2/../../../arm-none-eabi/lib/armv7-m/libm.a(lib_a-s_cos.o)
                0x0000000008012fc8                cos
 .text.sin      0x000000000801305c       0x98 /usr/lib/gcc/arm-none-eabi/4.8.2/../../../arm-none-eabi/lib/armv7-m/libm.a(lib_a-s_sin.o)
                0x000000000801305c                sin
 .text.cosf     0x00000000080130f4       0x6c /usr/lib/gcc/arm-none-eabi/4.8.2/../../../arm-none-eabi/lib/armv7-m/libm.a(lib_a-sf_cos.o)
                0x00000000080130f4                cosf
 .text.lrintf   0x0000000008013160       0x7c /usr/lib/gcc/arm-none-eabi/4.8.2/../../../arm-none-eabi/lib/armv7-m/libm.a(lib_a-sf_lrint.o)
                0x0000000008013160                lrintf
 .text.sinf     0x00000000080131dc       0x7c /usr/lib/gcc/arm-none-eabi/4.8.2/../../../arm-none-eabi/lib/armv7-m/libm.a(lib_a-sf_sin.o)
                0x00000000080131dc                sinf
 .text.acosf    0x0000000008013258       0xa4 /usr/lib/gcc/arm-none-eabi/4.8.2/../../../arm-none-eabi/lib/armv7-m/libm.a(lib_a-wf_acos.o)
                0x0000000008013258                acosf
 .text.atan2f   0x00000000080132fc        0x4 /usr/lib/gcc/arm-none-eabi/4.8.2/../../../arm-none-eabi/lib/armv7-m/libm.a(lib_a-wf_atan2.o)
                0x00000000080132fc                atan2f
 .text.powf     0x0000000008013300      0x33c /usr/lib/gcc/arm-none-eabi/4.8.2/../../../arm-none-eabi/lib/armv7-m/libm.a(lib_a-wf_pow.o)
                0x0000000008013300                powf
 .text.sqrtf    0x000000000801363c       0xa0 /usr/lib/gcc/arm-none-eabi/4.8.2/../../../arm-none-eabi/lib/armv7-m/libm.a(lib_a-wf_sqrt.o)
                0x000000000801363c                sqrtf
 *fill*         0x00000000080136dc        0x4 
 .text.__ieee754_rem_pio2
                0x00000000080136e0      0x458 /usr/lib/gcc/arm-none-eabi/4.8.2/../../../arm-none-eabi/lib/armv7-m/libm.a(lib_a-e_rem_pio2.o)
                0x00000000080136e0                __ieee754_rem_pio2
 .text.__ieee754_acosf
                0x0000000008013b38      0x36c /usr/lib/gcc/arm-none-eabi/4.8.2/../../../arm-none-eabi/lib/armv7-m/libm.a(lib_a-ef_acos.o)
                0x0000000008013b38                __ieee754_acosf
 .text.__ieee754_atan2f
                0x0000000008013ea4      0x148 /usr/lib/gcc/arm-none-eabi/4.8.2/../../../arm-none-eabi/lib/armv7-m/libm.a(lib_a-ef_atan2.o)
                0x0000000008013ea4                __ieee754_atan2f
 .text.__ieee754_powf
                0x0000000008013fec      0x74c /usr/lib/gcc/arm-none-eabi/4.8.2/../../../arm-none-eabi/lib/armv7-m/libm.a(lib_a-ef_pow.o)
                0x0000000008013fec                __ieee754_powf
 .text.__ieee754_rem_pio2f
                0x0000000008014738      0x34c /usr/lib/gcc/arm-none-eabi/4.8.2/../../../arm-none-eabi/lib/armv7-m/libm.a(lib_a-ef_rem_pio2.o)
                0x0000000008014738                __ieee754_rem_pio2f
 .text.__ieee754_sqrtf
                0x0000000008014a84       0xa8 /usr/lib/gcc/arm-none-eabi/4.8.2/../../../arm-none-eabi/lib/armv7-m/libm.a(lib_a-ef_sqrt.o)
                0x0000000008014a84                __ieee754_sqrtf
 *fill*         0x0000000008014b2c        0x4 
 .text.__kernel_cos
                0x0000000008014b30      0x260 /usr/lib/gcc/arm-none-eabi/4.8.2/../../../arm-none-eabi/lib/armv7-m/libm.a(lib_a-k_cos.o)
                0x0000000008014b30                __kernel_cos
 .text.__kernel_rem_pio2
                0x0000000008014d90      0x7e4 /usr/lib/gcc/arm-none-eabi/4.8.2/../../../arm-none-eabi/lib/armv7-m/libm.a(lib_a-k_rem_pio2.o)
                0x0000000008014d90                __kernel_rem_pio2
 *fill*         0x0000000008015574        0x4 
 .text.__kernel_sin
                0x0000000008015578      0x168 /usr/lib/gcc/arm-none-eabi/4.8.2/../../../arm-none-eabi/lib/armv7-m/libm.a(lib_a-k_sin.o)
                0x0000000008015578                __kernel_sin
 .text.__kernel_cosf
                0x00000000080156e0      0x1b8 /usr/lib/gcc/arm-none-eabi/4.8.2/../../../arm-none-eabi/lib/armv7-m/libm.a(lib_a-kf_cos.o)
                0x00000000080156e0                __kernel_cosf
 .text.__kernel_rem_pio2f
                0x0000000008015898      0x664 /usr/lib/gcc/arm-none-eabi/4.8.2/../../../arm-none-eabi/lib/armv7-m/libm.a(lib_a-kf_rem_pio2.o)
                0x0000000008015898                __kernel_rem_pio2f
 .text.__kernel_sinf
                0x0000000008015efc       0xfc /usr/lib/gcc/arm-none-eabi/4.8.2/../../../arm-none-eabi/lib/armv7-m/libm.a(lib_a-kf_sin.o)
                0x0000000008015efc                __kernel_sinf
 .text.fabs     0x0000000008015ff8        0x8 /usr/lib/gcc/arm-none-eabi/4.8.2/../../../arm-none-eabi/lib/armv7-m/libm.a(lib_a-s_fabs.o)
                0x0000000008015ff8                fabs
 .text.floor    0x0000000008016000      0x120 /usr/lib/gcc/arm-none-eabi/4.8.2/../../../arm-none-eabi/lib/armv7-m/libm.a(lib_a-s_floor.o)
                0x0000000008016000                floor
 .text.matherr  0x0000000008016120        0x4 /usr/lib/gcc/arm-none-eabi/4.8.2/../../../arm-none-eabi/lib/armv7-m/libm.a(lib_a-s_matherr.o)
                0x0000000008016120                matherr
 .text.nan      0x0000000008016124        0xc /usr/lib/gcc/arm-none-eabi/4.8.2/../../../arm-none-eabi/lib/armv7-m/libm.a(lib_a-s_nan.o)
                0x0000000008016124                nan
 .text.rint     0x0000000008016130      0x120 /usr/lib/gcc/arm-none-eabi/4.8.2/../../../arm-none-eabi/lib/armv7-m/libm.a(lib_a-s_rint.o)
                0x0000000008016130                rint
 .text.scalbn   0x0000000008016250      0x100 /usr/lib/gcc/arm-none-eabi/4.8.2/../../../arm-none-eabi/lib/armv7-m/libm.a(lib_a-s_scalbn.o)
                0x0000000008016250                scalbn
 .text.atanf    0x0000000008016350      0x254 /usr/lib/gcc/arm-none-eabi/4.8.2/../../../arm-none-eabi/lib/armv7-m/libm.a(lib_a-sf_atan.o)
                0x0000000008016350                atanf
 .text.fabsf    0x00000000080165a4        0x8 /usr/lib/gcc/arm-none-eabi/4.8.2/../../../arm-none-eabi/lib/armv7-m/libm.a(lib_a-sf_fabs.o)
                0x00000000080165a4                fabsf
 .text.finitef  0x00000000080165ac       0x10 /usr/lib/gcc/arm-none-eabi/4.8.2/../../../arm-none-eabi/lib/armv7-m/libm.a(lib_a-sf_finite.o)
                0x00000000080165ac                finitef
 .text.floorf   0x00000000080165bc       0x98 /usr/lib/gcc/arm-none-eabi/4.8.2/../../../arm-none-eabi/lib/armv7-m/libm.a(lib_a-sf_floor.o)
                0x00000000080165bc                floorf
 .text.__fpclassifyf
                0x0000000008016654       0x34 /usr/lib/gcc/arm-none-eabi/4.8.2/../../../arm-none-eabi/lib/armv7-m/libm.a(lib_a-sf_fpclassify.o)
                0x0000000008016654                __fpclassifyf
 .text.nanf     0x0000000008016688        0x8 /usr/lib/gcc/arm-none-eabi/4.8.2/../../../arm-none-eabi/lib/armv7-m/libm.a(lib_a-sf_nan.o)
                0x0000000008016688                nanf
 .text.scalbnf  0x0000000008016690       0xb8 /usr/lib/gcc/arm-none-eabi/4.8.2/../../../arm-none-eabi/lib/armv7-m/libm.a(lib_a-sf_scalbn.o)
                0x0000000008016690                scalbnf
 .text.copysign
                0x0000000008016748       0x14 /usr/lib/gcc/arm-none-eabi/4.8.2/../../../arm-none-eabi/lib/armv7-m/libm.a(lib_a-s_copysign.o)
                0x0000000008016748                copysign
 .text.copysignf
                0x000000000801675c        0xc /usr/lib/gcc/arm-none-eabi/4.8.2/../../../arm-none-eabi/lib/armv7-m/libm.a(lib_a-sf_copysign.o)
                0x000000000801675c                copysignf
 .text.calloc   0x0000000008016768       0x14 /usr/lib/gcc/arm-none-eabi/4.8.2/../../../arm-none-eabi/lib/armv7-m/libc.a(lib_a-calloc.o)
                0x0000000008016768                calloc
 .text._calloc_r
                0x000000000801677c       0x60 /usr/lib/gcc/arm-none-eabi/4.8.2/../../../arm-none-eabi/lib/armv7-m/libc.a(lib_a-callocr.o)
                0x000000000801677c                _calloc_r
 .text.__errno  0x00000000080167dc        0xc /usr/lib/gcc/arm-none-eabi/4.8.2/../../../arm-none-eabi/lib/armv7-m/libc.a(lib_a-errno.o)
                0x00000000080167dc                __errno
 .text.malloc   0x00000000080167e8       0x10 /usr/lib/gcc/arm-none-eabi/4.8.2/../../../arm-none-eabi/lib/armv7-m/libc.a(lib_a-malloc.o)
                0x00000000080167e8                malloc
 .text.free     0x00000000080167f8       0x10 /usr/lib/gcc/arm-none-eabi/4.8.2/../../../arm-none-eabi/lib/armv7-m/libc.a(lib_a-malloc.o)
                0x00000000080167f8                free
 .text._malloc_r
                0x0000000008016808      0x564 /usr/lib/gcc/arm-none-eabi/4.8.2/../../../arm-none-eabi/lib/armv7-m/libc.a(lib_a-mallocr.o)
                0x0000000008016808                _malloc_r
 .text.memset   0x0000000008016d6c       0x94 /usr/lib/gcc/arm-none-eabi/4.8.2/../../../arm-none-eabi/lib/armv7-m/libc.a(lib_a-memset.o)
                0x0000000008016d6c                memset
 .text.__malloc_lock
                0x0000000008016e00        0x4 /usr/lib/gcc/arm-none-eabi/4.8.2/../../../arm-none-eabi/lib/armv7-m/libc.a(lib_a-mlock.o)
                0x0000000008016e00                __malloc_lock
 .text.__malloc_unlock
                0x0000000008016e04        0x4 /usr/lib/gcc/arm-none-eabi/4.8.2/../../../arm-none-eabi/lib/armv7-m/libc.a(lib_a-mlock.o)
                0x0000000008016e04                __malloc_unlock
 .text._sbrk_r  0x0000000008016e08       0x28 /usr/lib/gcc/arm-none-eabi/4.8.2/../../../arm-none-eabi/lib/armv7-m/libc.a(lib_a-sbrkr.o)
                0x0000000008016e08                _sbrk_r
 .text.strcasecmp
                0x0000000008016e30       0x48 /usr/lib/gcc/arm-none-eabi/4.8.2/../../../arm-none-eabi/lib/armv7-m/libc.a(lib_a-strcasecmp.o)
                0x0000000008016e30                strcasecmp
 .text.strcat   0x0000000008016e78       0x4c /usr/lib/gcc/arm-none-eabi/4.8.2/../../../arm-none-eabi/lib/armv7-m/libc.a(lib_a-strcat.o)
                0x0000000008016e78                strcat
 .text.strchr   0x0000000008016ec4       0xf4 /usr/lib/gcc/arm-none-eabi/4.8.2/../../../arm-none-eabi/lib/armv7-m/libc.a(lib_a-strchr.o)
                0x0000000008016ec4                strchr
 .text.strcpy   0x0000000008016fb8       0xbc /usr/lib/gcc/arm-none-eabi/4.8.2/../../../arm-none-eabi/lib/armv7-m/libc.a(lib_a-strcpy.o)
                0x0000000008016fb8                strcpy
 .text.strlen   0x0000000008017074       0x60 /usr/lib/gcc/arm-none-eabi/4.8.2/../../../arm-none-eabi/lib/armv7-m/libc.a(lib_a-strlen.o)
                0x0000000008017074                strlen
 .text.strncasecmp
                0x00000000080170d4       0x54 /usr/lib/gcc/arm-none-eabi/4.8.2/../../../arm-none-eabi/lib/armv7-m/libc.a(lib_a-strncasecmp.o)
                0x00000000080170d4                strncasecmp
 .text.strncpy  0x0000000008017128       0x68 /usr/lib/gcc/arm-none-eabi/4.8.2/../../../arm-none-eabi/lib/armv7-m/libc.a(lib_a-strncpy.o)
                0x0000000008017128                strncpy
 .text.critical_factorization
                0x0000000008017190       0xbc /usr/lib/gcc/arm-none-eabi/4.8.2/../../../arm-none-eabi/lib/armv7-m/libc.a(lib_a-strstr.o)
 .text.two_way_long_needle
                0x000000000801724c      0x228 /usr/lib/gcc/arm-none-eabi/4.8.2/../../../arm-none-eabi/lib/armv7-m/libc.a(lib_a-strstr.o)
 .text.strstr   0x0000000008017474      0x21c /usr/lib/gcc/arm-none-eabi/4.8.2/../../../arm-none-eabi/lib/armv7-m/libc.a(lib_a-strstr.o)
                0x0000000008017474                strstr
 .text._malloc_trim_r
                0x0000000008017690       0xa4 /usr/lib/gcc/arm-none-eabi/4.8.2/../../../arm-none-eabi/lib/armv7-m/libc.a(lib_a-freer.o)
                0x0000000008017690                _malloc_trim_r
 .text._free_r  0x0000000008017734      0x198 /usr/lib/gcc/arm-none-eabi/4.8.2/../../../arm-none-eabi/lib/armv7-m/libc.a(lib_a-freer.o)
                0x0000000008017734                _free_r
 .text.memchr   0x00000000080178cc       0x94 /usr/lib/gcc/arm-none-eabi/4.8.2/../../../arm-none-eabi/lib/armv7-m/libc.a(lib_a-memchr-stub.o)
                0x00000000080178cc                memchr
 .text.memcmp   0x0000000008017960       0x68 /usr/lib/gcc/arm-none-eabi/4.8.2/../../../arm-none-eabi/lib/armv7-m/libc.a(lib_a-memcmp.o)
                0x0000000008017960                memcmp
 .text._sbrk    0x00000000080179c8       0x20 /usr/lib/gcc/arm-none-eabi/4.8.2/../../../arm-none-eabi/lib/armv7-m/libnosys.a(sbrk.o)
                0x00000000080179c8                _sbrk
 *(.rodata)
 .rodata        0x00000000080179e8      0x780 /tmp/ccaExoLc.ltrans0.ltrans.o
                0x0000000008017a1c                mixers
                0x0000000008017ae4                servoMixers
                0x0000000008017bbc                servoMixerSingle.11130
                0x0000000008017bf4                servoMixerDual.11129
                0x0000000008017c02                servoMixerAirplane.11128
                0x0000000008017c1e                servoMixerFlyingWing.11127
                0x0000000008017c3a                servoMixerBI.11126
                0x0000000008017c56                servoMixerTri.11125
                0x0000000008017c60                mixerAtail4.11026
                0x0000000008017ca0                mixerDualcopter.11025
                0x0000000008017cc0                mixerHex6H.11024
                0x0000000008017d20                mixerVtail4.11023
                0x0000000008017d60                mixerOctoFlatX.11022
                0x0000000008017de0                mixerOctoFlatP.11021
                0x0000000008017e60                mixerOctoX8.11020
                0x0000000008017ee0                mixerHex6X.11019
                0x0000000008017f40                mixerY4.11018
                0x0000000008017f80                mixerVectorThrust.11017
                0x0000000008017fa0                mixerHex6P.11016
                0x0000000008018000                mixerY6.11015
                0x0000000008018060                mixerBi.11014
                0x0000000008018080                mixerQuadX.11013
                0x00000000080180c0                mixerQuadP.11012
                0x0000000008018100                mixerTri.11011
 .rodata        0x0000000008018168      0x168 /tmp/ccaExoLc.ltrans2.ltrans.o
 .rodata        0x00000000080182d0       0x46 /tmp/ccaExoLc.ltrans3.ltrans.o
                0x00000000080182d0                buzz_sos.8824
                0x00000000080182e3                buzz_mediumBeep.8827
                0x00000000080182e6                buzz_2shortBeeps.8822
                0x00000000080182eb                buzz_3shortBeeps.8823
                0x00000000080182f2                buzz_readyBeep.8820
                0x0000000008018301                buzz_shortBeep.8830
                0x0000000008018304                buzz_armed.8828
                0x000000000801830d                buzz_BatteryBeep.8826
                0x0000000008018310                buzz_longBeep.8825
                0x0000000008018313                buzz_mediumBeepFast.8821
 *fill*         0x0000000008018316        0x2 
 .rodata        0x0000000008018318      0x164 /tmp/ccaExoLc.ltrans4.ltrans.o
                0x0000000008018478                type_ch
 .rodata        0x000000000801847c       0x20 /tmp/ccaExoLc.ltrans6.ltrans.o
                0x000000000801847c                channels.6453
 .rodata        0x000000000801849c       0x4c /tmp/ccaExoLc.ltrans7.ltrans.o
                0x000000000801849c                featureNames.9318
 .rodata        0x00000000080184e8        0x8 /tmp/ccaExoLc.ltrans9.ltrans.o
 .rodata        0x00000000080184f0       0x30 /tmp/ccaExoLc.ltrans10.ltrans.o
 .rodata        0x0000000008018520       0x50 /tmp/ccaExoLc.ltrans13.ltrans.o
 .rodata        0x0000000008018570       0x6c /tmp/ccaExoLc.ltrans18.ltrans.o
                0x0000000008018570                mixerNames.9311
 .rodata        0x00000000080185dc       0x20 /tmp/ccaExoLc.ltrans19.ltrans.o
 .rodata        0x00000000080185fc       0x24 /tmp/ccaExoLc.ltrans20.ltrans.o
                0x00000000080185fc                softSerialVTable
                0x0000000008018614                hw_names.5667
 .rodata        0x0000000008018620        0x8 /tmp/ccaExoLc.ltrans23.ltrans.o
 .rodata        0x0000000008018628       0x98 /tmp/ccaExoLc.ltrans25.ltrans.o
                0x00000000080186bc                kPifHexUpperChar
 .rodata        0x00000000080186c0      0xb38 /tmp/ccaExoLc.ltrans27.ltrans.o
                0x00000000080186cc                valueTable
 *(.rodata*)
 .rodata.timerHardware
                0x00000000080191f8       0xe0 /tmp/ccaExoLc.ltrans0.ltrans.o
                0x00000000080191f8                timerHardware
 .rodata.str1.1
                0x00000000080192d8       0x5a /tmp/ccaExoLc.ltrans0.ltrans.o
                                         0x5b (size before relaxing)
 .rodata.str1.1
                0x0000000008019332       0xdb /tmp/ccaExoLc.ltrans2.ltrans.o
 .rodata.str1.1
                0x000000000801940d      0x267 /tmp/ccaExoLc.ltrans4.ltrans.o
                                        0x28c (size before relaxing)
 .rodata.str1.1
                0x0000000008019674       0x22 /tmp/ccaExoLc.ltrans5.ltrans.o
 .rodata.str1.1
                0x0000000008019696       0x18 /tmp/ccaExoLc.ltrans6.ltrans.o
 .rodata.str1.1
                0x00000000080196ae      0x121 /tmp/ccaExoLc.ltrans7.ltrans.o
                                        0x136 (size before relaxing)
 .rodata.str1.1
                0x00000000080197cf       0x14 /tmp/ccaExoLc.ltrans8.ltrans.o
 .rodata.str1.1
                0x00000000080197e3       0x39 /tmp/ccaExoLc.ltrans9.ltrans.o
 .rodata.str1.1
                0x000000000801981c       0xc1 /tmp/ccaExoLc.ltrans10.ltrans.o
                                         0xdc (size before relaxing)
 .rodata.rcChannelLetters
                0x00000000080198dd       0x13 /tmp/ccaExoLc.ltrans11.ltrans.o
                0x00000000080198dd                rcChannelLetters
 .rodata.str1.1
                0x00000000080198f0       0x98 /tmp/ccaExoLc.ltrans11.ltrans.o
                                         0x9d (size before relaxing)
 .rodata.str1.1
                0x0000000008019988      0x12e /tmp/ccaExoLc.ltrans13.ltrans.o
                                        0x142 (size before relaxing)
 .rodata.str1.1
                0x0000000008019ab6       0x1b /tmp/ccaExoLc.ltrans14.ltrans.o
 .rodata.str1.1
                0x0000000008019ad1       0x74 /tmp/ccaExoLc.ltrans15.ltrans.o
 .rodata.str1.1
                0x0000000008019b45      0x19b /tmp/ccaExoLc.ltrans16.ltrans.o
                                        0x1f7 (size before relaxing)
 .rodata.str1.1
                0x0000000008019ce0       0x25 /tmp/ccaExoLc.ltrans17.ltrans.o
 .rodata.str1.1
                0x0000000008019d05      0x34e /tmp/ccaExoLc.ltrans18.ltrans.o
                                        0x3aa (size before relaxing)
 .rodata.str1.1
                0x000000000801a053      0x126 /tmp/ccaExoLc.ltrans19.ltrans.o
                                        0x13b (size before relaxing)
 .rodata.str1.1
                0x000000000801a179        0x8 /tmp/ccaExoLc.ltrans20.ltrans.o
                                         0x18 (size before relaxing)
 .rodata.str1.1
                0x000000000801a181        0x8 /tmp/ccaExoLc.ltrans22.ltrans.o
 .rodata.str1.1
                0x000000000801a189      0x16c /tmp/ccaExoLc.ltrans23.ltrans.o
                                        0x185 (size before relaxing)
 .rodata.str1.1
                0x000000000801a2f5       0x1b /tmp/ccaExoLc.ltrans25.ltrans.o
                                         0x2c (size before relaxing)
 .rodata.kCfgMsgNmea
                0x000000000801a310       0x12 /tmp/ccaExoLc.ltrans25.ltrans.o
 .rodata.str1.1
                0x000000000801a322       0x4c /tmp/ccaExoLc.ltrans26.ltrans.o
                                         0x59 (size before relaxing)
 .rodata.str1.1
                0x000000000801a36e      0x78a /tmp/ccaExoLc.ltrans27.ltrans.o
                                        0x7b8 (size before relaxing)
 .rodata._ctype_
                0x000000000801aaf8      0x104 /usr/lib/gcc/arm-none-eabi/4.8.2/../../../arm-none-eabi/lib/armv7-m/libc.a(lib_a-ctype_.o)
                0x000000000801aaf8                _ctype_
 .rodata.str1.4
                0x000000000801abfc        0x2 /usr/lib/gcc/arm-none-eabi/4.8.2/../../../arm-none-eabi/lib/armv7-m/libc.a(lib_a-impure.o)
                                          0x4 (size before relaxing)
 *fill*         0x000000000801abfe        0x2 
 .rodata.TWO23  0x000000000801ac00        0x8 /usr/lib/gcc/arm-none-eabi/4.8.2/../../../arm-none-eabi/lib/armv7-m/libm.a(lib_a-sf_lrint.o)
 .rodata.str1.4
                0x000000000801ac08        0x6 /usr/lib/gcc/arm-none-eabi/4.8.2/../../../arm-none-eabi/lib/armv7-m/libm.a(lib_a-wf_acos.o)
                                          0xc (size before relaxing)
 *fill*         0x000000000801ac0e        0x2 
 .rodata.str1.4
                0x000000000801ac10        0x5 /usr/lib/gcc/arm-none-eabi/4.8.2/../../../arm-none-eabi/lib/armv7-m/libm.a(lib_a-wf_pow.o)
                                          0x8 (size before relaxing)
 *fill*         0x000000000801ac15        0x3 
 .rodata.str1.4
                0x000000000801ac18        0x8 /usr/lib/gcc/arm-none-eabi/4.8.2/../../../arm-none-eabi/lib/armv7-m/libm.a(lib_a-wf_sqrt.o)
 .rodata.npio2_hw
                0x000000000801ac20       0x80 /usr/lib/gcc/arm-none-eabi/4.8.2/../../../arm-none-eabi/lib/armv7-m/libm.a(lib_a-e_rem_pio2.o)
 .rodata.two_over_pi
                0x000000000801aca0      0x108 /usr/lib/gcc/arm-none-eabi/4.8.2/../../../arm-none-eabi/lib/armv7-m/libm.a(lib_a-e_rem_pio2.o)
 .rodata.dp_h   0x000000000801ada8        0x8 /usr/lib/gcc/arm-none-eabi/4.8.2/../../../arm-none-eabi/lib/armv7-m/libm.a(lib_a-ef_pow.o)
 .rodata.dp_l   0x000000000801adb0        0x8 /usr/lib/gcc/arm-none-eabi/4.8.2/../../../arm-none-eabi/lib/armv7-m/libm.a(lib_a-ef_pow.o)
 .rodata.bp     0x000000000801adb8        0x8 /usr/lib/gcc/arm-none-eabi/4.8.2/../../../arm-none-eabi/lib/armv7-m/libm.a(lib_a-ef_pow.o)
 .rodata.str1.4
                0x0000000000000000        0x4 /usr/lib/gcc/arm-none-eabi/4.8.2/../../../arm-none-eabi/lib/armv7-m/libm.a(lib_a-ef_pow.o)
 .rodata.npio2_hw
                0x000000000801adc0       0x80 /usr/lib/gcc/arm-none-eabi/4.8.2/../../../arm-none-eabi/lib/armv7-m/libm.a(lib_a-ef_rem_pio2.o)
 .rodata.two_over_pi
                0x000000000801ae40      0x318 /usr/lib/gcc/arm-none-eabi/4.8.2/../../../arm-none-eabi/lib/armv7-m/libm.a(lib_a-ef_rem_pio2.o)
 .rodata.init_jk
                0x000000000801b158       0x10 /usr/lib/gcc/arm-none-eabi/4.8.2/../../../arm-none-eabi/lib/armv7-m/libm.a(lib_a-k_rem_pio2.o)
 .rodata.PIo2   0x000000000801b168       0x40 /usr/lib/gcc/arm-none-eabi/4.8.2/../../../arm-none-eabi/lib/armv7-m/libm.a(lib_a-k_rem_pio2.o)
 .rodata.init_jk
                0x000000000801b1a8        0xc /usr/lib/gcc/arm-none-eabi/4.8.2/../../../arm-none-eabi/lib/armv7-m/libm.a(lib_a-kf_rem_pio2.o)
 .rodata.PIo2   0x000000000801b1b4       0x2c /usr/lib/gcc/arm-none-eabi/4.8.2/../../../arm-none-eabi/lib/armv7-m/libm.a(lib_a-kf_rem_pio2.o)
 .rodata.TWO52  0x000000000801b1e0       0x10 /usr/lib/gcc/arm-none-eabi/4.8.2/../../../arm-none-eabi/lib/armv7-m/libm.a(lib_a-s_rint.o)
 .rodata.atanlo
                0x000000000801b1f0       0x10 /usr/lib/gcc/arm-none-eabi/4.8.2/../../../arm-none-eabi/lib/armv7-m/libm.a(lib_a-sf_atan.o)
 .rodata.atanhi
                0x000000000801b200       0x10 /usr/lib/gcc/arm-none-eabi/4.8.2/../../../arm-none-eabi/lib/armv7-m/libm.a(lib_a-sf_atan.o)
 *(.glue_7)
 .glue_7        0x0000000000000000        0x0 linker stubs
 *(.glue_7t)
 .glue_7t       0x0000000000000000        0x0 linker stubs
 *(.eh_frame)
 *(.init)
 *(.fini)
                0x000000000801b210                . = ALIGN (0x4)
                0x000000000801b210                _etext = .

.vfp11_veneer   0x000000000801b210        0x0
 .vfp11_veneer  0x0000000000000000        0x0 linker stubs

.v4_bx          0x000000000801b210        0x0
 .v4_bx         0x0000000000000000        0x0 linker stubs

.iplt           0x000000000801b210        0x0
 .iplt          0x0000000000000000        0x0 obj/NAZE/startup_stm32f10x_md_gcc.o

.ARM.extab
 *(.ARM.extab* .gnu.linkonce.armextab.*)

.ARM            0x000000000801b210        0x8
                0x000000000801b210                __exidx_start = .
 *(.ARM.exidx*)
 .ARM.exidx     0x000000000801b210        0x8 /usr/lib/gcc/arm-none-eabi/4.8.2/armv7-m/libgcc.a(_divdi3.o)
 .ARM.exidx     0x000000000801b218        0x0 /usr/lib/gcc/arm-none-eabi/4.8.2/armv7-m/libgcc.a(_udivdi3.o)
                                          0x8 (size before relaxing)
                0x000000000801b218                __exidx_end = .

.rel.dyn        0x000000000801b218        0x0
 .rel.iplt      0x0000000000000000        0x0 obj/NAZE/startup_stm32f10x_md_gcc.o

.preinit_array  0x000000000801b218        0x0
                0x000000000801b218                PROVIDE (__preinit_array_start, .)
 *(.preinit_array*)
                0x000000000801b218                PROVIDE (__preinit_array_end, .)

.init_array     0x000000000801b218        0x0
                0x000000000801b218                PROVIDE (__init_array_start, .)
 *(SORT(.init_array.*))
 *(.init_array*)
                0x000000000801b218                PROVIDE (__init_array_end, .)

.fini_array     0x000000000801b218        0x0
                0x000000000801b218                PROVIDE (__fini_array_start, .)
 *(.fini_array*)
 *(SORT(.fini_array.*))
                0x000000000801b218                PROVIDE (__fini_array_end, .)
                0x000000000801b218                _sidata = .

.data           0x0000000020000000      0x9e0 load address 0x000000000801b218
                0x0000000020000000                . = ALIGN (0x4)
                0x0000000020000000                _sdata = .
 *(.data)
 .data          0x0000000020000000      0x14c /tmp/ccaExoLc.ltrans0.ltrans.o
                0x0000000020000000                hse_value
                0x0000000020000004                pif_id
                0x0000000020000016                batteryCellCount
                0x0000000020000017                standardBoardAlignment.14279
                0x0000000020000018                sensor_set
                0x0000000020000140                failsafeThreshold.6186
                0x0000000020000144                sonarDistance
 .data          0x000000002000014c       0x10 /tmp/ccaExoLc.ltrans1.ltrans.o
                0x0000000020000158                pid_controller
 .data          0x000000002000015c        0x2 /tmp/ccaExoLc.ltrans3.ltrans.o
                0x000000002000015c                buzzerMode.8831
 *fill*         0x000000002000015e        0x2 
 .data          0x0000000020000160        0x4 /tmp/ccaExoLc.ltrans7.ltrans.o
                0x0000000020000160                GPS_scaleLonDown
 .data          0x0000000020000164        0x1 /tmp/ccaExoLc.ltrans8.ltrans.o
 .data          0x0000000020000165        0x1 /tmp/ccaExoLc.ltrans9.ltrans.o
                0x0000000020000165                gyroAlign.5849
 .data          0x0000000020000166       0x14 /tmp/ccaExoLc.ltrans15.ltrans.o
 .data          0x000000002000017a        0x4 /tmp/ccaExoLc.ltrans19.ltrans.o
 *fill*         0x000000002000017e        0x2 
 .data          0x0000000020000180        0x4 /tmp/ccaExoLc.ltrans21.ltrans.o
 *(.data*)
 .data.SystemCoreClock
                0x0000000020000184        0x4 /tmp/ccaExoLc.ltrans0.ltrans.o
                0x0000000020000184                SystemCoreClock
 .data.servo    0x0000000020000188       0x10 /tmp/ccaExoLc.ltrans2.ltrans.o
                0x0000000020000188                servo
 .data.__ctype_ptr__
                0x0000000020000198        0x4 /usr/lib/gcc/arm-none-eabi/4.8.2/../../../arm-none-eabi/lib/armv7-m/libc.a(lib_a-ctype_.o)
                0x0000000020000198                __ctype_ptr__
 *fill*         0x000000002000019c        0x4 
 .data.impure_data
                0x00000000200001a0      0x428 /usr/lib/gcc/arm-none-eabi/4.8.2/../../../arm-none-eabi/lib/armv7-m/libc.a(lib_a-impure.o)
 .data._impure_ptr
                0x00000000200005c8        0x4 /usr/lib/gcc/arm-none-eabi/4.8.2/../../../arm-none-eabi/lib/armv7-m/libc.a(lib_a-impure.o)
                0x00000000200005c8                _impure_ptr
 .data.__fdlib_version
                0x00000000200005cc        0x1 /usr/lib/gcc/arm-none-eabi/4.8.2/../../../arm-none-eabi/lib/armv7-m/libm.a(lib_a-s_lib_ver.o)
                0x00000000200005cc                __fdlib_version
 *fill*         0x00000000200005cd        0x3 
 .data.__malloc_av_
                0x00000000200005d0      0x408 /usr/lib/gcc/arm-none-eabi/4.8.2/../../../arm-none-eabi/lib/armv7-m/libc.a(lib_a-mallocr.o)
                0x00000000200005d0                __malloc_av_
 .data.__malloc_trim_threshold
                0x00000000200009d8        0x4 /usr/lib/gcc/arm-none-eabi/4.8.2/../../../arm-none-eabi/lib/armv7-m/libc.a(lib_a-mallocr.o)
                0x00000000200009d8                __malloc_trim_threshold
 .data.__malloc_sbrk_base
                0x00000000200009dc        0x4 /usr/lib/gcc/arm-none-eabi/4.8.2/../../../arm-none-eabi/lib/armv7-m/libc.a(lib_a-mallocr.o)
                0x00000000200009dc                __malloc_sbrk_base
                0x00000000200009e0                . = ALIGN (0x4)
                0x00000000200009e0                _edata = .

.igot.plt       0x00000000200009e0        0x0 load address 0x000000000801bbf8
 .igot.plt      0x0000000000000000        0x0 obj/NAZE/startup_stm32f10x_md_gcc.o
                0x00000000200009e0                . = ALIGN (0x4)

.bss            0x00000000200009e0     0x21d8 load address 0x000000000801bbf8
                0x00000000200009e0                _sbss = .
                0x00000000200009e0                __bss_start__ = _sbss
 *(.bss)
 .bss           0x00000000200009e0      0xe00 /tmp/ccaExoLc.ltrans0.ltrans.o
                0x00000000200009e0                g_unique_id
                0x00000000200009ec                g_crystal_clock
                0x00000000200009f0                g_core_clock
                0x00000000200009f4                pif_act_timer1us
                0x00000000200009f8                s_tasks.17079
                0x0000000020000a10                s_it_current.17101
                0x0000000020000a14                s_table_number.17080
                0x0000000020000a18                s_table.17078
                0x0000000020000a98                s_buzzer
                0x0000000020000ab4                g_featureDefault
                0x0000000020000b00                usTicks.13479
                0x0000000020000b12                isSPI.6306
                0x0000000020000b14                g_i2c_port
                0x0000000020000b44                adcConfig.4096
                0x0000000020000b4c                adcValues.4102
                0x0000000020000b54                batteryWarningVoltage
                0x0000000020000b56                batteryCriticalVoltage
                0x0000000020000b58                boardRotation.14107
                0x0000000020000b80                enabledSensors.9735
                0x0000000020000b84                g_board_name
                0x0000000020000b88                smallAngle
                0x0000000020000b8c                accVelScale
                0x0000000020000b90                throttleAngleScale
                0x0000000020000b94                fc_acc
                0x0000000020000b98                magInit.12296
                0x0000000020000b9c                core
                0x0000000020000bb4                currentMixer.11118
                0x0000000020000c74                numberRules.11003
                0x0000000020000c75                currentServoMixer.10814
                0x0000000020000ce5                f
                0x0000000020000cfc                g_task_compute_rc
                0x0000000020000d00                pwmFilter.6189
                0x0000000020000d01                syncPWM.6179
                0x0000000020000d02                numInputs.6190
                0x0000000020000d03                numMotors.6197
                0x0000000020000d04                motors.6177
                0x0000000020000d34                numServos.6198
                0x0000000020000d38                servos.6199
                0x0000000020000d58                s_rc.6176
                0x0000000020000dac                pwmWritePtr.6187
                0x0000000020000db0                rcData
                0x0000000020000dd4                rcReadRawFunc
                0x0000000020000dd8                spekChannelData.15719
                0x0000000020000df8                s_spektrum.15549
                0x0000000020000e58                sbusChannelData.15079
                0x0000000020000f2c                ibusChannelData.14762
                0x0000000020000fdc                gpsData.6995
                0x0000000020001000                gps_ublox.6984
                0x00000000200012c0                noise_filter.10344.12107
                0x00000000200012e0                p_sonar_noise_filter.12184
                0x00000000200012e4                softSerialPorts
                0x00000000200017b4                softSerialConfiguration
                0x00000000200017bc                isTelemetryConfigurationValid.7905
                0x00000000200017be                calibratingG
                0x00000000200017c0                calibratingB
                0x00000000200017c4                g_task_compute_imu
                0x00000000200017c8                g_task_gps
                0x00000000200017cc                pif_timer1us
                0x00000000200017d0                s_loop_count.17099
                0x00000000200017d4                s_task_cutin.17088
                0x00000000200017d8                s_pass_count.17098
                0x00000000200017dc                p_storage.9728
 .bss           0x00000000200017e0      0x178 /tmp/ccaExoLc.ltrans1.ltrans.o
                0x000000002000188c                anglerad
                0x00000000200018a8                accSum
                0x00000000200018b4                accSumCount
                0x00000000200018bc                lookupPitchRollRC
                0x00000000200018ca                dynP8
                0x00000000200018d0                dynD8
                0x00000000200018d4                lookupThrottleRC
                0x00000000200018f0                setVelocity
                0x00000000200018f4                velocityControl
                0x00000000200018f8                nav_bearing
                0x000000002000190c                altPID_PARAM
                0x0000000020001920                navPID_PARAM
                0x0000000020001932                axisPID
 .bss           0x0000000020001958       0xcc /tmp/ccaExoLc.ltrans2.ltrans.o
                0x0000000020001958                angle
                0x000000002000195c                GPS_update
                0x000000002000195e                motor_disarmed
                0x0000000020001976                gyroData
                0x000000002000197c                magADC
                0x0000000020001988                GPS_ground_course
                0x0000000020001a1c                GPS_HorizontalAcc
                0x0000000020001a20                GPS_VerticalAcc
 .bss           0x0000000020001a24      0x1e8 /tmp/ccaExoLc.ltrans3.ltrans.o
                0x0000000020001ab8                rcOptions
                0x0000000020001ad2                rssi
                0x0000000020001ad4                failsafeCnt
                0x0000000020001ada                heading
                0x0000000020001adc                AccInflightCalibrationMeasurementDone
                0x0000000020001add                AccInflightCalibrationSavetoEEProm
                0x0000000020001ae0                InflightcalibratingA
                0x0000000020001ae2                AccInflightCalibrationActive
                0x0000000020001ae4                errorAngleI.11565
                0x0000000020001aec                AltHold
                0x0000000020001af0                EstAlt
                0x0000000020001af4                initialThrottleHold.11643
                0x0000000020001af6                rcCommand
                0x0000000020001b00                errorVelocityI
                0x0000000020001b04                BaroPID
                0x0000000020001b08                magHold
                0x0000000020001b0a                headFreeModeHold
                0x0000000020001b0c                nav_mode
                0x0000000020001b10                GPS_home
                0x0000000020001b1c                GPS_hold
                0x0000000020001b28                GPS_altitude
                0x0000000020001b2c                GPS_coord
                0x0000000020001b34                GPS_angle
                0x0000000020001b3a                nav_rated
                0x0000000020001b3e                nav
                0x0000000020001b6c                poshold_ratePID.7231
                0x0000000020001b94                navPID.7233
                0x0000000020001bbc                navErrorI
                0x0000000020001bc0                altErrorI
                0x0000000020001bc4                lastAltDiff.14309
                0x0000000020001bc6                lastnavDiff.14312
                0x0000000020001bc8                speedBoost.14313
                0x0000000020001bca                altHist.14314
                0x0000000020001bd6                navDif.14315
                0x0000000020001be2                readyBeepDone.8832
                0x0000000020001be4                disarmTime.11578
                0x0000000020001be8                errorGyroI.11567
                0x0000000020001bf4                buzz_countSats.8829
 *fill*         0x0000000020001c0c        0x4 
 .bss           0x0000000020001c10      0x1d0 /tmp/ccaExoLc.ltrans4.ltrans.o
                0x0000000020001c1c                vbat
                0x0000000020001c24                amperage
                0x0000000020001c30                mAhdrawn
                0x0000000020001c34                s_change_cli.12903
                0x0000000020001c40                accSmooth
                0x0000000020001c4c                vario
                0x0000000020001c50                BaroAlt
                0x0000000020001c86                GPS_speed
                0x0000000020001c88                GPS_distanceToHome
                0x0000000020001c8a                GPS_directionToHome
                0x0000000020001cbc                ports.12574
                0x0000000020001d74                s_log.16670
                0x0000000020001dd8                pendReboot.12902
 .bss           0x0000000020001de0        0x4 /tmp/ccaExoLc.ltrans5.ltrans.o
 .bss           0x0000000020001de4      0x180 /tmp/ccaExoLc.ltrans6.ltrans.o
                0x0000000020001de4                device.5335.16286
                0x0000000020001e30                s_hcsr04.4776
                0x0000000020001e50                funcSonarDistance.4779
                0x0000000020001e54                trigger_pin.4777
                0x0000000020001e61                s_echo_state.4778
                0x0000000020001e64                timerConfigs
 .bss           0x0000000020001f64       0xb4 /tmp/ccaExoLc.ltrans7.ltrans.o
                0x0000000020001fd0                GPS_WP
                0x0000000020001fd8                wp_distance
                0x0000000020001fdc                target_bearing.6993
                0x0000000020001fe0                error.7228
                0x0000000020001fe8                posholdPID_PARAM.7229
                0x0000000020001ff8                poshold_ratePID_PARAM.6989
                0x000000002000200c                waypoint_speed_gov.7114
                0x0000000020002010                original_target_bearing.7254
                0x0000000020002016                nav_takeoff_bearing.7242
 .bss           0x0000000020002018      0x10c /tmp/ccaExoLc.ltrans8.ltrans.o
                0x0000000020002020                baroTemperature.12183
                0x00000000200020e8                captures.6178
 .bss           0x0000000020002124       0x14 /tmp/ccaExoLc.ltrans9.ltrans.o
                0x0000000020002134                mpuLowPassFilter.5850
 .bss           0x0000000020002138       0x14 /tmp/ccaExoLc.ltrans10.ltrans.o
 .bss           0x000000002000214c        0x1 /tmp/ccaExoLc.ltrans11.ltrans.o
 *fill*         0x000000002000214d        0x1 
 .bss           0x000000002000214e        0x6 /tmp/ccaExoLc.ltrans12.ltrans.o
 .bss           0x0000000020002154       0x20 /tmp/ccaExoLc.ltrans13.ltrans.o
                0x0000000020002154                sumdChannelData.15396
 .bss           0x0000000020002174       0x1b /tmp/ccaExoLc.ltrans14.ltrans.o
                0x0000000020002174                availableBoxes.12576
                0x000000002000218d                numberBoxItems.12583
 .bss           0x000000002000218f        0x2 /tmp/ccaExoLc.ltrans17.ltrans.o
 *fill*         0x0000000020002191        0x3 
 .bss           0x0000000020002194       0x1c /tmp/ccaExoLc.ltrans19.ltrans.o
                0x0000000020002196                I2Cx_index.13213
                0x0000000020002197                addr.13207
                0x0000000020002198                reg.13205
                0x0000000020002199                writing.13210
                0x000000002000219a                reading.13203
                0x000000002000219c                read_p.13209
                0x00000000200021a0                write_p.13211
                0x00000000200021a4                bytes.13206
                0x00000000200021a5                busy.13212
                0x00000000200021a8                I2Cx.13199
 .bss           0x00000000200021b0      0x108 /tmp/ccaExoLc.ltrans20.ltrans.o
                0x00000000200021bc                pwmPorts.6180
                0x000000002000229c                mpu.5664
 .bss           0x00000000200022b8       0x88 /tmp/ccaExoLc.ltrans21.ltrans.o
                0x00000000200022fc                hmc5883.4994
                0x0000000020002320                baroPressureSum
 .bss           0x0000000020002340        0x4 /tmp/ccaExoLc.ltrans22.ltrans.o
 .bss           0x0000000020002344       0x25 /tmp/ccaExoLc.ltrans24.ltrans.o
                0x0000000020002347                string.5680.17640
 *fill*         0x0000000020002369        0x3 
 .bss           0x000000002000236c        0x8 /tmp/ccaExoLc.ltrans25.ltrans.o
                0x0000000020002370                GPS_numSat
 .bss           0x0000000020002374       0x38 /tmp/ccaExoLc.ltrans26.ltrans.o
 .bss           0x00000000200023ac      0x7b8 /tmp/ccaExoLc.ltrans27.ltrans.o
                0x00000000200023ac                uartPort.13911
                0x0000000020002460                sysTickUptime.13480
                0x0000000020002464                pif_cumulative_timer1ms
                0x0000000020002468                pif_timer1ms
                0x0000000020002470                pif_datetime
                0x0000000020002478                pif_performance
                0x0000000020002480                g_timer_1ms
                0x00000000200024a4                mcfg
                0x0000000020002a10                numberMotor.11119
                0x0000000020002a12                motor
                0x0000000020002a2c                cfg
 *(.bss*)
 .bss.hw_revision
                0x0000000020002b64        0x4 /tmp/ccaExoLc.ltrans0.ltrans.o
                0x0000000020002b64                hw_revision
 .bss.pif_error
                0x0000000020002b68        0x1 /tmp/ccaExoLc.ltrans0.ltrans.o
                0x0000000020002b68                pif_error
 *fill*         0x0000000020002b69        0x1 
 .bss.calibratingA
                0x0000000020002b6a        0x2 /tmp/ccaExoLc.ltrans0.ltrans.o
                0x0000000020002b6a                calibratingA
 .bss.systemBeepPtr
                0x0000000020002b6c        0x4 /tmp/ccaExoLc.ltrans0.ltrans.o
                0x0000000020002b6c                systemBeepPtr
 .bss.accTimeSum
                0x0000000020002b70        0x4 /tmp/ccaExoLc.ltrans1.ltrans.o
                0x0000000020002b70                accTimeSum
 .bss.cliMode   0x0000000020002b74        0x1 /tmp/ccaExoLc.ltrans4.ltrans.o
                0x0000000020002b74                cliMode
 *fill*         0x0000000020002b75        0x1 
 .bss.cycleTime
                0x0000000020002b76        0x2 /tmp/ccaExoLc.ltrans4.ltrans.o
                0x0000000020002b76                cycleTime
 .bss.pif_log_flag
                0x0000000020002b78        0x4 /tmp/ccaExoLc.ltrans10.ltrans.o
 .bss.__malloc_max_total_mem
                0x0000000020002b7c        0x4 /usr/lib/gcc/arm-none-eabi/4.8.2/../../../arm-none-eabi/lib/armv7-m/libc.a(lib_a-mallocr.o)
                0x0000000020002b7c                __malloc_max_total_mem
 .bss.__malloc_max_sbrked_mem
                0x0000000020002b80        0x4 /usr/lib/gcc/arm-none-eabi/4.8.2/../../../arm-none-eabi/lib/armv7-m/libc.a(lib_a-mallocr.o)
                0x0000000020002b80                __malloc_max_sbrked_mem
 .bss.__malloc_top_pad
                0x0000000020002b84        0x4 /usr/lib/gcc/arm-none-eabi/4.8.2/../../../arm-none-eabi/lib/armv7-m/libc.a(lib_a-mallocr.o)
                0x0000000020002b84                __malloc_top_pad
 .bss.__malloc_current_mallinfo
                0x0000000020002b88       0x28 /usr/lib/gcc/arm-none-eabi/4.8.2/../../../arm-none-eabi/lib/armv7-m/libc.a(lib_a-mallocr.o)
                0x0000000020002b88                __malloc_current_mallinfo
 .bss.heap_end.4061
                0x0000000020002bb0        0x4 /usr/lib/gcc/arm-none-eabi/4.8.2/../../../arm-none-eabi/lib/armv7-m/libnosys.a(sbrk.o)
 *(COMMON)
 COMMON         0x0000000020002bb4        0x4 /usr/lib/gcc/arm-none-eabi/4.8.2/../../../arm-none-eabi/lib/armv7-m/libc.a(lib_a-reent.o)
                0x0000000020002bb4                errno
                0x0000000020002bb8                . = ALIGN (0x4)
                0x0000000020002bb8                _ebss = .
                0x0000000020002bb8                __bss_end__ = _ebss

._user_heap_stack
                0x0000000020002bb8      0x400 load address 0x000000000801bbf8
                0x0000000020002bb8                . = ALIGN (0x4)
                0x0000000020002bb8                PROVIDE (end, .)
                0x0000000020002bb8                PROVIDE (_end, .)
                0x0000000020002bb8                . = (. + _Min_Heap_Size)
                0x0000000020002fb8                . = (. + _Min_Stack_Size)
 *fill*         0x0000000020002bb8      0x400 
                0x0000000020002fb8                . = ALIGN (0x4)

.memory_b1_text
 *(.mb1text)
 *(.mb1text*)
 *(.mb1rodata)
 *(.mb1rodata*)

/DISCARD/
 libc.a(*)
 libm.a(*)
 libgcc.a(*)

.ARM.attributes
                0x0000000000000000       0x31
 *(.ARM.attributes)
 .ARM.attributes
                0x0000000000000000       0x31 /tmp/ccaExoLc.ltrans0.ltrans.o
 .ARM.attributes
                0x0000000000000031       0x31 /tmp/ccaExoLc.ltrans1.ltrans.o
 .ARM.attributes
                0x0000000000000062       0x31 /tmp/ccaExoLc.ltrans2.ltrans.o
 .ARM.attributes
                0x0000000000000093       0x31 /tmp/ccaExoLc.ltrans3.ltrans.o
 .ARM.attributes
                0x00000000000000c4       0x31 /tmp/ccaExoLc.ltrans4.ltrans.o
 .ARM.attributes
                0x00000000000000f5       0x31 /tmp/ccaExoLc.ltrans5.ltrans.o
 .ARM.attributes
                0x0000000000000126       0x31 /tmp/ccaExoLc.ltrans6.ltrans.o
 .ARM.attributes
                0x0000000000000157       0x31 /tmp/ccaExoLc.ltrans7.ltrans.o
 .ARM.attributes
                0x0000000000000188       0x31 /tmp/ccaExoLc.ltrans8.ltrans.o
 .ARM.attributes
                0x00000000000001b9       0x31 /tmp/ccaExoLc.ltrans9.ltrans.o
 .ARM.attributes
                0x00000000000001ea       0x31 /tmp/ccaExoLc.ltrans10.ltrans.o
 .ARM.attributes
                0x000000000000021b       0x31 /tmp/ccaExoLc.ltrans11.ltrans.o
 .ARM.attributes
                0x000000000000024c       0x31 /tmp/ccaExoLc.ltrans12.ltrans.o
 .ARM.attributes
                0x000000000000027d       0x31 /tmp/ccaExoLc.ltrans13.ltrans.o
 .ARM.attributes
                0x00000000000002ae       0x31 /tmp/ccaExoLc.ltrans14.ltrans.o
 .ARM.attributes
                0x00000000000002df       0x31 /tmp/ccaExoLc.ltrans15.ltrans.o
 .ARM.attributes
                0x0000000000000310       0x31 /tmp/ccaExoLc.ltrans16.ltrans.o
 .ARM.attributes
                0x0000000000000341       0x31 /tmp/ccaExoLc.ltrans17.ltrans.o
 .ARM.attributes
                0x0000000000000372       0x31 /tmp/ccaExoLc.ltrans18.ltrans.o
 .ARM.attributes
                0x00000000000003a3       0x31 /tmp/ccaExoLc.ltrans19.ltrans.o
 .ARM.attributes
                0x00000000000003d4       0x31 /tmp/ccaExoLc.ltrans20.ltrans.o
 .ARM.attributes
                0x0000000000000405       0x31 /tmp/ccaExoLc.ltrans21.ltrans.o
 .ARM.attributes
                0x0000000000000436       0x31 /tmp/ccaExoLc.ltrans22.ltrans.o
 .ARM.attributes
                0x0000000000000467       0x31 /tmp/ccaExoLc.ltrans23.ltrans.o
 .ARM.attributes
                0x0000000000000498       0x31 /tmp/ccaExoLc.ltrans24.ltrans.o
 .ARM.attributes
                0x00000000000004c9       0x31 /tmp/ccaExoLc.ltrans25.ltrans.o
 .ARM.attributes
                0x00000000000004fa       0x31 /tmp/ccaExoLc.ltrans26.ltrans.o
 .ARM.attributes
                0x000000000000052b       0x31 /tmp/ccaExoLc.ltrans27.ltrans.o
 .ARM.attributes
                0x000000000000055c       0x31 /tmp/ccaExoLc.ltrans28.ltrans.o
 .ARM.attributes
                0x000000000000058d       0x21 obj/NAZE/startup_stm32f10x_md_gcc.o
 .ARM.attributes
                0x00000000000005ae       0x2d /usr/lib/gcc/arm-none-eabi/4.8.2/../../../arm-none-eabi/lib/armv7-m/libc.a(lib_a-atoi.o)
 .ARM.attributes
                0x00000000000005db       0x2d /usr/lib/gcc/arm-none-eabi/4.8.2/../../../arm-none-eabi/lib/armv7-m/libc.a(lib_a-ctype_.o)
 .ARM.attributes
                0x0000000000000608       0x2d /usr/lib/gcc/arm-none-eabi/4.8.2/../../../arm-none-eabi/lib/armv7-m/libc.a(lib_a-strtol.o)
 .ARM.attributes
                0x0000000000000635       0x2d /usr/lib/gcc/arm-none-eabi/4.8.2/../../../arm-none-eabi/lib/armv7-m/libc.a(lib_a-impure.o)
 .ARM.attributes
                0x0000000000000662       0x2d /usr/lib/gcc/arm-none-eabi/4.8.2/../../../arm-none-eabi/lib/armv7-m/libm.a(lib_a-s_cos.o)
 .ARM.attributes
                0x000000000000068f       0x2d /usr/lib/gcc/arm-none-eabi/4.8.2/../../../arm-none-eabi/lib/armv7-m/libm.a(lib_a-s_sin.o)
 .ARM.attributes
                0x00000000000006bc       0x2d /usr/lib/gcc/arm-none-eabi/4.8.2/../../../arm-none-eabi/lib/armv7-m/libm.a(lib_a-sf_cos.o)
 .ARM.attributes
                0x00000000000006e9       0x2d /usr/lib/gcc/arm-none-eabi/4.8.2/../../../arm-none-eabi/lib/armv7-m/libm.a(lib_a-sf_lrint.o)
 .ARM.attributes
                0x0000000000000716       0x2d /usr/lib/gcc/arm-none-eabi/4.8.2/../../../arm-none-eabi/lib/armv7-m/libm.a(lib_a-sf_sin.o)
 .ARM.attributes
                0x0000000000000743       0x2d /usr/lib/gcc/arm-none-eabi/4.8.2/../../../arm-none-eabi/lib/armv7-m/libm.a(lib_a-wf_acos.o)
 .ARM.attributes
                0x0000000000000770       0x2d /usr/lib/gcc/arm-none-eabi/4.8.2/../../../arm-none-eabi/lib/armv7-m/libm.a(lib_a-wf_atan2.o)
 .ARM.attributes
                0x000000000000079d       0x2d /usr/lib/gcc/arm-none-eabi/4.8.2/../../../arm-none-eabi/lib/armv7-m/libm.a(lib_a-wf_pow.o)
 .ARM.attributes
                0x00000000000007ca       0x2d /usr/lib/gcc/arm-none-eabi/4.8.2/../../../arm-none-eabi/lib/armv7-m/libm.a(lib_a-wf_sqrt.o)
 .ARM.attributes
                0x00000000000007f7       0x2d /usr/lib/gcc/arm-none-eabi/4.8.2/../../../arm-none-eabi/lib/armv7-m/libm.a(lib_a-e_rem_pio2.o)
 .ARM.attributes
                0x0000000000000824       0x2d /usr/lib/gcc/arm-none-eabi/4.8.2/../../../arm-none-eabi/lib/armv7-m/libm.a(lib_a-ef_acos.o)
 .ARM.attributes
                0x0000000000000851       0x2d /usr/lib/gcc/arm-none-eabi/4.8.2/../../../arm-none-eabi/lib/armv7-m/libm.a(lib_a-ef_atan2.o)
 .ARM.attributes
                0x000000000000087e       0x2d /usr/lib/gcc/arm-none-eabi/4.8.2/../../../arm-none-eabi/lib/armv7-m/libm.a(lib_a-ef_pow.o)
 .ARM.attributes
                0x00000000000008ab       0x2d /usr/lib/gcc/arm-none-eabi/4.8.2/../../../arm-none-eabi/lib/armv7-m/libm.a(lib_a-ef_rem_pio2.o)
 .ARM.attributes
                0x00000000000008d8       0x2d /usr/lib/gcc/arm-none-eabi/4.8.2/../../../arm-none-eabi/lib/armv7-m/libm.a(lib_a-ef_sqrt.o)
 .ARM.attributes
                0x0000000000000905       0x2d /usr/lib/gcc/arm-none-eabi/4.8.2/../../../arm-none-eabi/lib/armv7-m/libm.a(lib_a-k_cos.o)
 .ARM.attributes
                0x0000000000000932       0x2d /usr/lib/gcc/arm-none-eabi/4.8.2/../../../arm-none-eabi/lib/armv7-m/libm.a(lib_a-k_rem_pio2.o)
 .ARM.attributes
                0x000000000000095f       0x2d /usr/lib/gcc/arm-none-eabi/4.8.2/../../../arm-none-eabi/lib/armv7-m/libm.a(lib_a-k_sin.o)
 .ARM.attributes
                0x000000000000098c       0x2d /usr/lib/gcc/arm-none-eabi/4.8.2/../../../arm-none-eabi/lib/armv7-m/libm.a(lib_a-kf_cos.o)
 .ARM.attributes
                0x00000000000009b9       0x2d /usr/lib/gcc/arm-none-eabi/4.8.2/../../../arm-none-eabi/lib/armv7-m/libm.a(lib_a-kf_rem_pio2.o)
 .ARM.attributes
                0x00000000000009e6       0x2d /usr/lib/gcc/arm-none-eabi/4.8.2/../../../arm-none-eabi/lib/armv7-m/libm.a(lib_a-kf_sin.o)
 .ARM.attributes
                0x0000000000000a13       0x2d /usr/lib/gcc/arm-none-eabi/4.8.2/../../../arm-none-eabi/lib/armv7-m/libm.a(lib_a-s_fabs.o)
 .ARM.attributes
                0x0000000000000a40       0x2d /usr/lib/gcc/arm-none-eabi/4.8.2/../../../arm-none-eabi/lib/armv7-m/libm.a(lib_a-s_floor.o)
 .ARM.attributes
                0x0000000000000a6d       0x2d /usr/lib/gcc/arm-none-eabi/4.8.2/../../../arm-none-eabi/lib/armv7-m/libm.a(lib_a-s_lib_ver.o)
 .ARM.attributes
                0x0000000000000a9a       0x2d /usr/lib/gcc/arm-none-eabi/4.8.2/../../../arm-none-eabi/lib/armv7-m/libm.a(lib_a-s_matherr.o)
 .ARM.attributes
                0x0000000000000ac7       0x2d /usr/lib/gcc/arm-none-eabi/4.8.2/../../../arm-none-eabi/lib/armv7-m/libm.a(lib_a-s_nan.o)
 .ARM.attributes
                0x0000000000000af4       0x2d /usr/lib/gcc/arm-none-eabi/4.8.2/../../../arm-none-eabi/lib/armv7-m/libm.a(lib_a-s_rint.o)
 .ARM.attributes
                0x0000000000000b21       0x2d /usr/lib/gcc/arm-none-eabi/4.8.2/../../../arm-none-eabi/lib/armv7-m/libm.a(lib_a-s_scalbn.o)
 .ARM.attributes
                0x0000000000000b4e       0x2d /usr/lib/gcc/arm-none-eabi/4.8.2/../../../arm-none-eabi/lib/armv7-m/libm.a(lib_a-sf_atan.o)
 .ARM.attributes
                0x0000000000000b7b       0x2d /usr/lib/gcc/arm-none-eabi/4.8.2/../../../arm-none-eabi/lib/armv7-m/libm.a(lib_a-sf_fabs.o)
 .ARM.attributes
                0x0000000000000ba8       0x2d /usr/lib/gcc/arm-none-eabi/4.8.2/../../../arm-none-eabi/lib/armv7-m/libm.a(lib_a-sf_finite.o)
 .ARM.attributes
                0x0000000000000bd5       0x2d /usr/lib/gcc/arm-none-eabi/4.8.2/../../../arm-none-eabi/lib/armv7-m/libm.a(lib_a-sf_floor.o)
 .ARM.attributes