Archive member included because of file (symbol)

/usr/lib/gcc/arm-none-eabi/4.8.2/../../../arm-none-eabi/lib/armv7-m/libc.a(lib_a-atoi.o)
                              obj/NAZE/cli.o (symbol from plugin) (atoi)
/usr/lib/gcc/arm-none-eabi/4.8.2/../../../arm-none-eabi/lib/armv7-m/libc.a(lib_a-ctype_.o)
                              obj/NAZE/cli.o (symbol from plugin) (__ctype_ptr__)
/usr/lib/gcc/arm-none-eabi/4.8.2/../../../arm-none-eabi/lib/armv7-m/libc.a(lib_a-strtol.o)
                              /usr/lib/gcc/arm-none-eabi/4.8.2/../../../arm-none-eabi/lib/armv7-m/libc.a(lib_a-atoi.o) (_strtol_r)
/usr/lib/gcc/arm-none-eabi/4.8.2/../../../arm-none-eabi/lib/armv7-m/libc.a(lib_a-impure.o)
                              /usr/lib/gcc/arm-none-eabi/4.8.2/../../../arm-none-eabi/lib/armv7-m/libc.a(lib_a-strtol.o) (_impure_ptr)
/usr/lib/gcc/arm-none-eabi/4.8.2/../../../arm-none-eabi/lib/armv7-m/libm.a(lib_a-s_cos.o)
                              /tmp/cc3vdxDd.ltrans17.ltrans.o (cos)
/usr/lib/gcc/arm-none-eabi/4.8.2/../../../arm-none-eabi/lib/armv7-m/libm.a(lib_a-s_sin.o)
                              /tmp/cc3vdxDd.ltrans17.ltrans.o (sin)
/usr/lib/gcc/arm-none-eabi/4.8.2/../../../arm-none-eabi/lib/armv7-m/libm.a(lib_a-sf_cos.o)
                              /tmp/cc3vdxDd.ltrans0.ltrans.o (cosf)
/usr/lib/gcc/arm-none-eabi/4.8.2/../../../arm-none-eabi/lib/armv7-m/libm.a(lib_a-sf_lrint.o)
                              /tmp/cc3vdxDd.ltrans0.ltrans.o (lrintf)
/usr/lib/gcc/arm-none-eabi/4.8.2/../../../arm-none-eabi/lib/armv7-m/libm.a(lib_a-sf_sin.o)
                              /tmp/cc3vdxDd.ltrans0.ltrans.o (sinf)
/usr/lib/gcc/arm-none-eabi/4.8.2/../../../arm-none-eabi/lib/armv7-m/libm.a(lib_a-wf_acos.o)
                              /tmp/cc3vdxDd.ltrans1.ltrans.o (acosf)
/usr/lib/gcc/arm-none-eabi/4.8.2/../../../arm-none-eabi/lib/armv7-m/libm.a(lib_a-wf_atan2.o)
                              /tmp/cc3vdxDd.ltrans1.ltrans.o (atan2f)
/usr/lib/gcc/arm-none-eabi/4.8.2/../../../arm-none-eabi/lib/armv7-m/libm.a(lib_a-wf_pow.o)
                              /tmp/cc3vdxDd.ltrans10.ltrans.o (powf)
/usr/lib/gcc/arm-none-eabi/4.8.2/../../../arm-none-eabi/lib/armv7-m/libm.a(lib_a-wf_sqrt.o)
                              /tmp/cc3vdxDd.ltrans1.ltrans.o (sqrtf)
/usr/lib/gcc/arm-none-eabi/4.8.2/../../../arm-none-eabi/lib/armv7-m/libm.a(lib_a-e_rem_pio2.o)
                              /usr/lib/gcc/arm-none-eabi/4.8.2/../../../arm-none-eabi/lib/armv7-m/libm.a(lib_a-s_cos.o) (__ieee754_rem_pio2)
/usr/lib/gcc/arm-none-eabi/4.8.2/../../../arm-none-eabi/lib/armv7-m/libm.a(lib_a-ef_acos.o)
                              /usr/lib/gcc/arm-none-eabi/4.8.2/../../../arm-none-eabi/lib/armv7-m/libm.a(lib_a-wf_acos.o) (__ieee754_acosf)
/usr/lib/gcc/arm-none-eabi/4.8.2/../../../arm-none-eabi/lib/armv7-m/libm.a(lib_a-ef_atan2.o)
                              /usr/lib/gcc/arm-none-eabi/4.8.2/../../../arm-none-eabi/lib/armv7-m/libm.a(lib_a-wf_atan2.o) (__ieee754_atan2f)
/usr/lib/gcc/arm-none-eabi/4.8.2/../../../arm-none-eabi/lib/armv7-m/libm.a(lib_a-ef_pow.o)
                              /usr/lib/gcc/arm-none-eabi/4.8.2/../../../arm-none-eabi/lib/armv7-m/libm.a(lib_a-wf_pow.o) (__ieee754_powf)
/usr/lib/gcc/arm-none-eabi/4.8.2/../../../arm-none-eabi/lib/armv7-m/libm.a(lib_a-ef_rem_pio2.o)
                              /usr/lib/gcc/arm-none-eabi/4.8.2/../../../arm-none-eabi/lib/armv7-m/libm.a(lib_a-sf_cos.o) (__ieee754_rem_pio2f)
/usr/lib/gcc/arm-none-eabi/4.8.2/../../../arm-none-eabi/lib/armv7-m/libm.a(lib_a-ef_sqrt.o)
                              /usr/lib/gcc/arm-none-eabi/4.8.2/../../../arm-none-eabi/lib/armv7-m/libm.a(lib_a-wf_sqrt.o) (__ieee754_sqrtf)
/usr/lib/gcc/arm-none-eabi/4.8.2/../../../arm-none-eabi/lib/armv7-m/libm.a(lib_a-k_cos.o)
                              /usr/lib/gcc/arm-none-eabi/4.8.2/../../../arm-none-eabi/lib/armv7-m/libm.a(lib_a-s_cos.o) (__kernel_cos)
/usr/lib/gcc/arm-none-eabi/4.8.2/../../../arm-none-eabi/lib/armv7-m/libm.a(lib_a-k_rem_pio2.o)
                              /usr/lib/gcc/arm-none-eabi/4.8.2/../../../arm-none-eabi/lib/armv7-m/libm.a(lib_a-e_rem_pio2.o) (__kernel_rem_pio2)
/usr/lib/gcc/arm-none-eabi/4.8.2/../../../arm-none-eabi/lib/armv7-m/libm.a(lib_a-k_sin.o)
                              /usr/lib/gcc/arm-none-eabi/4.8.2/../../../arm-none-eabi/lib/armv7-m/libm.a(lib_a-s_cos.o) (__kernel_sin)
/usr/lib/gcc/arm-none-eabi/4.8.2/../../../arm-none-eabi/lib/armv7-m/libm.a(lib_a-kf_cos.o)
                              /usr/lib/gcc/arm-none-eabi/4.8.2/../../../arm-none-eabi/lib/armv7-m/libm.a(lib_a-sf_cos.o) (__kernel_cosf)
/usr/lib/gcc/arm-none-eabi/4.8.2/../../../arm-none-eabi/lib/armv7-m/libm.a(lib_a-kf_rem_pio2.o)
                              /usr/lib/gcc/arm-none-eabi/4.8.2/../../../arm-none-eabi/lib/armv7-m/libm.a(lib_a-ef_rem_pio2.o) (__kernel_rem_pio2f)
/usr/lib/gcc/arm-none-eabi/4.8.2/../../../arm-none-eabi/lib/armv7-m/libm.a(lib_a-kf_sin.o)
[...]
Memory Configuration

Name             Origin             Length             Attributes
FLASH            0x0000000008000000 0x000000000001f800 xr
RAM              0x0000000020000000 0x0000000000005000 xrw
MEMORY_B1        0x0000000060000000 0x0000000000000000 xr
*default*        0x0000000000000000 0xffffffffffffffff

Linker script and memory map

LOAD obj/NAZE/drv_adc.o
LOAD /tmp/cc3vdxDd.ltrans0.ltrans.o
LOAD /tmp/cc3vdxDd.ltrans1.ltrans.o
LOAD /tmp/cc3vdxDd.ltrans2.ltrans.o
LOAD /tmp/cc3vdxDd.ltrans3.ltrans.o
LOAD /tmp/cc3vdxDd.ltrans4.ltrans.o
LOAD /tmp/cc3vdxDd.ltrans5.ltrans.o
LOAD /tmp/cc3vdxDd.ltrans6.ltrans.o
LOAD /tmp/cc3vdxDd.ltrans7.ltrans.o
LOAD /tmp/cc3vdxDd.ltrans8.ltrans.o
LOAD /tmp/cc3vdxDd.ltrans9.ltrans.o
LOAD /tmp/cc3vdxDd.ltrans10.ltrans.o
LOAD /tmp/cc3vdxDd.ltrans11.ltrans.o
LOAD /tmp/cc3vdxDd.ltrans12.ltrans.o
LOAD /tmp/cc3vdxDd.ltrans13.ltrans.o
LOAD /tmp/cc3vdxDd.ltrans14.ltrans.o
LOAD /tmp/cc3vdxDd.ltrans15.ltrans.o
LOAD /tmp/cc3vdxDd.ltrans16.ltrans.o
LOAD /tmp/cc3vdxDd.ltrans17.ltrans.o
LOAD /tmp/cc3vdxDd.ltrans18.ltrans.o
LOAD /tmp/cc3vdxDd.ltrans19.ltrans.o
LOAD /tmp/cc3vdxDd.ltrans20.ltrans.o
LOAD /tmp/cc3vdxDd.ltrans21.ltrans.o
LOAD /tmp/cc3vdxDd.ltrans22.ltrans.o
LOAD /tmp/cc3vdxDd.ltrans23.ltrans.o
LOAD /tmp/cc3vdxDd.ltrans24.ltrans.o
LOAD /tmp/cc3vdxDd.ltrans25.ltrans.o
LOAD /tmp/cc3vdxDd.ltrans26.ltrans.o
LOAD /tmp/cc3vdxDd.ltrans27.ltrans.o
LOAD obj/NAZE/drv_adxl345.o
LOAD obj/NAZE/drv_ak8975.o
LOAD obj/NAZE/drv_bma280.o
LOAD obj/NAZE/drv_bmp280.o
LOAD obj/NAZE/drv_hcsr04.o
LOAD obj/NAZE/drv_hmc5883l.o
LOAD obj/NAZE/drv_qmc5883.o
LOAD obj/NAZE/drv_ledring.o
LOAD obj/NAZE/drv_mma845x.o
LOAD obj/NAZE/drv_mpu.o
LOAD obj/NAZE/drv_l3g4200d.o
LOAD obj/NAZE/drv_pwm.o
LOAD obj/NAZE/drv_spi.o
LOAD obj/NAZE/drv_timer.o
LOAD obj/NAZE/gps.o
LOAD obj/NAZE/drv_softserial.o
LOAD obj/NAZE/telemetry_common.o
LOAD obj/NAZE/telemetry_frsky.o
LOAD obj/NAZE/telemetry_hott.o
LOAD obj/NAZE/buzzer.o
LOAD obj/NAZE/cli.o
LOAD obj/NAZE/config.o
LOAD obj/NAZE/imu.o
LOAD obj/NAZE/main.o
LOAD obj/NAZE/mixer.o
LOAD obj/NAZE/mw.o
LOAD obj/NAZE/link_driver.o
LOAD obj/NAZE/sensors.o
LOAD obj/NAZE/serial.o
LOAD obj/NAZE/rxmsp.o
LOAD obj/NAZE/drv_gpio.o
LOAD obj/NAZE/drv_i2c.o
LOAD obj/NAZE/drv_i2c_soft.o
LOAD obj/NAZE/drv_system.o
LOAD obj/NAZE/drv_serial.o
LOAD obj/NAZE/drv_spektrum.o
LOAD obj/NAZE/drv_uart.o
LOAD obj/NAZE/printf.o
LOAD obj/NAZE/utils.o
LOAD obj/NAZE/fw_nav.o
LOAD obj/NAZE/ibus.o
LOAD obj/NAZE/sbus.o
LOAD obj/NAZE/sumd.o
LOAD obj/NAZE/spektrum.o
LOAD obj/NAZE/pif.o
LOAD obj/NAZE/pif_comm.o
LOAD obj/NAZE/pif_i2c.o
LOAD obj/NAZE/pif_list.o
LOAD obj/NAZE/pif_log.o
LOAD obj/NAZE/pif_ring_buffer.o
LOAD obj/NAZE/pif_task.o
LOAD obj/NAZE/pif_timer.o
LOAD obj/NAZE/pif_noise_filter.o
LOAD obj/NAZE/pif_noise_filter_int32.o
LOAD obj/NAZE/pif_gps.o
LOAD obj/NAZE/pif_gps_ublox.o
LOAD obj/NAZE/pif_msp.o
LOAD obj/NAZE/pif_rc.o
LOAD obj/NAZE/pif_rc_ibus.o
LOAD obj/NAZE/pif_rc_ppm.o
LOAD obj/NAZE/pif_rc_pwm.o
LOAD obj/NAZE/pif_rc_sbus.o
LOAD obj/NAZE/pif_rc_spektrum.o
LOAD obj/NAZE/pif_rc_sumd.o
LOAD obj/NAZE/pif_bmp280.o
LOAD obj/NAZE/pif_hc_sr04.o
LOAD obj/NAZE/pif_hmc5883.o
LOAD obj/NAZE/pif_qmc5883.o
LOAD obj/NAZE/pif_imu_sensor.o
LOAD obj/NAZE/pif_mpu30x0.o
LOAD obj/NAZE/pif_mpu60x0.o
LOAD obj/NAZE/pif_mpu6500.o
LOAD obj/NAZE/pif_buzzer.o
LOAD obj/NAZE/pif_storage.o
LOAD obj/NAZE/pif_storage_var.o
LOAD obj/NAZE/startup_stm32f10x_md_gcc.o
LOAD obj/NAZE/core_cm3.o
LOAD obj/NAZE/system_stm32f10x.o
LOAD obj/NAZE/misc.o
LOAD obj/NAZE/stm32f10x_adc.o
LOAD obj/NAZE/stm32f10x_bkp.o
LOAD obj/NAZE/stm32f10x_can.o
LOAD obj/NAZE/stm32f10x_cec.o
LOAD obj/NAZE/stm32f10x_crc.o
LOAD obj/NAZE/stm32f10x_dac.o
LOAD obj/NAZE/stm32f10x_dbgmcu.o
LOAD obj/NAZE/stm32f10x_dma.o
LOAD obj/NAZE/stm32f10x_exti.o
LOAD obj/NAZE/stm32f10x_flash.o
LOAD obj/NAZE/stm32f10x_fsmc.o
LOAD obj/NAZE/stm32f10x_gpio.o
LOAD obj/NAZE/stm32f10x_i2c.o
LOAD obj/NAZE/stm32f10x_iwdg.o
LOAD obj/NAZE/stm32f10x_pwr.o
LOAD obj/NAZE/stm32f10x_rcc.o
LOAD obj/NAZE/stm32f10x_rtc.o
LOAD obj/NAZE/stm32f10x_sdio.o
LOAD obj/NAZE/stm32f10x_spi.o
LOAD obj/NAZE/stm32f10x_tim.o
LOAD obj/NAZE/stm32f10x_usart.o
LOAD obj/NAZE/stm32f10x_wwdg.o
LOAD /usr/lib/gcc/arm-none-eabi/4.8.2/../../../arm-none-eabi/lib/armv7-m/libm.a
LOAD /usr/lib/gcc/arm-none-eabi/4.8.2/../../../arm-none-eabi/lib/armv7-m/libc.a
LOAD /usr/lib/gcc/arm-none-eabi/4.8.2/../../../arm-none-eabi/lib/armv7-m/libnosys.a
START GROUP
LOAD /usr/lib/gcc/arm-none-eabi/4.8.2/armv7-m/libgcc.a
LOAD /usr/lib/gcc/arm-none-eabi/4.8.2/../../../arm-none-eabi/lib/armv7-m/libc.a
END GROUP
                0x0000000020005000                _estack = 0x20005000
                0x0000000000000000                _Min_Heap_Size = 0x0
                0x0000000000000400                _Min_Stack_Size = 0x400

.isr_vector     0x0000000008000000      0x10c
                0x0000000008000000                . = ALIGN (0x4)
 *(.isr_vector)
 .isr_vector    0x0000000008000000      0x10c obj/NAZE/startup_stm32f10x_md_gcc.o
                0x0000000008000000                g_pfnVectors
                0x000000000800010c                . = ALIGN (0x4)

.text           0x0000000008000110    0x1b350
                0x0000000008000110                . = ALIGN (0x4)
 *(.text)
 .text          0x0000000008000110     0x1de8 /tmp/cc3vdxDd.ltrans1.ltrans.o
                0x0000000008000110                taskComputeImu
 .text          0x0000000008001ef8     0x10c4 /tmp/cc3vdxDd.ltrans2.ltrans.o
                0x0000000008001ef8                evtMspReceive.12545
 .text          0x0000000008002fbc      0xa18 /tmp/cc3vdxDd.ltrans3.ltrans.o
                0x0000000008002fbc                taskComputeRc
 .text          0x00000000080039d4      0x904 /tmp/cc3vdxDd.ltrans4.ltrans.o
                0x00000000080039d4                taskLedState
 .text          0x00000000080042d8      0xf98 /tmp/cc3vdxDd.ltrans5.ltrans.o
                0x00000000080042d8                micros
                0x000000000800430c                beepRev5.13434
                0x0000000008004320                beepRev4.13431
                0x0000000008004334                mspReadRawRC.13011
                0x0000000008004340                getSonarDistanceFilter.12065
                0x0000000008004390                getSonarDistance.12062
                0x00000000080043c4                pwmReadRawRC
                0x00000000080043dc                _evtBuzzerFinish.8836
                0x00000000080043e8                softSerialWriteByte
                0x0000000008004406                softSerialTotalBytesWaiting
                0x000000000800442a                softSerialReadByte
                0x000000000800445a                isSoftSerialTransmitBufferEmpty
                0x0000000008004466                softSerialSetMode
                0x000000000800446a                _evtGpsUbxReceive.6881
                0x0000000008004560                _evtGpsNmeaReceive.6871
                0x0000000008004638                pwmWriteSyncPwm.5957
                0x0000000008004668                pwmWriteStandard.5953
                0x0000000008004678                pwmWriteBrushed.5949
                0x000000000800469c                dummyRead.5533
                0x00000000080046a0                dummyInit.5529
                0x00000000080046a4                _actHcSr04Trigger.4732
                0x00000000080046c8                actStorageRead
                0x00000000080046de                alignSensors
                0x0000000008004860                serialSetMode
                0x000000000800486c                serialSetBaudRate
                0x0000000008004882                actLed0Toggle
                0x0000000008004894                systemBeep
                0x00000000080048a4                actBuzzerAction
                0x00000000080048ae                gpioInit
                0x0000000008004920                loadCustomServoMixer
                0x000000000800496c                writeMotors
                0x00000000080049a8                rotateV
                0x0000000008004b18                calculateHeading.9817
                0x0000000008004c10                applyDeadband
                0x0000000008004c2e                parseRcChannels
                0x0000000008004c60                validEEPROM.9704
                0x0000000008004cd4                sensorsSet
                0x0000000008004ce4                _atof.9149
                0x0000000008004e10                i2a.9144
                0x0000000008004e38                applyChangedBits
                0x0000000008004e62                setTxSignal
                0x0000000008004e82                GPS_distance_cm_bearing.isra.3.6925
                0x0000000008004f08                GPS_calc_longitude_scaling.6900
                0x0000000008004f44                GPS_reset_home_position
                0x0000000008004f94                wrap_18000
                0x0000000008004fb8                gpsSetPIDs
                0x0000000008005098                activateConfig
                0x0000000008005178                gpsSetState.6878
                0x0000000008005194                spiTransferByte
                0x00000000080051c8                spiSelect
                0x00000000080051e8                mpuWriteRegisterSPI.5562
                0x000000000800520a                actPwmWriteServo
                0x0000000008005228                failsafeCheck.6038
 .text          0x0000000008005270      0xae8 /tmp/cc3vdxDd.ltrans6.ltrans.o
                0x00000000080052bc                hcsr04Init
                0x0000000008005404                configureTimerCaptureCompareInterrupt
                0x00000000080054b8                pifI2cDevice_Read.constprop.167
                0x0000000008005554                pifI2cDevice_ReadRegByte
                0x0000000008005558                pifI2cDevice_ReadRegBytes
                0x000000000800562e                pifQmc5883_ReadMag
                0x000000000800568a                pifHmc5883_ReadMag
                0x0000000008005718                _doTask.19603
                0x0000000008005914                qmc5883Detect
                0x000000000800596c                pifMpu6500_ReadGyro
                0x00000000080059d6                pifMpu6500_ReadAccel
                0x0000000008005a40                pifMpu30x0_ReadGyro
                0x0000000008005aa4                pifI2cDevice_ReadRegBit8
                0x0000000008005ad2                pifI2cPort_AddDevice.constprop.166
                0x0000000008005af4                mpu6050Init.5556
                0x0000000008005cac                configTimeBase
 .text          0x0000000008005d58      0xb30 /tmp/cc3vdxDd.ltrans7.ltrans.o
                0x0000000008005e06                _doTask.16030
                0x0000000008005f16                spektrumReadRawRC.15562
                0x0000000008005f40                sumdReadRawRC.15239
                0x0000000008005f58                sbusReadRawRC.14921
                0x0000000008005f70                ibusReadRawRC.14605
                0x0000000008005f88                _checkParam.17058
                0x0000000008005fec                _checkLoopTime.17050
                0x0000000008006048                _processingTask.17047
                0x00000000080060e4                _setParam.17039
                0x00000000080061f0                _resetTable.17027
                0x000000000800621c                pifRingBuffer_Clear
                0x0000000008006234                pifRingBuffer_BeginPutting
                0x0000000008006244                serialTotalBytesWaiting
                0x000000000800625a                pifRingBuffer_GetFillSize
                0x000000000800626c                pifRingBuffer_Remove
                0x0000000008006312                pifRingBuffer_PutString
                0x0000000008006370                pifRingBuffer_PutData
                0x00000000080063f6                pifRingBuffer_PutByte
                0x0000000008006430                pifFixList_AddFirst
                0x000000000800645e                pifFixList_Remove
                0x000000000800648e                pifI2cPort_RemoveDevice
                0x0000000008006496                pifI2cDevice_Write
                0x0000000008006540                pifI2cDevice_WriteRegByte
                0x0000000008006556                pifCrc16
                0x0000000008006596                pif_DecToString
                0x0000000008006622                pif_PrintFormat
                0x0000000008006838                pif_Printf
                0x0000000008006856                pif_Delay1us
                0x0000000008006874                pif_Delay1ms
 .text          0x0000000008006888      0xb40 /tmp/cc3vdxDd.ltrans8.ltrans.o
                0x0000000008006888                actUartStartTransfer
                0x00000000080068a8                featureDefault.10374
                0x00000000080068b8                _evtGpsTimeout.6875
                0x0000000008006acc                mpuWriteRegisterI2C.5571
                0x0000000008006bcc                l3g4200dDetect
                0x0000000008006c3c                mpuReadRegisterI2C.5575
                0x0000000008006cc0                mma8452Detect
                0x0000000008006d78                bma280Detect
                0x0000000008006e2c                ak8975detect
                0x0000000008006f58                adxl345Detect
                0x0000000008006fbc                actI2cRead
                0x0000000008006fcc                actI2cWrite
                0x0000000008006fdc                pwmOutConfig.6022
                0x000000000800727c                hottV4Respond.8624
                0x00000000080072d4                initialiseSoftSerial
 .text          0x00000000080073c8      0x990 /tmp/cc3vdxDd.ltrans9.ltrans.o
                0x00000000080073c8                cliFeature.9193
                0x00000000080074b8                taskGpsNewData
                0x0000000008007c2c                cliAux.9213
                0x0000000008007c90                mwDisarm.11287
                0x0000000008007ccc                pifMsp_Init.constprop.71
 .text          0x0000000008007d58      0x934 /tmp/cc3vdxDd.ltrans10.ltrans.o
                0x0000000008007d58                cliCMix.9255
                0x0000000008007fbc                cliStatus.9305
                0x00000000080080f8                pifLog_CmdHelp
                0x000000000800813c                taskGetEstimatedAltitude
                0x00000000080085d4                spiTransfer.part.2.6259
                0x0000000008008614                mpuReadRegisterSPI.5566
                0x0000000008008648                blinkLED
 *fill*         0x000000000800868c        0x4 
 .text          0x0000000008008690      0xb88 /tmp/cc3vdxDd.ltrans11.ltrans.o
                0x0000000008008690                _evtTimerRxTimeout.18547
                0x00000000080086a4                _checkAbortBlocking.18160
                0x00000000080086b2                _evtAbortRx.18188
                0x00000000080086ba                _checkAbortI2cResponse.18166
                0x00000000080086ca                _evtTimerFinish.17585
                0x00000000080086ec                _processNoiseCancel.17453
                0x00000000080087fa                _processAverage.17445
                0x0000000008008842                _doTask.17281
                0x0000000008008866                _checksumUbx.18183
                0x000000000800889c                pifGps_SendEvent
                0x00000000080088c2                _convertString2Time.17608
                0x0000000008008928                _convertString2Degrees.17598
                0x00000000080089e4                _convertString2Interger.17595
                0x0000000008008a18                _convertString2Float.17592
                0x0000000008008ad8                pifTimer_Stop
                0x0000000008008aee                pifTaskManager_Yield
                0x0000000008008c90                pifTaskManager_Remove
                0x0000000008008cd4                pifTaskManager_Add
                0x0000000008008d74                pifTask_SetTrigger
                0x0000000008008da0                _evtParsing.18550
                0x0000000008008ee8                _evtParsing.16583
                0x00000000080090e0                pifComm_PutRxByte
                0x000000000800910a                evtBaroRead.12084
                0x0000000008009174                _evtRcReceive.5936
                0x0000000008009198                pifTask_ChangePeriod
                0x00000000080091c4                pifTask_ChangeMode
 .text          0x0000000008009218      0x940 /tmp/cc3vdxDd.ltrans12.ltrans.o
                0x0000000008009218                ppmCallback.5945
                0x0000000008009320                TIM_ICInit.constprop.120
                0x0000000008009544                pwmICConfig
                0x0000000008009574                _processRcPwm.19052.constprop.118
                0x0000000008009654                pifTaskManager_YieldAbortMs.constprop.97
                0x0000000008009680                pifRingBuffer_InitHeap.constprop.84
                0x00000000080096d0                pifRingBuffer_CreateHeap.constprop.79
                0x0000000008009708                serialWrite
                0x000000000800973c                _putc.10369
                0x0000000008009748                sendDataHead.8132
                0x0000000008009764                sendTelemetryTail.8135
                0x00000000080097a0                serialize16.8142
                0x00000000080097b4                pifRingBuffer_CopyToArray.constprop.67
                0x00000000080097f0                pifBuzzer_Start.constprop.63
                0x0000000008009810                _printLog.16594
                0x0000000008009844                pifLog_Printf.constprop.60
                0x000000000800986c                pifLog_CmdPrintVersion
                0x0000000008009890                pifLog_CmdSetStatus
                0x000000000800996c                cliVersion.9169
                0x0000000008009980                ftoa.9236
                0x0000000008009a54                cliPrintVar.9240
                0x0000000008009afc                pifFixList_Init.part.1.16444
 .text          0x0000000008009b58      0x950 /tmp/cc3vdxDd.ltrans13.ltrans.o
                0x0000000008009b58                _evtParsing.18172
                0x000000000800a3f8                rccWriteBkpDr.constprop.58
                0x000000000800a428                cliSave.9185
                0x000000000800a468                cliDefaults.9201
 .text          0x000000000800a4a8      0x6f4 /tmp/cc3vdxDd.ltrans14.ltrans.o
                0x000000000800a4a8                cliServo.9181
                0x000000000800a618                cliMap.9189
                0x000000000800a6f8                i2cInit
                0x000000000800a8d0                i2cHandleHardwareFailure.13134
                0x000000000800a8ec                i2cWriteBuffer
                0x000000000800a9a4                i2cWrite
                0x000000000800a9b8                mma8452Init.5319
                0x000000000800aa48                bma280Init.4457
                0x000000000800aa78                ak8975Init.4337
                0x000000000800aa94                adxl345Init.4207
                0x000000000800aaf8                i2c_er_handler.13128
 .text          0x000000000800ab9c      0x6b0 /tmp/cc3vdxDd.ltrans15.ltrans.o
                0x000000000800abe8                cliExit.9197
                0x000000000800ac20                uartOpen
                0x000000000800afaa                serialInit.constprop.70
                0x000000000800b18c                checkTelemetryState.part.2.7728
 .text          0x000000000800b24c      0x4c4 /tmp/cc3vdxDd.ltrans16.ltrans.o
                0x000000000800b24c                cliGpsPassthrough.9225
                0x000000000800b2b8                cliDump.9251
                0x000000000800b5a0                cliSet.9247
 .text          0x000000000800b710      0x930 /tmp/cc3vdxDd.ltrans17.ltrans.o
                0x000000000800b710                _actReceiveData.16026
                0x000000000800b73c                _evtSending.18554
                0x000000000800b7da                _evtSending.18176
                0x000000000800b894                qmc5883lInit.5143
                0x000000000800b958                pwmCallback.5941
                0x000000000800ba00                softSerialSetBaudRate
                0x000000000800ba3c                mpu3050Init.5559
                0x000000000800bc14                pifGpsUblox_SendUbxMsg.constprop.92
                0x000000000800bdc0                pifMsp_AddAnswer
                0x000000000800be18                pifMsp_AddAnswer16
                0x000000000800be6c                pifMsp_AddAnswer32
                0x000000000800becc                GPS_set_next_wp
 .text          0x000000000800c040      0x9f0 /tmp/cc3vdxDd.ltrans18.ltrans.o
                0x000000000800c040                _doTask.20862
                0x000000000800c0ca                mpuAccInit.5540
                0x000000000800c0d2                mpuGyroInit.5548
                0x000000000800c0da                _evtParsing.19323
                0x000000000800c1cc                _evtParsing.19185
                0x000000000800c52c                mpuAccRead.5544
                0x000000000800c57a                mpuGyroRead.5552
                0x000000000800c5c4                _doTask.19741
                0x000000000800c5f8                _evtParsing.19460
                0x000000000800c6f8                _evtParsing.18839
                0x000000000800c8e0                _writeData.21135
                0x000000000800c91e                _readData.21128
                0x000000000800c95a                _getNewDataNode.21125
                0x000000000800c984                pifImuSensor_ReadRawMag.part.4.20165
                0x000000000800c9c8                hmc5883lRead.4894
                0x000000000800c9da                pifRc_CheckFailSafe
                0x000000000800ca00                pifMsp_ReadData32
                0x000000000800ca1e                pifMsp_ReadData16
 .text          0x000000000800ca30      0x920 /tmp/cc3vdxDd.ltrans19.ltrans.o
                0x000000000800ca30                pidMultiWii.11281
                0x000000000800cc9c                pidRewrite.11283
                0x000000000800ce20                _checkAbortSerial.18163
                0x000000000800ce30                _checkAbortSerialResponse.18169
                0x000000000800ce50                _EvtPrintFrame.6903
                0x000000000800ce60                hmc5883lDetect
                0x000000000800cebc                bmp280Detect
                0x000000000800cfbc                i2c_ev_handler.13117
                0x000000000800d298                ECHO_EXTI_IRQHandler
                0x000000000800d310                pifComm_GetTxByte
 .text          0x000000000800d350      0x444 /tmp/cc3vdxDd.ltrans20.ltrans.o
                0x000000000800d350                cliServoMix.9177
                0x000000000800d6c8                cliMixer.9173
 *fill*         0x000000000800d794        0x4 
 .text          0x000000000800d798      0xaf8 /tmp/cc3vdxDd.ltrans21.ltrans.o
                0x000000000800d9d8                qmc5883lRead.5074
                0x000000000800d9ec                _evtSending.16587
                0x000000000800da2e                failureMode
                0x000000000800da70                readEEPROM
                0x000000000800dad0                writeEEPROM
                0x000000000800db70                taskMagGetAdc
                0x000000000800dcc0                cliProfile.9219
                0x000000000800dd00                checkFirstTime
                0x000000000800e0b8                l3g4200dInit.5832
                0x000000000800e0fc                mpuDetect
 .text          0x000000000800e290      0x69c /tmp/cc3vdxDd.ltrans22.ltrans.o
                0x000000000800e290                cliMotor.9207
                0x000000000800e314                pifLog_CmdPrintTask
                0x000000000800e3e4                _evtSpektrumReceive.15557
                0x000000000800e430                _evtSumdReceive.15234
                0x000000000800e474                _evtSbusReceive.14916
                0x000000000800e4b8                _evtIbusReceive.14600
                0x000000000800e4fc                hmc5883lInit.4961
                0x000000000800e7b4                pifMsp_AddAnswer8
                0x000000000800e800                pifMsp_MakeError
                0x000000000800e864                mixerResetMotors
                0x000000000800e894                timerConfigure
                0x000000000800e8c8                pwmInConfig.6051
 .text          0x000000000800e92c      0x82c /tmp/cc3vdxDd.ltrans23.ltrans.o
                0x000000000800e92c                TIM_GetCapture4
                0x000000000800e934                TIM_GetCapture3
                0x000000000800e93a                TIM_GetCapture2
                0x000000000800e940                TIM_GetCapture1
                0x000000000800e992                actStorageWrite
                0x000000000800ea80                pifStorageVar_IsFormat
                0x000000000800ea86                _doTask.16580
                0x000000000800eb8c                pifStorageVar_Write
                0x000000000800ebb4                pifStorageVar_Open
                0x000000000800ec08                pifStorageVar_Delete
                0x000000000800ecb0                pifStorageVar_Format
                0x000000000800ed84                pifStorageVar_Read
                0x000000000800edb0                pifStorageVar_Create
                0x000000000800ef14                timCCxHandler.6363
                0x000000000800ef60                RCC_GetClocksFreq
                0x000000000800eff8                USART_Init
                0x000000000800f0a4                actCommSetBaudRate
                0x000000000800f0fc                RCC_APB1PeriphResetCmd.part.6.23069
                0x000000000800f10c                NVIC_Init.part.0.21370
 .text          0x000000000800f158      0x538 /tmp/cc3vdxDd.ltrans24.ltrans.o
                0x000000000800f158                _evtGpsReceive.6947
                0x000000000800f1d4                taskLoop
                0x000000000800f658                TIM4_IRQHandler
                0x000000000800f664                TIM3_IRQHandler
                0x000000000800f670                TIM2_IRQHandler
                0x000000000800f67a                TIM1_CC_IRQHandler
                0x000000000800f688                EXTI9_5_IRQHandler
                0x000000000800f68c                EXTI1_IRQHandler
 .text          0x000000000800f690      0x32c /tmp/cc3vdxDd.ltrans25.ltrans.o
                0x000000000800f690                SystemInit
                0x000000000800f6dc                USART3_IRQHandler
                0x000000000800f740                USART2_IRQHandler
                0x000000000800f79c                USART1_IRQHandler
                0x000000000800f7f4                SysTick_Handler
                0x000000000800f980                I2C2_ER_IRQHandler
                0x000000000800f984                I2C1_ER_IRQHandler
                0x000000000800f988                I2C2_EV_IRQHandler
                0x000000000800f98c                I2C1_EV_IRQHandler
                0x000000000800f990                HardFault_Handler
 .text          0x000000000800f9bc       0x94 /tmp/cc3vdxDd.ltrans26.ltrans.o
                0x000000000800f9bc                mwArm.11300
 .text          0x000000000800fa50       0x6c /tmp/cc3vdxDd.ltrans27.ltrans.o
                0x000000000800fa50                pifGps_SetTimeout.constprop.100
 .text          0x000000000800fabc       0xec /usr/lib/gcc/arm-none-eabi/4.8.2/../../../arm-none-eabi/lib/armv7-m/libc.a(lib_a-memcpy.o)
                0x000000000800fabc                memcpy
 .text          0x000000000800fba8      0x370 /usr/lib/gcc/arm-none-eabi/4.8.2/armv7-m/libgcc.a(_arm_addsubdf3.o)
                0x000000000800fba8                __aeabi_drsub
                0x000000000800fbb0                __aeabi_dsub
                0x000000000800fbb0                __subdf3
                0x000000000800fbb4                __adddf3
                0x000000000800fbb4                __aeabi_dadd
                0x000000000800fe2c                __aeabi_ui2d
                0x000000000800fe2c                __floatunsidf
                0x000000000800fe4c                __floatsidf
                0x000000000800fe4c                __aeabi_i2d
                0x000000000800fe70                __extendsfdf2
                0x000000000800fe70                __aeabi_f2d
                0x000000000800feac                __aeabi_ul2d
                0x000000000800feac                __floatundidf
                0x000000000800febc                __floatdidf
                0x000000000800febc                __aeabi_l2d
 .text          0x000000000800ff18      0x424 /usr/lib/gcc/arm-none-eabi/4.8.2/armv7-m/libgcc.a(_arm_muldivdf3.o)
                0x000000000800ff18                __aeabi_dmul
                0x000000000800ff18                __muldf3
                0x000000000801016c                __aeabi_ddiv
                0x000000000801016c                __divdf3
 .text          0x000000000801033c      0x110 /usr/lib/gcc/arm-none-eabi/4.8.2/armv7-m/libgcc.a(_arm_cmpdf2.o)
                0x000000000801033c                __gtdf2
                0x000000000801033c                __gedf2
                0x0000000008010344                __ltdf2
                0x0000000008010344                __ledf2
                0x000000000801034c                __cmpdf2
                0x000000000801034c                __eqdf2
                0x000000000801034c                __nedf2
                0x00000000080103c8                __aeabi_cdrcmple
                0x00000000080103d8                __aeabi_cdcmple
                0x00000000080103d8                __aeabi_cdcmpeq
                0x00000000080103e8                __aeabi_dcmpeq
                0x00000000080103fc                __aeabi_dcmplt
                0x0000000008010410                __aeabi_dcmple
                0x0000000008010424                __aeabi_dcmpge
                0x0000000008010438                __aeabi_dcmpgt
 .text          0x000000000801044c       0x50 /usr/lib/gcc/arm-none-eabi/4.8.2/armv7-m/libgcc.a(_arm_fixdfsi.o)
                0x000000000801044c                __fixdfsi
                0x000000000801044c                __aeabi_d2iz
 .text          0x000000000801049c       0x40 /usr/lib/gcc/arm-none-eabi/4.8.2/armv7-m/libgcc.a(_arm_fixunsdfsi.o)
                0x000000000801049c                __fixunsdfsi
                0x000000000801049c                __aeabi_d2uiz
 .text          0x00000000080104dc       0xa0 /usr/lib/gcc/arm-none-eabi/4.8.2/armv7-m/libgcc.a(_arm_truncdfsf2.o)
                0x00000000080104dc                __aeabi_d2f
                0x00000000080104dc                __truncdfsf2
 .text          0x000000000801057c      0x21c /usr/lib/gcc/arm-none-eabi/4.8.2/armv7-m/libgcc.a(_arm_addsubsf3.o)
                0x000000000801057c                __aeabi_frsub
                0x0000000008010584                __subsf3
                0x0000000008010584                __aeabi_fsub
                0x0000000008010588                __aeabi_fadd
                0x0000000008010588                __addsf3
                0x00000000080106e8                __aeabi_ui2f
                0x00000000080106e8                __floatunsisf
                0x00000000080106f0                __aeabi_i2f
                0x00000000080106f0                __floatsisf
                0x000000000801070c                __floatundisf
                0x000000000801070c                __aeabi_ul2f
                0x000000000801071c                __floatdisf
                0x000000000801071c                __aeabi_l2f
 .text          0x0000000008010798      0x2a0 /usr/lib/gcc/arm-none-eabi/4.8.2/armv7-m/libgcc.a(_arm_muldivsf3.o)
                0x0000000008010798                __mulsf3
                0x0000000008010798                __aeabi_fmul
                0x0000000008010900                __divsf3
                0x0000000008010900                __aeabi_fdiv
 .text          0x0000000008010a38       0xec /usr/lib/gcc/arm-none-eabi/4.8.2/armv7-m/libgcc.a(_arm_cmpsf2.o)
                0x0000000008010a38                __gtsf2
                0x0000000008010a38                __gesf2
                0x0000000008010a40                __lesf2
                0x0000000008010a40                __ltsf2
                0x0000000008010a48                __nesf2
                0x0000000008010a48                __eqsf2
                0x0000000008010a48                __cmpsf2
                0x0000000008010aa8                __aeabi_cfrcmple
                0x0000000008010ab0                __aeabi_cfcmple
                0x0000000008010ab0                __aeabi_cfcmpeq
                0x0000000008010ac0                __aeabi_fcmpeq
                0x0000000008010ad4                __aeabi_fcmplt
                0x0000000008010ae8                __aeabi_fcmple
                0x0000000008010afc                __aeabi_fcmpge
                0x0000000008010b10                __aeabi_fcmpgt
 .text          0x0000000008010b24       0x4c /usr/lib/gcc/arm-none-eabi/4.8.2/armv7-m/libgcc.a(_arm_fixsfsi.o)
                0x0000000008010b24                __fixsfsi
                0x0000000008010b24                __aeabi_f2iz
 .text          0x0000000008010b70       0x40 /usr/lib/gcc/arm-none-eabi/4.8.2/armv7-m/libgcc.a(_arm_fixunssfsi.o)
                0x0000000008010b70                __aeabi_f2uiz
                0x0000000008010b70                __fixunssfsi
 .text          0x0000000008010bb0       0x38 /usr/lib/gcc/arm-none-eabi/4.8.2/armv7-m/libgcc.a(_aeabi_ldivmod.o)
                0x0000000008010bb0                __aeabi_ldivmod
 .text          0x0000000008010be8       0x60 /usr/lib/gcc/arm-none-eabi/4.8.2/armv7-m/libgcc.a(bpabi.o)
                0x0000000008010be8                __gnu_ldivmod_helper
                0x0000000008010c18                __gnu_uldivmod_helper
 .text          0x0000000008010c48        0x4 /usr/lib/gcc/arm-none-eabi/4.8.2/armv7-m/libgcc.a(_dvmd_tls.o)
                0x0000000008010c48                __aeabi_ldiv0
                0x0000000008010c48                __aeabi_idiv0
 .text          0x0000000008010c4c      0x2bc /usr/lib/gcc/arm-none-eabi/4.8.2/armv7-m/libgcc.a(_divdi3.o)
                0x0000000008010c4c                __divdi3
 .text          0x0000000008010f08      0x284 /usr/lib/gcc/arm-none-eabi/4.8.2/armv7-m/libgcc.a(_udivdi3.o)
                0x0000000008010f08                __udivdi3
 *(.text*)
 *fill*         0x000000000801118c        0x4 
 .text.startup  0x0000000008011190     0x1dd0 /tmp/cc3vdxDd.ltrans0.ltrans.o
                0x0000000008011190                main
 .text.unlikely
                0x0000000008012f60       0xbc /tmp/cc3vdxDd.ltrans12.ltrans.o
                0x0000000008012f60                _printTime.16598
                0x0000000008012fd4                pifNoiseFilterInt32_Init.constprop.48
 .text.Reset_Handler
                0x000000000801301c       0xa0 obj/NAZE/startup_stm32f10x_md_gcc.o
                0x000000000801301c                Reset_Handler
 .text.Default_Handler
                0x00000000080130bc        0x2 obj/NAZE/startup_stm32f10x_md_gcc.o
                0x00000000080130bc                EXTI2_IRQHandler
                0x00000000080130bc                DebugMon_Handler
                0x00000000080130bc                PVD_IRQHandler
                0x00000000080130bc                PendSV_Handler
                0x00000000080130bc                NMI_Handler
                0x00000000080130bc                EXTI3_IRQHandler
                0x00000000080130bc                EXTI0_IRQHandler
                0x00000000080130bc                UsageFault_Handler
                0x00000000080130bc                ADC1_2_IRQHandler
                0x00000000080130bc                SPI1_IRQHandler
                0x00000000080130bc                TAMPER_IRQHandler
                0x00000000080130bc                DMA1_Channel4_IRQHandler
                0x00000000080130bc                RTC_IRQHandler
                0x00000000080130bc                DMA1_Channel7_IRQHandler
                0x00000000080130bc                CAN1_RX1_IRQHandler
                0x00000000080130bc                DMA1_Channel6_IRQHandler
                0x00000000080130bc                RCC_IRQHandler
                0x00000000080130bc                TIM1_TRG_COM_IRQHandler
                0x00000000080130bc                DMA1_Channel1_IRQHandler
                0x00000000080130bc                Default_Handler
                0x00000000080130bc                EXTI15_10_IRQHandler
                0x00000000080130bc                SPI2_IRQHandler
                0x00000000080130bc                MemManage_Handler
                0x00000000080130bc                SVC_Handler
                0x00000000080130bc                DMA1_Channel5_IRQHandler
                0x00000000080130bc                EXTI4_IRQHandler
                0x00000000080130bc                USB_LP_CAN1_RX0_IRQHandler
                0x00000000080130bc                USB_HP_CAN1_TX_IRQHandler
                0x00000000080130bc                DMA1_Channel3_IRQHandler
                0x00000000080130bc                TIM1_UP_IRQHandler
                0x00000000080130bc                WWDG_IRQHandler
                0x00000000080130bc                TIM1_BRK_IRQHandler
                0x00000000080130bc                RTCAlarm_IRQHandler
                0x00000000080130bc                DMA1_Channel2_IRQHandler
                0x00000000080130bc                CAN1_SCE_IRQHandler
                0x00000000080130bc                FLASH_IRQHandler
                0x00000000080130bc                BusFault_Handler
                0x00000000080130bc                USBWakeUp_IRQHandler
 *fill*         0x00000000080130be        0x2 
 .text.atoi     0x00000000080130c0        0x8 /usr/lib/gcc/arm-none-eabi/4.8.2/../../../arm-none-eabi/lib/armv7-m/libc.a(lib_a-atoi.o)
                0x00000000080130c0                atoi
 .text._strtol_r
                0x00000000080130c8      0x124 /usr/lib/gcc/arm-none-eabi/4.8.2/../../../arm-none-eabi/lib/armv7-m/libc.a(lib_a-strtol.o)
                0x00000000080130c8                _strtol_r
 .text.strtol   0x00000000080131ec       0x1c /usr/lib/gcc/arm-none-eabi/4.8.2/../../../arm-none-eabi/lib/armv7-m/libc.a(lib_a-strtol.o)
                0x00000000080131ec                strtol
 .text.cos      0x0000000008013208       0x94 /usr/lib/gcc/arm-none-eabi/4.8.2/../../../arm-none-eabi/lib/armv7-m/libm.a(lib_a-s_cos.o)
                0x0000000008013208                cos
 .text.sin      0x000000000801329c       0x98 /usr/lib/gcc/arm-none-eabi/4.8.2/../../../arm-none-eabi/lib/armv7-m/libm.a(lib_a-s_sin.o)
                0x000000000801329c                sin
 .text.cosf     0x0000000008013334       0x6c /usr/lib/gcc/arm-none-eabi/4.8.2/../../../arm-none-eabi/lib/armv7-m/libm.a(lib_a-sf_cos.o)
                0x0000000008013334                cosf
 .text.lrintf   0x00000000080133a0       0x7c /usr/lib/gcc/arm-none-eabi/4.8.2/../../../arm-none-eabi/lib/armv7-m/libm.a(lib_a-sf_lrint.o)
                0x00000000080133a0                lrintf
 .text.sinf     0x000000000801341c       0x7c /usr/lib/gcc/arm-none-eabi/4.8.2/../../../arm-none-eabi/lib/armv7-m/libm.a(lib_a-sf_sin.o)
                0x000000000801341c                sinf
 .text.acosf    0x0000000008013498       0xa4 /usr/lib/gcc/arm-none-eabi/4.8.2/../../../arm-none-eabi/lib/armv7-m/libm.a(lib_a-wf_acos.o)
                0x0000000008013498                acosf
 .text.atan2f   0x000000000801353c        0x4 /usr/lib/gcc/arm-none-eabi/4.8.2/../../../arm-none-eabi/lib/armv7-m/libm.a(lib_a-wf_atan2.o)
                0x000000000801353c                atan2f
 .text.powf     0x0000000008013540      0x33c /usr/lib/gcc/arm-none-eabi/4.8.2/../../../arm-none-eabi/lib/armv7-m/libm.a(lib_a-wf_pow.o)
                0x0000000008013540                powf
 .text.sqrtf    0x000000000801387c       0xa0 /usr/lib/gcc/arm-none-eabi/4.8.2/../../../arm-none-eabi/lib/armv7-m/libm.a(lib_a-wf_sqrt.o)
                0x000000000801387c                sqrtf
 *fill*         0x000000000801391c        0x4 
 .text.__ieee754_rem_pio2
                0x0000000008013920      0x458 /usr/lib/gcc/arm-none-eabi/4.8.2/../../../arm-none-eabi/lib/armv7-m/libm.a(lib_a-e_rem_pio2.o)
                0x0000000008013920                __ieee754_rem_pio2
 .text.__ieee754_acosf
                0x0000000008013d78      0x36c /usr/lib/gcc/arm-none-eabi/4.8.2/../../../arm-none-eabi/lib/armv7-m/libm.a(lib_a-ef_acos.o)
                0x0000000008013d78                __ieee754_acosf
 .text.__ieee754_atan2f
                0x00000000080140e4      0x148 /usr/lib/gcc/arm-none-eabi/4.8.2/../../../arm-none-eabi/lib/armv7-m/libm.a(lib_a-ef_atan2.o)
                0x00000000080140e4                __ieee754_atan2f
 .text.__ieee754_powf
                0x000000000801422c      0x74c /usr/lib/gcc/arm-none-eabi/4.8.2/../../../arm-none-eabi/lib/armv7-m/libm.a(lib_a-ef_pow.o)
                0x000000000801422c                __ieee754_powf
 .text.__ieee754_rem_pio2f
                0x0000000008014978      0x34c /usr/lib/gcc/arm-none-eabi/4.8.2/../../../arm-none-eabi/lib/armv7-m/libm.a(lib_a-ef_rem_pio2.o)
                0x0000000008014978                __ieee754_rem_pio2f
 .text.__ieee754_sqrtf
                0x0000000008014cc4       0xa8 /usr/lib/gcc/arm-none-eabi/4.8.2/../../../arm-none-eabi/lib/armv7-m/libm.a(lib_a-ef_sqrt.o)
                0x0000000008014cc4                __ieee754_sqrtf
 *fill*         0x0000000008014d6c        0x4 
 .text.__kernel_cos
                0x0000000008014d70      0x260 /usr/lib/gcc/arm-none-eabi/4.8.2/../../../arm-none-eabi/lib/armv7-m/libm.a(lib_a-k_cos.o)
                0x0000000008014d70                __kernel_cos
 .text.__kernel_rem_pio2
                0x0000000008014fd0      0x7e4 /usr/lib/gcc/arm-none-eabi/4.8.2/../../../arm-none-eabi/lib/armv7-m/libm.a(lib_a-k_rem_pio2.o)
                0x0000000008014fd0                __kernel_rem_pio2
 *fill*         0x00000000080157b4        0x4 
 .text.__kernel_sin
                0x00000000080157b8      0x168 /usr/lib/gcc/arm-none-eabi/4.8.2/../../../arm-none-eabi/lib/armv7-m/libm.a(lib_a-k_sin.o)
                0x00000000080157b8                __kernel_sin
 .text.__kernel_cosf
                0x0000000008015920      0x1b8 /usr/lib/gcc/arm-none-eabi/4.8.2/../../../arm-none-eabi/lib/armv7-m/libm.a(lib_a-kf_cos.o)
                0x0000000008015920                __kernel_cosf
 .text.__kernel_rem_pio2f
                0x0000000008015ad8      0x664 /usr/lib/gcc/arm-none-eabi/4.8.2/../../../arm-none-eabi/lib/armv7-m/libm.a(lib_a-kf_rem_pio2.o)
                0x0000000008015ad8                __kernel_rem_pio2f
 .text.__kernel_sinf
                0x000000000801613c       0xfc /usr/lib/gcc/arm-none-eabi/4.8.2/../../../arm-none-eabi/lib/armv7-m/libm.a(lib_a-kf_sin.o)
                0x000000000801613c                __kernel_sinf
 .text.fabs     0x0000000008016238        0x8 /usr/lib/gcc/arm-none-eabi/4.8.2/../../../arm-none-eabi/lib/armv7-m/libm.a(lib_a-s_fabs.o)
                0x0000000008016238                fabs
 .text.floor    0x0000000008016240      0x120 /usr/lib/gcc/arm-none-eabi/4.8.2/../../../arm-none-eabi/lib/armv7-m/libm.a(lib_a-s_floor.o)
                0x0000000008016240                floor
 .text.matherr  0x0000000008016360        0x4 /usr/lib/gcc/arm-none-eabi/4.8.2/../../../arm-none-eabi/lib/armv7-m/libm.a(lib_a-s_matherr.o)
                0x0000000008016360                matherr
 .text.nan      0x0000000008016364        0xc /usr/lib/gcc/arm-none-eabi/4.8.2/../../../arm-none-eabi/lib/armv7-m/libm.a(lib_a-s_nan.o)
                0x0000000008016364                nan
 .text.rint     0x0000000008016370      0x120 /usr/lib/gcc/arm-none-eabi/4.8.2/../../../arm-none-eabi/lib/armv7-m/libm.a(lib_a-s_rint.o)
                0x0000000008016370                rint
 .text.scalbn   0x0000000008016490      0x100 /usr/lib/gcc/arm-none-eabi/4.8.2/../../../arm-none-eabi/lib/armv7-m/libm.a(lib_a-s_scalbn.o)
                0x0000000008016490                scalbn
 .text.atanf    0x0000000008016590      0x254 /usr/lib/gcc/arm-none-eabi/4.8.2/../../../arm-none-eabi/lib/armv7-m/libm.a(lib_a-sf_atan.o)
                0x0000000008016590                atanf
 .text.fabsf    0x00000000080167e4        0x8 /usr/lib/gcc/arm-none-eabi/4.8.2/../../../arm-none-eabi/lib/armv7-m/libm.a(lib_a-sf_fabs.o)
                0x00000000080167e4                fabsf
 .text.finitef  0x00000000080167ec       0x10 /usr/lib/gcc/arm-none-eabi/4.8.2/../../../arm-none-eabi/lib/armv7-m/libm.a(lib_a-sf_finite.o)
                0x00000000080167ec                finitef
 .text.floorf   0x00000000080167fc       0x98 /usr/lib/gcc/arm-none-eabi/4.8.2/../../../arm-none-eabi/lib/armv7-m/libm.a(lib_a-sf_floor.o)
                0x00000000080167fc                floorf
 .text.__fpclassifyf
                0x0000000008016894       0x34 /usr/lib/gcc/arm-none-eabi/4.8.2/../../../arm-none-eabi/lib/armv7-m/libm.a(lib_a-sf_fpclassify.o)
                0x0000000008016894                __fpclassifyf
 .text.nanf     0x00000000080168c8        0x8 /usr/lib/gcc/arm-none-eabi/4.8.2/../../../arm-none-eabi/lib/armv7-m/libm.a(lib_a-sf_nan.o)
                0x00000000080168c8                nanf
 .text.scalbnf  0x00000000080168d0       0xb8 /usr/lib/gcc/arm-none-eabi/4.8.2/../../../arm-none-eabi/lib/armv7-m/libm.a(lib_a-sf_scalbn.o)
                0x00000000080168d0                scalbnf
 .text.copysign
                0x0000000008016988       0x14 /usr/lib/gcc/arm-none-eabi/4.8.2/../../../arm-none-eabi/lib/armv7-m/libm.a(lib_a-s_copysign.o)
                0x0000000008016988                copysign
 .text.copysignf
                0x000000000801699c        0xc /usr/lib/gcc/arm-none-eabi/4.8.2/../../../arm-none-eabi/lib/armv7-m/libm.a(lib_a-sf_copysign.o)
                0x000000000801699c                copysignf
 .text.calloc   0x00000000080169a8       0x14 /usr/lib/gcc/arm-none-eabi/4.8.2/../../../arm-none-eabi/lib/armv7-m/libc.a(lib_a-calloc.o)
                0x00000000080169a8                calloc
 .text._calloc_r
                0x00000000080169bc       0x60 /usr/lib/gcc/arm-none-eabi/4.8.2/../../../arm-none-eabi/lib/armv7-m/libc.a(lib_a-callocr.o)
                0x00000000080169bc                _calloc_r
 .text.__errno  0x0000000008016a1c        0xc /usr/lib/gcc/arm-none-eabi/4.8.2/../../../arm-none-eabi/lib/armv7-m/libc.a(lib_a-errno.o)
                0x0000000008016a1c                __errno
 .text.malloc   0x0000000008016a28       0x10 /usr/lib/gcc/arm-none-eabi/4.8.2/../../../arm-none-eabi/lib/armv7-m/libc.a(lib_a-malloc.o)
                0x0000000008016a28                malloc
 .text.free     0x0000000008016a38       0x10 /usr/lib/gcc/arm-none-eabi/4.8.2/../../../arm-none-eabi/lib/armv7-m/libc.a(lib_a-malloc.o)
                0x0000000008016a38                free
 .text._malloc_r
                0x0000000008016a48      0x564 /usr/lib/gcc/arm-none-eabi/4.8.2/../../../arm-none-eabi/lib/armv7-m/libc.a(lib_a-mallocr.o)
                0x0000000008016a48                _malloc_r
 .text.memset   0x0000000008016fac       0x94 /usr/lib/gcc/arm-none-eabi/4.8.2/../../../arm-none-eabi/lib/armv7-m/libc.a(lib_a-memset.o)
                0x0000000008016fac                memset
 .text.__malloc_lock
                0x0000000008017040        0x4 /usr/lib/gcc/arm-none-eabi/4.8.2/../../../arm-none-eabi/lib/armv7-m/libc.a(lib_a-mlock.o)
                0x0000000008017040                __malloc_lock
 .text.__malloc_unlock
                0x0000000008017044        0x4 /usr/lib/gcc/arm-none-eabi/4.8.2/../../../arm-none-eabi/lib/armv7-m/libc.a(lib_a-mlock.o)
                0x0000000008017044                __malloc_unlock
 .text._sbrk_r  0x0000000008017048       0x28 /usr/lib/gcc/arm-none-eabi/4.8.2/../../../arm-none-eabi/lib/armv7-m/libc.a(lib_a-sbrkr.o)
                0x0000000008017048                _sbrk_r
 .text.strcasecmp
                0x0000000008017070       0x48 /usr/lib/gcc/arm-none-eabi/4.8.2/../../../arm-none-eabi/lib/armv7-m/libc.a(lib_a-strcasecmp.o)
                0x0000000008017070                strcasecmp
 .text.strcat   0x00000000080170b8       0x4c /usr/lib/gcc/arm-none-eabi/4.8.2/../../../arm-none-eabi/lib/armv7-m/libc.a(lib_a-strcat.o)
                0x00000000080170b8                strcat
 .text.strchr   0x0000000008017104       0xf4 /usr/lib/gcc/arm-none-eabi/4.8.2/../../../arm-none-eabi/lib/armv7-m/libc.a(lib_a-strchr.o)
                0x0000000008017104                strchr
 .text.strcpy   0x00000000080171f8       0xbc /usr/lib/gcc/arm-none-eabi/4.8.2/../../../arm-none-eabi/lib/armv7-m/libc.a(lib_a-strcpy.o)
                0x00000000080171f8                strcpy
 .text.strlen   0x00000000080172b4       0x60 /usr/lib/gcc/arm-none-eabi/4.8.2/../../../arm-none-eabi/lib/armv7-m/libc.a(lib_a-strlen.o)
                0x00000000080172b4                strlen
 .text.strncasecmp
                0x0000000008017314       0x54 /usr/lib/gcc/arm-none-eabi/4.8.2/../../../arm-none-eabi/lib/armv7-m/libc.a(lib_a-strncasecmp.o)
                0x0000000008017314                strncasecmp
 .text.strncpy  0x0000000008017368       0x68 /usr/lib/gcc/arm-none-eabi/4.8.2/../../../arm-none-eabi/lib/armv7-m/libc.a(lib_a-strncpy.o)
                0x0000000008017368                strncpy
 .text.critical_factorization
                0x00000000080173d0       0xbc /usr/lib/gcc/arm-none-eabi/4.8.2/../../../arm-none-eabi/lib/armv7-m/libc.a(lib_a-strstr.o)
 .text.two_way_long_needle
                0x000000000801748c      0x228 /usr/lib/gcc/arm-none-eabi/4.8.2/../../../arm-none-eabi/lib/armv7-m/libc.a(lib_a-strstr.o)
 .text.strstr   0x00000000080176b4      0x21c /usr/lib/gcc/arm-none-eabi/4.8.2/../../../arm-none-eabi/lib/armv7-m/libc.a(lib_a-strstr.o)
                0x00000000080176b4                strstr
 .text._malloc_trim_r
                0x00000000080178d0       0xa4 /usr/lib/gcc/arm-none-eabi/4.8.2/../../../arm-none-eabi/lib/armv7-m/libc.a(lib_a-freer.o)
                0x00000000080178d0                _malloc_trim_r
 .text._free_r  0x0000000008017974      0x198 /usr/lib/gcc/arm-none-eabi/4.8.2/../../../arm-none-eabi/lib/armv7-m/libc.a(lib_a-freer.o)
                0x0000000008017974                _free_r
 .text.memchr   0x0000000008017b0c       0x94 /usr/lib/gcc/arm-none-eabi/4.8.2/../../../arm-none-eabi/lib/armv7-m/libc.a(lib_a-memchr-stub.o)
                0x0000000008017b0c                memchr
 .text.memcmp   0x0000000008017ba0       0x68 /usr/lib/gcc/arm-none-eabi/4.8.2/../../../arm-none-eabi/lib/armv7-m/libc.a(lib_a-memcmp.o)
                0x0000000008017ba0                memcmp
 .text._sbrk    0x0000000008017c08       0x20 /usr/lib/gcc/arm-none-eabi/4.8.2/../../../arm-none-eabi/lib/armv7-m/libnosys.a(sbrk.o)
                0x0000000008017c08                _sbrk
 *(.rodata)
 .rodata        0x0000000008017c28      0x780 /tmp/cc3vdxDd.ltrans0.ltrans.o
                0x0000000008017c5c                mixers
                0x0000000008017d24                servoMixers
                0x0000000008017dfc                servoMixerSingle.11167
                0x0000000008017e34                servoMixerDual.11166
                0x0000000008017e42                servoMixerAirplane.11165
                0x0000000008017e5e                servoMixerFlyingWing.11164
                0x0000000008017e7a                servoMixerBI.11163
                0x0000000008017e96                servoMixerTri.11162
                0x0000000008017ea0                mixerAtail4.11063
                0x0000000008017ee0                mixerDualcopter.11062
                0x0000000008017f00                mixerHex6H.11061
                0x0000000008017f60                mixerVtail4.11060
                0x0000000008017fa0                mixerOctoFlatX.11059
                0x0000000008018020                mixerOctoFlatP.11058
                0x00000000080180a0                mixerOctoX8.11057
                0x0000000008018120                mixerHex6X.11056
                0x0000000008018180                mixerY4.11055
                0x00000000080181c0                mixerVectorThrust.11054
                0x00000000080181e0                mixerHex6P.11053
                0x0000000008018240                mixerY6.11052
                0x00000000080182a0                mixerBi.11051
                0x00000000080182c0                mixerQuadX.11050
                0x0000000008018300                mixerQuadP.11049
                0x0000000008018340                mixerTri.11048
 .rodata        0x00000000080183a8      0x168 /tmp/cc3vdxDd.ltrans2.ltrans.o
 .rodata        0x0000000008018510       0x46 /tmp/cc3vdxDd.ltrans3.ltrans.o
                0x0000000008018510                buzz_sos.8861
                0x0000000008018523                buzz_mediumBeep.8864
                0x0000000008018526                buzz_2shortBeeps.8859
                0x000000000801852b                buzz_3shortBeeps.8860
                0x0000000008018532                buzz_readyBeep.8857
                0x0000000008018541                buzz_shortBeep.8867
                0x0000000008018544                buzz_armed.8865
                0x000000000801854d                buzz_BatteryBeep.8863
                0x0000000008018550                buzz_longBeep.8862
                0x0000000008018553                buzz_mediumBeepFast.8858
 *fill*         0x0000000008018556        0x2 
 .rodata        0x0000000008018558      0x164 /tmp/cc3vdxDd.ltrans4.ltrans.o
                0x00000000080186b8                type_ch
 .rodata        0x00000000080186bc       0x20 /tmp/cc3vdxDd.ltrans6.ltrans.o
                0x00000000080186bc                channels.6453
 .rodata        0x00000000080186dc       0x4c /tmp/cc3vdxDd.ltrans9.ltrans.o
                0x00000000080186dc                featureNames.9355
 .rodata        0x0000000008018728       0x20 /tmp/cc3vdxDd.ltrans10.ltrans.o
 .rodata        0x0000000008018748       0x30 /tmp/cc3vdxDd.ltrans12.ltrans.o
 .rodata        0x0000000008018778       0x30 /tmp/cc3vdxDd.ltrans14.ltrans.o
 .rodata        0x00000000080187a8       0x64 /tmp/cc3vdxDd.ltrans16.ltrans.o
                0x00000000080187a8                mixerNames.9348
 .rodata        0x000000000801880c       0x24 /tmp/cc3vdxDd.ltrans17.ltrans.o
                0x000000000801880c                softSerialVTable
                0x0000000008018824                hw_names.5667
 .rodata        0x0000000008018830        0x8 /tmp/cc3vdxDd.ltrans20.ltrans.o
 .rodata        0x0000000008018838        0x8 /tmp/cc3vdxDd.ltrans21.ltrans.o
 .rodata        0x0000000008018840       0x28 /tmp/cc3vdxDd.ltrans22.ltrans.o
 .rodata        0x0000000008018868       0x98 /tmp/cc3vdxDd.ltrans24.ltrans.o
                0x00000000080188fc                kPifHexUpperChar
 .rodata        0x0000000008018900      0xb38 /tmp/cc3vdxDd.ltrans25.ltrans.o
                0x000000000801890c                valueTable
 *(.rodata*)
 .rodata.timerHardware
                0x0000000008019438       0xe0 /tmp/cc3vdxDd.ltrans0.ltrans.o
                0x0000000008019438                timerHardware
 .rodata.str1.1
                0x0000000008019518       0x5a /tmp/cc3vdxDd.ltrans0.ltrans.o
                                         0x5b (size before relaxing)
 .rodata.str1.1
                0x0000000008019572       0xdb /tmp/cc3vdxDd.ltrans2.ltrans.o
 .rodata.str1.1
                0x000000000801964d      0x267 /tmp/cc3vdxDd.ltrans4.ltrans.o
                                        0x28c (size before relaxing)
 .rodata.str1.1
                0x00000000080198b4       0x25 /tmp/cc3vdxDd.ltrans5.ltrans.o
 .rodata.str1.1
                0x00000000080198d9       0x18 /tmp/cc3vdxDd.ltrans6.ltrans.o
 .rodata.str1.1
                0x00000000080198f1       0x22 /tmp/cc3vdxDd.ltrans7.ltrans.o
 .rodata.str1.1
                0x0000000008019913       0x27 /tmp/cc3vdxDd.ltrans8.ltrans.o
 .rodata.str1.1
                0x000000000801993a      0x121 /tmp/cc3vdxDd.ltrans9.ltrans.o
                                        0x136 (size before relaxing)
 .rodata.str1.1
                0x0000000008019a5b      0x208 /tmp/cc3vdxDd.ltrans10.ltrans.o
                                        0x222 (size before relaxing)
 .rodata.str1.1
                0x0000000008019c63       0x14 /tmp/cc3vdxDd.ltrans11.ltrans.o
 .rodata.str1.1
                0x0000000008019c77       0xcd /tmp/cc3vdxDd.ltrans12.ltrans.o
                                         0xdc (size before relaxing)
 .rodata.str1.1
                0x0000000008019d44       0x34 /tmp/cc3vdxDd.ltrans13.ltrans.o
                                         0x41 (size before relaxing)
 .rodata.str1.1
                0x0000000008019d78      0x143 /tmp/cc3vdxDd.ltrans14.ltrans.o
                                        0x157 (size before relaxing)
 .rodata.rcChannelLetters
                0x0000000008019ebb       0x13 /tmp/cc3vdxDd.ltrans14.ltrans.o
                0x0000000008019ebb                rcChannelLetters
 .rodata.str1.1
                0x0000000008019ece       0x33 /tmp/cc3vdxDd.ltrans15.ltrans.o
 .rodata.str1.1
                0x0000000008019f01      0x255 /tmp/cc3vdxDd.ltrans16.ltrans.o
                                        0x29f (size before relaxing)
 .rodata.str1.1
                0x000000000801a156       0x10 /tmp/cc3vdxDd.ltrans17.ltrans.o
                                         0x18 (size before relaxing)
 .rodata.str1.1
                0x000000000801a166       0x10 /tmp/cc3vdxDd.ltrans19.ltrans.o
 .rodata.str1.1
                0x000000000801a176      0x20f /tmp/cc3vdxDd.ltrans20.ltrans.o
                                        0x278 (size before relaxing)
 .rodata.str1.1
                0x000000000801a385       0x29 /tmp/cc3vdxDd.ltrans21.ltrans.o
                                         0x31 (size before relaxing)
 .rodata.str1.1
                0x000000000801a3ae      0x16b /tmp/cc3vdxDd.ltrans22.ltrans.o
                                        0x173 (size before relaxing)
 .rodata.str1.1
                0x000000000801a519       0x74 /tmp/cc3vdxDd.ltrans23.ltrans.o
 .rodata.str1.1
                0x000000000801a58d       0x1b /tmp/cc3vdxDd.ltrans24.ltrans.o
                                         0x2c (size before relaxing)
 .rodata.kCfgMsgNmea
                0x000000000801a5a8       0x12 /tmp/cc3vdxDd.ltrans24.ltrans.o
 .rodata.str1.1
                0x000000000801a5ba      0x78a /tmp/cc3vdxDd.ltrans25.ltrans.o
                                        0x7b8 (size before relaxing)
 .rodata._ctype_
                0x000000000801ad44      0x104 /usr/lib/gcc/arm-none-eabi/4.8.2/../../../arm-none-eabi/lib/armv7-m/libc.a(lib_a-ctype_.o)
                0x000000000801ad44                _ctype_
 .rodata.str1.4
                0x000000000801ae48        0x2 /usr/lib/gcc/arm-none-eabi/4.8.2/../../../arm-none-eabi/lib/armv7-m/libc.a(lib_a-impure.o)
                                          0x4 (size before relaxing)
 *fill*         0x000000000801ae4a        0x2 
 .rodata.TWO23  0x000000000801ae4c        0x8 /usr/lib/gcc/arm-none-eabi/4.8.2/../../../arm-none-eabi/lib/armv7-m/libm.a(lib_a-sf_lrint.o)
 .rodata.str1.4
                0x000000000801ae54        0x6 /usr/lib/gcc/arm-none-eabi/4.8.2/../../../arm-none-eabi/lib/armv7-m/libm.a(lib_a-wf_acos.o)
                                          0xc (size before relaxing)
 *fill*         0x000000000801ae5a        0x2 
 .rodata.str1.4
                0x000000000801ae5c        0x5 /usr/lib/gcc/arm-none-eabi/4.8.2/../../../arm-none-eabi/lib/armv7-m/libm.a(lib_a-wf_pow.o)
                                          0x8 (size before relaxing)
 *fill*         0x000000000801ae61        0x3 
 .rodata.str1.4
                0x000000000801ae64        0x8 /usr/lib/gcc/arm-none-eabi/4.8.2/../../../arm-none-eabi/lib/armv7-m/libm.a(lib_a-wf_sqrt.o)
 .rodata.npio2_hw
                0x000000000801ae6c       0x80 /usr/lib/gcc/arm-none-eabi/4.8.2/../../../arm-none-eabi/lib/armv7-m/libm.a(lib_a-e_rem_pio2.o)
 .rodata.two_over_pi
                0x000000000801aeec      0x108 /usr/lib/gcc/arm-none-eabi/4.8.2/../../../arm-none-eabi/lib/armv7-m/libm.a(lib_a-e_rem_pio2.o)
 .rodata.dp_h   0x000000000801aff4        0x8 /usr/lib/gcc/arm-none-eabi/4.8.2/../../../arm-none-eabi/lib/armv7-m/libm.a(lib_a-ef_pow.o)
 .rodata.dp_l   0x000000000801affc        0x8 /usr/lib/gcc/arm-none-eabi/4.8.2/../../../arm-none-eabi/lib/armv7-m/libm.a(lib_a-ef_pow.o)
 .rodata.bp     0x000000000801b004        0x8 /usr/lib/gcc/arm-none-eabi/4.8.2/../../../arm-none-eabi/lib/armv7-m/libm.a(lib_a-ef_pow.o)
 .rodata.str1.4
                0x0000000000000000        0x4 /usr/lib/gcc/arm-none-eabi/4.8.2/../../../arm-none-eabi/lib/armv7-m/libm.a(lib_a-ef_pow.o)
 .rodata.npio2_hw
                0x000000000801b00c       0x80 /usr/lib/gcc/arm-none-eabi/4.8.2/../../../arm-none-eabi/lib/armv7-m/libm.a(lib_a-ef_rem_pio2.o)
 .rodata.two_over_pi
                0x000000000801b08c      0x318 /usr/lib/gcc/arm-none-eabi/4.8.2/../../../arm-none-eabi/lib/armv7-m/libm.a(lib_a-ef_rem_pio2.o)
 .rodata.init_jk
                0x000000000801b3a4       0x10 /usr/lib/gcc/arm-none-eabi/4.8.2/../../../arm-none-eabi/lib/armv7-m/libm.a(lib_a-k_rem_pio2.o)
 *fill*         0x000000000801b3b4        0x4 
 .rodata.PIo2   0x000000000801b3b8       0x40 /usr/lib/gcc/arm-none-eabi/4.8.2/../../../arm-none-eabi/lib/armv7-m/libm.a(lib_a-k_rem_pio2.o)
 .rodata.init_jk
                0x000000000801b3f8        0xc /usr/lib/gcc/arm-none-eabi/4.8.2/../../../arm-none-eabi/lib/armv7-m/libm.a(lib_a-kf_rem_pio2.o)
 .rodata.PIo2   0x000000000801b404       0x2c /usr/lib/gcc/arm-none-eabi/4.8.2/../../../arm-none-eabi/lib/armv7-m/libm.a(lib_a-kf_rem_pio2.o)
 .rodata.TWO52  0x000000000801b430       0x10 /usr/lib/gcc/arm-none-eabi/4.8.2/../../../arm-none-eabi/lib/armv7-m/libm.a(lib_a-s_rint.o)
 .rodata.atanlo
                0x000000000801b440       0x10 /usr/lib/gcc/arm-none-eabi/4.8.2/../../../arm-none-eabi/lib/armv7-m/libm.a(lib_a-sf_atan.o)
 .rodata.atanhi
                0x000000000801b450       0x10 /usr/lib/gcc/arm-none-eabi/4.8.2/../../../arm-none-eabi/lib/armv7-m/libm.a(lib_a-sf_atan.o)
 *(.glue_7)
 .glue_7        0x0000000000000000        0x0 linker stubs
 *(.glue_7t)
 .glue_7t       0x0000000000000000        0x0 linker stubs
 *(.eh_frame)
 *(.init)
 *(.fini)
                0x000000000801b460                . = ALIGN (0x4)
                0x000000000801b460                _etext = .

.vfp11_veneer   0x000000000801b460        0x0
 .vfp11_veneer  0x0000000000000000        0x0 linker stubs

.v4_bx          0x000000000801b460        0x0
 .v4_bx         0x0000000000000000        0x0 linker stubs

.iplt           0x000000000801b460        0x0
 .iplt          0x0000000000000000        0x0 obj/NAZE/startup_stm32f10x_md_gcc.o

.ARM.extab
 *(.ARM.extab* .gnu.linkonce.armextab.*)

.ARM            0x000000000801b460        0x8
                0x000000000801b460                __exidx_start = .
 *(.ARM.exidx*)
 .ARM.exidx     0x000000000801b460        0x8 /usr/lib/gcc/arm-none-eabi/4.8.2/armv7-m/libgcc.a(_divdi3.o)
 .ARM.exidx     0x000000000801b468        0x0 /usr/lib/gcc/arm-none-eabi/4.8.2/armv7-m/libgcc.a(_udivdi3.o)
                                          0x8 (size before relaxing)
                0x000000000801b468                __exidx_end = .

.rel.dyn        0x000000000801b468        0x0
 .rel.iplt      0x0000000000000000        0x0 obj/NAZE/startup_stm32f10x_md_gcc.o

.preinit_array  0x000000000801b468        0x0
                0x000000000801b468                PROVIDE (__preinit_array_start, .)
 *(.preinit_array*)
                0x000000000801b468                PROVIDE (__preinit_array_end, .)

.init_array     0x000000000801b468        0x0
                0x000000000801b468                PROVIDE (__init_array_start, .)
 *(SORT(.init_array.*))
 *(.init_array*)
                0x000000000801b468                PROVIDE (__init_array_end, .)

.fini_array     0x000000000801b468        0x0
                0x000000000801b468                PROVIDE (__fini_array_start, .)
 *(.fini_array*)
 *(SORT(.fini_array.*))
                0x000000000801b468                PROVIDE (__fini_array_end, .)
                0x000000000801b468                _sidata = .

.data           0x0000000020000000      0x9e0 load address 0x000000000801b468
                0x0000000020000000                . = ALIGN (0x4)
                0x0000000020000000                _sdata = .
 *(.data)
 .data          0x0000000020000000      0x14c /tmp/cc3vdxDd.ltrans0.ltrans.o
                0x0000000020000000                hse_value
                0x0000000020000004                pif_id
                0x0000000020000016                batteryCellCount
                0x0000000020000017                standardBoardAlignment.14316
                0x0000000020000018                sensor_set
                0x0000000020000140                failsafeThreshold.6186
                0x0000000020000144                sonarDistance
 .data          0x000000002000014c       0x10 /tmp/cc3vdxDd.ltrans1.ltrans.o
                0x0000000020000158                pid_controller
 .data          0x000000002000015c        0x2 /tmp/cc3vdxDd.ltrans3.ltrans.o
                0x000000002000015c                buzzerMode.8868
 .data          0x000000002000015e        0x4 /tmp/cc3vdxDd.ltrans8.ltrans.o
                0x000000002000015e                accAlign.5340
                0x000000002000015f                accAlign.4472
                0x0000000020000160                magAlign.4352
                0x0000000020000161                accAlign.4225
 *fill*         0x0000000020000162        0x2 
 .data          0x0000000020000164        0x4 /tmp/cc3vdxDd.ltrans9.ltrans.o
                0x0000000020000164                GPS_scaleLonDown
 .data          0x0000000020000168        0x4 /tmp/cc3vdxDd.ltrans10.ltrans.o
 .data          0x000000002000016c        0x1 /tmp/cc3vdxDd.ltrans11.ltrans.o
 .data          0x000000002000016d        0x1 /tmp/cc3vdxDd.ltrans21.ltrans.o
                0x000000002000016d                gyroAlign.5849
 .data          0x000000002000016e       0x14 /tmp/cc3vdxDd.ltrans23.ltrans.o
 *(.data*)
 *fill*         0x0000000020000182        0x2 
 .data.SystemCoreClock
                0x0000000020000184        0x4 /tmp/cc3vdxDd.ltrans0.ltrans.o
                0x0000000020000184                SystemCoreClock
 .data.servo    0x0000000020000188       0x10 /tmp/cc3vdxDd.ltrans2.ltrans.o
                0x0000000020000188                servo
 .data.__ctype_ptr__
                0x0000000020000198        0x4 /usr/lib/gcc/arm-none-eabi/4.8.2/../../../arm-none-eabi/lib/armv7-m/libc.a(lib_a-ctype_.o)
                0x0000000020000198                __ctype_ptr__
 *fill*         0x000000002000019c        0x4 
 .data.impure_data
                0x00000000200001a0      0x428 /usr/lib/gcc/arm-none-eabi/4.8.2/../../../arm-none-eabi/lib/armv7-m/libc.a(lib_a-impure.o)
 .data._impure_ptr
                0x00000000200005c8        0x4 /usr/lib/gcc/arm-none-eabi/4.8.2/../../../arm-none-eabi/lib/armv7-m/libc.a(lib_a-impure.o)
                0x00000000200005c8                _impure_ptr
 .data.__fdlib_version
                0x00000000200005cc        0x1 /usr/lib/gcc/arm-none-eabi/4.8.2/../../../arm-none-eabi/lib/armv7-m/libm.a(lib_a-s_lib_ver.o)
                0x00000000200005cc                __fdlib_version
 *fill*         0x00000000200005cd        0x3 
 .data.__malloc_av_
                0x00000000200005d0      0x408 /usr/lib/gcc/arm-none-eabi/4.8.2/../../../arm-none-eabi/lib/armv7-m/libc.a(lib_a-mallocr.o)
                0x00000000200005d0                __malloc_av_
 .data.__malloc_trim_threshold
                0x00000000200009d8        0x4 /usr/lib/gcc/arm-none-eabi/4.8.2/../../../arm-none-eabi/lib/armv7-m/libc.a(lib_a-mallocr.o)
                0x00000000200009d8                __malloc_trim_threshold
 .data.__malloc_sbrk_base
                0x00000000200009dc        0x4 /usr/lib/gcc/arm-none-eabi/4.8.2/../../../arm-none-eabi/lib/armv7-m/libc.a(lib_a-mallocr.o)
                0x00000000200009dc                __malloc_sbrk_base
                0x00000000200009e0                . = ALIGN (0x4)
                0x00000000200009e0                _edata = .

.igot.plt       0x00000000200009e0        0x0 load address 0x000000000801be48
 .igot.plt      0x0000000000000000        0x0 obj/NAZE/startup_stm32f10x_md_gcc.o
                0x00000000200009e0                . = ALIGN (0x4)

.bss            0x00000000200009e0     0x21dc load address 0x000000000801be48
                0x00000000200009e0                _sbss = .
                0x00000000200009e0                __bss_start__ = _sbss
 *(.bss)
 .bss           0x00000000200009e0      0xe28 /tmp/cc3vdxDd.ltrans0.ltrans.o
                0x00000000200009e0                g_unique_id
                0x00000000200009ec                g_crystal_clock
                0x00000000200009f0                g_core_clock
                0x00000000200009f4                pif_act_timer1us
                0x00000000200009f8                s_tasks.17157
                0x0000000020000a10                s_it_current.17179
                0x0000000020000a14                s_table_number.17158
                0x0000000020000a18                s_table.17156
                0x0000000020000a98                s_buzzer
                0x0000000020000ab4                g_featureDefault
                0x0000000020000b00                usTicks.13516
                0x0000000020000b12                isSPI.6306
                0x0000000020000b14                g_i2c_port
                0x0000000020000b44                adcConfig.4096
                0x0000000020000b4c                adcValues.4102
                0x0000000020000b54                batteryWarningVoltage
                0x0000000020000b56                batteryCriticalVoltage
                0x0000000020000b58                boardRotation.14144
                0x0000000020000b80                enabledSensors.9772
                0x0000000020000b84                g_board_name
                0x0000000020000b88                smallAngle
                0x0000000020000b8c                accVelScale
                0x0000000020000b90                throttleAngleScale
                0x0000000020000b94                fc_acc
                0x0000000020000b98                magInit.12333
                0x0000000020000b9c                core
                0x0000000020000bb4                currentMixer.11155
                0x0000000020000c74                numberRules.11040
                0x0000000020000c75                currentServoMixer.10851
                0x0000000020000ce5                f
                0x0000000020000cfc                g_task_compute_rc
                0x0000000020000d00                pwmFilter.6189
                0x0000000020000d01                syncPWM.6179
                0x0000000020000d02                numInputs.6190
                0x0000000020000d03                numMotors.6197
                0x0000000020000d04                motors.6177
                0x0000000020000d34                numServos.6198
                0x0000000020000d38                servos.6199
                0x0000000020000d58                s_rc.6176
                0x0000000020000dac                pwmWritePtr.6187
                0x0000000020000db0                rcData
                0x0000000020000dd4                rcReadRawFunc
                0x0000000020000dd8                spekChannelData.15756
                0x0000000020000df8                s_spektrum.15586
                0x0000000020000e58                sbusChannelData.15116
                0x0000000020000f2c                ibusChannelData.14799
                0x0000000020000fdc                gpsData.7034
                0x0000000020000ff8                gps_ublox.7023
                0x00000000200012e8                noise_filter.10344.12144
                0x0000000020001308                p_sonar_noise_filter.12221
                0x000000002000130c                softSerialPorts
                0x00000000200017dc                softSerialConfiguration
                0x00000000200017e4                isTelemetryConfigurationValid.7942
                0x00000000200017e6                calibratingG
                0x00000000200017e8                calibratingB
                0x00000000200017ec                g_task_compute_imu
                0x00000000200017f0                g_task_gps
                0x00000000200017f4                pif_timer1us
                0x00000000200017f8                s_loop_count.17177
                0x00000000200017fc                s_task_cutin.17166
                0x0000000020001800                s_pass_count.17176
                0x0000000020001804                p_storage.9765
 .bss           0x0000000020001808      0x178 /tmp/cc3vdxDd.ltrans1.ltrans.o
                0x00000000200018b4                anglerad
                0x00000000200018d0                accSum
                0x00000000200018dc                accSumCount
                0x00000000200018e4                lookupPitchRollRC
                0x00000000200018f2                dynP8
                0x00000000200018f8                dynD8
                0x00000000200018fc                lookupThrottleRC
                0x0000000020001918                setVelocity
                0x000000002000191c                velocityControl
                0x0000000020001920                nav_bearing
                0x0000000020001934                altPID_PARAM
                0x0000000020001948                navPID_PARAM
                0x000000002000195a                axisPID
 .bss           0x0000000020001980       0xcc /tmp/cc3vdxDd.ltrans2.ltrans.o
                0x0000000020001980                angle
                0x0000000020001984                GPS_update
                0x0000000020001986                motor_disarmed
                0x000000002000199e                gyroData
                0x00000000200019a4                magADC
                0x0000000020001a44                GPS_HorizontalAcc
                0x0000000020001a48                GPS_VerticalAcc
 .bss           0x0000000020001a4c      0x1d4 /tmp/cc3vdxDd.ltrans3.ltrans.o
                0x0000000020001ae0                rcOptions
                0x0000000020001afa                rssi
                0x0000000020001afc                failsafeCnt
                0x0000000020001b02                AccInflightCalibrationMeasurementDone
                0x0000000020001b03                AccInflightCalibrationSavetoEEProm
                0x0000000020001b06                InflightcalibratingA
                0x0000000020001b08                AccInflightCalibrationActive
                0x0000000020001b0c                errorAngleI.11602
                0x0000000020001b14                AltHold
                0x0000000020001b18                initialThrottleHold.11680
                0x0000000020001b1a                rcCommand
                0x0000000020001b24                errorVelocityI
                0x0000000020001b28                BaroPID
                0x0000000020001b2c                magHold
                0x0000000020001b2e                headFreeModeHold
                0x0000000020001b30                nav_mode
                0x0000000020001b34                GPS_hold
                0x0000000020001b40                GPS_coord
                0x0000000020001b48                GPS_angle
                0x0000000020001b4e                nav_rated
                0x0000000020001b52                nav
                0x0000000020001b80                poshold_ratePID.7269
                0x0000000020001ba8                navPID.7271
                0x0000000020001bd0                navErrorI
                0x0000000020001bd4                altErrorI
                0x0000000020001bd8                lastAltDiff.14346
                0x0000000020001bda                lastnavDiff.14349
                0x0000000020001bdc                speedBoost.14350
                0x0000000020001bde                altHist.14351
                0x0000000020001bea                navDif.14352
                0x0000000020001bf6                readyBeepDone.8869
                0x0000000020001bf8                disarmTime.11615
                0x0000000020001bfc                errorGyroI.11604
                0x0000000020001c08                buzz_countSats.8866
 .bss           0x0000000020001c20      0x1c8 /tmp/cc3vdxDd.ltrans4.ltrans.o
                0x0000000020001c2c                vbat
                0x0000000020001c34                amperage
                0x0000000020001c40                mAhdrawn
                0x0000000020001c44                s_change_cli.12940
                0x0000000020001c50                accSmooth
                0x0000000020001c5c                vario
                0x0000000020001c60                BaroAlt
                0x0000000020001c96                GPS_distanceToHome
                0x0000000020001c98                GPS_directionToHome
                0x0000000020001cc8                ports.12611
                0x0000000020001d80                s_log.16715
                0x0000000020001de4                pendReboot.12939
 .bss           0x0000000020001de8        0x2 /tmp/cc3vdxDd.ltrans5.ltrans.o
 *fill*         0x0000000020001dea        0x2 
 .bss           0x0000000020001dec      0x110 /tmp/cc3vdxDd.ltrans6.ltrans.o
                0x0000000020001df4                trigger_pin.4777
                0x0000000020001dfc                timerConfigs
 .bss           0x0000000020001efc        0x8 /tmp/cc3vdxDd.ltrans7.ltrans.o
 .bss           0x0000000020001f04       0x18 /tmp/cc3vdxDd.ltrans8.ltrans.o
                0x0000000020001f04                addr.13244
                0x0000000020001f05                reg.13242
                0x0000000020001f06                writing.13247
                0x0000000020001f07                reading.13240
                0x0000000020001f08                read_p.13246
                0x0000000020001f0c                write_p.13248
                0x0000000020001f10                bytes.13243
                0x0000000020001f11                busy.13249
                0x0000000020001f12                error.13261
                0x0000000020001f14                I2Cx.13236
                0x0000000020001f18                useFifo.4223
 .bss           0x0000000020001f1c       0xb4 /tmp/cc3vdxDd.ltrans9.ltrans.o
                0x0000000020001f88                GPS_WP
                0x0000000020001f90                wp_distance
                0x0000000020001f94                target_bearing.7032
                0x0000000020001f98                error.7266
                0x0000000020001fa0                posholdPID_PARAM.7267
                0x0000000020001fb0                poshold_ratePID_PARAM.7028
                0x0000000020001fc4                waypoint_speed_gov.7152
                0x0000000020001fc8                original_target_bearing.7293
                0x0000000020001fce                nav_takeoff_bearing.7280
 .bss           0x0000000020001fd0       0x2c /tmp/cc3vdxDd.ltrans10.ltrans.o
                0x0000000020001fdc                baroPressureSum
 .bss           0x0000000020001ffc      0x108 /tmp/cc3vdxDd.ltrans11.ltrans.o
                0x0000000020001ffc                s_task_stack_ptr.17167
                0x0000000020002000                s_task_stack.17168
                0x000000002000201c                baroTemperature.12220
                0x00000000200020e4                captures.6178
 .bss           0x0000000020002104       0x14 /tmp/cc3vdxDd.ltrans12.ltrans.o
 .bss           0x0000000020002118        0x4 /tmp/cc3vdxDd.ltrans14.ltrans.o
 .bss           0x000000002000211c       0x50 /tmp/cc3vdxDd.ltrans15.ltrans.o
                0x0000000020002150                availableBoxes.12613
                0x0000000020002169                numberBoxItems.12620
 .bss           0x000000002000216c        0x1 /tmp/cc3vdxDd.ltrans16.ltrans.o
 *fill*         0x000000002000216d        0x3 
 .bss           0x0000000020002170      0x108 /tmp/cc3vdxDd.ltrans17.ltrans.o
                0x000000002000217c                pwmPorts.6180
                0x000000002000225c                mpu.5664
 .bss           0x0000000020002278        0x6 /tmp/cc3vdxDd.ltrans18.ltrans.o
 *fill*         0x000000002000227e        0x2 
 .bss           0x0000000020002280       0xbc /tmp/cc3vdxDd.ltrans19.ltrans.o
                0x00000000200022c4                device.5348.16329
                0x0000000020002317                s_echo_state.4778
                0x0000000020002318                s_hcsr04.4776
                0x0000000020002338                exti_line.4782
 .bss           0x000000002000233c       0x14 /tmp/cc3vdxDd.ltrans21.ltrans.o
                0x000000002000234c                mpuLowPassFilter.5850
 .bss           0x0000000020002350       0x38 /tmp/cc3vdxDd.ltrans22.ltrans.o
                0x0000000020002350                sumdChannelData.15433
 .bss           0x0000000020002388       0x28 /tmp/cc3vdxDd.ltrans24.ltrans.o
                0x0000000020002388                EstAlt
                0x000000002000238c                GPS_altitude
                0x0000000020002390                GPS_home
                0x000000002000239c                GPS_speed
                0x000000002000239e                GPS_ground_course
                0x00000000200023a0                heading
                0x00000000200023ac                GPS_numSat
 .bss           0x00000000200023b0      0x7b8 /tmp/cc3vdxDd.ltrans25.ltrans.o
                0x00000000200023b0                uartPort.13948
                0x0000000020002464                sysTickUptime.13517
                0x0000000020002468                pif_cumulative_timer1ms
                0x000000002000246c                pif_timer1ms
                0x0000000020002474                pif_datetime
                0x000000002000247c                pif_performance
                0x0000000020002484                g_timer_1ms
                0x00000000200024a8                mcfg
                0x0000000020002a14                numberMotor.11156
                0x0000000020002a16                motor
                0x0000000020002a30                cfg
 *(.bss*)
 .bss.hw_revision
                0x0000000020002b68        0x4 /tmp/cc3vdxDd.ltrans0.ltrans.o
                0x0000000020002b68                hw_revision
 .bss.pif_error
                0x0000000020002b6c        0x1 /tmp/cc3vdxDd.ltrans0.ltrans.o
                0x0000000020002b6c                pif_error
 *fill*         0x0000000020002b6d        0x1 
 .bss.calibratingA
                0x0000000020002b6e        0x2 /tmp/cc3vdxDd.ltrans0.ltrans.o
                0x0000000020002b6e                calibratingA
 .bss.systemBeepPtr
                0x0000000020002b70        0x4 /tmp/cc3vdxDd.ltrans0.ltrans.o
                0x0000000020002b70                systemBeepPtr
 .bss.accTimeSum
                0x0000000020002b74        0x4 /tmp/cc3vdxDd.ltrans1.ltrans.o
                0x0000000020002b74                accTimeSum
 .bss.cliMode   0x0000000020002b78        0x1 /tmp/cc3vdxDd.ltrans4.ltrans.o
                0x0000000020002b78                cliMode
 *fill*         0x0000000020002b79        0x1 
 .bss.cycleTime
                0x0000000020002b7a        0x2 /tmp/cc3vdxDd.ltrans4.ltrans.o
                0x0000000020002b7a                cycleTime
 .bss.pif_log_flag
                0x0000000020002b7c        0x4 /tmp/cc3vdxDd.ltrans12.ltrans.o
 .bss.__malloc_max_total_mem
                0x0000000020002b80        0x4 /usr/lib/gcc/arm-none-eabi/4.8.2/../../../arm-none-eabi/lib/armv7-m/libc.a(lib_a-mallocr.o)
                0x0000000020002b80                __malloc_max_total_mem
 .bss.__malloc_max_sbrked_mem
                0x0000000020002b84        0x4 /usr/lib/gcc/arm-none-eabi/4.8.2/../../../arm-none-eabi/lib/armv7-m/libc.a(lib_a-mallocr.o)
                0x0000000020002b84                __malloc_max_sbrked_mem
 .bss.__malloc_top_pad
                0x0000000020002b88        0x4 /usr/lib/gcc/arm-none-eabi/4.8.2/../../../arm-none-eabi/lib/armv7-m/libc.a(lib_a-mallocr.o)
                0x0000000020002b88                __malloc_top_pad
 .bss.__malloc_current_mallinfo
                0x0000000020002b8c       0x28 /usr/lib/gcc/arm-none-eabi/4.8.2/../../../arm-none-eabi/lib/armv7-m/libc.a(lib_a-mallocr.o)
                0x0000000020002b8c                __malloc_current_mallinfo
 .bss.heap_end.4061
                0x0000000020002bb4        0x4 /usr/lib/gcc/arm-none-eabi/4.8.2/../../../arm-none-eabi/lib/armv7-m/libnosys.a(sbrk.o)
 *(COMMON)
 COMMON         0x0000000020002bb8        0x4 /usr/lib/gcc/arm-none-eabi/4.8.2/../../../arm-none-eabi/lib/armv7-m/libc.a(lib_a-reent.o)
                0x0000000020002bb8                errno
                0x0000000020002bbc                . = ALIGN (0x4)
                0x0000000020002bbc                _ebss = .
                0x0000000020002bbc                __bss_end__ = _ebss

._user_heap_stack
                0x0000000020002bbc      0x400 load address 0x000000000801be48
                0x0000000020002bbc                . = ALIGN (0x4)
                0x0000000020002bbc                PROVIDE (end, .)
                0x0000000020002bbc                PROVIDE (_end, .)
                0x0000000020002bbc                . = (. + _Min_Heap_Size)
                0x0000000020002fbc                . = (. + _Min_Stack_Size)
 *fill*         0x0000000020002bbc      0x400 
                0x0000000020002fbc                . = ALIGN (0x4)

.memory_b1_text
 *(.mb1text)
 *(.mb1text*)
 *(.mb1rodata)
 *(.mb1rodata*)

/DISCARD/
 libc.a(*)
 libm.a(*)
 libgcc.a(*)

.ARM.attributes
                0x0000000000000000       0x31
 *(.ARM.attributes)
 .ARM.attributes
                0x0000000000000000       0x31 /tmp/cc3vdxDd.ltrans0.ltrans.o
 .ARM.attributes
                0x0000000000000031       0x31 /tmp/cc3vdxDd.ltrans1.ltrans.o
 .ARM.attributes
                0x0000000000000062       0x31 /tmp/cc3vdxDd.ltrans2.ltrans.o
 .ARM.attributes
                0x0000000000000093       0x31 /tmp/cc3vdxDd.ltrans3.ltrans.o
 .ARM.attributes
                0x00000000000000c4       0x31 /tmp/cc3vdxDd.ltrans4.ltrans.o
 .ARM.attributes
                0x00000000000000f5       0x31 /tmp/cc3vdxDd.ltrans5.ltrans.o
 .ARM.attributes
                0x0000000000000126       0x31 /tmp/cc3vdxDd.ltrans6.ltrans.o
 .ARM.attributes
                0x0000000000000157       0x31 /tmp/cc3vdxDd.ltrans7.ltrans.o
 .ARM.attributes
                0x0000000000000188       0x31 /tmp/cc3vdxDd.ltrans8.ltrans.o
 .ARM.attributes
                0x00000000000001b9       0x31 /tmp/cc3vdxDd.ltrans9.ltrans.o
 .ARM.attributes
                0x00000000000001ea       0x31 /tmp/cc3vdxDd.ltrans10.ltrans.o
 .ARM.attributes
                0x000000000000021b       0x31 /tmp/cc3vdxDd.ltrans11.ltrans.o
 .ARM.attributes
                0x000000000000024c       0x31 /tmp/cc3vdxDd.ltrans12.ltrans.o
 .ARM.attributes
                0x000000000000027d       0x31 /tmp/cc3vdxDd.ltrans13.ltrans.o
 .ARM.attributes
                0x00000000000002ae       0x31 /tmp/cc3vdxDd.ltrans14.ltrans.o
 .ARM.attributes
                0x00000000000002df       0x31 /tmp/cc3vdxDd.ltrans15.ltrans.o
 .ARM.attributes
                0x0000000000000310       0x31 /tmp/cc3vdxDd.ltrans16.ltrans.o
 .ARM.attributes
                0x0000000000000341       0x31 /tmp/cc3vdxDd.ltrans17.ltrans.o
 .ARM.attributes
                0x0000000000000372       0x31 /tmp/cc3vdxDd.ltrans18.ltrans.o
 .ARM.attributes
                0x00000000000003a3       0x31 /tmp/cc3vdxDd.ltrans19.ltrans.o
 .ARM.attributes
                0x00000000000003d4       0x31 /tmp/cc3vdxDd.ltrans20.ltrans.o
 .ARM.attributes
                0x0000000000000405       0x31 /tmp/cc3vdxDd.ltrans21.ltrans.o
 .ARM.attributes
                0x0000000000000436       0x31 /tmp/cc3vdxDd.ltrans22.ltrans.o
 .ARM.attributes
                0x0000000000000467       0x31 /tmp/cc3vdxDd.ltrans23.ltrans.o
 .ARM.attributes
                0x0000000000000498       0x31 /tmp/cc3vdxDd.ltrans24.ltrans.o
 .ARM.attributes
                0x00000000000004c9       0x31 /tmp/cc3vdxDd.ltrans25.ltrans.o
 .ARM.attributes
                0x00000000000004fa       0x31 /tmp/cc3vdxDd.ltrans26.ltrans.o
 .ARM.attributes
                0x000000000000052b       0x31 /tmp/cc3vdxDd.ltrans27.ltrans.o
 .ARM.attributes
                0x000000000000055c       0x21 obj/NAZE/startup_stm32f10x_md_gcc.o
 .ARM.attributes
                0x000000000000057d       0x2d /usr/lib/gcc/arm-none-eabi/4.8.2/../../../arm-none-eabi/lib/armv7-m/libc.a(lib_a-atoi.o)
 .ARM.attributes
                0x00000000000005aa       0x2d /usr/lib/gcc/arm-none-eabi/4.8.2/../../../arm-none-eabi/lib/armv7-m/libc.a(lib_a-ctype_.o)
 .ARM.attributes
                0x00000000000005d7       0x2d /usr/lib/gcc/arm-none-eabi/4.8.2/../../../arm-none-eabi/lib/armv7-m/libc.a(lib_a-strtol.o)
 .ARM.attributes
                0x0000000000000604       0x2d /usr/lib/gcc/arm-none-eabi/4.8.2/../../../arm-none-eabi/lib/armv7-m/libc.a(lib_a-impure.o)
 .ARM.attributes
                0x0000000000000631       0x2d /usr/lib/gcc/arm-none-eabi/4.8.2/../../../arm-none-eabi/lib/armv7-m/libm.a(lib_a-s_cos.o)
 .ARM.attributes
                0x000000000000065e       0x2d /usr/lib/gcc/arm-none-eabi/4.8.2/../../../arm-none-eabi/lib/armv7-m/libm.a(lib_a-s_sin.o)
 .ARM.attributes
                0x000000000000068b       0x2d /usr/lib/gcc/arm-none-eabi/4.8.2/../../../arm-none-eabi/lib/armv7-m/libm.a(lib_a-sf_cos.o)
 .ARM.attributes
                0x00000000000006b8       0x2d /usr/lib/gcc/arm-none-eabi/4.8.2/../../../arm-none-eabi/lib/armv7-m/libm.a(lib_a-sf_lrint.o)
 .ARM.attributes
                0x00000000000006e5       0x2d /usr/lib/gcc/arm-none-eabi/4.8.2/../../../arm-none-eabi/lib/armv7-m/libm.a(lib_a-sf_sin.o)
 .ARM.attributes
                0x0000000000000712       0x2d /usr/lib/gcc/arm-none-eabi/4.8.2/../../../arm-none-eabi/lib/armv7-m/libm.a(lib_a-wf_acos.o)
 .ARM.attributes
                0x000000000000073f       0x2d /usr/lib/gcc/arm-none-eabi/4.8.2/../../../arm-none-eabi/lib/armv7-m/libm.a(lib_a-wf_atan2.o)
 .ARM.attributes
                0x000000000000076c       0x2d /usr/lib/gcc/arm-none-eabi/4.8.2/../../../arm-none-eabi/lib/armv7-m/libm.a(lib_a-wf_pow.o)
 .ARM.attributes
                0x0000000000000799       0x2d /usr/lib/gcc/arm-none-eabi/4.8.2/../../../arm-none-eabi/lib/armv7-m/libm.a(lib_a-wf_sqrt.o)
 .ARM.attributes
                0x00000000000007c6       0x2d /usr/lib/gcc/arm-none-eabi/4.8.2/../../../arm-none-eabi/lib/armv7-m/libm.a(lib_a-e_rem_pio2.o)
 .ARM.attributes
                0x00000000000007f3       0x2d /usr/lib/gcc/arm-none-eabi/4.8.2/../../../arm-none-eabi/lib/armv7-m/libm.a(lib_a-ef_acos.o)
 .ARM.attributes
                0x0000000000000820       0x2d /usr/lib/gcc/arm-none-eabi/4.8.2/../../../arm-none-eabi/lib/armv7-m/libm.a(lib_a-ef_atan2.o)
 .ARM.attributes
                0x000000000000084d       0x2d /usr/lib/gcc/arm-none-eabi/4.8.2/../../../arm-none-eabi/lib/armv7-m/libm.a(lib_a-ef_pow.o)
 .ARM.attributes
                0x000000000000087a       0x2d /usr/lib/gcc/arm-none-eabi/4.8.2/../../../arm-none-eabi/lib/armv7-m/libm.a(lib_a-ef_rem_pio2.o)
 .ARM.attributes
                0x00000000000008a7       0x2d /usr/lib/gcc/arm-none-eabi/4.8.2/../../../arm-none-eabi/lib/armv7-m/libm.a(lib_a-ef_sqrt.o)
 .ARM.attributes
                0x00000000000008d4       0x2d /usr/lib/gcc/arm-none-eabi/4.8.2/../../../arm-none-eabi/lib/armv7-m/libm.a(lib_a-k_cos.o)
 .ARM.attributes
                0x0000000000000901       0x2d /usr/lib/gcc/arm-none-eabi/4.8.2/../../../arm-none-eabi/lib/armv7-m/libm.a(lib_a-k_rem_pio2.o)
 .ARM.attributes
                0x000000000000092e       0x2d /usr/lib/gcc/arm-none-eabi/4.8.2/../../../arm-none-eabi/lib/armv7-m/libm.a(lib_a-k_sin.o)
 .ARM.attributes
                0x000000000000095b       0x2d /usr/lib/gcc/arm-none-eabi/4.8.2/../../../arm-none-eabi/lib/armv7-m/libm.a(lib_a-kf_cos.o)
 .ARM.attributes
                0x0000000000000988       0x2d /usr/lib/gcc/arm-none-eabi/4.8.2/../../../arm-none-eabi/lib/armv7-m/libm.a(lib_a-kf_rem_pio2.o)
 .ARM.attributes
                0x00000000000009b5       0x2d /usr/lib/gcc/arm-none-eabi/4.8.2/../../../arm-none-eabi/lib/armv7-m/libm.a(lib_a-kf_sin.o)
 .ARM.attributes
                0x00000000000009e2       0x2d /usr/lib/gcc/arm-none-eabi/4.8.2/../../../arm-none-eabi/lib/armv7-m/libm.a(lib_a-s_fabs.o)
 .ARM.attributes
                0x0000000000000a0f       0x2d /usr/lib/gcc/arm-none-eabi/4.8.2/../../../arm-none-eabi/lib/armv7-m/libm.a(lib_a-s_floor.o)
 .ARM.attributes
                0x0000000000000a3c       0x2d /usr/lib/gcc/arm-none-eabi/4.8.2/../../../arm-none-eabi/lib/armv7-m/libm.a(lib_a-s_lib_ver.o)
 .ARM.attributes
                0x0000000000000a69       0x2d /usr/lib/gcc/arm-none-eabi/4.8.2/../../../arm-none-eabi/lib/armv7-m/libm.a(lib_a-s_matherr.o)
 .ARM.attributes
                0x0000000000000a96       0x2d /usr/lib/gcc/arm-none-eabi/4.8.2/../../../arm-none-eabi/lib/armv7-m/libm.a(lib_a-s_nan.o)
 .ARM.attributes
                0x0000000000000ac3       0x2d /usr/lib/gcc/arm-none-eabi/4.8.2/../../../arm-none-eabi/lib/armv7-m/libm.a(lib_a-s_rint.o)
 .ARM.attributes
                0x0000000000000af0       0x2d /usr/lib/gcc/arm-none-eabi/4.8.2/../../../arm-none-eabi/lib/armv7-m/libm.a(lib_a-s_scalbn.o)
 .ARM.attributes