Archive member included because of file (symbol)

/usr/lib/gcc/arm-none-eabi/4.8.2/../../../arm-none-eabi/lib/armv7-m/libc.a(lib_a-atoi.o)
                              obj/NAZE/cli.o (symbol from plugin) (atoi)
/usr/lib/gcc/arm-none-eabi/4.8.2/../../../arm-none-eabi/lib/armv7-m/libc.a(lib_a-ctype_.o)
                              obj/NAZE/cli.o (symbol from plugin) (__ctype_ptr__)
/usr/lib/gcc/arm-none-eabi/4.8.2/../../../arm-none-eabi/lib/armv7-m/libc.a(lib_a-strtol.o)
                              /usr/lib/gcc/arm-none-eabi/4.8.2/../../../arm-none-eabi/lib/armv7-m/libc.a(lib_a-atoi.o) (_strtol_r)
/usr/lib/gcc/arm-none-eabi/4.8.2/../../../arm-none-eabi/lib/armv7-m/libc.a(lib_a-impure.o)
                              /usr/lib/gcc/arm-none-eabi/4.8.2/../../../arm-none-eabi/lib/armv7-m/libc.a(lib_a-strtol.o) (_impure_ptr)
/usr/lib/gcc/arm-none-eabi/4.8.2/../../../arm-none-eabi/lib/armv7-m/libm.a(lib_a-s_cos.o)
                              /tmp/cciFnSXm.ltrans8.ltrans.o (cos)
/usr/lib/gcc/arm-none-eabi/4.8.2/../../../arm-none-eabi/lib/armv7-m/libm.a(lib_a-s_sin.o)
                              /tmp/cciFnSXm.ltrans8.ltrans.o (sin)
/usr/lib/gcc/arm-none-eabi/4.8.2/../../../arm-none-eabi/lib/armv7-m/libm.a(lib_a-sf_cos.o)
                              /tmp/cciFnSXm.ltrans0.ltrans.o (cosf)
/usr/lib/gcc/arm-none-eabi/4.8.2/../../../arm-none-eabi/lib/armv7-m/libm.a(lib_a-sf_lrint.o)
                              /tmp/cciFnSXm.ltrans0.ltrans.o (lrintf)
/usr/lib/gcc/arm-none-eabi/4.8.2/../../../arm-none-eabi/lib/armv7-m/libm.a(lib_a-sf_sin.o)
                              /tmp/cciFnSXm.ltrans0.ltrans.o (sinf)
/usr/lib/gcc/arm-none-eabi/4.8.2/../../../arm-none-eabi/lib/armv7-m/libm.a(lib_a-wf_acos.o)
                              /tmp/cciFnSXm.ltrans1.ltrans.o (acosf)
/usr/lib/gcc/arm-none-eabi/4.8.2/../../../arm-none-eabi/lib/armv7-m/libm.a(lib_a-wf_atan2.o)
                              /tmp/cciFnSXm.ltrans1.ltrans.o (atan2f)
/usr/lib/gcc/arm-none-eabi/4.8.2/../../../arm-none-eabi/lib/armv7-m/libm.a(lib_a-wf_pow.o)
                              /tmp/cciFnSXm.ltrans13.ltrans.o (powf)
/usr/lib/gcc/arm-none-eabi/4.8.2/../../../arm-none-eabi/lib/armv7-m/libm.a(lib_a-wf_sqrt.o)
                              /tmp/cciFnSXm.ltrans1.ltrans.o (sqrtf)
/usr/lib/gcc/arm-none-eabi/4.8.2/../../../arm-none-eabi/lib/armv7-m/libm.a(lib_a-e_rem_pio2.o)
                              /usr/lib/gcc/arm-none-eabi/4.8.2/../../../arm-none-eabi/lib/armv7-m/libm.a(lib_a-s_cos.o) (__ieee754_rem_pio2)
/usr/lib/gcc/arm-none-eabi/4.8.2/../../../arm-none-eabi/lib/armv7-m/libm.a(lib_a-ef_acos.o)
                              /usr/lib/gcc/arm-none-eabi/4.8.2/../../../arm-none-eabi/lib/armv7-m/libm.a(lib_a-wf_acos.o) (__ieee754_acosf)
/usr/lib/gcc/arm-none-eabi/4.8.2/../../../arm-none-eabi/lib/armv7-m/libm.a(lib_a-ef_atan2.o)
                              /usr/lib/gcc/arm-none-eabi/4.8.2/../../../arm-none-eabi/lib/armv7-m/libm.a(lib_a-wf_atan2.o) (__ieee754_atan2f)
/usr/lib/gcc/arm-none-eabi/4.8.2/../../../arm-none-eabi/lib/armv7-m/libm.a(lib_a-ef_pow.o)
                              /usr/lib/gcc/arm-none-eabi/4.8.2/../../../arm-none-eabi/lib/armv7-m/libm.a(lib_a-wf_pow.o) (__ieee754_powf)
/usr/lib/gcc/arm-none-eabi/4.8.2/../../../arm-none-eabi/lib/armv7-m/libm.a(lib_a-ef_rem_pio2.o)
                              /usr/lib/gcc/arm-none-eabi/4.8.2/../../../arm-none-eabi/lib/armv7-m/libm.a(lib_a-sf_cos.o) (__ieee754_rem_pio2f)
/usr/lib/gcc/arm-none-eabi/4.8.2/../../../arm-none-eabi/lib/armv7-m/libm.a(lib_a-ef_sqrt.o)
                              /usr/lib/gcc/arm-none-eabi/4.8.2/../../../arm-none-eabi/lib/armv7-m/libm.a(lib_a-wf_sqrt.o) (__ieee754_sqrtf)
/usr/lib/gcc/arm-none-eabi/4.8.2/../../../arm-none-eabi/lib/armv7-m/libm.a(lib_a-k_cos.o)
                              /usr/lib/gcc/arm-none-eabi/4.8.2/../../../arm-none-eabi/lib/armv7-m/libm.a(lib_a-s_cos.o) (__kernel_cos)
/usr/lib/gcc/arm-none-eabi/4.8.2/../../../arm-none-eabi/lib/armv7-m/libm.a(lib_a-k_rem_pio2.o)
                              /usr/lib/gcc/arm-none-eabi/4.8.2/../../../arm-none-eabi/lib/armv7-m/libm.a(lib_a-e_rem_pio2.o) (__kernel_rem_pio2)
/usr/lib/gcc/arm-none-eabi/4.8.2/../../../arm-none-eabi/lib/armv7-m/libm.a(lib_a-k_sin.o)
                              /usr/lib/gcc/arm-none-eabi/4.8.2/../../../arm-none-eabi/lib/armv7-m/libm.a(lib_a-s_cos.o) (__kernel_sin)
/usr/lib/gcc/arm-none-eabi/4.8.2/../../../arm-none-eabi/lib/armv7-m/libm.a(lib_a-kf_cos.o)
                              /usr/lib/gcc/arm-none-eabi/4.8.2/../../../arm-none-eabi/lib/armv7-m/libm.a(lib_a-sf_cos.o) (__kernel_cosf)
/usr/lib/gcc/arm-none-eabi/4.8.2/../../../arm-none-eabi/lib/armv7-m/libm.a(lib_a-kf_rem_pio2.o)
                              /usr/lib/gcc/arm-none-eabi/4.8.2/../../../arm-none-eabi/lib/armv7-m/libm.a(lib_a-ef_rem_pio2.o) (__kernel_rem_pio2f)
/usr/lib/gcc/arm-none-eabi/4.8.2/../../../arm-none-eabi/lib/armv7-m/libm.a(lib_a-kf_sin.o)
[...]
Memory Configuration

Name             Origin             Length             Attributes
FLASH            0x0000000008000000 0x000000000001f800 xr
RAM              0x0000000020000000 0x0000000000005000 xrw
MEMORY_B1        0x0000000060000000 0x0000000000000000 xr
*default*        0x0000000000000000 0xffffffffffffffff

Linker script and memory map

LOAD obj/NAZE/drv_adc.o
LOAD /tmp/cciFnSXm.ltrans0.ltrans.o
LOAD /tmp/cciFnSXm.ltrans1.ltrans.o
LOAD /tmp/cciFnSXm.ltrans2.ltrans.o
LOAD /tmp/cciFnSXm.ltrans3.ltrans.o
LOAD /tmp/cciFnSXm.ltrans4.ltrans.o
LOAD /tmp/cciFnSXm.ltrans5.ltrans.o
LOAD /tmp/cciFnSXm.ltrans6.ltrans.o
LOAD /tmp/cciFnSXm.ltrans7.ltrans.o
LOAD /tmp/cciFnSXm.ltrans8.ltrans.o
LOAD /tmp/cciFnSXm.ltrans9.ltrans.o
LOAD /tmp/cciFnSXm.ltrans10.ltrans.o
LOAD /tmp/cciFnSXm.ltrans11.ltrans.o
LOAD /tmp/cciFnSXm.ltrans12.ltrans.o
LOAD /tmp/cciFnSXm.ltrans13.ltrans.o
LOAD /tmp/cciFnSXm.ltrans14.ltrans.o
LOAD /tmp/cciFnSXm.ltrans15.ltrans.o
LOAD /tmp/cciFnSXm.ltrans16.ltrans.o
LOAD /tmp/cciFnSXm.ltrans17.ltrans.o
LOAD /tmp/cciFnSXm.ltrans18.ltrans.o
LOAD /tmp/cciFnSXm.ltrans19.ltrans.o
LOAD /tmp/cciFnSXm.ltrans20.ltrans.o
LOAD /tmp/cciFnSXm.ltrans21.ltrans.o
LOAD /tmp/cciFnSXm.ltrans22.ltrans.o
LOAD /tmp/cciFnSXm.ltrans23.ltrans.o
LOAD /tmp/cciFnSXm.ltrans24.ltrans.o
LOAD /tmp/cciFnSXm.ltrans25.ltrans.o
LOAD /tmp/cciFnSXm.ltrans26.ltrans.o
LOAD /tmp/cciFnSXm.ltrans27.ltrans.o
LOAD obj/NAZE/drv_adxl345.o
LOAD obj/NAZE/drv_ak8975.o
LOAD obj/NAZE/drv_bma280.o
LOAD obj/NAZE/drv_bmp280.o
LOAD obj/NAZE/drv_hcsr04.o
LOAD obj/NAZE/drv_hmc5883l.o
LOAD obj/NAZE/drv_ledring.o
LOAD obj/NAZE/drv_mma845x.o
LOAD obj/NAZE/drv_mpu.o
LOAD obj/NAZE/drv_l3g4200d.o
LOAD obj/NAZE/drv_pwm.o
LOAD obj/NAZE/drv_spi.o
LOAD obj/NAZE/drv_timer.o
LOAD obj/NAZE/gps.o
LOAD obj/NAZE/drv_softserial.o
LOAD obj/NAZE/telemetry_common.o
LOAD obj/NAZE/telemetry_frsky.o
LOAD obj/NAZE/telemetry_hott.o
LOAD obj/NAZE/buzzer.o
LOAD obj/NAZE/cli.o
LOAD obj/NAZE/config.o
LOAD obj/NAZE/imu.o
LOAD obj/NAZE/main.o
LOAD obj/NAZE/mixer.o
LOAD obj/NAZE/mw.o
LOAD obj/NAZE/link_driver.o
LOAD obj/NAZE/sensors.o
LOAD obj/NAZE/serial.o
LOAD obj/NAZE/rxmsp.o
LOAD obj/NAZE/drv_gpio.o
LOAD obj/NAZE/drv_i2c.o
LOAD obj/NAZE/drv_i2c_soft.o
LOAD obj/NAZE/drv_system.o
LOAD obj/NAZE/drv_serial.o
LOAD obj/NAZE/drv_spektrum.o
LOAD obj/NAZE/drv_uart.o
LOAD obj/NAZE/printf.o
LOAD obj/NAZE/utils.o
LOAD obj/NAZE/fw_nav.o
LOAD obj/NAZE/ibus.o
LOAD obj/NAZE/sbus.o
LOAD obj/NAZE/sumd.o
LOAD obj/NAZE/spektrum.o
LOAD obj/NAZE/pif.o
LOAD obj/NAZE/pif_comm.o
LOAD obj/NAZE/pif_i2c.o
LOAD obj/NAZE/pif_list.o
LOAD obj/NAZE/pif_log.o
LOAD obj/NAZE/pif_ring_buffer.o
LOAD obj/NAZE/pif_task.o
LOAD obj/NAZE/pif_timer.o
LOAD obj/NAZE/pif_noise_filter.o
LOAD obj/NAZE/pif_noise_filter_int32.o
LOAD obj/NAZE/pif_gps.o
LOAD obj/NAZE/pif_gps_nmea.o
LOAD obj/NAZE/pif_gps_ublox.o
LOAD obj/NAZE/pif_msp.o
LOAD obj/NAZE/pif_rc.o
LOAD obj/NAZE/pif_rc_ibus.o
LOAD obj/NAZE/pif_rc_ppm.o
LOAD obj/NAZE/pif_rc_pwm.o
LOAD obj/NAZE/pif_rc_sbus.o
LOAD obj/NAZE/pif_rc_spektrum.o
LOAD obj/NAZE/pif_rc_sumd.o
LOAD obj/NAZE/pif_bmp280.o
LOAD obj/NAZE/pif_hc_sr04.o
LOAD obj/NAZE/pif_hmc5883.o
LOAD obj/NAZE/pif_imu_sensor.o
LOAD obj/NAZE/pif_mpu30x0.o
LOAD obj/NAZE/pif_mpu60x0.o
LOAD obj/NAZE/pif_mpu6500.o
LOAD obj/NAZE/pif_buzzer.o
LOAD obj/NAZE/pif_storage.o
LOAD obj/NAZE/pif_storage_var.o
LOAD obj/NAZE/startup_stm32f10x_md_gcc.o
LOAD obj/NAZE/core_cm3.o
LOAD obj/NAZE/system_stm32f10x.o
LOAD obj/NAZE/misc.o
LOAD obj/NAZE/stm32f10x_adc.o
LOAD obj/NAZE/stm32f10x_bkp.o
LOAD obj/NAZE/stm32f10x_can.o
LOAD obj/NAZE/stm32f10x_cec.o
LOAD obj/NAZE/stm32f10x_crc.o
LOAD obj/NAZE/stm32f10x_dac.o
LOAD obj/NAZE/stm32f10x_dbgmcu.o
LOAD obj/NAZE/stm32f10x_dma.o
LOAD obj/NAZE/stm32f10x_exti.o
LOAD obj/NAZE/stm32f10x_flash.o
LOAD obj/NAZE/stm32f10x_fsmc.o
LOAD obj/NAZE/stm32f10x_gpio.o
LOAD obj/NAZE/stm32f10x_i2c.o
LOAD obj/NAZE/stm32f10x_iwdg.o
LOAD obj/NAZE/stm32f10x_pwr.o
LOAD obj/NAZE/stm32f10x_rcc.o
LOAD obj/NAZE/stm32f10x_rtc.o
LOAD obj/NAZE/stm32f10x_sdio.o
LOAD obj/NAZE/stm32f10x_spi.o
LOAD obj/NAZE/stm32f10x_tim.o
LOAD obj/NAZE/stm32f10x_usart.o
LOAD obj/NAZE/stm32f10x_wwdg.o
LOAD /usr/lib/gcc/arm-none-eabi/4.8.2/../../../arm-none-eabi/lib/armv7-m/libm.a
LOAD /usr/lib/gcc/arm-none-eabi/4.8.2/../../../arm-none-eabi/lib/armv7-m/libc.a
LOAD /usr/lib/gcc/arm-none-eabi/4.8.2/../../../arm-none-eabi/lib/armv7-m/libnosys.a
START GROUP
LOAD /usr/lib/gcc/arm-none-eabi/4.8.2/armv7-m/libgcc.a
LOAD /usr/lib/gcc/arm-none-eabi/4.8.2/../../../arm-none-eabi/lib/armv7-m/libc.a
END GROUP
                0x0000000020005000                _estack = 0x20005000
                0x0000000000000000                _Min_Heap_Size = 0x0
                0x0000000000000400                _Min_Stack_Size = 0x400

.isr_vector     0x0000000008000000      0x10c
                0x0000000008000000                . = ALIGN (0x4)
 *(.isr_vector)
 .isr_vector    0x0000000008000000      0x10c obj/NAZE/startup_stm32f10x_md_gcc.o
                0x0000000008000000                g_pfnVectors
                0x000000000800010c                . = ALIGN (0x4)

.text           0x0000000008000110    0x1ab50
                0x0000000008000110                . = ALIGN (0x4)
 *(.text)
 .text          0x0000000008000110     0x1db0 /tmp/cciFnSXm.ltrans1.ltrans.o
                0x0000000008000110                taskComputeImu
 .text          0x0000000008001ec0     0x13c8 /tmp/cciFnSXm.ltrans2.ltrans.o
                0x0000000008001ec0                _doTask.15825
                0x0000000008001fd2                spektrumReadRawRC.15359
                0x0000000008001ffc                sumdReadRawRC.15036
                0x0000000008002014                sbusReadRawRC.14718
                0x000000000800202c                ibusReadRawRC.14402
                0x0000000008002044                micros
                0x0000000008002078                beepRev5.13232
                0x000000000800208c                beepRev4.13229
                0x00000000080020a0                mspReadRawRC.12810
                0x00000000080020ac                getSonarDistanceFilter.11864
                0x00000000080020fc                getSonarDistance.11861
                0x0000000008002130                pwmReadRawRC
                0x0000000008002148                _evtBuzzerFinish.8641
                0x0000000008002154                softSerialWriteByte
                0x0000000008002172                softSerialTotalBytesWaiting
                0x0000000008002196                softSerialReadByte
                0x00000000080021c6                isSoftSerialTransmitBufferEmpty
                0x00000000080021d2                softSerialSetMode
                0x00000000080021d6                _evtGpsUbloxCfgResult.6697
                0x00000000080021e8                pwmWriteSyncPwm.5820
                0x0000000008002218                pwmWriteStandard.5816
                0x0000000008002228                pwmWriteBrushed.5812
                0x000000000800224c                dummyRead.5352
                0x0000000008002250                dummyInit.5348
                0x0000000008002254                _actHcSr04Trigger.4730
                0x0000000008002278                actStorageRead
                0x000000000800228e                pifRingBuffer_BeginPutting
                0x000000000800229e                pifRingBuffer_GetRemainSize
                0x00000000080022b4                serialTotalBytesWaiting
                0x00000000080022ca                pifRingBuffer_GetFillSize
                0x00000000080022dc                _chopOff.16656
                0x000000000800235c                pifRingBuffer_PutByte
                0x0000000008002398                pifFixList_AddFirst
                0x00000000080023c6                pifFixList_Remove
                0x00000000080023f6                pifI2cPort_RemoveDevice
                0x00000000080023fe                pifCrc16
                0x000000000800243e                pif_DecToString
                0x00000000080024ca                pif_PrintFormat
                0x00000000080026e0                pif_Printf
                0x00000000080026fe                pif_Delay1us
                0x000000000800271c                pif_Delay1ms
                0x0000000008002730                alignSensors
                0x0000000008002868                serialSetMode
                0x0000000008002874                serialSetBaudRate
                0x000000000800288a                actLed1Toggle
                0x000000000800289c                actLed0Toggle
                0x00000000080028ac                systemBeep
                0x00000000080028bc                actBuzzerAction
                0x00000000080028c6                gpioInit
                0x0000000008002938                loadCustomServoMixer
                0x0000000008002984                writeMotors
                0x00000000080029c0                rotateV
                0x0000000008002b30                calculateHeading.9619
                0x0000000008002c28                applyDeadband
                0x0000000008002c46                parseRcChannels
                0x0000000008002c78                validEEPROM.9506
                0x0000000008002cec                sensorsSet
                0x0000000008002cfc                _atof.8954
                0x0000000008002e28                i2a.8949
                0x0000000008002e50                applyChangedBits
                0x0000000008002e7a                setTxSignal
                0x0000000008002e9a                GPS_distance_cm_bearing.isra.3.6741
                0x0000000008002f20                GPS_calc_longitude_scaling.6716
                0x0000000008002f5c                GPS_reset_home_position
                0x0000000008002fac                wrap_18000
                0x0000000008002fd0                gpsSetPIDs
                0x00000000080030b0                activateConfig
                0x0000000008003190                gpsSetState.6694
                0x00000000080031ac                spiTransferByte
                0x00000000080031e0                spiSelect
                0x0000000008003200                mpuWriteRegisterSPI.5381
                0x0000000008003222                actPwmWriteServo
                0x0000000008003240                failsafeCheck.5901
 .text          0x0000000008003288     0x10a8 /tmp/cciFnSXm.ltrans3.ltrans.o
                0x0000000008003288                evtMspReceive.12344
 .text          0x0000000008004330      0xa08 /tmp/cciFnSXm.ltrans4.ltrans.o
                0x0000000008004330                taskComputeRc
 .text          0x0000000008004d38      0x8f4 /tmp/cciFnSXm.ltrans5.ltrans.o
                0x0000000008004d38                taskLedState
 .text          0x000000000800562c      0xb7c /tmp/cciFnSXm.ltrans6.ltrans.o
                0x000000000800562c                mpuAccInit.5359
                0x0000000008005636                mpuGyroInit.5367
                0x000000000800563e                _evtParsing.19072
                0x0000000008005730                _evtParsing.18934
                0x000000000800595c                _evtTimerRxTimeout.18296
                0x0000000008005970                _evtTimerFinish.17308
                0x0000000008005990                _processNoiseCancel.17190
                0x0000000008005a9e                _processAverage.17182
                0x0000000008005ae6                _doTask.19484
                0x0000000008005b1a                _evtParsing.19209
                0x0000000008005c1c                _evtParsing.18588
                0x0000000008005e04                _alignSensors2.19710
                0x0000000008005f34                mpuGyroRead.5371
                0x0000000008005f5e                _changeGain.isra.0.19628
                0x0000000008005f9e                pifRc_CheckFailSafe
                0x0000000008005fc4                pifMsp_ReadData32
                0x0000000008005fe2                pifMsp_ReadData16
                0x0000000008005ff2                _checksumUbx.17968
                0x0000000008006028                pifGps_SendEvent
                0x000000000800604c                pifTimer_Stop
                0x0000000008006062                _evtParsing.18299
 .text          0x00000000080061a8      0xbe0 /tmp/cciFnSXm.ltrans7.ltrans.o
                0x00000000080061a8                TIM_GetCapture4
                0x00000000080061b0                TIM_GetCapture3
                0x00000000080061b6                TIM_GetCapture2
                0x00000000080061bc                TIM_GetCapture1
                0x000000000800620e                actStorageWrite
                0x00000000080062fc                pifStorageVar_IsFormat
                0x0000000008006340                pifStorageVar_Write
                0x000000000800638c                _doTask.20450
                0x0000000008006416                _doTask.16362
                0x000000000800650c                pifStorageVar_Open
                0x0000000008006560                pifStorageVar_Create
                0x00000000080066c4                pifStorageVar_Delete
                0x000000000800676c                pifStorageVar_Format
                0x0000000008006840                hmc5883lRead.4886
                0x0000000008006870                mpuAccRead.5363
                0x00000000080068a0                _convertString2Float.17315.constprop.4
                0x0000000008006968                _convertString2Interger.17318.constprop.3
                0x00000000080069a8                _convertString2Degrees.17321.constprop.2
                0x0000000008006a6c                _convertString2Time.17331.constprop.0
                0x0000000008006ad8                timCCxHandler.6225
                0x0000000008006b24                RCC_GetClocksFreq
                0x0000000008006bbc                USART_Init
                0x0000000008006c68                actCommSetBaudRate
                0x0000000008006cc0                RCC_APB1PeriphResetCmd.part.6.22655
                0x0000000008006cd0                NVIC_Init.part.0.20956
                0x0000000008006d1c                _readData.20714
                0x0000000008006d58                pifStorageVar_Read
 .text          0x0000000008006d88      0xb38 /tmp/cciFnSXm.ltrans8.ltrans.o
                0x0000000008006d88                _actReceiveData.15821
                0x0000000008006db4                _evtSending.18303
                0x0000000008006e52                _evtSending
                0x0000000008006f0a                _doTask.19352
                0x0000000008007104                pifHmc5883_ReadMag
                0x0000000008007192                pwmCallback.5804
                0x000000000800723c                mpu6500Init.5356
                0x00000000080074dc                mpu3050Init.5378
                0x00000000080076e8                pifMsp_AddAnswer32
                0x0000000008007748                GPS_set_next_wp
 .text          0x00000000080078c0      0x950 /tmp/cciFnSXm.ltrans9.ltrans.o
                0x00000000080078c0                cliFeature.8998
                0x00000000080079b0                taskGpsNewData
                0x0000000008008124                mwDisarm.11087
                0x0000000008008160                pifMsp_AddAnswer
                0x00000000080081b8                pifMsp_AddAnswer16
 .text          0x0000000008008210      0x9e8 /tmp/cciFnSXm.ltrans10.ltrans.o
                0x0000000008008210                mpu6050Init.5375
                0x0000000008008434                hmc5883lDetect
                0x0000000008008508                pifMpu6500_ReadGyro
                0x0000000008008572                pifMpu6500_ReadAccel
                0x00000000080086b0                pifMpu30x0_ReadGyro
                0x00000000080087cc                pwmOutConfig.5885
                0x0000000008008a6c                hottV4Respond.8430
                0x0000000008008ac4                initialiseSoftSerial
 .text          0x0000000008008bf8      0x978 /tmp/cciFnSXm.ltrans11.ltrans.o
                0x0000000008008bf8                _evtIbusReceive.14397
                0x0000000008008c3c                _evtSumdReceive.15031
                0x0000000008008c80                _evtSbusReceive.14713
                0x0000000008008cc4                _evtSpektrumReceive.15354
                0x0000000008008d10                cliStatus.9107
                0x0000000008008e4c                _evtGpsReceive.6787
                0x0000000008008f74                mpuReadRegisterSPI.5385
                0x0000000008008fa8                i2cInit
                0x0000000008009184                i2cHandleHardwareFailure.12932
                0x00000000080091a4                i2cWriteBuffer
                0x000000000800925c                i2cWrite
                0x0000000008009270                i2c_er_handler.12926
                0x0000000008009314                timerConfigure
                0x0000000008009348                pwmInConfig.5914
                0x00000000080093ac                pifMsp_AddAnswer8
                0x00000000080093f8                pifMsp_MakeError
                0x000000000800945c                pifGpsUblox_SendUbxMsg.constprop.102
                0x000000000800953c                mixerResetMotors
 .text          0x0000000008009570      0x8d4 /tmp/cciFnSXm.ltrans12.ltrans.o
                0x0000000008009570                _evtGpsTimeout.6691
                0x0000000008009584                TIM_ICInit.constprop.124
                0x00000000080097a8                _processRcPwm.18801.constprop.122
                0x0000000008009888                pifTimerManager_Add.constprop.106
                0x00000000080098a0                pifRingBuffer_InitHeap.constprop.94
                0x00000000080098f0                pifRingBuffer_CreateHeap.constprop.86
                0x0000000008009928                serialWrite
                0x000000000800995c                _putc.10170
                0x0000000008009968                sendDataHead.7938
                0x0000000008009984                sendTelemetryTail.7941
                0x00000000080099c0                serialize16.7948
                0x00000000080099d4                pifRingBuffer_CopyToArray.constprop.74
                0x0000000008009a10                pifBuzzer_Start.constprop.70
                0x0000000008009a30                _printLog.16376
                0x0000000008009a6c                pifLog_Printf.constprop.66
                0x0000000008009a94                pifLog_CmdHelp
                0x0000000008009ae0                pifLog_CmdPrintVersion
                0x0000000008009b04                pifLog_CmdSetStatus
                0x0000000008009be4                cliAux.part.1.9016
                0x0000000008009c0c                cliAux.9018
                0x0000000008009c58                cliVersion.8974
                0x0000000008009c6c                ftoa.9041
                0x0000000008009d40                cliPrintVar.9045
                0x0000000008009de8                pifFixList_Init.part.1.16228
 .text          0x0000000008009e44      0xcb8 /tmp/cciFnSXm.ltrans13.ltrans.o
                0x0000000008009e44                pidMultiWii.11081
                0x000000000800a0b0                pidRewrite.11083
                0x000000000800a234                taskGetEstimatedAltitude
                0x000000000800a6cc                taskMagGetAdc
                0x000000000800a7dc                cliProfile.9024
                0x000000000800a820                i2c_ev_handler.12915
 .text          0x000000000800aafc      0x960 /tmp/cciFnSXm.ltrans14.ltrans.o
                0x000000000800abd8                hcsr04Init
                0x000000000800ad18                ppmCallback.5808
                0x000000000800ae20                configureTimerCaptureCompareInterrupt
                0x000000000800aed4                pifMsp_Init.constprop.78
                0x000000000800af4c                pifI2cDevice_Read.constprop.167
                0x000000000800afe8                pifI2cDevice_ReadRegByte
                0x000000000800afec                pifI2cDevice_ReadRegBit8
                0x000000000800b084                pifI2cPort_AddDevice.constprop.166
                0x000000000800b0a0                bmp280Detect
                0x000000000800b1a0                pifI2cDevice_WriteRegByte
                0x000000000800b1b4                hmc5883lInit.4953
                0x000000000800b384                configTimeBase
                0x000000000800b42c                pwmICConfig
 .text          0x000000000800b45c      0xa68 /tmp/cciFnSXm.ltrans15.ltrans.o
                0x000000000800b45c                _doTask.17018
                0x000000000800b480                pifLog_CmdPrintTask
                0x000000000800b6b8                pifTaskManager_Remove
                0x000000000800b6fc                pifTaskManager_Add
                0x000000000800b79c                pifTask_SetTrigger
                0x000000000800b7c8                pifComm_PutRxByte
                0x000000000800b7f2                evtBaroRead.11883
                0x000000000800b85c                _evtRcReceive.5799
                0x000000000800b880                pifTask_ChangePeriod
                0x000000000800b8ac                pifTask_ChangeMode
                0x000000000800b8fc                _checkLoopTime.16816
                0x000000000800b944                _processingTask.16813
                0x000000000800b9f0                pifTaskManager_Yield
                0x000000000800bba4                pifRingBuffer_PutString
                0x000000000800bc04                _evtParsing.16365
                0x000000000800be00                pifRingBuffer_Clear
                0x000000000800be18                pifRingBuffer_Remove
                0x000000000800be3e                pifRingBuffer_PutData
                0x000000000800be94                _actSendData.15816
 .text          0x000000000800bec4      0x594 /tmp/cciFnSXm.ltrans16.ltrans.o
                0x000000000800bec4                cliCMix.9057
                0x000000000800c12c                cliDump.9053
                0x000000000800c418                spiTransfer.part.2.6121
 .text          0x000000000800c458      0x45c /tmp/cciFnSXm.ltrans17.ltrans.o
                0x000000000800c458                cliServoMix.8982
                0x000000000800c7e4                cliMixer.8978
 .text          0x000000000800c8b4      0x580 /tmp/cciFnSXm.ltrans18.ltrans.o
                0x000000000800c8b4                uartOpen
                0x000000000800cbe6                serialInit.constprop.77
                0x000000000800cd78                checkTelemetryState.part.2.7534
 .text          0x000000000800ce34      0x994 /tmp/cciFnSXm.ltrans19.ltrans.o
                0x000000000800ce34                actUartStartTransfer
                0x000000000800ce54                featureDefault.10175
                0x000000000800d0e8                l3g4200dDetect
                0x000000000800d16e                mpuDetect
                0x000000000800d370                mma8452Detect
                0x000000000800d428                bma280Detect
                0x000000000800d4dc                ak8975detect
                0x000000000800d608                adxl345Detect
                0x000000000800d66c                actI2cRead
                0x000000000800d67c                actI2cWrite
                0x000000000800d68c                serialICConfig
                0x000000000800d6b2                onSerialTimer
 .text          0x000000000800d7c8      0x35c /tmp/cciFnSXm.ltrans20.ltrans.o
                0x000000000800d7c8                cliSet.9049
                0x000000000800d938                cliGpsPassthrough.9030
                0x000000000800d9c0                cliMotor.9012
                0x000000000800da44                cliMap.8994
 .text          0x000000000800db24      0x428 /tmp/cciFnSXm.ltrans21.ltrans.o
                0x000000000800db6c                taskLoop
                0x000000000800df14                TIM4_IRQHandler
                0x000000000800df20                TIM3_IRQHandler
                0x000000000800df2c                TIM2_IRQHandler
                0x000000000800df36                TIM1_CC_IRQHandler
                0x000000000800df44                EXTI9_5_IRQHandler
                0x000000000800df48                EXTI1_IRQHandler
 *fill*         0x000000000800df4c        0x4 
 .text          0x000000000800df50      0x4d0 /tmp/cciFnSXm.ltrans22.ltrans.o
                0x000000000800df50                _evtParsing.17614
                0x000000000800df70                _evtParsing.17960
                0x000000000800e2f0                rccWriteBkpDr.constprop.64
                0x000000000800e320                evtMspOtherPacket.12349
                0x000000000800e36c                cliSave.8990
                0x000000000800e3ac                cliExit.9002
                0x000000000800e3e4                cliDefaults.9006
 .text          0x000000000800e420      0x62c /tmp/cciFnSXm.ltrans23.ltrans.o
                0x000000000800e420                _EvtPrintFrame.6719
                0x000000000800e430                _evtSending.16369
                0x000000000800e472                blinkLED
                0x000000000800e4b4                failureMode
                0x000000000800e4f0                readEEPROM
                0x000000000800e550                writeEEPROM
                0x000000000800e5f0                checkFirstTime
                0x000000000800e9a8                pifComm_GetTxByte
                0x000000000800e9e8                ECHO_EXTI_IRQHandler
 *fill*         0x000000000800ea4c        0x4 
 .text          0x000000000800ea50      0x470 /tmp/cciFnSXm.ltrans24.ltrans.o
                0x000000000800ea50                pifGps_ParsingNmea
 .text          0x000000000800eec0      0x32c /tmp/cciFnSXm.ltrans25.ltrans.o
                0x000000000800eec0                SystemInit
                0x000000000800ef0c                USART3_IRQHandler
                0x000000000800ef70                USART2_IRQHandler
                0x000000000800efcc                USART1_IRQHandler
                0x000000000800f024                SysTick_Handler
                0x000000000800f1b0                I2C2_ER_IRQHandler
                0x000000000800f1b4                I2C1_ER_IRQHandler
                0x000000000800f1b8                I2C2_EV_IRQHandler
                0x000000000800f1bc                I2C1_EV_IRQHandler
                0x000000000800f1c0                HardFault_Handler
 .text          0x000000000800f1ec      0x17c /tmp/cciFnSXm.ltrans26.ltrans.o
                0x000000000800f1ec                cliServo.8986
 .text          0x000000000800f368       0x94 /tmp/cciFnSXm.ltrans27.ltrans.o
                0x000000000800f368                mwArm.11100
 .text          0x000000000800f3fc       0xec /usr/lib/gcc/arm-none-eabi/4.8.2/../../../arm-none-eabi/lib/armv7-m/libc.a(lib_a-memcpy.o)
                0x000000000800f3fc                memcpy
 .text          0x000000000800f4e8      0x370 /usr/lib/gcc/arm-none-eabi/4.8.2/armv7-m/libgcc.a(_arm_addsubdf3.o)
                0x000000000800f4e8                __aeabi_drsub
                0x000000000800f4f0                __aeabi_dsub
                0x000000000800f4f0                __subdf3
                0x000000000800f4f4                __adddf3
                0x000000000800f4f4                __aeabi_dadd
                0x000000000800f76c                __aeabi_ui2d
                0x000000000800f76c                __floatunsidf
                0x000000000800f78c                __floatsidf
                0x000000000800f78c                __aeabi_i2d
                0x000000000800f7b0                __extendsfdf2
                0x000000000800f7b0                __aeabi_f2d
                0x000000000800f7ec                __aeabi_ul2d
                0x000000000800f7ec                __floatundidf
                0x000000000800f7fc                __floatdidf
                0x000000000800f7fc                __aeabi_l2d
 .text          0x000000000800f858      0x424 /usr/lib/gcc/arm-none-eabi/4.8.2/armv7-m/libgcc.a(_arm_muldivdf3.o)
                0x000000000800f858                __aeabi_dmul
                0x000000000800f858                __muldf3
                0x000000000800faac                __aeabi_ddiv
                0x000000000800faac                __divdf3
 .text          0x000000000800fc7c      0x110 /usr/lib/gcc/arm-none-eabi/4.8.2/armv7-m/libgcc.a(_arm_cmpdf2.o)
                0x000000000800fc7c                __gtdf2
                0x000000000800fc7c                __gedf2
                0x000000000800fc84                __ltdf2
                0x000000000800fc84                __ledf2
                0x000000000800fc8c                __cmpdf2
                0x000000000800fc8c                __eqdf2
                0x000000000800fc8c                __nedf2
                0x000000000800fd08                __aeabi_cdrcmple
                0x000000000800fd18                __aeabi_cdcmple
                0x000000000800fd18                __aeabi_cdcmpeq
                0x000000000800fd28                __aeabi_dcmpeq
                0x000000000800fd3c                __aeabi_dcmplt
                0x000000000800fd50                __aeabi_dcmple
                0x000000000800fd64                __aeabi_dcmpge
                0x000000000800fd78                __aeabi_dcmpgt
 .text          0x000000000800fd8c       0x50 /usr/lib/gcc/arm-none-eabi/4.8.2/armv7-m/libgcc.a(_arm_fixdfsi.o)
                0x000000000800fd8c                __fixdfsi
                0x000000000800fd8c                __aeabi_d2iz
 .text          0x000000000800fddc       0x40 /usr/lib/gcc/arm-none-eabi/4.8.2/armv7-m/libgcc.a(_arm_fixunsdfsi.o)
                0x000000000800fddc                __fixunsdfsi
                0x000000000800fddc                __aeabi_d2uiz
 .text          0x000000000800fe1c       0xa0 /usr/lib/gcc/arm-none-eabi/4.8.2/armv7-m/libgcc.a(_arm_truncdfsf2.o)
                0x000000000800fe1c                __aeabi_d2f
                0x000000000800fe1c                __truncdfsf2
 .text          0x000000000800febc      0x21c /usr/lib/gcc/arm-none-eabi/4.8.2/armv7-m/libgcc.a(_arm_addsubsf3.o)
                0x000000000800febc                __aeabi_frsub
                0x000000000800fec4                __subsf3
                0x000000000800fec4                __aeabi_fsub
                0x000000000800fec8                __aeabi_fadd
                0x000000000800fec8                __addsf3
                0x0000000008010028                __aeabi_ui2f
                0x0000000008010028                __floatunsisf
                0x0000000008010030                __aeabi_i2f
                0x0000000008010030                __floatsisf
                0x000000000801004c                __floatundisf
                0x000000000801004c                __aeabi_ul2f
                0x000000000801005c                __floatdisf
                0x000000000801005c                __aeabi_l2f
 .text          0x00000000080100d8      0x2a0 /usr/lib/gcc/arm-none-eabi/4.8.2/armv7-m/libgcc.a(_arm_muldivsf3.o)
                0x00000000080100d8                __mulsf3
                0x00000000080100d8                __aeabi_fmul
                0x0000000008010240                __divsf3
                0x0000000008010240                __aeabi_fdiv
 .text          0x0000000008010378       0xec /usr/lib/gcc/arm-none-eabi/4.8.2/armv7-m/libgcc.a(_arm_cmpsf2.o)
                0x0000000008010378                __gtsf2
                0x0000000008010378                __gesf2
                0x0000000008010380                __lesf2
                0x0000000008010380                __ltsf2
                0x0000000008010388                __nesf2
                0x0000000008010388                __eqsf2
                0x0000000008010388                __cmpsf2
                0x00000000080103e8                __aeabi_cfrcmple
                0x00000000080103f0                __aeabi_cfcmple
                0x00000000080103f0                __aeabi_cfcmpeq
                0x0000000008010400                __aeabi_fcmpeq
                0x0000000008010414                __aeabi_fcmplt
                0x0000000008010428                __aeabi_fcmple
                0x000000000801043c                __aeabi_fcmpge
                0x0000000008010450                __aeabi_fcmpgt
 .text          0x0000000008010464       0x4c /usr/lib/gcc/arm-none-eabi/4.8.2/armv7-m/libgcc.a(_arm_fixsfsi.o)
                0x0000000008010464                __fixsfsi
                0x0000000008010464                __aeabi_f2iz
 .text          0x00000000080104b0       0x40 /usr/lib/gcc/arm-none-eabi/4.8.2/armv7-m/libgcc.a(_arm_fixunssfsi.o)
                0x00000000080104b0                __aeabi_f2uiz
                0x00000000080104b0                __fixunssfsi
 .text          0x00000000080104f0       0x38 /usr/lib/gcc/arm-none-eabi/4.8.2/armv7-m/libgcc.a(_aeabi_ldivmod.o)
                0x00000000080104f0                __aeabi_ldivmod
 .text          0x0000000008010528       0x60 /usr/lib/gcc/arm-none-eabi/4.8.2/armv7-m/libgcc.a(bpabi.o)
                0x0000000008010528                __gnu_ldivmod_helper
                0x0000000008010558                __gnu_uldivmod_helper
 .text          0x0000000008010588        0x4 /usr/lib/gcc/arm-none-eabi/4.8.2/armv7-m/libgcc.a(_dvmd_tls.o)
                0x0000000008010588                __aeabi_ldiv0
                0x0000000008010588                __aeabi_idiv0
 .text          0x000000000801058c      0x2bc /usr/lib/gcc/arm-none-eabi/4.8.2/armv7-m/libgcc.a(_divdi3.o)
                0x000000000801058c                __divdi3
 .text          0x0000000008010848      0x284 /usr/lib/gcc/arm-none-eabi/4.8.2/armv7-m/libgcc.a(_udivdi3.o)
                0x0000000008010848                __udivdi3
 *(.text*)
 *fill*         0x0000000008010acc        0x4 
 .text.startup  0x0000000008010ad0     0x1dd8 /tmp/cciFnSXm.ltrans0.ltrans.o
                0x0000000008010ad0                main
 .text.unlikely
                0x00000000080128a8       0xbc /tmp/cciFnSXm.ltrans12.ltrans.o
                0x00000000080128a8                _printTime.16380
                0x000000000801291c                pifNoiseFilterInt32_Init.constprop.54
 .text.Reset_Handler
                0x0000000008012964       0xa0 obj/NAZE/startup_stm32f10x_md_gcc.o
                0x0000000008012964                Reset_Handler
 .text.Default_Handler
                0x0000000008012a04        0x2 obj/NAZE/startup_stm32f10x_md_gcc.o
                0x0000000008012a04                EXTI2_IRQHandler
                0x0000000008012a04                DebugMon_Handler
                0x0000000008012a04                PVD_IRQHandler
                0x0000000008012a04                PendSV_Handler
                0x0000000008012a04                NMI_Handler
                0x0000000008012a04                EXTI3_IRQHandler
                0x0000000008012a04                EXTI0_IRQHandler
                0x0000000008012a04                UsageFault_Handler
                0x0000000008012a04                ADC1_2_IRQHandler
                0x0000000008012a04                SPI1_IRQHandler
                0x0000000008012a04                TAMPER_IRQHandler
                0x0000000008012a04                DMA1_Channel4_IRQHandler
                0x0000000008012a04                RTC_IRQHandler
                0x0000000008012a04                DMA1_Channel7_IRQHandler
                0x0000000008012a04                CAN1_RX1_IRQHandler
                0x0000000008012a04                DMA1_Channel6_IRQHandler
                0x0000000008012a04                RCC_IRQHandler
                0x0000000008012a04                TIM1_TRG_COM_IRQHandler
                0x0000000008012a04                DMA1_Channel1_IRQHandler
                0x0000000008012a04                Default_Handler
                0x0000000008012a04                EXTI15_10_IRQHandler
                0x0000000008012a04                SPI2_IRQHandler
                0x0000000008012a04                MemManage_Handler
                0x0000000008012a04                SVC_Handler
                0x0000000008012a04                DMA1_Channel5_IRQHandler
                0x0000000008012a04                EXTI4_IRQHandler
                0x0000000008012a04                USB_LP_CAN1_RX0_IRQHandler
                0x0000000008012a04                USB_HP_CAN1_TX_IRQHandler
                0x0000000008012a04                DMA1_Channel3_IRQHandler
                0x0000000008012a04                TIM1_UP_IRQHandler
                0x0000000008012a04                WWDG_IRQHandler
                0x0000000008012a04                TIM1_BRK_IRQHandler
                0x0000000008012a04                RTCAlarm_IRQHandler
                0x0000000008012a04                DMA1_Channel2_IRQHandler
                0x0000000008012a04                CAN1_SCE_IRQHandler
                0x0000000008012a04                FLASH_IRQHandler
                0x0000000008012a04                BusFault_Handler
                0x0000000008012a04                USBWakeUp_IRQHandler
 *fill*         0x0000000008012a06        0x2 
 .text.atoi     0x0000000008012a08        0x8 /usr/lib/gcc/arm-none-eabi/4.8.2/../../../arm-none-eabi/lib/armv7-m/libc.a(lib_a-atoi.o)
                0x0000000008012a08                atoi
 .text._strtol_r
                0x0000000008012a10      0x124 /usr/lib/gcc/arm-none-eabi/4.8.2/../../../arm-none-eabi/lib/armv7-m/libc.a(lib_a-strtol.o)
                0x0000000008012a10                _strtol_r
 .text.strtol   0x0000000008012b34       0x1c /usr/lib/gcc/arm-none-eabi/4.8.2/../../../arm-none-eabi/lib/armv7-m/libc.a(lib_a-strtol.o)
                0x0000000008012b34                strtol
 .text.cos      0x0000000008012b50       0x94 /usr/lib/gcc/arm-none-eabi/4.8.2/../../../arm-none-eabi/lib/armv7-m/libm.a(lib_a-s_cos.o)
                0x0000000008012b50                cos
 .text.sin      0x0000000008012be4       0x98 /usr/lib/gcc/arm-none-eabi/4.8.2/../../../arm-none-eabi/lib/armv7-m/libm.a(lib_a-s_sin.o)
                0x0000000008012be4                sin
 .text.cosf     0x0000000008012c7c       0x6c /usr/lib/gcc/arm-none-eabi/4.8.2/../../../arm-none-eabi/lib/armv7-m/libm.a(lib_a-sf_cos.o)
                0x0000000008012c7c                cosf
 .text.lrintf   0x0000000008012ce8       0x7c /usr/lib/gcc/arm-none-eabi/4.8.2/../../../arm-none-eabi/lib/armv7-m/libm.a(lib_a-sf_lrint.o)
                0x0000000008012ce8                lrintf
 .text.sinf     0x0000000008012d64       0x7c /usr/lib/gcc/arm-none-eabi/4.8.2/../../../arm-none-eabi/lib/armv7-m/libm.a(lib_a-sf_sin.o)
                0x0000000008012d64                sinf
 .text.acosf    0x0000000008012de0       0xa4 /usr/lib/gcc/arm-none-eabi/4.8.2/../../../arm-none-eabi/lib/armv7-m/libm.a(lib_a-wf_acos.o)
                0x0000000008012de0                acosf
 .text.atan2f   0x0000000008012e84        0x4 /usr/lib/gcc/arm-none-eabi/4.8.2/../../../arm-none-eabi/lib/armv7-m/libm.a(lib_a-wf_atan2.o)
                0x0000000008012e84                atan2f
 .text.powf     0x0000000008012e88      0x33c /usr/lib/gcc/arm-none-eabi/4.8.2/../../../arm-none-eabi/lib/armv7-m/libm.a(lib_a-wf_pow.o)
                0x0000000008012e88                powf
 .text.sqrtf    0x00000000080131c4       0xa0 /usr/lib/gcc/arm-none-eabi/4.8.2/../../../arm-none-eabi/lib/armv7-m/libm.a(lib_a-wf_sqrt.o)
                0x00000000080131c4                sqrtf
 *fill*         0x0000000008013264        0x4 
 .text.__ieee754_rem_pio2
                0x0000000008013268      0x458 /usr/lib/gcc/arm-none-eabi/4.8.2/../../../arm-none-eabi/lib/armv7-m/libm.a(lib_a-e_rem_pio2.o)
                0x0000000008013268                __ieee754_rem_pio2
 .text.__ieee754_acosf
                0x00000000080136c0      0x36c /usr/lib/gcc/arm-none-eabi/4.8.2/../../../arm-none-eabi/lib/armv7-m/libm.a(lib_a-ef_acos.o)
                0x00000000080136c0                __ieee754_acosf
 .text.__ieee754_atan2f
                0x0000000008013a2c      0x148 /usr/lib/gcc/arm-none-eabi/4.8.2/../../../arm-none-eabi/lib/armv7-m/libm.a(lib_a-ef_atan2.o)
                0x0000000008013a2c                __ieee754_atan2f
 .text.__ieee754_powf
                0x0000000008013b74      0x74c /usr/lib/gcc/arm-none-eabi/4.8.2/../../../arm-none-eabi/lib/armv7-m/libm.a(lib_a-ef_pow.o)
                0x0000000008013b74                __ieee754_powf
 .text.__ieee754_rem_pio2f
                0x00000000080142c0      0x34c /usr/lib/gcc/arm-none-eabi/4.8.2/../../../arm-none-eabi/lib/armv7-m/libm.a(lib_a-ef_rem_pio2.o)
                0x00000000080142c0                __ieee754_rem_pio2f
 .text.__ieee754_sqrtf
                0x000000000801460c       0xa8 /usr/lib/gcc/arm-none-eabi/4.8.2/../../../arm-none-eabi/lib/armv7-m/libm.a(lib_a-ef_sqrt.o)
                0x000000000801460c                __ieee754_sqrtf
 *fill*         0x00000000080146b4        0x4 
 .text.__kernel_cos
                0x00000000080146b8      0x260 /usr/lib/gcc/arm-none-eabi/4.8.2/../../../arm-none-eabi/lib/armv7-m/libm.a(lib_a-k_cos.o)
                0x00000000080146b8                __kernel_cos
 .text.__kernel_rem_pio2
                0x0000000008014918      0x7e4 /usr/lib/gcc/arm-none-eabi/4.8.2/../../../arm-none-eabi/lib/armv7-m/libm.a(lib_a-k_rem_pio2.o)
                0x0000000008014918                __kernel_rem_pio2
 *fill*         0x00000000080150fc        0x4 
 .text.__kernel_sin
                0x0000000008015100      0x168 /usr/lib/gcc/arm-none-eabi/4.8.2/../../../arm-none-eabi/lib/armv7-m/libm.a(lib_a-k_sin.o)
                0x0000000008015100                __kernel_sin
 .text.__kernel_cosf
                0x0000000008015268      0x1b8 /usr/lib/gcc/arm-none-eabi/4.8.2/../../../arm-none-eabi/lib/armv7-m/libm.a(lib_a-kf_cos.o)
                0x0000000008015268                __kernel_cosf
 .text.__kernel_rem_pio2f
                0x0000000008015420      0x664 /usr/lib/gcc/arm-none-eabi/4.8.2/../../../arm-none-eabi/lib/armv7-m/libm.a(lib_a-kf_rem_pio2.o)
                0x0000000008015420                __kernel_rem_pio2f
 .text.__kernel_sinf
                0x0000000008015a84       0xfc /usr/lib/gcc/arm-none-eabi/4.8.2/../../../arm-none-eabi/lib/armv7-m/libm.a(lib_a-kf_sin.o)
                0x0000000008015a84                __kernel_sinf
 .text.fabs     0x0000000008015b80        0x8 /usr/lib/gcc/arm-none-eabi/4.8.2/../../../arm-none-eabi/lib/armv7-m/libm.a(lib_a-s_fabs.o)
                0x0000000008015b80                fabs
 .text.floor    0x0000000008015b88      0x120 /usr/lib/gcc/arm-none-eabi/4.8.2/../../../arm-none-eabi/lib/armv7-m/libm.a(lib_a-s_floor.o)
                0x0000000008015b88                floor
 .text.matherr  0x0000000008015ca8        0x4 /usr/lib/gcc/arm-none-eabi/4.8.2/../../../arm-none-eabi/lib/armv7-m/libm.a(lib_a-s_matherr.o)
                0x0000000008015ca8                matherr
 .text.nan      0x0000000008015cac        0xc /usr/lib/gcc/arm-none-eabi/4.8.2/../../../arm-none-eabi/lib/armv7-m/libm.a(lib_a-s_nan.o)
                0x0000000008015cac                nan
 .text.rint     0x0000000008015cb8      0x120 /usr/lib/gcc/arm-none-eabi/4.8.2/../../../arm-none-eabi/lib/armv7-m/libm.a(lib_a-s_rint.o)
                0x0000000008015cb8                rint
 .text.scalbn   0x0000000008015dd8      0x100 /usr/lib/gcc/arm-none-eabi/4.8.2/../../../arm-none-eabi/lib/armv7-m/libm.a(lib_a-s_scalbn.o)
                0x0000000008015dd8                scalbn
 .text.atanf    0x0000000008015ed8      0x254 /usr/lib/gcc/arm-none-eabi/4.8.2/../../../arm-none-eabi/lib/armv7-m/libm.a(lib_a-sf_atan.o)
                0x0000000008015ed8                atanf
 .text.fabsf    0x000000000801612c        0x8 /usr/lib/gcc/arm-none-eabi/4.8.2/../../../arm-none-eabi/lib/armv7-m/libm.a(lib_a-sf_fabs.o)
                0x000000000801612c                fabsf
 .text.finitef  0x0000000008016134       0x10 /usr/lib/gcc/arm-none-eabi/4.8.2/../../../arm-none-eabi/lib/armv7-m/libm.a(lib_a-sf_finite.o)
                0x0000000008016134                finitef
 .text.floorf   0x0000000008016144       0x98 /usr/lib/gcc/arm-none-eabi/4.8.2/../../../arm-none-eabi/lib/armv7-m/libm.a(lib_a-sf_floor.o)
                0x0000000008016144                floorf
 .text.__fpclassifyf
                0x00000000080161dc       0x34 /usr/lib/gcc/arm-none-eabi/4.8.2/../../../arm-none-eabi/lib/armv7-m/libm.a(lib_a-sf_fpclassify.o)
                0x00000000080161dc                __fpclassifyf
 .text.nanf     0x0000000008016210        0x8 /usr/lib/gcc/arm-none-eabi/4.8.2/../../../arm-none-eabi/lib/armv7-m/libm.a(lib_a-sf_nan.o)
                0x0000000008016210                nanf
 .text.scalbnf  0x0000000008016218       0xb8 /usr/lib/gcc/arm-none-eabi/4.8.2/../../../arm-none-eabi/lib/armv7-m/libm.a(lib_a-sf_scalbn.o)
                0x0000000008016218                scalbnf
 .text.copysign
                0x00000000080162d0       0x14 /usr/lib/gcc/arm-none-eabi/4.8.2/../../../arm-none-eabi/lib/armv7-m/libm.a(lib_a-s_copysign.o)
                0x00000000080162d0                copysign
 .text.copysignf
                0x00000000080162e4        0xc /usr/lib/gcc/arm-none-eabi/4.8.2/../../../arm-none-eabi/lib/armv7-m/libm.a(lib_a-sf_copysign.o)
                0x00000000080162e4                copysignf
 .text.calloc   0x00000000080162f0       0x14 /usr/lib/gcc/arm-none-eabi/4.8.2/../../../arm-none-eabi/lib/armv7-m/libc.a(lib_a-calloc.o)
                0x00000000080162f0                calloc
 .text._calloc_r
                0x0000000008016304       0x60 /usr/lib/gcc/arm-none-eabi/4.8.2/../../../arm-none-eabi/lib/armv7-m/libc.a(lib_a-callocr.o)
                0x0000000008016304                _calloc_r
 .text.__errno  0x0000000008016364        0xc /usr/lib/gcc/arm-none-eabi/4.8.2/../../../arm-none-eabi/lib/armv7-m/libc.a(lib_a-errno.o)
                0x0000000008016364                __errno
 .text.malloc   0x0000000008016370       0x10 /usr/lib/gcc/arm-none-eabi/4.8.2/../../../arm-none-eabi/lib/armv7-m/libc.a(lib_a-malloc.o)
                0x0000000008016370                malloc
 .text.free     0x0000000008016380       0x10 /usr/lib/gcc/arm-none-eabi/4.8.2/../../../arm-none-eabi/lib/armv7-m/libc.a(lib_a-malloc.o)
                0x0000000008016380                free
 .text._malloc_r
                0x0000000008016390      0x564 /usr/lib/gcc/arm-none-eabi/4.8.2/../../../arm-none-eabi/lib/armv7-m/libc.a(lib_a-mallocr.o)
                0x0000000008016390                _malloc_r
 .text.memset   0x00000000080168f4       0x94 /usr/lib/gcc/arm-none-eabi/4.8.2/../../../arm-none-eabi/lib/armv7-m/libc.a(lib_a-memset.o)
                0x00000000080168f4                memset
 .text.__malloc_lock
                0x0000000008016988        0x4 /usr/lib/gcc/arm-none-eabi/4.8.2/../../../arm-none-eabi/lib/armv7-m/libc.a(lib_a-mlock.o)
                0x0000000008016988                __malloc_lock
 .text.__malloc_unlock
                0x000000000801698c        0x4 /usr/lib/gcc/arm-none-eabi/4.8.2/../../../arm-none-eabi/lib/armv7-m/libc.a(lib_a-mlock.o)
                0x000000000801698c                __malloc_unlock
 .text._sbrk_r  0x0000000008016990       0x28 /usr/lib/gcc/arm-none-eabi/4.8.2/../../../arm-none-eabi/lib/armv7-m/libc.a(lib_a-sbrkr.o)
                0x0000000008016990                _sbrk_r
 .text.strcasecmp
                0x00000000080169b8       0x48 /usr/lib/gcc/arm-none-eabi/4.8.2/../../../arm-none-eabi/lib/armv7-m/libc.a(lib_a-strcasecmp.o)
                0x00000000080169b8                strcasecmp
 .text.strcat   0x0000000008016a00       0x4c /usr/lib/gcc/arm-none-eabi/4.8.2/../../../arm-none-eabi/lib/armv7-m/libc.a(lib_a-strcat.o)
                0x0000000008016a00                strcat
 .text.strchr   0x0000000008016a4c       0xf4 /usr/lib/gcc/arm-none-eabi/4.8.2/../../../arm-none-eabi/lib/armv7-m/libc.a(lib_a-strchr.o)
                0x0000000008016a4c                strchr
 .text.strcpy   0x0000000008016b40       0xbc /usr/lib/gcc/arm-none-eabi/4.8.2/../../../arm-none-eabi/lib/armv7-m/libc.a(lib_a-strcpy.o)
                0x0000000008016b40                strcpy
 .text.strlen   0x0000000008016bfc       0x60 /usr/lib/gcc/arm-none-eabi/4.8.2/../../../arm-none-eabi/lib/armv7-m/libc.a(lib_a-strlen.o)
                0x0000000008016bfc                strlen
 .text.strncasecmp
                0x0000000008016c5c       0x54 /usr/lib/gcc/arm-none-eabi/4.8.2/../../../arm-none-eabi/lib/armv7-m/libc.a(lib_a-strncasecmp.o)
                0x0000000008016c5c                strncasecmp
 .text.strncpy  0x0000000008016cb0       0x68 /usr/lib/gcc/arm-none-eabi/4.8.2/../../../arm-none-eabi/lib/armv7-m/libc.a(lib_a-strncpy.o)
                0x0000000008016cb0                strncpy
 .text.critical_factorization
                0x0000000008016d18       0xbc /usr/lib/gcc/arm-none-eabi/4.8.2/../../../arm-none-eabi/lib/armv7-m/libc.a(lib_a-strstr.o)
 .text.two_way_long_needle
                0x0000000008016dd4      0x228 /usr/lib/gcc/arm-none-eabi/4.8.2/../../../arm-none-eabi/lib/armv7-m/libc.a(lib_a-strstr.o)
 .text.strstr   0x0000000008016ffc      0x21c /usr/lib/gcc/arm-none-eabi/4.8.2/../../../arm-none-eabi/lib/armv7-m/libc.a(lib_a-strstr.o)
                0x0000000008016ffc                strstr
 .text._malloc_trim_r
                0x0000000008017218       0xa4 /usr/lib/gcc/arm-none-eabi/4.8.2/../../../arm-none-eabi/lib/armv7-m/libc.a(lib_a-freer.o)
                0x0000000008017218                _malloc_trim_r
 .text._free_r  0x00000000080172bc      0x198 /usr/lib/gcc/arm-none-eabi/4.8.2/../../../arm-none-eabi/lib/armv7-m/libc.a(lib_a-freer.o)
                0x00000000080172bc                _free_r
 .text.memchr   0x0000000008017454       0x94 /usr/lib/gcc/arm-none-eabi/4.8.2/../../../arm-none-eabi/lib/armv7-m/libc.a(lib_a-memchr-stub.o)
                0x0000000008017454                memchr
 .text.memcmp   0x00000000080174e8       0x68 /usr/lib/gcc/arm-none-eabi/4.8.2/../../../arm-none-eabi/lib/armv7-m/libc.a(lib_a-memcmp.o)
                0x00000000080174e8                memcmp
 .text._sbrk    0x0000000008017550       0x20 /usr/lib/gcc/arm-none-eabi/4.8.2/../../../arm-none-eabi/lib/armv7-m/libnosys.a(sbrk.o)
                0x0000000008017550                _sbrk
 *(.rodata)
 .rodata        0x0000000008017570      0x7a8 /tmp/cciFnSXm.ltrans0.ltrans.o
                0x00000000080175a4                mixers
                0x000000000801766c                servoMixers
                0x0000000008017744                gpsInitData.6941
                0x000000000801776c                servoMixerSingle.10967
                0x00000000080177a4                servoMixerDual.10966
                0x00000000080177b2                servoMixerAirplane.10965
                0x00000000080177ce                servoMixerFlyingWing.10964
                0x00000000080177ea                servoMixerBI.10963
                0x0000000008017806                servoMixerTri.10962
                0x0000000008017810                mixerAtail4.10863
                0x0000000008017850                mixerDualcopter.10862
                0x0000000008017870                mixerHex6H.10861
                0x00000000080178d0                mixerVtail4.10860
                0x0000000008017910                mixerOctoFlatX.10859
                0x0000000008017990                mixerOctoFlatP.10858
                0x0000000008017a10                mixerOctoX8.10857
                0x0000000008017a90                mixerHex6X.10856
                0x0000000008017af0                mixerY4.10855
                0x0000000008017b30                mixerVectorThrust.10854
                0x0000000008017b50                mixerHex6P.10853
                0x0000000008017bb0                mixerY6.10852
                0x0000000008017c10                mixerBi.10851
                0x0000000008017c30                mixerQuadX.10850
                0x0000000008017c70                mixerQuadP.10849
                0x0000000008017cb0                mixerTri.10848
 .rodata        0x0000000008017d18      0x168 /tmp/cciFnSXm.ltrans3.ltrans.o
 .rodata        0x0000000008017e80       0x46 /tmp/cciFnSXm.ltrans4.ltrans.o
                0x0000000008017e80                buzz_sos.8666
                0x0000000008017e93                buzz_mediumBeep.8669
                0x0000000008017e96                buzz_2shortBeeps.8664
                0x0000000008017e9b                buzz_3shortBeeps.8665
                0x0000000008017ea2                buzz_readyBeep.8662
                0x0000000008017eb1                buzz_shortBeep.8672
                0x0000000008017eb4                buzz_armed.8670
                0x0000000008017ebd                buzz_BatteryBeep.8668
                0x0000000008017ec0                buzz_longBeep.8667
                0x0000000008017ec3                buzz_mediumBeepFast.8663
 *fill*         0x0000000008017ec6        0x2 
 .rodata        0x0000000008017ec8      0x164 /tmp/cciFnSXm.ltrans5.ltrans.o
                0x0000000008018028                type_ch
 .rodata        0x000000000801802c       0x4c /tmp/cciFnSXm.ltrans9.ltrans.o
                0x000000000801802c                featureNames.9157
 .rodata        0x0000000008018078       0x18 /tmp/cciFnSXm.ltrans10.ltrans.o
 .rodata        0x0000000008018090       0x48 /tmp/cciFnSXm.ltrans11.ltrans.o
 .rodata        0x00000000080180d8       0x30 /tmp/cciFnSXm.ltrans12.ltrans.o
 .rodata        0x0000000008018108       0x20 /tmp/cciFnSXm.ltrans14.ltrans.o
                0x0000000008018108                channels.6315
 .rodata        0x0000000008018128       0x64 /tmp/cciFnSXm.ltrans16.ltrans.o
                0x0000000008018128                mixerNames.9150
 .rodata        0x000000000801818c        0x8 /tmp/cciFnSXm.ltrans17.ltrans.o
 .rodata        0x0000000008018194       0x60 /tmp/cciFnSXm.ltrans21.ltrans.o
                0x00000000080181f0                kPifHexUpperChar
 .rodata        0x00000000080181f4        0x8 /tmp/cciFnSXm.ltrans23.ltrans.o
 .rodata        0x00000000080181fc      0xb38 /tmp/cciFnSXm.ltrans25.ltrans.o
                0x0000000008018208                valueTable
 .rodata        0x0000000008018d34        0x8 /tmp/cciFnSXm.ltrans26.ltrans.o
 *(.rodata*)
 .rodata.timerHardware
                0x0000000008018d3c       0xe0 /tmp/cciFnSXm.ltrans0.ltrans.o
                0x0000000008018d3c                timerHardware
 .rodata.str1.1
                0x0000000008018e1c       0x30 /tmp/cciFnSXm.ltrans0.ltrans.o
                                         0x31 (size before relaxing)
 .rodata.str1.1
                0x0000000008018e4c       0x47 /tmp/cciFnSXm.ltrans2.ltrans.o
 .rodata.str1.1
                0x0000000008018e93       0xdb /tmp/cciFnSXm.ltrans3.ltrans.o
 .rodata.str1.1
                0x0000000008018f6e      0x252 /tmp/cciFnSXm.ltrans5.ltrans.o
                                        0x277 (size before relaxing)
 .rodata.str1.1
                0x00000000080191c0       0x78 /tmp/cciFnSXm.ltrans7.ltrans.o
 .rodata.str1.1
                0x0000000008019238       0x18 /tmp/cciFnSXm.ltrans8.ltrans.o
 .rodata.str1.1
                0x0000000008019250       0xf3 /tmp/cciFnSXm.ltrans9.ltrans.o
                                        0x104 (size before relaxing)
 .rodata.str1.1
                0x0000000008019343        0x9 /tmp/cciFnSXm.ltrans10.ltrans.o
                                         0x11 (size before relaxing)
 .rodata.str1.1
                0x000000000801934c       0xff /tmp/cciFnSXm.ltrans11.ltrans.o
                                        0x114 (size before relaxing)
 .rodata.str1.1
                0x000000000801944b      0x126 /tmp/cciFnSXm.ltrans12.ltrans.o
                                        0x13d (size before relaxing)
 .rodata.str1.1
                0x0000000008019571       0x16 /tmp/cciFnSXm.ltrans13.ltrans.o
 .rodata.str1.1
                0x0000000008019587        0x7 /tmp/cciFnSXm.ltrans14.ltrans.o
 .rodata.str1.1
                0x000000000801958e       0x14 /tmp/cciFnSXm.ltrans15.ltrans.o
 .rodata.str1.1
                0x00000000080195a2      0x274 /tmp/cciFnSXm.ltrans16.ltrans.o
                                        0x2b8 (size before relaxing)
 .rodata.rcChannelLetters
                0x0000000008019816       0x13 /tmp/cciFnSXm.ltrans16.ltrans.o
                0x0000000008019816                rcChannelLetters
 .rodata.str1.1
                0x0000000008019829      0x213 /tmp/cciFnSXm.ltrans17.ltrans.o
                                        0x278 (size before relaxing)
 .rodata.str1.1
                0x0000000008019a3c        0x6 /tmp/cciFnSXm.ltrans18.ltrans.o
 .rodata.str1.1
                0x0000000008019a42       0x27 /tmp/cciFnSXm.ltrans19.ltrans.o
 .rodata.str1.1
                0x0000000008019a69      0x1ad /tmp/cciFnSXm.ltrans20.ltrans.o
                                        0x1bb (size before relaxing)
 .rodata.str1.1
                0x0000000008019c16       0x1b /tmp/cciFnSXm.ltrans21.ltrans.o
                                         0x2c (size before relaxing)
 .rodata.kCfgMsg
                0x0000000008019c31       0x1e /tmp/cciFnSXm.ltrans21.ltrans.o
 .rodata.str1.1
                0x0000000008019c4f       0x4c /tmp/cciFnSXm.ltrans22.ltrans.o
                                         0x59 (size before relaxing)
 .rodata.str1.1
                0x0000000008019c9b       0x13 /tmp/cciFnSXm.ltrans23.ltrans.o
 .rodata.str1.1
                0x0000000008019cae      0x78a /tmp/cciFnSXm.ltrans25.ltrans.o
                                        0x7b8 (size before relaxing)
 .rodata.str1.1
                0x000000000801a438      0x10a /tmp/cciFnSXm.ltrans26.ltrans.o
                                        0x11d (size before relaxing)
 *fill*         0x000000000801a542        0x2 
 .rodata._ctype_
                0x000000000801a544      0x104 /usr/lib/gcc/arm-none-eabi/4.8.2/../../../arm-none-eabi/lib/armv7-m/libc.a(lib_a-ctype_.o)
                0x000000000801a544                _ctype_
 .rodata.str1.4
                0x000000000801a648        0x2 /usr/lib/gcc/arm-none-eabi/4.8.2/../../../arm-none-eabi/lib/armv7-m/libc.a(lib_a-impure.o)
                                          0x4 (size before relaxing)
 *fill*         0x000000000801a64a        0x2 
 .rodata.TWO23  0x000000000801a64c        0x8 /usr/lib/gcc/arm-none-eabi/4.8.2/../../../arm-none-eabi/lib/armv7-m/libm.a(lib_a-sf_lrint.o)
 .rodata.str1.4
                0x000000000801a654        0x6 /usr/lib/gcc/arm-none-eabi/4.8.2/../../../arm-none-eabi/lib/armv7-m/libm.a(lib_a-wf_acos.o)
                                          0xc (size before relaxing)
 *fill*         0x000000000801a65a        0x2 
 .rodata.str1.4
                0x000000000801a65c        0x5 /usr/lib/gcc/arm-none-eabi/4.8.2/../../../arm-none-eabi/lib/armv7-m/libm.a(lib_a-wf_pow.o)
                                          0x8 (size before relaxing)
 *fill*         0x000000000801a661        0x3 
 .rodata.str1.4
                0x000000000801a664        0x8 /usr/lib/gcc/arm-none-eabi/4.8.2/../../../arm-none-eabi/lib/armv7-m/libm.a(lib_a-wf_sqrt.o)
 .rodata.npio2_hw
                0x000000000801a66c       0x80 /usr/lib/gcc/arm-none-eabi/4.8.2/../../../arm-none-eabi/lib/armv7-m/libm.a(lib_a-e_rem_pio2.o)
 .rodata.two_over_pi
                0x000000000801a6ec      0x108 /usr/lib/gcc/arm-none-eabi/4.8.2/../../../arm-none-eabi/lib/armv7-m/libm.a(lib_a-e_rem_pio2.o)
 .rodata.dp_h   0x000000000801a7f4        0x8 /usr/lib/gcc/arm-none-eabi/4.8.2/../../../arm-none-eabi/lib/armv7-m/libm.a(lib_a-ef_pow.o)
 .rodata.dp_l   0x000000000801a7fc        0x8 /usr/lib/gcc/arm-none-eabi/4.8.2/../../../arm-none-eabi/lib/armv7-m/libm.a(lib_a-ef_pow.o)
 .rodata.bp     0x000000000801a804        0x8 /usr/lib/gcc/arm-none-eabi/4.8.2/../../../arm-none-eabi/lib/armv7-m/libm.a(lib_a-ef_pow.o)
 .rodata.str1.4
                0x0000000000000000        0x4 /usr/lib/gcc/arm-none-eabi/4.8.2/../../../arm-none-eabi/lib/armv7-m/libm.a(lib_a-ef_pow.o)
 .rodata.npio2_hw
                0x000000000801a80c       0x80 /usr/lib/gcc/arm-none-eabi/4.8.2/../../../arm-none-eabi/lib/armv7-m/libm.a(lib_a-ef_rem_pio2.o)
 .rodata.two_over_pi
                0x000000000801a88c      0x318 /usr/lib/gcc/arm-none-eabi/4.8.2/../../../arm-none-eabi/lib/armv7-m/libm.a(lib_a-ef_rem_pio2.o)
 .rodata.init_jk
                0x000000000801aba4       0x10 /usr/lib/gcc/arm-none-eabi/4.8.2/../../../arm-none-eabi/lib/armv7-m/libm.a(lib_a-k_rem_pio2.o)
 *fill*         0x000000000801abb4        0x4 
 .rodata.PIo2   0x000000000801abb8       0x40 /usr/lib/gcc/arm-none-eabi/4.8.2/../../../arm-none-eabi/lib/armv7-m/libm.a(lib_a-k_rem_pio2.o)
 .rodata.init_jk
                0x000000000801abf8        0xc /usr/lib/gcc/arm-none-eabi/4.8.2/../../../arm-none-eabi/lib/armv7-m/libm.a(lib_a-kf_rem_pio2.o)
 .rodata.PIo2   0x000000000801ac04       0x2c /usr/lib/gcc/arm-none-eabi/4.8.2/../../../arm-none-eabi/lib/armv7-m/libm.a(lib_a-kf_rem_pio2.o)
 .rodata.TWO52  0x000000000801ac30       0x10 /usr/lib/gcc/arm-none-eabi/4.8.2/../../../arm-none-eabi/lib/armv7-m/libm.a(lib_a-s_rint.o)
 .rodata.atanlo
                0x000000000801ac40       0x10 /usr/lib/gcc/arm-none-eabi/4.8.2/../../../arm-none-eabi/lib/armv7-m/libm.a(lib_a-sf_atan.o)
 .rodata.atanhi
                0x000000000801ac50       0x10 /usr/lib/gcc/arm-none-eabi/4.8.2/../../../arm-none-eabi/lib/armv7-m/libm.a(lib_a-sf_atan.o)
 *(.glue_7)
 .glue_7        0x0000000000000000        0x0 linker stubs
 *(.glue_7t)
 .glue_7t       0x0000000000000000        0x0 linker stubs
 *(.eh_frame)
 *(.init)
 *(.fini)
                0x000000000801ac60                . = ALIGN (0x4)
                0x000000000801ac60                _etext = .

.vfp11_veneer   0x000000000801ac60        0x0
 .vfp11_veneer  0x0000000000000000        0x0 linker stubs

.v4_bx          0x000000000801ac60        0x0
 .v4_bx         0x0000000000000000        0x0 linker stubs

.iplt           0x000000000801ac60        0x0
 .iplt          0x0000000000000000        0x0 obj/NAZE/startup_stm32f10x_md_gcc.o

.ARM.extab
 *(.ARM.extab* .gnu.linkonce.armextab.*)

.ARM            0x000000000801ac60        0x8
                0x000000000801ac60                __exidx_start = .
 *(.ARM.exidx*)
 .ARM.exidx     0x000000000801ac60        0x8 /usr/lib/gcc/arm-none-eabi/4.8.2/armv7-m/libgcc.a(_divdi3.o)
 .ARM.exidx     0x000000000801ac68        0x0 /usr/lib/gcc/arm-none-eabi/4.8.2/armv7-m/libgcc.a(_udivdi3.o)
                                          0x8 (size before relaxing)
                0x000000000801ac68                __exidx_end = .

.rel.dyn        0x000000000801ac68        0x0
 .rel.iplt      0x0000000000000000        0x0 obj/NAZE/startup_stm32f10x_md_gcc.o

.preinit_array  0x000000000801ac68        0x0
                0x000000000801ac68                PROVIDE (__preinit_array_start, .)
 *(.preinit_array*)
                0x000000000801ac68                PROVIDE (__preinit_array_end, .)

.init_array     0x000000000801ac68        0x0
                0x000000000801ac68                PROVIDE (__init_array_start, .)
 *(SORT(.init_array.*))
 *(.init_array*)
                0x000000000801ac68                PROVIDE (__init_array_end, .)

.fini_array     0x000000000801ac68        0x0
                0x000000000801ac68                PROVIDE (__fini_array_start, .)
 *(.fini_array*)
 *(SORT(.fini_array.*))
                0x000000000801ac68                PROVIDE (__fini_array_end, .)
                0x000000000801ac68                _sidata = .

.data           0x0000000020000000      0x9e0 load address 0x000000000801ac68
                0x0000000020000000                . = ALIGN (0x4)
                0x0000000020000000                _sdata = .
 *(.data)
 .data          0x0000000020000000      0x150 /tmp/cciFnSXm.ltrans0.ltrans.o
                0x0000000020000000                hse_value
                0x0000000020000004                pif_id
                0x0000000020000016                batteryCellCount
                0x0000000020000017                standardBoardAlignment.14113
                0x0000000020000018                sensor_set
                0x0000000020000140                failsafeThreshold.6048
                0x0000000020000144                sonarDistance
 .data          0x0000000020000150       0x10 /tmp/cciFnSXm.ltrans1.ltrans.o
                0x000000002000015c                pid_controller
 .data          0x0000000020000160        0x2 /tmp/cciFnSXm.ltrans4.ltrans.o
                0x0000000020000160                buzzerMode.8673
 .data          0x0000000020000162        0x1 /tmp/cciFnSXm.ltrans6.ltrans.o
 .data          0x0000000020000163       0x14 /tmp/cciFnSXm.ltrans7.ltrans.o
 *fill*         0x0000000020000177        0x1 
 .data          0x0000000020000178        0x4 /tmp/cciFnSXm.ltrans9.ltrans.o
                0x0000000020000178                GPS_scaleLonDown
 .data          0x000000002000017c        0x4 /tmp/cciFnSXm.ltrans13.ltrans.o
 .data          0x0000000020000180        0x5 /tmp/cciFnSXm.ltrans19.ltrans.o
 *(.data*)
 *fill*         0x0000000020000185        0x3 
 .data.SystemCoreClock
                0x0000000020000188        0x4 /tmp/cciFnSXm.ltrans0.ltrans.o
                0x0000000020000188                SystemCoreClock
 .data.servo    0x000000002000018c       0x10 /tmp/cciFnSXm.ltrans3.ltrans.o
                0x000000002000018c                servo
 .data.__ctype_ptr__
                0x000000002000019c        0x4 /usr/lib/gcc/arm-none-eabi/4.8.2/../../../arm-none-eabi/lib/armv7-m/libc.a(lib_a-ctype_.o)
                0x000000002000019c                __ctype_ptr__
 .data.impure_data
                0x00000000200001a0      0x428 /usr/lib/gcc/arm-none-eabi/4.8.2/../../../arm-none-eabi/lib/armv7-m/libc.a(lib_a-impure.o)
 .data._impure_ptr
                0x00000000200005c8        0x4 /usr/lib/gcc/arm-none-eabi/4.8.2/../../../arm-none-eabi/lib/armv7-m/libc.a(lib_a-impure.o)
                0x00000000200005c8                _impure_ptr
 .data.__fdlib_version
                0x00000000200005cc        0x1 /usr/lib/gcc/arm-none-eabi/4.8.2/../../../arm-none-eabi/lib/armv7-m/libm.a(lib_a-s_lib_ver.o)
                0x00000000200005cc                __fdlib_version
 *fill*         0x00000000200005cd        0x3 
 .data.__malloc_av_
                0x00000000200005d0      0x408 /usr/lib/gcc/arm-none-eabi/4.8.2/../../../arm-none-eabi/lib/armv7-m/libc.a(lib_a-mallocr.o)
                0x00000000200005d0                __malloc_av_
 .data.__malloc_trim_threshold
                0x00000000200009d8        0x4 /usr/lib/gcc/arm-none-eabi/4.8.2/../../../arm-none-eabi/lib/armv7-m/libc.a(lib_a-mallocr.o)
                0x00000000200009d8                __malloc_trim_threshold
 .data.__malloc_sbrk_base
                0x00000000200009dc        0x4 /usr/lib/gcc/arm-none-eabi/4.8.2/../../../arm-none-eabi/lib/armv7-m/libc.a(lib_a-mallocr.o)
                0x00000000200009dc                __malloc_sbrk_base
                0x00000000200009e0                . = ALIGN (0x4)
                0x00000000200009e0                _edata = .

.igot.plt       0x00000000200009e0        0x0 load address 0x000000000801b648
 .igot.plt      0x0000000000000000        0x0 obj/NAZE/startup_stm32f10x_md_gcc.o
                0x00000000200009e0                . = ALIGN (0x4)

.bss            0x00000000200009e0     0x21d4 load address 0x000000000801b648
                0x00000000200009e0                _sbss = .
                0x00000000200009e0                __bss_start__ = _sbss
 *(.bss)
 .bss           0x00000000200009e0      0xe30 /tmp/cciFnSXm.ltrans0.ltrans.o
                0x00000000200009e0                g_unique_id
                0x00000000200009ec                g_crystal_clock
                0x00000000200009f0                g_core_clock
                0x00000000200009f4                pif_act_timer1us
                0x00000000200009f8                s_tasks.16897
                0x0000000020000a10                s_it_current.16918
                0x0000000020000a14                s_table_number.16898
                0x0000000020000a18                s_table.16896
                0x0000000020000a98                s_buzzer
                0x0000000020000ab4                g_featureDefault
                0x0000000020000b00                usTicks.13314
                0x0000000020000b12                isSPI.6168
                0x0000000020000b14                g_i2c_port
                0x0000000020000b44                adcConfig.4096
                0x0000000020000b4c                adcValues.4102
                0x0000000020000b54                batteryWarningVoltage
                0x0000000020000b56                batteryCriticalVoltage
                0x0000000020000b58                boardRotation.13941
                0x0000000020000b80                enabledSensors.9574
                0x0000000020000b84                g_board_name
                0x0000000020000b88                smallAngle
                0x0000000020000b8c                accVelScale
                0x0000000020000b90                throttleAngleScale
                0x0000000020000b94                fc_acc
                0x0000000020000b98                magInit.12132
                0x0000000020000b9c                core
                0x0000000020000bb4                currentMixer.10955
                0x0000000020000c74                numberRules.10840
                0x0000000020000c75                currentServoMixer.10651
                0x0000000020000ce5                f
                0x0000000020000cfc                g_task_compute_rc
                0x0000000020000d00                pwmFilter.6051
                0x0000000020000d01                syncPWM.6041
                0x0000000020000d02                numInputs.6052
                0x0000000020000d03                numMotors.6059
                0x0000000020000d04                motors.6039
                0x0000000020000d34                numServos.6060
                0x0000000020000d38                servos.6061
                0x0000000020000d58                s_rc.6038
                0x0000000020000dac                pwmWritePtr.6049
                0x0000000020000db0                rcData
                0x0000000020000dd4                rcReadRawFunc
                0x0000000020000dd8                spekChannelData.15553
                0x0000000020000df8                s_spektrum.15383
                0x0000000020000e58                sbusChannelData.14913
                0x0000000020000f2c                ibusChannelData.14596
                0x0000000020000fdc                gpsData.6852
                0x0000000020001000                gps_nmea.6842
                0x0000000020001070                gps_ublox.6840
                0x00000000200012f0                noise_filter.10348.11943
                0x0000000020001310                p_sonar_noise_filter.12020
                0x0000000020001314                softSerialPorts
                0x00000000200017e4                softSerialConfiguration
                0x00000000200017ec                isTelemetryConfigurationValid.7748
                0x00000000200017ee                calibratingG
                0x00000000200017f0                calibratingB
                0x00000000200017f4                g_task_compute_imu
                0x00000000200017f8                g_task_gps
                0x00000000200017fc                pif_timer1us
                0x0000000020001800                s_loop_count.16916
                0x0000000020001804                s_task_cutin.16906
                0x0000000020001808                s_pass_count.16915
                0x000000002000180c                p_storage.9567
 .bss           0x0000000020001810      0x16c /tmp/cciFnSXm.ltrans1.ltrans.o
                0x00000000200018b0                anglerad
                0x00000000200018cc                accSum
                0x00000000200018d8                accSumCount
                0x00000000200018e0                lookupPitchRollRC
                0x00000000200018ee                dynP8
                0x00000000200018f4                dynD8
                0x00000000200018f8                lookupThrottleRC
                0x0000000020001914                setVelocity
                0x0000000020001918                velocityControl
                0x000000002000191c                nav_bearing
                0x0000000020001930                altPID_PARAM
                0x0000000020001944                navPID_PARAM
                0x0000000020001956                axisPID
 .bss           0x000000002000197c        0x1 /tmp/cciFnSXm.ltrans2.ltrans.o
 *fill*         0x000000002000197d        0x3 
 .bss           0x0000000020001980       0xc8 /tmp/cciFnSXm.ltrans3.ltrans.o
                0x0000000020001980                angle
                0x0000000020001984                GPS_update
                0x0000000020001986                motor_disarmed
                0x000000002000199e                gyroData
                0x00000000200019a4                magADC
                0x00000000200019aa                GPS_ground_course
                0x0000000020001a40                GPS_HorizontalAcc
                0x0000000020001a44                GPS_VerticalAcc
 .bss           0x0000000020001a48      0x1e8 /tmp/cciFnSXm.ltrans4.ltrans.o
                0x0000000020001adc                rcOptions
                0x0000000020001af6                rssi
                0x0000000020001af8                failsafeCnt
                0x0000000020001afe                heading
                0x0000000020001b00                AccInflightCalibrationMeasurementDone
                0x0000000020001b01                AccInflightCalibrationSavetoEEProm
                0x0000000020001b04                InflightcalibratingA
                0x0000000020001b06                AccInflightCalibrationActive
                0x0000000020001b08                errorAngleI.11402
                0x0000000020001b10                AltHold
                0x0000000020001b14                EstAlt
                0x0000000020001b18                initialThrottleHold.11480
                0x0000000020001b1a                rcCommand
                0x0000000020001b24                errorVelocityI
                0x0000000020001b28                BaroPID
                0x0000000020001b2c                magHold
                0x0000000020001b2e                headFreeModeHold
                0x0000000020001b30                nav_mode
                0x0000000020001b34                GPS_home
                0x0000000020001b40                GPS_hold
                0x0000000020001b4c                GPS_altitude
                0x0000000020001b50                GPS_coord
                0x0000000020001b58                GPS_angle
                0x0000000020001b5e                nav_rated
                0x0000000020001b62                nav
                0x0000000020001b90                poshold_ratePID.7062
                0x0000000020001bb8                navPID.7064
                0x0000000020001be0                navErrorI
                0x0000000020001be4                altErrorI
                0x0000000020001be8                lastAltDiff.14143
                0x0000000020001bea                lastnavDiff.14146
                0x0000000020001bec                speedBoost.14147
                0x0000000020001bee                altHist.14148
                0x0000000020001bfa                navDif.14149
                0x0000000020001c06                readyBeepDone.8674
                0x0000000020001c08                disarmTime.11415
                0x0000000020001c0c                errorGyroI.11404
                0x0000000020001c18                buzz_countSats.8671
 .bss           0x0000000020001c30      0x1c0 /tmp/cciFnSXm.ltrans5.ltrans.o
                0x0000000020001c3c                vbat
                0x0000000020001c44                amperage
                0x0000000020001c50                mAhdrawn
                0x0000000020001c54                s_change_cli.12739
                0x0000000020001c5e                accSmooth
                0x0000000020001c64                vario
                0x0000000020001c68                BaroAlt
                0x0000000020001c9c                GPS_speed
                0x0000000020001c9e                GPS_distanceToHome
                0x0000000020001ca0                GPS_directionToHome
                0x0000000020001cd0                ports.12410
                0x0000000020001d88                s_log.16494
                0x0000000020001dec                pendReboot.12738
 .bss           0x0000000020001df0        0x6 /tmp/cciFnSXm.ltrans6.ltrans.o
 *fill*         0x0000000020001df6        0x2 
 .bss           0x0000000020001df8       0xfc /tmp/cciFnSXm.ltrans8.ltrans.o
                0x0000000020001df8                pwmPorts.6042
                0x0000000020001ed8                mpu.5500
 .bss           0x0000000020001ef4       0xb4 /tmp/cciFnSXm.ltrans9.ltrans.o
                0x0000000020001f60                GPS_WP
                0x0000000020001f68                wp_distance
                0x0000000020001f6c                target_bearing.6850
                0x0000000020001f70                error.7059
                0x0000000020001f78                posholdPID_PARAM.7060
                0x0000000020001f88                poshold_ratePID_PARAM.6846
                0x0000000020001f9c                waypoint_speed_gov.6940
                0x0000000020001fa0                original_target_bearing.7106
                0x0000000020001fa6                nav_takeoff_bearing.7073
 .bss           0x0000000020001fa8       0x18 /tmp/cciFnSXm.ltrans10.ltrans.o
                0x0000000020001fa8                hmc5883.4982
 .bss           0x0000000020001fc0       0x24 /tmp/cciFnSXm.ltrans11.ltrans.o
                0x0000000020001fc0                sumdChannelData.15230
 .bss           0x0000000020001fe4       0x14 /tmp/cciFnSXm.ltrans12.ltrans.o
 .bss           0x0000000020001ff8       0x84 /tmp/cciFnSXm.ltrans13.ltrans.o
                0x0000000020002048                baroPressureSum
 .bss           0x000000002000207c      0x154 /tmp/cciFnSXm.ltrans14.ltrans.o
                0x0000000020002084                trigger_pin.4775
                0x000000002000208c                timerConfigs
 .bss           0x00000000200021d0      0x10c /tmp/cciFnSXm.ltrans15.ltrans.o
                0x00000000200021d8                baroTemperature.12019
                0x00000000200022a0                captures.6040
 .bss           0x00000000200022dc       0x1b /tmp/cciFnSXm.ltrans18.ltrans.o
                0x00000000200022dc                availableBoxes.12412
                0x00000000200022f5                numberBoxItems.12419
 *fill*         0x00000000200022f7        0x1 
 .bss           0x00000000200022f8       0x1c /tmp/cciFnSXm.ltrans19.ltrans.o
                0x00000000200022fa                addr.13042
                0x00000000200022fb                reg.13040
                0x00000000200022fc                writing.13045
                0x00000000200022fd                reading.13038
                0x0000000020002300                read_p.13044
                0x0000000020002304                write_p.13046
                0x0000000020002308                bytes.13041
                0x0000000020002309                busy.13047
                0x000000002000230a                error.13059
                0x000000002000230c                I2Cx.13034
 .bss           0x0000000020002314        0x1 /tmp/cciFnSXm.ltrans20.ltrans.o
 *fill*         0x0000000020002315        0x3 
 .bss           0x0000000020002318        0x8 /tmp/cciFnSXm.ltrans21.ltrans.o
                0x000000002000231d                GPS_numSat
 .bss           0x0000000020002320       0x38 /tmp/cciFnSXm.ltrans22.ltrans.o
 .bss           0x0000000020002358       0x28 /tmp/cciFnSXm.ltrans23.ltrans.o
                0x0000000020002358                s_echo_state.4776
                0x000000002000235c                s_hcsr04.4774
                0x000000002000237c                exti_line.4780
 .bss           0x0000000020002380       0x28 /tmp/cciFnSXm.ltrans24.ltrans.o
                0x0000000020002383                string.5666.17447
 .bss           0x00000000200023a8      0x7b8 /tmp/cciFnSXm.ltrans25.ltrans.o
                0x00000000200023a8                uartPort.13745
                0x000000002000245c                sysTickUptime.13315
                0x0000000020002460                pif_cumulative_timer1ms
                0x0000000020002464                pif_timer1ms
                0x000000002000246c                pif_datetime
                0x0000000020002474                pif_performance
                0x000000002000247c                g_timer_1ms
                0x00000000200024a0                mcfg
                0x0000000020002a0c                numberMotor.10956
                0x0000000020002a0e                motor
                0x0000000020002a28                cfg
 *(.bss*)
 .bss.hw_revision
                0x0000000020002b60        0x4 /tmp/cciFnSXm.ltrans0.ltrans.o
                0x0000000020002b60                hw_revision
 .bss.pif_error
                0x0000000020002b64        0x1 /tmp/cciFnSXm.ltrans0.ltrans.o
                0x0000000020002b64                pif_error
 *fill*         0x0000000020002b65        0x1 
 .bss.calibratingA
                0x0000000020002b66        0x2 /tmp/cciFnSXm.ltrans0.ltrans.o
                0x0000000020002b66                calibratingA
 .bss.systemBeepPtr
                0x0000000020002b68        0x4 /tmp/cciFnSXm.ltrans0.ltrans.o
                0x0000000020002b68                systemBeepPtr
 .bss.accTimeSum
                0x0000000020002b6c        0x4 /tmp/cciFnSXm.ltrans1.ltrans.o
                0x0000000020002b6c                accTimeSum
 .bss.cliMode   0x0000000020002b70        0x1 /tmp/cciFnSXm.ltrans5.ltrans.o
                0x0000000020002b70                cliMode
 *fill*         0x0000000020002b71        0x1 
 .bss.cycleTime
                0x0000000020002b72        0x2 /tmp/cciFnSXm.ltrans5.ltrans.o
                0x0000000020002b72                cycleTime
 .bss.pif_log_flag
                0x0000000020002b74        0x4 /tmp/cciFnSXm.ltrans12.ltrans.o
 .bss.__malloc_max_total_mem
                0x0000000020002b78        0x4 /usr/lib/gcc/arm-none-eabi/4.8.2/../../../arm-none-eabi/lib/armv7-m/libc.a(lib_a-mallocr.o)
                0x0000000020002b78                __malloc_max_total_mem
 .bss.__malloc_max_sbrked_mem
                0x0000000020002b7c        0x4 /usr/lib/gcc/arm-none-eabi/4.8.2/../../../arm-none-eabi/lib/armv7-m/libc.a(lib_a-mallocr.o)
                0x0000000020002b7c                __malloc_max_sbrked_mem
 .bss.__malloc_top_pad
                0x0000000020002b80        0x4 /usr/lib/gcc/arm-none-eabi/4.8.2/../../../arm-none-eabi/lib/armv7-m/libc.a(lib_a-mallocr.o)
                0x0000000020002b80                __malloc_top_pad
 .bss.__malloc_current_mallinfo
                0x0000000020002b84       0x28 /usr/lib/gcc/arm-none-eabi/4.8.2/../../../arm-none-eabi/lib/armv7-m/libc.a(lib_a-mallocr.o)
                0x0000000020002b84                __malloc_current_mallinfo
 .bss.heap_end.4061
                0x0000000020002bac        0x4 /usr/lib/gcc/arm-none-eabi/4.8.2/../../../arm-none-eabi/lib/armv7-m/libnosys.a(sbrk.o)
 *(COMMON)
 COMMON         0x0000000020002bb0        0x4 /usr/lib/gcc/arm-none-eabi/4.8.2/../../../arm-none-eabi/lib/armv7-m/libc.a(lib_a-reent.o)
                0x0000000020002bb0                errno
                0x0000000020002bb4                . = ALIGN (0x4)
                0x0000000020002bb4                _ebss = .
                0x0000000020002bb4                __bss_end__ = _ebss

._user_heap_stack
                0x0000000020002bb4      0x400 load address 0x000000000801b648
                0x0000000020002bb4                . = ALIGN (0x4)
                0x0000000020002bb4                PROVIDE (end, .)
                0x0000000020002bb4                PROVIDE (_end, .)
                0x0000000020002bb4                . = (. + _Min_Heap_Size)
                0x0000000020002fb4                . = (. + _Min_Stack_Size)
 *fill*         0x0000000020002bb4      0x400 
                0x0000000020002fb4                . = ALIGN (0x4)

.memory_b1_text
 *(.mb1text)
 *(.mb1text*)
 *(.mb1rodata)
 *(.mb1rodata*)

/DISCARD/
 libc.a(*)
 libm.a(*)
 libgcc.a(*)

.ARM.attributes
                0x0000000000000000       0x31
 *(.ARM.attributes)
 .ARM.attributes
                0x0000000000000000       0x31 /tmp/cciFnSXm.ltrans0.ltrans.o
 .ARM.attributes
                0x0000000000000031       0x31 /tmp/cciFnSXm.ltrans1.ltrans.o
 .ARM.attributes
                0x0000000000000062       0x31 /tmp/cciFnSXm.ltrans2.ltrans.o
 .ARM.attributes
                0x0000000000000093       0x31 /tmp/cciFnSXm.ltrans3.ltrans.o
 .ARM.attributes
                0x00000000000000c4       0x31 /tmp/cciFnSXm.ltrans4.ltrans.o
 .ARM.attributes
                0x00000000000000f5       0x31 /tmp/cciFnSXm.ltrans5.ltrans.o
 .ARM.attributes
                0x0000000000000126       0x31 /tmp/cciFnSXm.ltrans6.ltrans.o
 .ARM.attributes
                0x0000000000000157       0x31 /tmp/cciFnSXm.ltrans7.ltrans.o
 .ARM.attributes
                0x0000000000000188       0x31 /tmp/cciFnSXm.ltrans8.ltrans.o
 .ARM.attributes
                0x00000000000001b9       0x31 /tmp/cciFnSXm.ltrans9.ltrans.o
 .ARM.attributes
                0x00000000000001ea       0x31 /tmp/cciFnSXm.ltrans10.ltrans.o
 .ARM.attributes
                0x000000000000021b       0x31 /tmp/cciFnSXm.ltrans11.ltrans.o
 .ARM.attributes
                0x000000000000024c       0x31 /tmp/cciFnSXm.ltrans12.ltrans.o
 .ARM.attributes
                0x000000000000027d       0x31 /tmp/cciFnSXm.ltrans13.ltrans.o
 .ARM.attributes
                0x00000000000002ae       0x31 /tmp/cciFnSXm.ltrans14.ltrans.o
 .ARM.attributes
                0x00000000000002df       0x31 /tmp/cciFnSXm.ltrans15.ltrans.o
 .ARM.attributes
                0x0000000000000310       0x31 /tmp/cciFnSXm.ltrans16.ltrans.o
 .ARM.attributes
                0x0000000000000341       0x31 /tmp/cciFnSXm.ltrans17.ltrans.o
 .ARM.attributes
                0x0000000000000372       0x31 /tmp/cciFnSXm.ltrans18.ltrans.o
 .ARM.attributes
                0x00000000000003a3       0x31 /tmp/cciFnSXm.ltrans19.ltrans.o
 .ARM.attributes
                0x00000000000003d4       0x31 /tmp/cciFnSXm.ltrans20.ltrans.o
 .ARM.attributes
                0x0000000000000405       0x31 /tmp/cciFnSXm.ltrans21.ltrans.o
 .ARM.attributes
                0x0000000000000436       0x31 /tmp/cciFnSXm.ltrans22.ltrans.o
 .ARM.attributes
                0x0000000000000467       0x31 /tmp/cciFnSXm.ltrans23.ltrans.o
 .ARM.attributes
                0x0000000000000498       0x31 /tmp/cciFnSXm.ltrans24.ltrans.o
 .ARM.attributes
                0x00000000000004c9       0x31 /tmp/cciFnSXm.ltrans25.ltrans.o
 .ARM.attributes
                0x00000000000004fa       0x31 /tmp/cciFnSXm.ltrans26.ltrans.o
 .ARM.attributes
                0x000000000000052b       0x31 /tmp/cciFnSXm.ltrans27.ltrans.o
 .ARM.attributes
                0x000000000000055c       0x21 obj/NAZE/startup_stm32f10x_md_gcc.o
 .ARM.attributes
                0x000000000000057d       0x2d /usr/lib/gcc/arm-none-eabi/4.8.2/../../../arm-none-eabi/lib/armv7-m/libc.a(lib_a-atoi.o)
 .ARM.attributes
                0x00000000000005aa       0x2d /usr/lib/gcc/arm-none-eabi/4.8.2/../../../arm-none-eabi/lib/armv7-m/libc.a(lib_a-ctype_.o)
 .ARM.attributes
                0x00000000000005d7       0x2d /usr/lib/gcc/arm-none-eabi/4.8.2/../../../arm-none-eabi/lib/armv7-m/libc.a(lib_a-strtol.o)
 .ARM.attributes
                0x0000000000000604       0x2d /usr/lib/gcc/arm-none-eabi/4.8.2/../../../arm-none-eabi/lib/armv7-m/libc.a(lib_a-impure.o)
 .ARM.attributes
                0x0000000000000631       0x2d /usr/lib/gcc/arm-none-eabi/4.8.2/../../../arm-none-eabi/lib/armv7-m/libm.a(lib_a-s_cos.o)
 .ARM.attributes
                0x000000000000065e       0x2d /usr/lib/gcc/arm-none-eabi/4.8.2/../../../arm-none-eabi/lib/armv7-m/libm.a(lib_a-s_sin.o)
 .ARM.attributes
                0x000000000000068b       0x2d /usr/lib/gcc/arm-none-eabi/4.8.2/../../../arm-none-eabi/lib/armv7-m/libm.a(lib_a-sf_cos.o)
 .ARM.attributes
                0x00000000000006b8       0x2d /usr/lib/gcc/arm-none-eabi/4.8.2/../../../arm-none-eabi/lib/armv7-m/libm.a(lib_a-sf_lrint.o)
 .ARM.attributes
                0x00000000000006e5       0x2d /usr/lib/gcc/arm-none-eabi/4.8.2/../../../arm-none-eabi/lib/armv7-m/libm.a(lib_a-sf_sin.o)
 .ARM.attributes
                0x0000000000000712       0x2d /usr/lib/gcc/arm-none-eabi/4.8.2/../../../arm-none-eabi/lib/armv7-m/libm.a(lib_a-wf_acos.o)
 .ARM.attributes
                0x000000000000073f       0x2d /usr/lib/gcc/arm-none-eabi/4.8.2/../../../arm-none-eabi/lib/armv7-m/libm.a(lib_a-wf_atan2.o)
 .ARM.attributes
                0x000000000000076c       0x2d /usr/lib/gcc/arm-none-eabi/4.8.2/../../../arm-none-eabi/lib/armv7-m/libm.a(lib_a-wf_pow.o)
 .ARM.attributes
                0x0000000000000799       0x2d /usr/lib/gcc/arm-none-eabi/4.8.2/../../../arm-none-eabi/lib/armv7-m/libm.a(lib_a-wf_sqrt.o)
 .ARM.attributes
                0x00000000000007c6       0x2d /usr/lib/gcc/arm-none-eabi/4.8.2/../../../arm-none-eabi/lib/armv7-m/libm.a(lib_a-e_rem_pio2.o)
 .ARM.attributes
                0x00000000000007f3       0x2d /usr/lib/gcc/arm-none-eabi/4.8.2/../../../arm-none-eabi/lib/armv7-m/libm.a(lib_a-ef_acos.o)
 .ARM.attributes
                0x0000000000000820       0x2d /usr/lib/gcc/arm-none-eabi/4.8.2/../../../arm-none-eabi/lib/armv7-m/libm.a(lib_a-ef_atan2.o)
 .ARM.attributes
                0x000000000000084d       0x2d /usr/lib/gcc/arm-none-eabi/4.8.2/../../../arm-none-eabi/lib/armv7-m/libm.a(lib_a-ef_pow.o)
 .ARM.attributes
                0x000000000000087a       0x2d /usr/lib/gcc/arm-none-eabi/4.8.2/../../../arm-none-eabi/lib/armv7-m/libm.a(lib_a-ef_rem_pio2.o)
 .ARM.attributes
                0x00000000000008a7       0x2d /usr/lib/gcc/arm-none-eabi/4.8.2/../../../arm-none-eabi/lib/armv7-m/libm.a(lib_a-ef_sqrt.o)
 .ARM.attributes
                0x00000000000008d4       0x2d /usr/lib/gcc/arm-none-eabi/4.8.2/../../../arm-none-eabi/lib/armv7-m/libm.a(lib_a-k_cos.o)
 .ARM.attributes
                0x0000000000000901       0x2d /usr/lib/gcc/arm-none-eabi/4.8.2/../../../arm-none-eabi/lib/armv7-m/libm.a(lib_a-k_rem_pio2.o)
 .ARM.attributes
                0x000000000000092e       0x2d /usr/lib/gcc/arm-none-eabi/4.8.2/../../../arm-none-eabi/lib/armv7-m/libm.a(lib_a-k_sin.o)
 .ARM.attributes
                0x000000000000095b       0x2d /usr/lib/gcc/arm-none-eabi/4.8.2/../../../arm-none-eabi/lib/armv7-m/libm.a(lib_a-kf_cos.o)
 .ARM.attributes
                0x0000000000000988       0x2d /usr/lib/gcc/arm-none-eabi/4.8.2/../../../arm-none-eabi/lib/armv7-m/libm.a(lib_a-kf_rem_pio2.o)
 .ARM.attributes
                0x00000000000009b5       0x2d /usr/lib/gcc/arm-none-eabi/4.8.2/../../../arm-none-eabi/lib/armv7-m/libm.a(lib_a-kf_sin.o)
 .ARM.attributes
                0x00000000000009e2       0x2d /usr/lib/gcc/arm-none-eabi/4.8.2/../../../arm-none-eabi/lib/armv7-m/libm.a(lib_a-s_fabs.o)
 .ARM.attributes
                0x0000000000000a0f       0x2d /usr/lib/gcc/arm-none-eabi/4.8.2/../../../arm-none-eabi/lib/armv7-m/libm.a(lib_a-s_floor.o)
 .ARM.attributes
                0x0000000000000a3c       0x2d /usr/lib/gcc/arm-none-eabi/4.8.2/../../../arm-none-eabi/lib/armv7-m/libm.a(lib_a-s_lib_ver.o)
 .ARM.attributes
                0x0000000000000a69       0x2d /usr/lib/gcc/arm-none-eabi/4.8.2/../../../arm-none-eabi/lib/armv7-m/libm.a(lib_a-s_matherr.o)
 .ARM.attributes
                0x0000000000000a96       0x2d /usr/lib/gcc/arm-none-eabi/4.8.2/../../../arm-none-eabi/lib/armv7-m/libm.a(lib_a-s_nan.o)
 .ARM.attributes
                0x0000000000000ac3       0x2d /usr/lib/gcc/arm-none-eabi/4.8.2/../../../arm-none-eabi/lib/armv7-m/libm.a(lib_a-s_rint.o)
 .ARM.attributes
                0x0000000000000af0       0x2d /usr/lib/gcc/arm-none-eabi/4.8.2/../../../arm-none-eabi/lib/armv7-m/libm.a(lib_a-s_scalbn.o)
 .ARM.attributes
                0x0000000000000b1d       0x2d /usr/lib/gcc/arm-none-eabi/4.8.2/../../../arm-none-eabi/lib/armv7-m/libm.a(lib_a-sf_atan.o)
 .ARM.attributes
                0x0000000000000b4a       0x2d /usr/lib/gcc/arm-none-eabi/4.8.2/../../../arm-none-eabi/lib/armv7-m/libm.a(lib_a-sf_fabs.o)
 .ARM.attributes
                0x0000000000000b77       0x2d /usr/lib/gcc/arm-none-eabi/4.8.2/../../../arm-none-eabi/lib/armv7-m/libm.a(lib_a-sf_finite.o)
 .ARM.attributes
                0x0000000000000ba4       0x2d /usr/lib/gcc/arm-none-eabi/4.8.2/../../../arm-none-eabi/lib/armv7-m/libm.a(lib_a-sf_floor.o)
 .ARM.attributes
                0x0000000000000bd1       0x2d /usr/lib/gcc/arm-none-eabi/4.8.2/../../../arm-none-eabi/lib/armv7-m/libm.a(lib_a-sf_fpclassify.o)
 .ARM.attributes
                0x0000000000000bfe       0x2d /usr/lib/gcc/arm-none-eabi/4.8.2/../../../arm-none-eabi/lib/armv7-m/libm.a(lib_a-sf_nan.o)
 .ARM.attributes
                0x0000000000000c2b       0x2d /usr/lib/gcc/arm-none-eabi/4.8.2/../../../arm-none-eabi/lib/armv7-m/libm.a(lib_a-sf_scalbn.o)
 .ARM.attributes
                0x0000000000000c58       0x2d /usr/lib/gcc/arm-none-eabi/4.8.2/../../../arm-none-eabi/lib/armv7-m/libm.a(lib_a-s_copysign.o)
 .ARM.attributes
                0x0000000000000c85       0x2d /usr/lib/gcc/arm-none-eabi/4.8.2/../../../arm-none-eabi/lib/armv7-m/libm.a(lib_a-sf_copysign.o)
 .ARM.attributes
                0x0000000000000cb2       0x2d /usr/lib/gcc/arm-none-eabi/4.8.2/../../../arm-none-eabi/lib/armv7-m/libc.a(lib_a-calloc.o)
 .ARM.attributes
                0x0000000000000cdf       0x2d /usr/lib/gcc/arm-none-eabi/4.8.2/../../../arm-none-eabi/lib/armv7-m/libc.a(lib_a-callocr.o)
 .ARM.attributes