Archive member included because of file (symbol)

/usr/lib/gcc/arm-none-eabi/4.8.2/../../../arm-none-eabi/lib/armv7-m/libc.a(lib_a-atoi.o)
                              obj/NAZE/cli.o (symbol from plugin) (atoi)
/usr/lib/gcc/arm-none-eabi/4.8.2/../../../arm-none-eabi/lib/armv7-m/libc.a(lib_a-ctype_.o)
                              obj/NAZE/cli.o (symbol from plugin) (__ctype_ptr__)
/usr/lib/gcc/arm-none-eabi/4.8.2/../../../arm-none-eabi/lib/armv7-m/libc.a(lib_a-strtol.o)
                              /usr/lib/gcc/arm-none-eabi/4.8.2/../../../arm-none-eabi/lib/armv7-m/libc.a(lib_a-atoi.o) (_strtol_r)
/usr/lib/gcc/arm-none-eabi/4.8.2/../../../arm-none-eabi/lib/armv7-m/libc.a(lib_a-impure.o)
                              /usr/lib/gcc/arm-none-eabi/4.8.2/../../../arm-none-eabi/lib/armv7-m/libc.a(lib_a-strtol.o) (_impure_ptr)
/usr/lib/gcc/arm-none-eabi/4.8.2/../../../arm-none-eabi/lib/armv7-m/libm.a(lib_a-s_cos.o)
                              /tmp/cc9XE1Jq.ltrans20.ltrans.o (cos)
/usr/lib/gcc/arm-none-eabi/4.8.2/../../../arm-none-eabi/lib/armv7-m/libm.a(lib_a-s_sin.o)
                              /tmp/cc9XE1Jq.ltrans20.ltrans.o (sin)
/usr/lib/gcc/arm-none-eabi/4.8.2/../../../arm-none-eabi/lib/armv7-m/libm.a(lib_a-sf_cos.o)
                              /tmp/cc9XE1Jq.ltrans0.ltrans.o (cosf)
/usr/lib/gcc/arm-none-eabi/4.8.2/../../../arm-none-eabi/lib/armv7-m/libm.a(lib_a-sf_lrint.o)
                              /tmp/cc9XE1Jq.ltrans0.ltrans.o (lrintf)
/usr/lib/gcc/arm-none-eabi/4.8.2/../../../arm-none-eabi/lib/armv7-m/libm.a(lib_a-sf_sin.o)
                              /tmp/cc9XE1Jq.ltrans0.ltrans.o (sinf)
/usr/lib/gcc/arm-none-eabi/4.8.2/../../../arm-none-eabi/lib/armv7-m/libm.a(lib_a-wf_acos.o)
                              /tmp/cc9XE1Jq.ltrans1.ltrans.o (acosf)
/usr/lib/gcc/arm-none-eabi/4.8.2/../../../arm-none-eabi/lib/armv7-m/libm.a(lib_a-wf_atan2.o)
                              /tmp/cc9XE1Jq.ltrans1.ltrans.o (atan2f)
/usr/lib/gcc/arm-none-eabi/4.8.2/../../../arm-none-eabi/lib/armv7-m/libm.a(lib_a-wf_pow.o)
                              /tmp/cc9XE1Jq.ltrans13.ltrans.o (powf)
/usr/lib/gcc/arm-none-eabi/4.8.2/../../../arm-none-eabi/lib/armv7-m/libm.a(lib_a-wf_sqrt.o)
                              /tmp/cc9XE1Jq.ltrans1.ltrans.o (sqrtf)
/usr/lib/gcc/arm-none-eabi/4.8.2/../../../arm-none-eabi/lib/armv7-m/libm.a(lib_a-e_rem_pio2.o)
                              /usr/lib/gcc/arm-none-eabi/4.8.2/../../../arm-none-eabi/lib/armv7-m/libm.a(lib_a-s_cos.o) (__ieee754_rem_pio2)
/usr/lib/gcc/arm-none-eabi/4.8.2/../../../arm-none-eabi/lib/armv7-m/libm.a(lib_a-ef_acos.o)
                              /usr/lib/gcc/arm-none-eabi/4.8.2/../../../arm-none-eabi/lib/armv7-m/libm.a(lib_a-wf_acos.o) (__ieee754_acosf)
/usr/lib/gcc/arm-none-eabi/4.8.2/../../../arm-none-eabi/lib/armv7-m/libm.a(lib_a-ef_atan2.o)
                              /usr/lib/gcc/arm-none-eabi/4.8.2/../../../arm-none-eabi/lib/armv7-m/libm.a(lib_a-wf_atan2.o) (__ieee754_atan2f)
/usr/lib/gcc/arm-none-eabi/4.8.2/../../../arm-none-eabi/lib/armv7-m/libm.a(lib_a-ef_pow.o)
                              /usr/lib/gcc/arm-none-eabi/4.8.2/../../../arm-none-eabi/lib/armv7-m/libm.a(lib_a-wf_pow.o) (__ieee754_powf)
/usr/lib/gcc/arm-none-eabi/4.8.2/../../../arm-none-eabi/lib/armv7-m/libm.a(lib_a-ef_rem_pio2.o)
                              /usr/lib/gcc/arm-none-eabi/4.8.2/../../../arm-none-eabi/lib/armv7-m/libm.a(lib_a-sf_cos.o) (__ieee754_rem_pio2f)
/usr/lib/gcc/arm-none-eabi/4.8.2/../../../arm-none-eabi/lib/armv7-m/libm.a(lib_a-ef_sqrt.o)
                              /usr/lib/gcc/arm-none-eabi/4.8.2/../../../arm-none-eabi/lib/armv7-m/libm.a(lib_a-wf_sqrt.o) (__ieee754_sqrtf)
/usr/lib/gcc/arm-none-eabi/4.8.2/../../../arm-none-eabi/lib/armv7-m/libm.a(lib_a-k_cos.o)
                              /usr/lib/gcc/arm-none-eabi/4.8.2/../../../arm-none-eabi/lib/armv7-m/libm.a(lib_a-s_cos.o) (__kernel_cos)
/usr/lib/gcc/arm-none-eabi/4.8.2/../../../arm-none-eabi/lib/armv7-m/libm.a(lib_a-k_rem_pio2.o)
                              /usr/lib/gcc/arm-none-eabi/4.8.2/../../../arm-none-eabi/lib/armv7-m/libm.a(lib_a-e_rem_pio2.o) (__kernel_rem_pio2)
/usr/lib/gcc/arm-none-eabi/4.8.2/../../../arm-none-eabi/lib/armv7-m/libm.a(lib_a-k_sin.o)
                              /usr/lib/gcc/arm-none-eabi/4.8.2/../../../arm-none-eabi/lib/armv7-m/libm.a(lib_a-s_cos.o) (__kernel_sin)
/usr/lib/gcc/arm-none-eabi/4.8.2/../../../arm-none-eabi/lib/armv7-m/libm.a(lib_a-kf_cos.o)
                              /usr/lib/gcc/arm-none-eabi/4.8.2/../../../arm-none-eabi/lib/armv7-m/libm.a(lib_a-sf_cos.o) (__kernel_cosf)
/usr/lib/gcc/arm-none-eabi/4.8.2/../../../arm-none-eabi/lib/armv7-m/libm.a(lib_a-kf_rem_pio2.o)
                              /usr/lib/gcc/arm-none-eabi/4.8.2/../../../arm-none-eabi/lib/armv7-m/libm.a(lib_a-ef_rem_pio2.o) (__kernel_rem_pio2f)
/usr/lib/gcc/arm-none-eabi/4.8.2/../../../arm-none-eabi/lib/armv7-m/libm.a(lib_a-kf_sin.o)
[...]
Memory Configuration

Name             Origin             Length             Attributes
FLASH            0x0000000008000000 0x000000000001f800 xr
RAM              0x0000000020000000 0x0000000000005000 xrw
MEMORY_B1        0x0000000060000000 0x0000000000000000 xr
*default*        0x0000000000000000 0xffffffffffffffff

Linker script and memory map

LOAD obj/NAZE/drv_adc.o
LOAD /tmp/cc9XE1Jq.ltrans0.ltrans.o
LOAD /tmp/cc9XE1Jq.ltrans1.ltrans.o
LOAD /tmp/cc9XE1Jq.ltrans2.ltrans.o
LOAD /tmp/cc9XE1Jq.ltrans3.ltrans.o
LOAD /tmp/cc9XE1Jq.ltrans4.ltrans.o
LOAD /tmp/cc9XE1Jq.ltrans5.ltrans.o
LOAD /tmp/cc9XE1Jq.ltrans6.ltrans.o
LOAD /tmp/cc9XE1Jq.ltrans7.ltrans.o
LOAD /tmp/cc9XE1Jq.ltrans8.ltrans.o
LOAD /tmp/cc9XE1Jq.ltrans9.ltrans.o
LOAD /tmp/cc9XE1Jq.ltrans10.ltrans.o
LOAD /tmp/cc9XE1Jq.ltrans11.ltrans.o
LOAD /tmp/cc9XE1Jq.ltrans12.ltrans.o
LOAD /tmp/cc9XE1Jq.ltrans13.ltrans.o
LOAD /tmp/cc9XE1Jq.ltrans14.ltrans.o
LOAD /tmp/cc9XE1Jq.ltrans15.ltrans.o
LOAD /tmp/cc9XE1Jq.ltrans16.ltrans.o
LOAD /tmp/cc9XE1Jq.ltrans17.ltrans.o
LOAD /tmp/cc9XE1Jq.ltrans18.ltrans.o
LOAD /tmp/cc9XE1Jq.ltrans19.ltrans.o
LOAD /tmp/cc9XE1Jq.ltrans20.ltrans.o
LOAD /tmp/cc9XE1Jq.ltrans21.ltrans.o
LOAD /tmp/cc9XE1Jq.ltrans22.ltrans.o
LOAD /tmp/cc9XE1Jq.ltrans23.ltrans.o
LOAD /tmp/cc9XE1Jq.ltrans24.ltrans.o
LOAD /tmp/cc9XE1Jq.ltrans25.ltrans.o
LOAD /tmp/cc9XE1Jq.ltrans26.ltrans.o
LOAD obj/NAZE/drv_adxl345.o
LOAD obj/NAZE/drv_ak8975.o
LOAD obj/NAZE/drv_bma280.o
LOAD obj/NAZE/drv_bmp280.o
LOAD obj/NAZE/drv_hcsr04.o
LOAD obj/NAZE/drv_hmc5883l.o
LOAD obj/NAZE/drv_qmc5883.o
LOAD obj/NAZE/drv_ledring.o
LOAD obj/NAZE/drv_mma845x.o
LOAD obj/NAZE/drv_mpu.o
LOAD obj/NAZE/drv_l3g4200d.o
LOAD obj/NAZE/drv_pwm.o
LOAD obj/NAZE/drv_spi.o
LOAD obj/NAZE/drv_timer.o
LOAD obj/NAZE/gps.o
LOAD obj/NAZE/drv_softserial.o
LOAD obj/NAZE/telemetry_common.o
LOAD obj/NAZE/telemetry_frsky.o
LOAD obj/NAZE/telemetry_hott.o
LOAD obj/NAZE/buzzer.o
LOAD obj/NAZE/cli.o
LOAD obj/NAZE/config.o
LOAD obj/NAZE/imu.o
LOAD obj/NAZE/main.o
LOAD obj/NAZE/mixer.o
LOAD obj/NAZE/mw.o
LOAD obj/NAZE/link_driver.o
LOAD obj/NAZE/sensors.o
LOAD obj/NAZE/serial.o
LOAD obj/NAZE/rxmsp.o
LOAD obj/NAZE/drv_gpio.o
LOAD obj/NAZE/drv_i2c.o
LOAD obj/NAZE/drv_i2c_soft.o
LOAD obj/NAZE/drv_system.o
LOAD obj/NAZE/drv_serial.o
LOAD obj/NAZE/drv_spektrum.o
LOAD obj/NAZE/drv_uart.o
LOAD obj/NAZE/printf.o
LOAD obj/NAZE/utils.o
LOAD obj/NAZE/fw_nav.o
LOAD obj/NAZE/ibus.o
LOAD obj/NAZE/sbus.o
LOAD obj/NAZE/sumd.o
LOAD obj/NAZE/spektrum.o
LOAD obj/NAZE/pif.o
LOAD obj/NAZE/pif_comm.o
LOAD obj/NAZE/pif_i2c.o
LOAD obj/NAZE/pif_list.o
LOAD obj/NAZE/pif_log.o
LOAD obj/NAZE/pif_ring_buffer.o
LOAD obj/NAZE/pif_task.o
LOAD obj/NAZE/pif_timer.o
LOAD obj/NAZE/pif_noise_filter.o
LOAD obj/NAZE/pif_noise_filter_int32.o
LOAD obj/NAZE/pif_gps.o
LOAD obj/NAZE/pif_gps_ublox.o
LOAD obj/NAZE/pif_msp.o
LOAD obj/NAZE/pif_rc.o
LOAD obj/NAZE/pif_rc_ibus.o
LOAD obj/NAZE/pif_rc_ppm.o
LOAD obj/NAZE/pif_rc_pwm.o
LOAD obj/NAZE/pif_rc_sbus.o
LOAD obj/NAZE/pif_rc_spektrum.o
LOAD obj/NAZE/pif_rc_sumd.o
LOAD obj/NAZE/pif_bmp280.o
LOAD obj/NAZE/pif_hc_sr04.o
LOAD obj/NAZE/pif_hmc5883.o
LOAD obj/NAZE/pif_qmc5883.o
LOAD obj/NAZE/pif_imu_sensor.o
LOAD obj/NAZE/pif_mpu30x0.o
LOAD obj/NAZE/pif_mpu60x0.o
LOAD obj/NAZE/pif_mpu6500.o
LOAD obj/NAZE/pif_buzzer.o
LOAD obj/NAZE/pif_storage.o
LOAD obj/NAZE/pif_storage_var.o
LOAD obj/NAZE/startup_stm32f10x_md_gcc.o
LOAD obj/NAZE/core_cm3.o
LOAD obj/NAZE/system_stm32f10x.o
LOAD obj/NAZE/misc.o
LOAD obj/NAZE/stm32f10x_adc.o
LOAD obj/NAZE/stm32f10x_bkp.o
LOAD obj/NAZE/stm32f10x_can.o
LOAD obj/NAZE/stm32f10x_cec.o
LOAD obj/NAZE/stm32f10x_crc.o
LOAD obj/NAZE/stm32f10x_dac.o
LOAD obj/NAZE/stm32f10x_dbgmcu.o
LOAD obj/NAZE/stm32f10x_dma.o
LOAD obj/NAZE/stm32f10x_exti.o
LOAD obj/NAZE/stm32f10x_flash.o
LOAD obj/NAZE/stm32f10x_fsmc.o
LOAD obj/NAZE/stm32f10x_gpio.o
LOAD obj/NAZE/stm32f10x_i2c.o
LOAD obj/NAZE/stm32f10x_iwdg.o
LOAD obj/NAZE/stm32f10x_pwr.o
LOAD obj/NAZE/stm32f10x_rcc.o
LOAD obj/NAZE/stm32f10x_rtc.o
LOAD obj/NAZE/stm32f10x_sdio.o
LOAD obj/NAZE/stm32f10x_spi.o
LOAD obj/NAZE/stm32f10x_tim.o
LOAD obj/NAZE/stm32f10x_usart.o
LOAD obj/NAZE/stm32f10x_wwdg.o
LOAD /usr/lib/gcc/arm-none-eabi/4.8.2/../../../arm-none-eabi/lib/armv7-m/libm.a
LOAD /usr/lib/gcc/arm-none-eabi/4.8.2/../../../arm-none-eabi/lib/armv7-m/libc.a
LOAD /usr/lib/gcc/arm-none-eabi/4.8.2/../../../arm-none-eabi/lib/armv7-m/libnosys.a
START GROUP
LOAD /usr/lib/gcc/arm-none-eabi/4.8.2/armv7-m/libgcc.a
LOAD /usr/lib/gcc/arm-none-eabi/4.8.2/../../../arm-none-eabi/lib/armv7-m/libc.a
END GROUP
                0x0000000020005000                _estack = 0x20005000
                0x0000000000000000                _Min_Heap_Size = 0x0
                0x0000000000000400                _Min_Stack_Size = 0x400

.isr_vector     0x0000000008000000      0x10c
                0x0000000008000000                . = ALIGN (0x4)
 *(.isr_vector)
 .isr_vector    0x0000000008000000      0x10c obj/NAZE/startup_stm32f10x_md_gcc.o
                0x0000000008000000                g_pfnVectors
                0x000000000800010c                . = ALIGN (0x4)

.text           0x0000000008000110    0x1b058
                0x0000000008000110                . = ALIGN (0x4)
 *(.text)
 .text          0x0000000008000110     0x1db0 /tmp/cc9XE1Jq.ltrans1.ltrans.o
                0x0000000008000110                taskComputeImu
 .text          0x0000000008001ec0     0x1590 /tmp/cc9XE1Jq.ltrans2.ltrans.o
                0x0000000008001ec0                _doTask.16019
                0x0000000008001fd2                spektrumReadRawRC.15553
                0x0000000008001ffc                sumdReadRawRC.15230
                0x0000000008002014                sbusReadRawRC.14912
                0x000000000800202c                ibusReadRawRC.14596
                0x0000000008002044                micros
                0x0000000008002078                beepRev5.13425
                0x000000000800208c                beepRev4.13422
                0x00000000080020a0                mspReadRawRC.13002
                0x00000000080020ac                getSonarDistanceFilter.12057
                0x00000000080020fc                getSonarDistance.12054
                0x0000000008002130                pwmReadRawRC
                0x0000000008002148                _evtBuzzerFinish.8834
                0x0000000008002154                softSerialWriteByte
                0x0000000008002172                softSerialTotalBytesWaiting
                0x0000000008002196                softSerialReadByte
                0x00000000080021c6                isSoftSerialTransmitBufferEmpty
                0x00000000080021d2                softSerialSetMode
                0x00000000080021d6                _evtGpsUbxReceive.6877
                0x00000000080022dc                _evtGpsNmeaReceive.6867
                0x00000000080023b0                pwmWriteSyncPwm.5993
                0x00000000080023e0                pwmWriteStandard.5989
                0x00000000080023f0                pwmWriteBrushed.5985
                0x0000000008002414                dummyRead.5526
                0x0000000008002418                dummyInit.5522
                0x000000000800241c                _actHcSr04Trigger.4727
                0x0000000008002440                actStorageRead
                0x0000000008002456                pifRingBuffer_BeginPutting
                0x0000000008002466                pifRingBuffer_GetRemainSize
                0x000000000800247c                serialTotalBytesWaiting
                0x0000000008002492                pifRingBuffer_GetFillSize
                0x00000000080024a4                _chopOff.16856
                0x0000000008002524                pifRingBuffer_PutByte
                0x0000000008002560                pifFixList_AddFirst
                0x000000000800258e                pifFixList_Remove
                0x00000000080025be                pifI2cPort_RemoveDevice
                0x00000000080025c6                pifCrc16
                0x0000000008002606                pif_DecToString
                0x0000000008002692                pif_PrintFormat
                0x00000000080028a8                pif_Printf
                0x00000000080028c6                pif_Delay1us
                0x00000000080028e4                pif_Delay1ms
                0x00000000080028f8                alignSensors
                0x0000000008002a30                serialSetMode
                0x0000000008002a3c                serialSetBaudRate
                0x0000000008002a52                actLed1Toggle
                0x0000000008002a64                actLed0Toggle
                0x0000000008002a74                systemBeep
                0x0000000008002a84                actBuzzerAction
                0x0000000008002a8e                gpioInit
                0x0000000008002b00                loadCustomServoMixer
                0x0000000008002b4c                writeMotors
                0x0000000008002b88                rotateV
                0x0000000008002cf8                calculateHeading.9814
                0x0000000008002df0                applyDeadband
                0x0000000008002e0e                parseRcChannels
                0x0000000008002e40                validEEPROM.9701
                0x0000000008002eb4                sensorsSet
                0x0000000008002ec4                _atof.9147
                0x0000000008002ff0                i2a.9142
                0x0000000008003018                applyChangedBits
                0x0000000008003042                setTxSignal
                0x0000000008003062                GPS_distance_cm_bearing.isra.3.6921
                0x00000000080030e8                GPS_calc_longitude_scaling.6896
                0x0000000008003124                GPS_reset_home_position
                0x0000000008003174                wrap_18000
                0x0000000008003198                gpsSetPIDs
                0x0000000008003278                activateConfig
                0x0000000008003358                gpsSetState.6874
                0x0000000008003374                spiTransferByte
                0x00000000080033a8                spiSelect
                0x00000000080033c8                mpuWriteRegisterSPI.5555
                0x00000000080033ea                actPwmWriteServo
                0x0000000008003408                failsafeCheck.6074
 .text          0x0000000008003450     0x10b0 /tmp/cc9XE1Jq.ltrans3.ltrans.o
                0x0000000008003450                evtMspReceive.12537
 .text          0x0000000008004500      0xa08 /tmp/cc9XE1Jq.ltrans4.ltrans.o
                0x0000000008004500                taskComputeRc
 .text          0x0000000008004f08      0x900 /tmp/cc9XE1Jq.ltrans5.ltrans.o
                0x0000000008004f08                taskLedState
 .text          0x0000000008005808      0x7a8 /tmp/cc9XE1Jq.ltrans6.ltrans.o
                0x0000000008005808                cliServo.9179
                0x0000000008005978                hmc5883lInit.4949
                0x0000000008005b48                timerConfigure
                0x0000000008005b7c                pwmInConfig.6087
                0x0000000008005be0                pifMsp_AddAnswer8
                0x0000000008005c2c                pifMsp_MakeError
                0x0000000008005c90                spiTransfer.part.2.6295
                0x0000000008005cd0                mpuReadRegisterSPI.5559
                0x0000000008005d04                i2c_ev_handler.13108
 .text          0x0000000008005fb0      0x96c /tmp/cc9XE1Jq.ltrans7.ltrans.o
                0x0000000008005fb0                _evtSending.16564
                0x0000000008005ff2                hcsr04Init
                0x000000000800613c                pifMpu6500_ReadGyro
                0x00000000080061a6                pifMpu6500_ReadAccel
                0x0000000008006210                hmc5883lDetect
                0x00000000080062e0                qmc5883Detect
                0x00000000080063c0                pifComm_GetTxByte
                0x0000000008006400                configureTimerCaptureCompareInterrupt
                0x00000000080064b4                pifMsp_Init.constprop.77
                0x000000000800652c                pifI2cDevice_ReadRegByte
                0x000000000800672c                bmp280Detect
 .text          0x000000000800691c      0x618 /tmp/cc9XE1Jq.ltrans8.ltrans.o
                0x000000000800691c                cliCMix.9253
                0x0000000008006b80                cliMixer.9171
                0x0000000008006c4c                cliDump.9249
 .text          0x0000000008006f34      0xaec /tmp/cc9XE1Jq.ltrans9.ltrans.o
                0x0000000008006f34                _evtHcSr04Distance.4730
                0x0000000008007018                ppmCallback.5981
                0x0000000008007120                pifI2cDevice_Read.constprop.167
                0x00000000080071bc                pifI2cDevice_ReadRegBytes
                0x00000000080071be                pifMpu60x0_ReadGyro
                0x0000000008007228                pifMpu60x0_ReadAccel
                0x0000000008007292                pifMpu30x0_ReadGyro
                0x00000000080072f6                pifI2cDevice_ReadRegBit8
                0x0000000008007324                pifHmc5883_SetGain.constprop.153
                0x000000000800738c                pifI2cPort_AddDevice.constprop.166
                0x00000000080073a8                pifI2cDevice_WriteRegByte
                0x00000000080073bc                configTimeBase
                0x0000000008007464                TIM_ICInit.constprop.121
                0x0000000008007688                pwmICConfig
                0x00000000080076b8                _processRcPwm.18887.constprop.119
                0x0000000008007798                pifTimerManager_Add.constprop.102
                0x00000000080077b0                pifGpsUblox_SendUbxMsg.constprop.98
                0x0000000008007890                pifRingBuffer_InitHeap.constprop.90
                0x00000000080078e0                pifRingBuffer_CreateHeap.constprop.85
                0x0000000008007918                serialWrite
                0x000000000800794c                _putc.10363
                0x0000000008007958                sendDataHead.8131
                0x0000000008007974                sendTelemetryTail.8134
                0x00000000080079b0                serialize16.8141
                0x00000000080079c4                pifRingBuffer_CopyToArray.constprop.73
                0x0000000008007a00                pifBuzzer_Start.constprop.69
 .text          0x0000000008007a20      0x960 /tmp/cc9XE1Jq.ltrans10.ltrans.o
                0x0000000008007a20                cliFeature.9191
                0x0000000008007b10                taskGpsNewData
                0x0000000008008284                cliAux.9211
                0x00000000080082e8                mwDisarm.11280
                0x0000000008008324                pifMsp_AddAnswer
 .text          0x0000000008008380      0x5c4 /tmp/cc9XE1Jq.ltrans11.ltrans.o
                0x0000000008008380                cliSet.9245
                0x00000000080084f0                cliGpsPassthrough.9223
                0x000000000800855c                cliMotor.9205
                0x00000000080085e0                i2cInit
                0x00000000080087b8                i2cHandleHardwareFailure.13125
                0x00000000080087d4                i2cWriteBuffer
                0x000000000800888c                i2cWrite
                0x00000000080088a0                i2c_er_handler.13119
 .text          0x0000000008008944      0x528 /tmp/cc9XE1Jq.ltrans12.ltrans.o
                0x0000000008008944                pifLog_CmdPrintTask
                0x0000000008008a14                cliServoMix.9175
                0x0000000008008d8c                cliMap.9187
 .text          0x0000000008008e6c      0xf98 /tmp/cc9XE1Jq.ltrans13.ltrans.o
                0x0000000008008e6c                pidMultiWii.11274
                0x00000000080090d8                pidRewrite.11276
                0x000000000800925c                _EvtPrintFrame.6899
                0x000000000800926c                taskGetEstimatedAltitude
                0x0000000008009704                blinkLED
                0x0000000008009746                failureMode
                0x0000000008009784                readEEPROM
                0x00000000080097e4                writeEEPROM
                0x0000000008009884                taskMagGetAdc
                0x0000000008009994                cliProfile.9217
                0x00000000080099d4                checkFirstTime
                0x0000000008009d8c                ECHO_EXTI_IRQHandler
 .text          0x0000000008009e04      0xba4 /tmp/cc9XE1Jq.ltrans14.ltrans.o
                0x0000000008009e04                actUartStartTransfer
                0x0000000008009e24                featureDefault.10368
                0x0000000008009e34                cliStatus.9303
                0x0000000008009f70                _evtGpsReceive.6943
                0x0000000008009ff8                _evtSpektrumReceive.15548
                0x000000000800a044                _evtSumdReceive.15225
                0x000000000800a088                _evtSbusReceive.14907
                0x000000000800a0cc                _evtIbusReceive.14591
                0x000000000800a3ac                l3g4200dDetect
                0x000000000800a432                mpuDetect
                0x000000000800a634                mma8452Detect
                0x000000000800a6ec                bma280Detect
                0x000000000800a7a0                ak8975detect
                0x000000000800a8cc                adxl345Detect
                0x000000000800a930                actI2cRead
                0x000000000800a940                actI2cWrite
                0x000000000800a950                serialICConfig
                0x000000000800a976                mixerResetMotors
 .text          0x000000000800a9a8      0x9d0 /tmp/cc9XE1Jq.ltrans15.ltrans.o
                0x000000000800a9a8                TIM_GetCapture4
                0x000000000800a9b0                TIM_GetCapture3
                0x000000000800a9b6                TIM_GetCapture2
                0x000000000800a9bc                TIM_GetCapture1
                0x000000000800a9c2                actStorageWrite
                0x000000000800aab0                _doTask.16557
                0x000000000800abb8                _printLog.16571
                0x000000000800abf4                pifLog_Printf.constprop.66
                0x000000000800ac1c                pifLog_CmdHelp
                0x000000000800ac60                pifLog_CmdPrintVersion
                0x000000000800ac84                pifLog_CmdSetStatus
                0x000000000800ad60                cliVersion.9167
                0x000000000800ad74                ftoa.9234
                0x000000000800ae48                cliPrintVar.9238
                0x000000000800aef0                pifFixList_Init.part.1.16423
                0x000000000800af4c                _convertString2Float.17530.constprop.4
                0x000000000800b014                _convertString2Interger.17533.constprop.3
                0x000000000800b054                _convertString2Degrees.17536.constprop.2
                0x000000000800b114                _convertString2Time.17546.constprop.0
                0x000000000800b180                timCCxHandler.6399
                0x000000000800b1cc                RCC_GetClocksFreq
                0x000000000800b264                USART_Init
                0x000000000800b310                actCommSetBaudRate
                0x000000000800b368                RCC_APB1PeriphResetCmd.part.6.22884
 .text          0x000000000800b378      0x948 /tmp/cc9XE1Jq.ltrans16.ltrans.o
                0x000000000800b8a0                _evtParsing.18050
                0x000000000800bbf8                evtMspOtherPacket.12542
                0x000000000800bc44                cliSave.9183
                0x000000000800bc84                cliExit.9195
 .text          0x000000000800bcc0      0x984 /tmp/cc9XE1Jq.ltrans17.ltrans.o
                0x000000000800bce8                pifStorageVar_IsFormat
                0x000000000800bd2c                pifStorageVar_Write
                0x000000000800bd78                _doTask.20684
                0x000000000800be02                mpuAccInit.5533
                0x000000000800be0c                mpuGyroInit.5541
                0x000000000800be14                _evtParsing.19158
                0x000000000800bf04                pifStorageVar_Open
                0x000000000800bf58                pifStorageVar_Create
                0x000000000800c0bc                _evtParsing.19295
                0x000000000800c1bc                pifStorageVar_Delete
                0x000000000800c264                pifStorageVar_Format
                0x000000000800c468                mpuAccRead.5537
                0x000000000800c498                mpuGyroRead.5545
                0x000000000800c4c2                _doTask.19571
                0x000000000800c4f6                FLASH_WaitForLastOperation
                0x000000000800c518                NVIC_Init.part.0.21185
                0x000000000800c564                _readData.20943
                0x000000000800c5a0                pifStorageVar_Read
                0x000000000800c5cc                pifImuSensor_ReadMag2.part.4.19980
                0x000000000800c5f0                hmc5883lRead.4882
                0x000000000800c602                _changeGain.isra.0.19711
 .text          0x000000000800c644      0x5dc /tmp/cc9XE1Jq.ltrans18.ltrans.o
                0x000000000800c644                uartOpen
                0x000000000800c9ce                serialInit.constprop.76
                0x000000000800cb64                checkTelemetryState.part.2.7727
 .text          0x000000000800cc20      0xa64 /tmp/cc9XE1Jq.ltrans19.ltrans.o
                0x000000000800cc20                _evtParsing.19020
                0x000000000800ce4c                _evtTimerRxTimeout.18382
                0x000000000800ce60                _evtTimerFinish.17523
                0x000000000800ce82                _processNoiseCancel.17397
                0x000000000800cf90                _processAverage.17389
                0x000000000800cfd8                _doTask.17225
                0x000000000800cffc                _evtParsing.18674
                0x000000000800d1e4                pifRc_CheckFailSafe
                0x000000000800d20c                pifMsp_ReadData32
                0x000000000800d22a                pifMsp_ReadData16
                0x000000000800d23a                _checksumUbx.18058
                0x000000000800d270                pifGps_SendEvent
                0x000000000800d296                pifTimer_Stop
                0x000000000800d2ac                _evtParsing.18385
                0x000000000800d3f4                pifTaskManager_Yield
                0x000000000800d5a0                pifTaskManager_Remove
                0x000000000800d5e4                pifTaskManager_Add
 *fill*         0x000000000800d684        0x4 
 .text          0x000000000800d688      0x930 /tmp/cc9XE1Jq.ltrans20.ltrans.o
                0x000000000800d688                _actReceiveData.16015
                0x000000000800d6b4                _evtSending.18389
                0x000000000800d752                _evtSending
                0x000000000800d80a                qmc5883lInit.5143
                0x000000000800d830                pwmCallback.5977
                0x000000000800d8d8                mpu3050Init.5552
                0x000000000800dae8                mpu6500Init.5530
                0x000000000800dd8c                pifMsp_AddAnswer32
                0x000000000800ddec                pifMsp_AddAnswer16
                0x000000000800de40                GPS_set_next_wp
 .text          0x000000000800dfb8      0x850 /tmp/cc9XE1Jq.ltrans21.ltrans.o
                0x000000000800dfb8                mpu6050Init.5549
                0x000000000800e1dc                qmc5883lRead.5076
                0x000000000800e1f0                _evtGpsTimeout.6871
                0x000000000800e3e0                pwmOutConfig.6058
                0x000000000800e680                hottV4Respond.8622
                0x000000000800e6d8                initialiseSoftSerial
 .text          0x000000000800e808      0x7bc /tmp/cc9XE1Jq.ltrans22.ltrans.o
                0x000000000800e8a0                pifTask_SetTrigger
                0x000000000800e8cc                pifComm_PutRxByte
                0x000000000800e8f6                evtBaroRead.12076
                0x000000000800e960                _evtRcReceive.5972
                0x000000000800e984                pifTask_ChangePeriod
                0x000000000800e9b0                _checkParam.17026
                0x000000000800ea14                _checkLoopTime.17018
                0x000000000800ea78                _processingTask.17015
                0x000000000800eb1c                _setParam.17007
                0x000000000800ec28                _resetTable.16995
                0x000000000800ec54                pifTask_ChangeMode
                0x000000000800eca4                pifRingBuffer_PutString
                0x000000000800ed04                _evtParsing.16560
                0x000000000800ef00                pifRingBuffer_Clear
                0x000000000800ef18                pifRingBuffer_Remove
                0x000000000800ef3e                pifRingBuffer_PutData
                0x000000000800ef94                _actSendData.16010
 .text          0x000000000800efc4      0x404 /tmp/cc9XE1Jq.ltrans23.ltrans.o
                0x000000000800efc4                taskLoop
                0x000000000800f390                TIM4_IRQHandler
                0x000000000800f39c                TIM3_IRQHandler
                0x000000000800f3a8                TIM2_IRQHandler
                0x000000000800f3b2                TIM1_CC_IRQHandler
                0x000000000800f3c0                EXTI9_5_IRQHandler
                0x000000000800f3c4                EXTI1_IRQHandler
 .text          0x000000000800f3c8      0x32c /tmp/cc9XE1Jq.ltrans24.ltrans.o
                0x000000000800f3c8                SystemInit
                0x000000000800f414                USART3_IRQHandler
                0x000000000800f478                USART2_IRQHandler
                0x000000000800f4d4                USART1_IRQHandler
                0x000000000800f52c                SysTick_Handler
                0x000000000800f6b8                I2C2_ER_IRQHandler
                0x000000000800f6bc                I2C1_ER_IRQHandler
                0x000000000800f6c0                I2C2_EV_IRQHandler
                0x000000000800f6c4                I2C1_EV_IRQHandler
                0x000000000800f6c8                HardFault_Handler
 .text          0x000000000800f6f4       0x94 /tmp/cc9XE1Jq.ltrans25.ltrans.o
                0x000000000800f6f4                mwArm.11293
 .text          0x000000000800f788       0x6c /tmp/cc9XE1Jq.ltrans26.ltrans.o
                0x000000000800f788                rccWriteBkpDr.constprop.64
                0x000000000800f7b8                cliDefaults.9199
 .text          0x000000000800f7f4       0xec /usr/lib/gcc/arm-none-eabi/4.8.2/../../../arm-none-eabi/lib/armv7-m/libc.a(lib_a-memcpy.o)
                0x000000000800f7f4                memcpy
 .text          0x000000000800f8e0      0x370 /usr/lib/gcc/arm-none-eabi/4.8.2/armv7-m/libgcc.a(_arm_addsubdf3.o)
                0x000000000800f8e0                __aeabi_drsub
                0x000000000800f8e8                __aeabi_dsub
                0x000000000800f8e8                __subdf3
                0x000000000800f8ec                __adddf3
                0x000000000800f8ec                __aeabi_dadd
                0x000000000800fb64                __aeabi_ui2d
                0x000000000800fb64                __floatunsidf
                0x000000000800fb84                __floatsidf
                0x000000000800fb84                __aeabi_i2d
                0x000000000800fba8                __extendsfdf2
                0x000000000800fba8                __aeabi_f2d
                0x000000000800fbe4                __aeabi_ul2d
                0x000000000800fbe4                __floatundidf
                0x000000000800fbf4                __floatdidf
                0x000000000800fbf4                __aeabi_l2d
 .text          0x000000000800fc50      0x424 /usr/lib/gcc/arm-none-eabi/4.8.2/armv7-m/libgcc.a(_arm_muldivdf3.o)
                0x000000000800fc50                __aeabi_dmul
                0x000000000800fc50                __muldf3
                0x000000000800fea4                __aeabi_ddiv
                0x000000000800fea4                __divdf3
 .text          0x0000000008010074      0x110 /usr/lib/gcc/arm-none-eabi/4.8.2/armv7-m/libgcc.a(_arm_cmpdf2.o)
                0x0000000008010074                __gtdf2
                0x0000000008010074                __gedf2
                0x000000000801007c                __ltdf2
                0x000000000801007c                __ledf2
                0x0000000008010084                __cmpdf2
                0x0000000008010084                __eqdf2
                0x0000000008010084                __nedf2
                0x0000000008010100                __aeabi_cdrcmple
                0x0000000008010110                __aeabi_cdcmple
                0x0000000008010110                __aeabi_cdcmpeq
                0x0000000008010120                __aeabi_dcmpeq
                0x0000000008010134                __aeabi_dcmplt
                0x0000000008010148                __aeabi_dcmple
                0x000000000801015c                __aeabi_dcmpge
                0x0000000008010170                __aeabi_dcmpgt
 .text          0x0000000008010184       0x50 /usr/lib/gcc/arm-none-eabi/4.8.2/armv7-m/libgcc.a(_arm_fixdfsi.o)
                0x0000000008010184                __fixdfsi
                0x0000000008010184                __aeabi_d2iz
 .text          0x00000000080101d4       0x40 /usr/lib/gcc/arm-none-eabi/4.8.2/armv7-m/libgcc.a(_arm_fixunsdfsi.o)
                0x00000000080101d4                __fixunsdfsi
                0x00000000080101d4                __aeabi_d2uiz
 .text          0x0000000008010214       0xa0 /usr/lib/gcc/arm-none-eabi/4.8.2/armv7-m/libgcc.a(_arm_truncdfsf2.o)
                0x0000000008010214                __aeabi_d2f
                0x0000000008010214                __truncdfsf2
 .text          0x00000000080102b4      0x21c /usr/lib/gcc/arm-none-eabi/4.8.2/armv7-m/libgcc.a(_arm_addsubsf3.o)
                0x00000000080102b4                __aeabi_frsub
                0x00000000080102bc                __subsf3
                0x00000000080102bc                __aeabi_fsub
                0x00000000080102c0                __aeabi_fadd
                0x00000000080102c0                __addsf3
                0x0000000008010420                __aeabi_ui2f
                0x0000000008010420                __floatunsisf
                0x0000000008010428                __aeabi_i2f
                0x0000000008010428                __floatsisf
                0x0000000008010444                __floatundisf
                0x0000000008010444                __aeabi_ul2f
                0x0000000008010454                __floatdisf
                0x0000000008010454                __aeabi_l2f
 .text          0x00000000080104d0      0x2a0 /usr/lib/gcc/arm-none-eabi/4.8.2/armv7-m/libgcc.a(_arm_muldivsf3.o)
                0x00000000080104d0                __mulsf3
                0x00000000080104d0                __aeabi_fmul
                0x0000000008010638                __divsf3
                0x0000000008010638                __aeabi_fdiv
 .text          0x0000000008010770       0xec /usr/lib/gcc/arm-none-eabi/4.8.2/armv7-m/libgcc.a(_arm_cmpsf2.o)
                0x0000000008010770                __gtsf2
                0x0000000008010770                __gesf2
                0x0000000008010778                __lesf2
                0x0000000008010778                __ltsf2
                0x0000000008010780                __nesf2
                0x0000000008010780                __eqsf2
                0x0000000008010780                __cmpsf2
                0x00000000080107e0                __aeabi_cfrcmple
                0x00000000080107e8                __aeabi_cfcmple
                0x00000000080107e8                __aeabi_cfcmpeq
                0x00000000080107f8                __aeabi_fcmpeq
                0x000000000801080c                __aeabi_fcmplt
                0x0000000008010820                __aeabi_fcmple
                0x0000000008010834                __aeabi_fcmpge
                0x0000000008010848                __aeabi_fcmpgt
 .text          0x000000000801085c       0x4c /usr/lib/gcc/arm-none-eabi/4.8.2/armv7-m/libgcc.a(_arm_fixsfsi.o)
                0x000000000801085c                __fixsfsi
                0x000000000801085c                __aeabi_f2iz
 .text          0x00000000080108a8       0x40 /usr/lib/gcc/arm-none-eabi/4.8.2/armv7-m/libgcc.a(_arm_fixunssfsi.o)
                0x00000000080108a8                __aeabi_f2uiz
                0x00000000080108a8                __fixunssfsi
 .text          0x00000000080108e8       0x38 /usr/lib/gcc/arm-none-eabi/4.8.2/armv7-m/libgcc.a(_aeabi_ldivmod.o)
                0x00000000080108e8                __aeabi_ldivmod
 .text          0x0000000008010920       0x60 /usr/lib/gcc/arm-none-eabi/4.8.2/armv7-m/libgcc.a(bpabi.o)
                0x0000000008010920                __gnu_ldivmod_helper
                0x0000000008010950                __gnu_uldivmod_helper
 .text          0x0000000008010980        0x4 /usr/lib/gcc/arm-none-eabi/4.8.2/armv7-m/libgcc.a(_dvmd_tls.o)
                0x0000000008010980                __aeabi_ldiv0
                0x0000000008010980                __aeabi_idiv0
 .text          0x0000000008010984      0x2bc /usr/lib/gcc/arm-none-eabi/4.8.2/armv7-m/libgcc.a(_divdi3.o)
                0x0000000008010984                __divdi3
 .text          0x0000000008010c40      0x284 /usr/lib/gcc/arm-none-eabi/4.8.2/armv7-m/libgcc.a(_udivdi3.o)
                0x0000000008010c40                __udivdi3
 *(.text*)
 *fill*         0x0000000008010ec4        0x4 
 .text.startup  0x0000000008010ec8     0x1db8 /tmp/cc9XE1Jq.ltrans0.ltrans.o
                0x0000000008010ec8                main
 .text.unlikely
                0x0000000008012c80       0xbc /tmp/cc9XE1Jq.ltrans15.ltrans.o
                0x0000000008012c80                _printTime.16575
                0x0000000008012cf4                pifNoiseFilterInt32_Init.constprop.54
 .text.Reset_Handler
                0x0000000008012d3c       0xa0 obj/NAZE/startup_stm32f10x_md_gcc.o
                0x0000000008012d3c                Reset_Handler
 .text.Default_Handler
                0x0000000008012ddc        0x2 obj/NAZE/startup_stm32f10x_md_gcc.o
                0x0000000008012ddc                EXTI2_IRQHandler
                0x0000000008012ddc                DebugMon_Handler
                0x0000000008012ddc                PVD_IRQHandler
                0x0000000008012ddc                PendSV_Handler
                0x0000000008012ddc                NMI_Handler
                0x0000000008012ddc                EXTI3_IRQHandler
                0x0000000008012ddc                EXTI0_IRQHandler
                0x0000000008012ddc                UsageFault_Handler
                0x0000000008012ddc                ADC1_2_IRQHandler
                0x0000000008012ddc                SPI1_IRQHandler
                0x0000000008012ddc                TAMPER_IRQHandler
                0x0000000008012ddc                DMA1_Channel4_IRQHandler
                0x0000000008012ddc                RTC_IRQHandler
                0x0000000008012ddc                DMA1_Channel7_IRQHandler
                0x0000000008012ddc                CAN1_RX1_IRQHandler
                0x0000000008012ddc                DMA1_Channel6_IRQHandler
                0x0000000008012ddc                RCC_IRQHandler
                0x0000000008012ddc                TIM1_TRG_COM_IRQHandler
                0x0000000008012ddc                DMA1_Channel1_IRQHandler
                0x0000000008012ddc                Default_Handler
                0x0000000008012ddc                EXTI15_10_IRQHandler
                0x0000000008012ddc                SPI2_IRQHandler
                0x0000000008012ddc                MemManage_Handler
                0x0000000008012ddc                SVC_Handler
                0x0000000008012ddc                DMA1_Channel5_IRQHandler
                0x0000000008012ddc                EXTI4_IRQHandler
                0x0000000008012ddc                USB_LP_CAN1_RX0_IRQHandler
                0x0000000008012ddc                USB_HP_CAN1_TX_IRQHandler
                0x0000000008012ddc                DMA1_Channel3_IRQHandler
                0x0000000008012ddc                TIM1_UP_IRQHandler
                0x0000000008012ddc                WWDG_IRQHandler
                0x0000000008012ddc                TIM1_BRK_IRQHandler
                0x0000000008012ddc                RTCAlarm_IRQHandler
                0x0000000008012ddc                DMA1_Channel2_IRQHandler
                0x0000000008012ddc                CAN1_SCE_IRQHandler
                0x0000000008012ddc                FLASH_IRQHandler
                0x0000000008012ddc                BusFault_Handler
                0x0000000008012ddc                USBWakeUp_IRQHandler
 *fill*         0x0000000008012dde        0x2 
 .text.atoi     0x0000000008012de0        0x8 /usr/lib/gcc/arm-none-eabi/4.8.2/../../../arm-none-eabi/lib/armv7-m/libc.a(lib_a-atoi.o)
                0x0000000008012de0                atoi
 .text._strtol_r
                0x0000000008012de8      0x124 /usr/lib/gcc/arm-none-eabi/4.8.2/../../../arm-none-eabi/lib/armv7-m/libc.a(lib_a-strtol.o)
                0x0000000008012de8                _strtol_r
 .text.strtol   0x0000000008012f0c       0x1c /usr/lib/gcc/arm-none-eabi/4.8.2/../../../arm-none-eabi/lib/armv7-m/libc.a(lib_a-strtol.o)
                0x0000000008012f0c                strtol
 .text.cos      0x0000000008012f28       0x94 /usr/lib/gcc/arm-none-eabi/4.8.2/../../../arm-none-eabi/lib/armv7-m/libm.a(lib_a-s_cos.o)
                0x0000000008012f28                cos
 .text.sin      0x0000000008012fbc       0x98 /usr/lib/gcc/arm-none-eabi/4.8.2/../../../arm-none-eabi/lib/armv7-m/libm.a(lib_a-s_sin.o)
                0x0000000008012fbc                sin
 .text.cosf     0x0000000008013054       0x6c /usr/lib/gcc/arm-none-eabi/4.8.2/../../../arm-none-eabi/lib/armv7-m/libm.a(lib_a-sf_cos.o)
                0x0000000008013054                cosf
 .text.lrintf   0x00000000080130c0       0x7c /usr/lib/gcc/arm-none-eabi/4.8.2/../../../arm-none-eabi/lib/armv7-m/libm.a(lib_a-sf_lrint.o)
                0x00000000080130c0                lrintf
 .text.sinf     0x000000000801313c       0x7c /usr/lib/gcc/arm-none-eabi/4.8.2/../../../arm-none-eabi/lib/armv7-m/libm.a(lib_a-sf_sin.o)
                0x000000000801313c                sinf
 .text.acosf    0x00000000080131b8       0xa4 /usr/lib/gcc/arm-none-eabi/4.8.2/../../../arm-none-eabi/lib/armv7-m/libm.a(lib_a-wf_acos.o)
                0x00000000080131b8                acosf
 .text.atan2f   0x000000000801325c        0x4 /usr/lib/gcc/arm-none-eabi/4.8.2/../../../arm-none-eabi/lib/armv7-m/libm.a(lib_a-wf_atan2.o)
                0x000000000801325c                atan2f
 .text.powf     0x0000000008013260      0x33c /usr/lib/gcc/arm-none-eabi/4.8.2/../../../arm-none-eabi/lib/armv7-m/libm.a(lib_a-wf_pow.o)
                0x0000000008013260                powf
 .text.sqrtf    0x000000000801359c       0xa0 /usr/lib/gcc/arm-none-eabi/4.8.2/../../../arm-none-eabi/lib/armv7-m/libm.a(lib_a-wf_sqrt.o)
                0x000000000801359c                sqrtf
 *fill*         0x000000000801363c        0x4 
 .text.__ieee754_rem_pio2
                0x0000000008013640      0x458 /usr/lib/gcc/arm-none-eabi/4.8.2/../../../arm-none-eabi/lib/armv7-m/libm.a(lib_a-e_rem_pio2.o)
                0x0000000008013640                __ieee754_rem_pio2
 .text.__ieee754_acosf
                0x0000000008013a98      0x36c /usr/lib/gcc/arm-none-eabi/4.8.2/../../../arm-none-eabi/lib/armv7-m/libm.a(lib_a-ef_acos.o)
                0x0000000008013a98                __ieee754_acosf
 .text.__ieee754_atan2f
                0x0000000008013e04      0x148 /usr/lib/gcc/arm-none-eabi/4.8.2/../../../arm-none-eabi/lib/armv7-m/libm.a(lib_a-ef_atan2.o)
                0x0000000008013e04                __ieee754_atan2f
 .text.__ieee754_powf
                0x0000000008013f4c      0x74c /usr/lib/gcc/arm-none-eabi/4.8.2/../../../arm-none-eabi/lib/armv7-m/libm.a(lib_a-ef_pow.o)
                0x0000000008013f4c                __ieee754_powf
 .text.__ieee754_rem_pio2f
                0x0000000008014698      0x34c /usr/lib/gcc/arm-none-eabi/4.8.2/../../../arm-none-eabi/lib/armv7-m/libm.a(lib_a-ef_rem_pio2.o)
                0x0000000008014698                __ieee754_rem_pio2f
 .text.__ieee754_sqrtf
                0x00000000080149e4       0xa8 /usr/lib/gcc/arm-none-eabi/4.8.2/../../../arm-none-eabi/lib/armv7-m/libm.a(lib_a-ef_sqrt.o)
                0x00000000080149e4                __ieee754_sqrtf
 *fill*         0x0000000008014a8c        0x4 
 .text.__kernel_cos
                0x0000000008014a90      0x260 /usr/lib/gcc/arm-none-eabi/4.8.2/../../../arm-none-eabi/lib/armv7-m/libm.a(lib_a-k_cos.o)
                0x0000000008014a90                __kernel_cos
 .text.__kernel_rem_pio2
                0x0000000008014cf0      0x7e4 /usr/lib/gcc/arm-none-eabi/4.8.2/../../../arm-none-eabi/lib/armv7-m/libm.a(lib_a-k_rem_pio2.o)
                0x0000000008014cf0                __kernel_rem_pio2
 *fill*         0x00000000080154d4        0x4 
 .text.__kernel_sin
                0x00000000080154d8      0x168 /usr/lib/gcc/arm-none-eabi/4.8.2/../../../arm-none-eabi/lib/armv7-m/libm.a(lib_a-k_sin.o)
                0x00000000080154d8                __kernel_sin
 .text.__kernel_cosf
                0x0000000008015640      0x1b8 /usr/lib/gcc/arm-none-eabi/4.8.2/../../../arm-none-eabi/lib/armv7-m/libm.a(lib_a-kf_cos.o)
                0x0000000008015640                __kernel_cosf
 .text.__kernel_rem_pio2f
                0x00000000080157f8      0x664 /usr/lib/gcc/arm-none-eabi/4.8.2/../../../arm-none-eabi/lib/armv7-m/libm.a(lib_a-kf_rem_pio2.o)
                0x00000000080157f8                __kernel_rem_pio2f
 .text.__kernel_sinf
                0x0000000008015e5c       0xfc /usr/lib/gcc/arm-none-eabi/4.8.2/../../../arm-none-eabi/lib/armv7-m/libm.a(lib_a-kf_sin.o)
                0x0000000008015e5c                __kernel_sinf
 .text.fabs     0x0000000008015f58        0x8 /usr/lib/gcc/arm-none-eabi/4.8.2/../../../arm-none-eabi/lib/armv7-m/libm.a(lib_a-s_fabs.o)
                0x0000000008015f58                fabs
 .text.floor    0x0000000008015f60      0x120 /usr/lib/gcc/arm-none-eabi/4.8.2/../../../arm-none-eabi/lib/armv7-m/libm.a(lib_a-s_floor.o)
                0x0000000008015f60                floor
 .text.matherr  0x0000000008016080        0x4 /usr/lib/gcc/arm-none-eabi/4.8.2/../../../arm-none-eabi/lib/armv7-m/libm.a(lib_a-s_matherr.o)
                0x0000000008016080                matherr
 .text.nan      0x0000000008016084        0xc /usr/lib/gcc/arm-none-eabi/4.8.2/../../../arm-none-eabi/lib/armv7-m/libm.a(lib_a-s_nan.o)
                0x0000000008016084                nan
 .text.rint     0x0000000008016090      0x120 /usr/lib/gcc/arm-none-eabi/4.8.2/../../../arm-none-eabi/lib/armv7-m/libm.a(lib_a-s_rint.o)
                0x0000000008016090                rint
 .text.scalbn   0x00000000080161b0      0x100 /usr/lib/gcc/arm-none-eabi/4.8.2/../../../arm-none-eabi/lib/armv7-m/libm.a(lib_a-s_scalbn.o)
                0x00000000080161b0                scalbn
 .text.atanf    0x00000000080162b0      0x254 /usr/lib/gcc/arm-none-eabi/4.8.2/../../../arm-none-eabi/lib/armv7-m/libm.a(lib_a-sf_atan.o)
                0x00000000080162b0                atanf
 .text.fabsf    0x0000000008016504        0x8 /usr/lib/gcc/arm-none-eabi/4.8.2/../../../arm-none-eabi/lib/armv7-m/libm.a(lib_a-sf_fabs.o)
                0x0000000008016504                fabsf
 .text.finitef  0x000000000801650c       0x10 /usr/lib/gcc/arm-none-eabi/4.8.2/../../../arm-none-eabi/lib/armv7-m/libm.a(lib_a-sf_finite.o)
                0x000000000801650c                finitef
 .text.floorf   0x000000000801651c       0x98 /usr/lib/gcc/arm-none-eabi/4.8.2/../../../arm-none-eabi/lib/armv7-m/libm.a(lib_a-sf_floor.o)
                0x000000000801651c                floorf
 .text.__fpclassifyf
                0x00000000080165b4       0x34 /usr/lib/gcc/arm-none-eabi/4.8.2/../../../arm-none-eabi/lib/armv7-m/libm.a(lib_a-sf_fpclassify.o)
                0x00000000080165b4                __fpclassifyf
 .text.nanf     0x00000000080165e8        0x8 /usr/lib/gcc/arm-none-eabi/4.8.2/../../../arm-none-eabi/lib/armv7-m/libm.a(lib_a-sf_nan.o)
                0x00000000080165e8                nanf
 .text.scalbnf  0x00000000080165f0       0xb8 /usr/lib/gcc/arm-none-eabi/4.8.2/../../../arm-none-eabi/lib/armv7-m/libm.a(lib_a-sf_scalbn.o)
                0x00000000080165f0                scalbnf
 .text.copysign
                0x00000000080166a8       0x14 /usr/lib/gcc/arm-none-eabi/4.8.2/../../../arm-none-eabi/lib/armv7-m/libm.a(lib_a-s_copysign.o)
                0x00000000080166a8                copysign
 .text.copysignf
                0x00000000080166bc        0xc /usr/lib/gcc/arm-none-eabi/4.8.2/../../../arm-none-eabi/lib/armv7-m/libm.a(lib_a-sf_copysign.o)
                0x00000000080166bc                copysignf
 .text.calloc   0x00000000080166c8       0x14 /usr/lib/gcc/arm-none-eabi/4.8.2/../../../arm-none-eabi/lib/armv7-m/libc.a(lib_a-calloc.o)
                0x00000000080166c8                calloc
 .text._calloc_r
                0x00000000080166dc       0x60 /usr/lib/gcc/arm-none-eabi/4.8.2/../../../arm-none-eabi/lib/armv7-m/libc.a(lib_a-callocr.o)
                0x00000000080166dc                _calloc_r
 .text.__errno  0x000000000801673c        0xc /usr/lib/gcc/arm-none-eabi/4.8.2/../../../arm-none-eabi/lib/armv7-m/libc.a(lib_a-errno.o)
                0x000000000801673c                __errno
 .text.malloc   0x0000000008016748       0x10 /usr/lib/gcc/arm-none-eabi/4.8.2/../../../arm-none-eabi/lib/armv7-m/libc.a(lib_a-malloc.o)
                0x0000000008016748                malloc
 .text.free     0x0000000008016758       0x10 /usr/lib/gcc/arm-none-eabi/4.8.2/../../../arm-none-eabi/lib/armv7-m/libc.a(lib_a-malloc.o)
                0x0000000008016758                free
 .text._malloc_r
                0x0000000008016768      0x564 /usr/lib/gcc/arm-none-eabi/4.8.2/../../../arm-none-eabi/lib/armv7-m/libc.a(lib_a-mallocr.o)
                0x0000000008016768                _malloc_r
 .text.memset   0x0000000008016ccc       0x94 /usr/lib/gcc/arm-none-eabi/4.8.2/../../../arm-none-eabi/lib/armv7-m/libc.a(lib_a-memset.o)
                0x0000000008016ccc                memset
 .text.__malloc_lock
                0x0000000008016d60        0x4 /usr/lib/gcc/arm-none-eabi/4.8.2/../../../arm-none-eabi/lib/armv7-m/libc.a(lib_a-mlock.o)
                0x0000000008016d60                __malloc_lock
 .text.__malloc_unlock
                0x0000000008016d64        0x4 /usr/lib/gcc/arm-none-eabi/4.8.2/../../../arm-none-eabi/lib/armv7-m/libc.a(lib_a-mlock.o)
                0x0000000008016d64                __malloc_unlock
 .text._sbrk_r  0x0000000008016d68       0x28 /usr/lib/gcc/arm-none-eabi/4.8.2/../../../arm-none-eabi/lib/armv7-m/libc.a(lib_a-sbrkr.o)
                0x0000000008016d68                _sbrk_r
 .text.strcasecmp
                0x0000000008016d90       0x48 /usr/lib/gcc/arm-none-eabi/4.8.2/../../../arm-none-eabi/lib/armv7-m/libc.a(lib_a-strcasecmp.o)
                0x0000000008016d90                strcasecmp
 .text.strcat   0x0000000008016dd8       0x4c /usr/lib/gcc/arm-none-eabi/4.8.2/../../../arm-none-eabi/lib/armv7-m/libc.a(lib_a-strcat.o)
                0x0000000008016dd8                strcat
 .text.strchr   0x0000000008016e24       0xf4 /usr/lib/gcc/arm-none-eabi/4.8.2/../../../arm-none-eabi/lib/armv7-m/libc.a(lib_a-strchr.o)
                0x0000000008016e24                strchr
 .text.strcpy   0x0000000008016f18       0xbc /usr/lib/gcc/arm-none-eabi/4.8.2/../../../arm-none-eabi/lib/armv7-m/libc.a(lib_a-strcpy.o)
                0x0000000008016f18                strcpy
 .text.strlen   0x0000000008016fd4       0x60 /usr/lib/gcc/arm-none-eabi/4.8.2/../../../arm-none-eabi/lib/armv7-m/libc.a(lib_a-strlen.o)
                0x0000000008016fd4                strlen
 .text.strncasecmp
                0x0000000008017034       0x54 /usr/lib/gcc/arm-none-eabi/4.8.2/../../../arm-none-eabi/lib/armv7-m/libc.a(lib_a-strncasecmp.o)
                0x0000000008017034                strncasecmp
 .text.strncpy  0x0000000008017088       0x68 /usr/lib/gcc/arm-none-eabi/4.8.2/../../../arm-none-eabi/lib/armv7-m/libc.a(lib_a-strncpy.o)
                0x0000000008017088                strncpy
 .text.critical_factorization
                0x00000000080170f0       0xbc /usr/lib/gcc/arm-none-eabi/4.8.2/../../../arm-none-eabi/lib/armv7-m/libc.a(lib_a-strstr.o)
 .text.two_way_long_needle
                0x00000000080171ac      0x228 /usr/lib/gcc/arm-none-eabi/4.8.2/../../../arm-none-eabi/lib/armv7-m/libc.a(lib_a-strstr.o)
 .text.strstr   0x00000000080173d4      0x21c /usr/lib/gcc/arm-none-eabi/4.8.2/../../../arm-none-eabi/lib/armv7-m/libc.a(lib_a-strstr.o)
                0x00000000080173d4                strstr
 .text._malloc_trim_r
                0x00000000080175f0       0xa4 /usr/lib/gcc/arm-none-eabi/4.8.2/../../../arm-none-eabi/lib/armv7-m/libc.a(lib_a-freer.o)
                0x00000000080175f0                _malloc_trim_r
 .text._free_r  0x0000000008017694      0x198 /usr/lib/gcc/arm-none-eabi/4.8.2/../../../arm-none-eabi/lib/armv7-m/libc.a(lib_a-freer.o)
                0x0000000008017694                _free_r
 .text.memchr   0x000000000801782c       0x94 /usr/lib/gcc/arm-none-eabi/4.8.2/../../../arm-none-eabi/lib/armv7-m/libc.a(lib_a-memchr-stub.o)
                0x000000000801782c                memchr
 .text.memcmp   0x00000000080178c0       0x68 /usr/lib/gcc/arm-none-eabi/4.8.2/../../../arm-none-eabi/lib/armv7-m/libc.a(lib_a-memcmp.o)
                0x00000000080178c0                memcmp
 .text._sbrk    0x0000000008017928       0x20 /usr/lib/gcc/arm-none-eabi/4.8.2/../../../arm-none-eabi/lib/armv7-m/libnosys.a(sbrk.o)
                0x0000000008017928                _sbrk
 *(.rodata)
 .rodata        0x0000000008017948      0x780 /tmp/cc9XE1Jq.ltrans0.ltrans.o
                0x000000000801797c                mixers
                0x0000000008017a44                servoMixers
                0x0000000008017b1c                servoMixerSingle.11161
                0x0000000008017b54                servoMixerDual.11160
                0x0000000008017b62                servoMixerAirplane.11159
                0x0000000008017b7e                servoMixerFlyingWing.11158
                0x0000000008017b9a                servoMixerBI.11157
                0x0000000008017bb6                servoMixerTri.11156
                0x0000000008017bc0                mixerAtail4.11057
                0x0000000008017c00                mixerDualcopter.11056
                0x0000000008017c20                mixerHex6H.11055
                0x0000000008017c80                mixerVtail4.11054
                0x0000000008017cc0                mixerOctoFlatX.11053
                0x0000000008017d40                mixerOctoFlatP.11052
                0x0000000008017dc0                mixerOctoX8.11051
                0x0000000008017e40                mixerHex6X.11050
                0x0000000008017ea0                mixerY4.11049
                0x0000000008017ee0                mixerVectorThrust.11048
                0x0000000008017f00                mixerHex6P.11047
                0x0000000008017f60                mixerY6.11046
                0x0000000008017fc0                mixerBi.11045
                0x0000000008017fe0                mixerQuadX.11044
                0x0000000008018020                mixerQuadP.11043
                0x0000000008018060                mixerTri.11042
 .rodata        0x00000000080180c8      0x168 /tmp/cc9XE1Jq.ltrans3.ltrans.o
 .rodata        0x0000000008018230       0x46 /tmp/cc9XE1Jq.ltrans4.ltrans.o
                0x0000000008018230                buzz_sos.8859
                0x0000000008018243                buzz_mediumBeep.8862
                0x0000000008018246                buzz_2shortBeeps.8857
                0x000000000801824b                buzz_3shortBeeps.8858
                0x0000000008018252                buzz_readyBeep.8855
                0x0000000008018261                buzz_shortBeep.8865
                0x0000000008018264                buzz_armed.8863
                0x000000000801826d                buzz_BatteryBeep.8861
                0x0000000008018270                buzz_longBeep.8860
                0x0000000008018273                buzz_mediumBeepFast.8856
 *fill*         0x0000000008018276        0x2 
 .rodata        0x0000000008018278      0x164 /tmp/cc9XE1Jq.ltrans5.ltrans.o
                0x00000000080183d8                type_ch
 .rodata        0x00000000080183dc        0x8 /tmp/cc9XE1Jq.ltrans6.ltrans.o
 .rodata        0x00000000080183e4       0x20 /tmp/cc9XE1Jq.ltrans7.ltrans.o
                0x00000000080183e4                channels.6489
 .rodata        0x0000000008018404       0x64 /tmp/cc9XE1Jq.ltrans8.ltrans.o
                0x0000000008018404                mixerNames.9346
 .rodata        0x0000000008018468       0x4c /tmp/cc9XE1Jq.ltrans10.ltrans.o
                0x0000000008018468                featureNames.9353
 .rodata        0x00000000080184b4       0x28 /tmp/cc9XE1Jq.ltrans11.ltrans.o
 .rodata        0x00000000080184dc       0x30 /tmp/cc9XE1Jq.ltrans12.ltrans.o
 .rodata        0x000000000801850c        0x8 /tmp/cc9XE1Jq.ltrans13.ltrans.o
 .rodata        0x0000000008018514       0x20 /tmp/cc9XE1Jq.ltrans14.ltrans.o
 .rodata        0x0000000008018534       0x30 /tmp/cc9XE1Jq.ltrans15.ltrans.o
 .rodata        0x0000000008018564       0x18 /tmp/cc9XE1Jq.ltrans21.ltrans.o
 .rodata        0x000000000801857c       0x98 /tmp/cc9XE1Jq.ltrans23.ltrans.o
                0x0000000008018610                kPifHexUpperChar
 .rodata        0x0000000008018614      0xb38 /tmp/cc9XE1Jq.ltrans24.ltrans.o
                0x0000000008018620                valueTable
 *(.rodata*)
 .rodata.timerHardware
                0x000000000801914c       0xe0 /tmp/cc9XE1Jq.ltrans0.ltrans.o
                0x000000000801914c                timerHardware
 .rodata.str1.1
                0x000000000801922c       0x5a /tmp/cc9XE1Jq.ltrans0.ltrans.o
                                         0x5b (size before relaxing)
 .rodata.str1.1
                0x0000000008019286       0x47 /tmp/cc9XE1Jq.ltrans2.ltrans.o
 .rodata.str1.1
                0x00000000080192cd       0xdb /tmp/cc9XE1Jq.ltrans3.ltrans.o
 .rodata.str1.1
                0x00000000080193a8      0x267 /tmp/cc9XE1Jq.ltrans5.ltrans.o
                                        0x28c (size before relaxing)
 .rodata.str1.1
                0x000000000801960f      0x11a /tmp/cc9XE1Jq.ltrans6.ltrans.o
                                        0x11d (size before relaxing)
 .rodata.str1.1
                0x0000000008019729       0x20 /tmp/cc9XE1Jq.ltrans7.ltrans.o
 .rodata.str1.1
                0x0000000008019749      0x2cf /tmp/cc9XE1Jq.ltrans8.ltrans.o
                                        0x2fa (size before relaxing)
 .rodata.rcChannelLetters
                0x0000000008019a18       0x13 /tmp/cc9XE1Jq.ltrans8.ltrans.o
                0x0000000008019a18                rcChannelLetters
 .rodata.str1.1
                0x0000000008019a2b      0x121 /tmp/cc9XE1Jq.ltrans10.ltrans.o
                                        0x136 (size before relaxing)
 .rodata.str1.1
                0x0000000008019b4c      0x178 /tmp/cc9XE1Jq.ltrans11.ltrans.o
                                        0x181 (size before relaxing)
 .rodata.str1.1
                0x0000000008019cc4      0x2c3 /tmp/cc9XE1Jq.ltrans12.ltrans.o
                                        0x330 (size before relaxing)
 .rodata.str1.1
                0x0000000008019f87       0x29 /tmp/cc9XE1Jq.ltrans13.ltrans.o
 .rodata.str1.1
                0x0000000008019fb0      0x126 /tmp/cc9XE1Jq.ltrans14.ltrans.o
                                        0x13b (size before relaxing)
 .rodata.str1.1
                0x000000000801a0d6      0x12c /tmp/cc9XE1Jq.ltrans15.ltrans.o
                                        0x175 (size before relaxing)
 .rodata.str1.1
                0x000000000801a202       0x31 /tmp/cc9XE1Jq.ltrans16.ltrans.o
 .rodata.str1.1
                0x000000000801a233       0x1b /tmp/cc9XE1Jq.ltrans18.ltrans.o
 .rodata.str1.1
                0x000000000801a24e       0x18 /tmp/cc9XE1Jq.ltrans20.ltrans.o
 .rodata.str1.1
                0x0000000000000000        0x8 /tmp/cc9XE1Jq.ltrans21.ltrans.o
 .rodata.str1.1
                0x000000000801a266       0x14 /tmp/cc9XE1Jq.ltrans22.ltrans.o
 .rodata.str1.1
                0x000000000801a27a       0x1b /tmp/cc9XE1Jq.ltrans23.ltrans.o
                                         0x2c (size before relaxing)
 .rodata.kCfgMsgNmea
                0x000000000801a295       0x12 /tmp/cc9XE1Jq.ltrans23.ltrans.o
 .rodata.str1.1
                0x000000000801a2a7      0x78a /tmp/cc9XE1Jq.ltrans24.ltrans.o
                                        0x7b8 (size before relaxing)
 .rodata.str1.1
                0x000000000801aa31       0x1b /tmp/cc9XE1Jq.ltrans26.ltrans.o
                                         0x28 (size before relaxing)
 .rodata._ctype_
                0x000000000801aa4c      0x104 /usr/lib/gcc/arm-none-eabi/4.8.2/../../../arm-none-eabi/lib/armv7-m/libc.a(lib_a-ctype_.o)
                0x000000000801aa4c                _ctype_
 .rodata.str1.4
                0x000000000801ab50        0x2 /usr/lib/gcc/arm-none-eabi/4.8.2/../../../arm-none-eabi/lib/armv7-m/libc.a(lib_a-impure.o)
                                          0x4 (size before relaxing)
 *fill*         0x000000000801ab52        0x2 
 .rodata.TWO23  0x000000000801ab54        0x8 /usr/lib/gcc/arm-none-eabi/4.8.2/../../../arm-none-eabi/lib/armv7-m/libm.a(lib_a-sf_lrint.o)
 .rodata.str1.4
                0x000000000801ab5c        0x6 /usr/lib/gcc/arm-none-eabi/4.8.2/../../../arm-none-eabi/lib/armv7-m/libm.a(lib_a-wf_acos.o)
                                          0xc (size before relaxing)
 *fill*         0x000000000801ab62        0x2 
 .rodata.str1.4
                0x000000000801ab64        0x5 /usr/lib/gcc/arm-none-eabi/4.8.2/../../../arm-none-eabi/lib/armv7-m/libm.a(lib_a-wf_pow.o)
                                          0x8 (size before relaxing)
 *fill*         0x000000000801ab69        0x3 
 .rodata.str1.4
                0x000000000801ab6c        0x8 /usr/lib/gcc/arm-none-eabi/4.8.2/../../../arm-none-eabi/lib/armv7-m/libm.a(lib_a-wf_sqrt.o)
 .rodata.npio2_hw
                0x000000000801ab74       0x80 /usr/lib/gcc/arm-none-eabi/4.8.2/../../../arm-none-eabi/lib/armv7-m/libm.a(lib_a-e_rem_pio2.o)
 .rodata.two_over_pi
                0x000000000801abf4      0x108 /usr/lib/gcc/arm-none-eabi/4.8.2/../../../arm-none-eabi/lib/armv7-m/libm.a(lib_a-e_rem_pio2.o)
 .rodata.dp_h   0x000000000801acfc        0x8 /usr/lib/gcc/arm-none-eabi/4.8.2/../../../arm-none-eabi/lib/armv7-m/libm.a(lib_a-ef_pow.o)
 .rodata.dp_l   0x000000000801ad04        0x8 /usr/lib/gcc/arm-none-eabi/4.8.2/../../../arm-none-eabi/lib/armv7-m/libm.a(lib_a-ef_pow.o)
 .rodata.bp     0x000000000801ad0c        0x8 /usr/lib/gcc/arm-none-eabi/4.8.2/../../../arm-none-eabi/lib/armv7-m/libm.a(lib_a-ef_pow.o)
 .rodata.str1.4
                0x0000000000000000        0x4 /usr/lib/gcc/arm-none-eabi/4.8.2/../../../arm-none-eabi/lib/armv7-m/libm.a(lib_a-ef_pow.o)
 .rodata.npio2_hw
                0x000000000801ad14       0x80 /usr/lib/gcc/arm-none-eabi/4.8.2/../../../arm-none-eabi/lib/armv7-m/libm.a(lib_a-ef_rem_pio2.o)
 .rodata.two_over_pi
                0x000000000801ad94      0x318 /usr/lib/gcc/arm-none-eabi/4.8.2/../../../arm-none-eabi/lib/armv7-m/libm.a(lib_a-ef_rem_pio2.o)
 .rodata.init_jk
                0x000000000801b0ac       0x10 /usr/lib/gcc/arm-none-eabi/4.8.2/../../../arm-none-eabi/lib/armv7-m/libm.a(lib_a-k_rem_pio2.o)
 *fill*         0x000000000801b0bc        0x4 
 .rodata.PIo2   0x000000000801b0c0       0x40 /usr/lib/gcc/arm-none-eabi/4.8.2/../../../arm-none-eabi/lib/armv7-m/libm.a(lib_a-k_rem_pio2.o)
 .rodata.init_jk
                0x000000000801b100        0xc /usr/lib/gcc/arm-none-eabi/4.8.2/../../../arm-none-eabi/lib/armv7-m/libm.a(lib_a-kf_rem_pio2.o)
 .rodata.PIo2   0x000000000801b10c       0x2c /usr/lib/gcc/arm-none-eabi/4.8.2/../../../arm-none-eabi/lib/armv7-m/libm.a(lib_a-kf_rem_pio2.o)
 .rodata.TWO52  0x000000000801b138       0x10 /usr/lib/gcc/arm-none-eabi/4.8.2/../../../arm-none-eabi/lib/armv7-m/libm.a(lib_a-s_rint.o)
 .rodata.atanlo
                0x000000000801b148       0x10 /usr/lib/gcc/arm-none-eabi/4.8.2/../../../arm-none-eabi/lib/armv7-m/libm.a(lib_a-sf_atan.o)
 .rodata.atanhi
                0x000000000801b158       0x10 /usr/lib/gcc/arm-none-eabi/4.8.2/../../../arm-none-eabi/lib/armv7-m/libm.a(lib_a-sf_atan.o)
 *(.glue_7)
 .glue_7        0x0000000000000000        0x0 linker stubs
 *(.glue_7t)
 .glue_7t       0x0000000000000000        0x0 linker stubs
 *(.eh_frame)
 *(.init)
 *(.fini)
                0x000000000801b168                . = ALIGN (0x4)
                0x000000000801b168                _etext = .

.vfp11_veneer   0x000000000801b168        0x0
 .vfp11_veneer  0x0000000000000000        0x0 linker stubs

.v4_bx          0x000000000801b168        0x0
 .v4_bx         0x0000000000000000        0x0 linker stubs

.iplt           0x000000000801b168        0x0
 .iplt          0x0000000000000000        0x0 obj/NAZE/startup_stm32f10x_md_gcc.o

.ARM.extab
 *(.ARM.extab* .gnu.linkonce.armextab.*)

.ARM            0x000000000801b168        0x8
                0x000000000801b168                __exidx_start = .
 *(.ARM.exidx*)
 .ARM.exidx     0x000000000801b168        0x8 /usr/lib/gcc/arm-none-eabi/4.8.2/armv7-m/libgcc.a(_divdi3.o)
 .ARM.exidx     0x000000000801b170        0x0 /usr/lib/gcc/arm-none-eabi/4.8.2/armv7-m/libgcc.a(_udivdi3.o)
                                          0x8 (size before relaxing)
                0x000000000801b170                __exidx_end = .

.rel.dyn        0x000000000801b170        0x0
 .rel.iplt      0x0000000000000000        0x0 obj/NAZE/startup_stm32f10x_md_gcc.o

.preinit_array  0x000000000801b170        0x0
                0x000000000801b170                PROVIDE (__preinit_array_start, .)
 *(.preinit_array*)
                0x000000000801b170                PROVIDE (__preinit_array_end, .)

.init_array     0x000000000801b170        0x0
                0x000000000801b170                PROVIDE (__init_array_start, .)
 *(SORT(.init_array.*))
 *(.init_array*)
                0x000000000801b170                PROVIDE (__init_array_end, .)

.fini_array     0x000000000801b170        0x0
                0x000000000801b170                PROVIDE (__fini_array_start, .)
 *(.fini_array*)
 *(SORT(.fini_array.*))
                0x000000000801b170                PROVIDE (__fini_array_end, .)
                0x000000000801b170                _sidata = .

.data           0x0000000020000000      0x9e8 load address 0x000000000801b170
                0x0000000020000000                . = ALIGN (0x4)
                0x0000000020000000                _sdata = .
 *(.data)
 .data          0x0000000020000000      0x158 /tmp/cc9XE1Jq.ltrans0.ltrans.o
                0x0000000020000000                hse_value
                0x0000000020000004                pif_id
                0x0000000020000016                batteryCellCount
                0x0000000020000017                standardBoardAlignment.14307
                0x0000000020000018                sensor_set
                0x0000000020000148                failsafeThreshold.6222
                0x000000002000014c                sonarDistance
 .data          0x0000000020000158       0x10 /tmp/cc9XE1Jq.ltrans1.ltrans.o
                0x0000000020000164                pid_controller
 .data          0x0000000020000168        0x2 /tmp/cc9XE1Jq.ltrans4.ltrans.o
                0x0000000020000168                buzzerMode.8866
 *fill*         0x000000002000016a        0x2 
 .data          0x000000002000016c        0x4 /tmp/cc9XE1Jq.ltrans10.ltrans.o
                0x000000002000016c                GPS_scaleLonDown
 .data          0x0000000020000170        0x4 /tmp/cc9XE1Jq.ltrans13.ltrans.o
 .data          0x0000000020000174        0x5 /tmp/cc9XE1Jq.ltrans14.ltrans.o
 .data          0x0000000020000179       0x14 /tmp/cc9XE1Jq.ltrans15.ltrans.o
 .data          0x000000002000018d        0x1 /tmp/cc9XE1Jq.ltrans19.ltrans.o
 *(.data*)
 *fill*         0x000000002000018e        0x2 
 .data.SystemCoreClock
                0x0000000020000190        0x4 /tmp/cc9XE1Jq.ltrans0.ltrans.o
                0x0000000020000190                SystemCoreClock
 .data.servo    0x0000000020000194       0x10 /tmp/cc9XE1Jq.ltrans3.ltrans.o
                0x0000000020000194                servo
 .data.__ctype_ptr__
                0x00000000200001a4        0x4 /usr/lib/gcc/arm-none-eabi/4.8.2/../../../arm-none-eabi/lib/armv7-m/libc.a(lib_a-ctype_.o)
                0x00000000200001a4                __ctype_ptr__
 .data.impure_data
                0x00000000200001a8      0x428 /usr/lib/gcc/arm-none-eabi/4.8.2/../../../arm-none-eabi/lib/armv7-m/libc.a(lib_a-impure.o)
 .data._impure_ptr
                0x00000000200005d0        0x4 /usr/lib/gcc/arm-none-eabi/4.8.2/../../../arm-none-eabi/lib/armv7-m/libc.a(lib_a-impure.o)
                0x00000000200005d0                _impure_ptr
 .data.__fdlib_version
                0x00000000200005d4        0x1 /usr/lib/gcc/arm-none-eabi/4.8.2/../../../arm-none-eabi/lib/armv7-m/libm.a(lib_a-s_lib_ver.o)
                0x00000000200005d4                __fdlib_version
 *fill*         0x00000000200005d5        0x3 
 .data.__malloc_av_
                0x00000000200005d8      0x408 /usr/lib/gcc/arm-none-eabi/4.8.2/../../../arm-none-eabi/lib/armv7-m/libc.a(lib_a-mallocr.o)
                0x00000000200005d8                __malloc_av_
 .data.__malloc_trim_threshold
                0x00000000200009e0        0x4 /usr/lib/gcc/arm-none-eabi/4.8.2/../../../arm-none-eabi/lib/armv7-m/libc.a(lib_a-mallocr.o)
                0x00000000200009e0                __malloc_trim_threshold
 .data.__malloc_sbrk_base
                0x00000000200009e4        0x4 /usr/lib/gcc/arm-none-eabi/4.8.2/../../../arm-none-eabi/lib/armv7-m/libc.a(lib_a-mallocr.o)
                0x00000000200009e4                __malloc_sbrk_base
                0x00000000200009e8                . = ALIGN (0x4)
                0x00000000200009e8                _edata = .

.igot.plt       0x00000000200009e8        0x0 load address 0x000000000801bb58
 .igot.plt      0x0000000000000000        0x0 obj/NAZE/startup_stm32f10x_md_gcc.o
                0x00000000200009e8                . = ALIGN (0x4)

.bss            0x00000000200009e8     0x21ac load address 0x000000000801bb58
                0x00000000200009e8                _sbss = .
                0x00000000200009e8                __bss_start__ = _sbss
 *(.bss)
 .bss           0x00000000200009e8      0xe00 /tmp/cc9XE1Jq.ltrans0.ltrans.o
                0x00000000200009e8                g_unique_id
                0x00000000200009f4                g_crystal_clock
                0x00000000200009f8                g_core_clock
                0x00000000200009fc                pif_act_timer1us
                0x0000000020000a00                s_tasks.17101
                0x0000000020000a18                s_it_current.17123
                0x0000000020000a1c                s_table_number.17102
                0x0000000020000a20                s_table.17100
                0x0000000020000aa0                s_buzzer
                0x0000000020000abc                g_featureDefault
                0x0000000020000b08                usTicks.13507
                0x0000000020000b1a                isSPI.6342
                0x0000000020000b1c                g_i2c_port
                0x0000000020000b4c                adcConfig.4096
                0x0000000020000b54                adcValues.4102
                0x0000000020000b5c                batteryWarningVoltage
                0x0000000020000b5e                batteryCriticalVoltage
                0x0000000020000b60                boardRotation.14135
                0x0000000020000b88                enabledSensors.9769
                0x0000000020000b8c                g_board_name
                0x0000000020000b90                smallAngle
                0x0000000020000b94                accVelScale
                0x0000000020000b98                throttleAngleScale
                0x0000000020000b9c                fc_acc
                0x0000000020000ba0                magInit.12325
                0x0000000020000ba4                core
                0x0000000020000bbc                currentMixer.11149
                0x0000000020000c7c                numberRules.11034
                0x0000000020000c7d                currentServoMixer.10845
                0x0000000020000ced                f
                0x0000000020000d04                g_task_compute_rc
                0x0000000020000d08                pwmFilter.6225
                0x0000000020000d09                syncPWM.6215
                0x0000000020000d0a                numInputs.6226
                0x0000000020000d0b                numMotors.6233
                0x0000000020000d0c                motors.6213
                0x0000000020000d3c                numServos.6234
                0x0000000020000d40                servos.6235
                0x0000000020000d60                s_rc.6212
                0x0000000020000db4                pwmWritePtr.6223
                0x0000000020000db8                rcData
                0x0000000020000ddc                rcReadRawFunc
                0x0000000020000de0                spekChannelData.15747
                0x0000000020000e00                s_spektrum.15577
                0x0000000020000e60                sbusChannelData.15107
                0x0000000020000f34                ibusChannelData.14790
                0x0000000020000fe4                gpsData.7031
                0x0000000020001008                gps_ublox.7020
                0x00000000200012c8                noise_filter.10350.12136
                0x00000000200012e8                p_sonar_noise_filter.12213
                0x00000000200012ec                softSerialPorts
                0x00000000200017bc                softSerialConfiguration
                0x00000000200017c4                isTelemetryConfigurationValid.7941
                0x00000000200017c6                calibratingG
                0x00000000200017c8                calibratingB
                0x00000000200017cc                g_task_compute_imu
                0x00000000200017d0                g_task_gps
                0x00000000200017d4                pif_timer1us
                0x00000000200017d8                s_loop_count.17121
                0x00000000200017dc                s_task_cutin.17110
                0x00000000200017e0                s_pass_count.17120
                0x00000000200017e4                p_storage.9762
 .bss           0x00000000200017e8      0x16c /tmp/cc9XE1Jq.ltrans1.ltrans.o
                0x0000000020001888                anglerad
                0x00000000200018a4                accSum
                0x00000000200018b0                accSumCount
                0x00000000200018b8                lookupPitchRollRC
                0x00000000200018c6                dynP8
                0x00000000200018cc                dynD8
                0x00000000200018d0                lookupThrottleRC
                0x00000000200018ec                setVelocity
                0x00000000200018f0                velocityControl
                0x00000000200018f4                nav_bearing
                0x0000000020001908                altPID_PARAM
                0x000000002000191c                navPID_PARAM
                0x000000002000192e                axisPID
 .bss           0x0000000020001954        0x2 /tmp/cc9XE1Jq.ltrans2.ltrans.o
 *fill*         0x0000000020001956        0x2 
 .bss           0x0000000020001958       0xc8 /tmp/cc9XE1Jq.ltrans3.ltrans.o
                0x0000000020001958                angle
                0x000000002000195c                GPS_update
                0x000000002000195e                motor_disarmed
                0x0000000020001976                gyroData
                0x000000002000197c                magADC
                0x0000000020001982                GPS_ground_course
                0x0000000020001a18                GPS_HorizontalAcc
                0x0000000020001a1c                GPS_VerticalAcc
 .bss           0x0000000020001a20      0x1e8 /tmp/cc9XE1Jq.ltrans4.ltrans.o
                0x0000000020001ab4                rcOptions
                0x0000000020001ace                rssi
                0x0000000020001ad0                failsafeCnt
                0x0000000020001ad6                heading
                0x0000000020001ad8                AccInflightCalibrationMeasurementDone
                0x0000000020001ad9                AccInflightCalibrationSavetoEEProm
                0x0000000020001adc                InflightcalibratingA
                0x0000000020001ade                AccInflightCalibrationActive
                0x0000000020001ae0                errorAngleI.11595
                0x0000000020001ae8                AltHold
                0x0000000020001aec                EstAlt
                0x0000000020001af0                initialThrottleHold.11673
                0x0000000020001af2                rcCommand
                0x0000000020001afc                errorVelocityI
                0x0000000020001b00                BaroPID
                0x0000000020001b04                magHold
                0x0000000020001b06                headFreeModeHold
                0x0000000020001b08                nav_mode
                0x0000000020001b0c                GPS_home
                0x0000000020001b18                GPS_hold
                0x0000000020001b24                GPS_altitude
                0x0000000020001b28                GPS_coord
                0x0000000020001b30                GPS_angle
                0x0000000020001b36                nav_rated
                0x0000000020001b3a                nav
                0x0000000020001b68                poshold_ratePID.7267
                0x0000000020001b90                navPID.7269
                0x0000000020001bb8                navErrorI
                0x0000000020001bbc                altErrorI
                0x0000000020001bc0                lastAltDiff.14337
                0x0000000020001bc2                lastnavDiff.14340
                0x0000000020001bc4                speedBoost.14341
                0x0000000020001bc6                altHist.14342
                0x0000000020001bd2                navDif.14343
                0x0000000020001bde                readyBeepDone.8867
                0x0000000020001be0                disarmTime.11608
                0x0000000020001be4                errorGyroI.11597
                0x0000000020001bf0                buzz_countSats.8864
 .bss           0x0000000020001c08      0x1c0 /tmp/cc9XE1Jq.ltrans5.ltrans.o
                0x0000000020001c14                vbat
                0x0000000020001c1c                amperage
                0x0000000020001c28                mAhdrawn
                0x0000000020001c2c                s_change_cli.12931
                0x0000000020001c36                accSmooth
                0x0000000020001c3c                vario
                0x0000000020001c40                BaroAlt
                0x0000000020001c74                GPS_speed
                0x0000000020001c76                GPS_distanceToHome
                0x0000000020001c78                GPS_directionToHome
                0x0000000020001ca8                ports.12603
                0x0000000020001d60                s_log.16692
                0x0000000020001dc4                pendReboot.12930
 .bss           0x0000000020001dc8       0x1c /tmp/cc9XE1Jq.ltrans6.ltrans.o
                0x0000000020001dc8                hmc5883.4978
 .bss           0x0000000020001de4      0x150 /tmp/cc9XE1Jq.ltrans7.ltrans.o
                0x0000000020001de4                funcSonarDistance.4774
                0x0000000020001de8                trigger_pin.4772
                0x0000000020001df0                timerConfigs
 .bss           0x0000000020001f34        0x4 /tmp/cc9XE1Jq.ltrans9.ltrans.o
 .bss           0x0000000020001f38       0xb4 /tmp/cc9XE1Jq.ltrans10.ltrans.o
                0x0000000020001fa4                GPS_WP
                0x0000000020001fac                wp_distance
                0x0000000020001fb0                target_bearing.7029
                0x0000000020001fb4                error.7264
                0x0000000020001fbc                posholdPID_PARAM.7265
                0x0000000020001fcc                poshold_ratePID_PARAM.7025
                0x0000000020001fe0                waypoint_speed_gov.7150
                0x0000000020001fe4                original_target_bearing.7290
                0x0000000020001fea                nav_takeoff_bearing.7278
 .bss           0x0000000020001fec        0x4 /tmp/cc9XE1Jq.ltrans11.ltrans.o
 .bss           0x0000000020001ff0       0xa8 /tmp/cc9XE1Jq.ltrans13.ltrans.o
                0x0000000020002040                baroPressureSum
                0x0000000020002070                s_echo_state.4773
                0x0000000020002074                s_hcsr04.4771
                0x0000000020002094                exti_line.4777
 .bss           0x0000000020002098       0x3c /tmp/cc9XE1Jq.ltrans14.ltrans.o
                0x0000000020002098                sumdChannelData.15424
                0x00000000200020ba                addr.13235
                0x00000000200020bb                reg.13233
                0x00000000200020bc                writing.13238
                0x00000000200020bd                reading.13231
                0x00000000200020c0                read_p.13237
                0x00000000200020c4                write_p.13239
                0x00000000200020c8                bytes.13234
                0x00000000200020c9                busy.13240
                0x00000000200020ca                error.13252
                0x00000000200020cc                I2Cx.13227
 .bss           0x00000000200020d4       0x14 /tmp/cc9XE1Jq.ltrans15.ltrans.o
 .bss           0x00000000200020e8       0x5c /tmp/cc9XE1Jq.ltrans16.ltrans.o
                0x00000000200020eb                string.5680.17662
 .bss           0x0000000020002144       0x1b /tmp/cc9XE1Jq.ltrans18.ltrans.o
                0x0000000020002144                availableBoxes.12605
                0x000000002000215d                numberBoxItems.12612
 *fill*         0x000000002000215f        0x1 
 .bss           0x0000000020002160       0x20 /tmp/cc9XE1Jq.ltrans19.ltrans.o
                0x0000000020002168                s_task_stack_ptr.17111
                0x000000002000216c                s_task_stack.17112
 .bss           0x0000000020002180      0x108 /tmp/cc9XE1Jq.ltrans20.ltrans.o
                0x0000000020002180                qmc5883.5177
                0x000000002000218c                pwmPorts.6216
                0x000000002000226c                mpu.5674
 .bss           0x0000000020002288       0xf8 /tmp/cc9XE1Jq.ltrans22.ltrans.o
                0x000000002000228c                baroTemperature.12212
                0x0000000020002354                captures.6214
 .bss           0x0000000020002380        0x8 /tmp/cc9XE1Jq.ltrans23.ltrans.o
                0x0000000020002384                GPS_numSat
 .bss           0x0000000020002388      0x7b8 /tmp/cc9XE1Jq.ltrans24.ltrans.o
                0x0000000020002388                uartPort.13939
                0x000000002000243c                sysTickUptime.13508
                0x0000000020002440                pif_cumulative_timer1ms
                0x0000000020002444                pif_timer1ms
                0x000000002000244c                pif_datetime
                0x0000000020002454                pif_performance
                0x000000002000245c                g_timer_1ms
                0x0000000020002480                mcfg
                0x00000000200029ec                numberMotor.11150
                0x00000000200029ee                motor
                0x0000000020002a08                cfg
 *(.bss*)
 .bss.hw_revision
                0x0000000020002b40        0x4 /tmp/cc9XE1Jq.ltrans0.ltrans.o
                0x0000000020002b40                hw_revision
 .bss.pif_error
                0x0000000020002b44        0x1 /tmp/cc9XE1Jq.ltrans0.ltrans.o
                0x0000000020002b44                pif_error
 *fill*         0x0000000020002b45        0x1 
 .bss.calibratingA
                0x0000000020002b46        0x2 /tmp/cc9XE1Jq.ltrans0.ltrans.o
                0x0000000020002b46                calibratingA
 .bss.systemBeepPtr
                0x0000000020002b48        0x4 /tmp/cc9XE1Jq.ltrans0.ltrans.o
                0x0000000020002b48                systemBeepPtr
 .bss.accTimeSum
                0x0000000020002b4c        0x4 /tmp/cc9XE1Jq.ltrans1.ltrans.o
                0x0000000020002b4c                accTimeSum
 .bss.cliMode   0x0000000020002b50        0x1 /tmp/cc9XE1Jq.ltrans5.ltrans.o
                0x0000000020002b50                cliMode
 *fill*         0x0000000020002b51        0x1 
 .bss.cycleTime
                0x0000000020002b52        0x2 /tmp/cc9XE1Jq.ltrans5.ltrans.o
                0x0000000020002b52                cycleTime
 .bss.pif_log_flag
                0x0000000020002b54        0x4 /tmp/cc9XE1Jq.ltrans15.ltrans.o
 .bss.__malloc_max_total_mem
                0x0000000020002b58        0x4 /usr/lib/gcc/arm-none-eabi/4.8.2/../../../arm-none-eabi/lib/armv7-m/libc.a(lib_a-mallocr.o)
                0x0000000020002b58                __malloc_max_total_mem
 .bss.__malloc_max_sbrked_mem
                0x0000000020002b5c        0x4 /usr/lib/gcc/arm-none-eabi/4.8.2/../../../arm-none-eabi/lib/armv7-m/libc.a(lib_a-mallocr.o)
                0x0000000020002b5c                __malloc_max_sbrked_mem
 .bss.__malloc_top_pad
                0x0000000020002b60        0x4 /usr/lib/gcc/arm-none-eabi/4.8.2/../../../arm-none-eabi/lib/armv7-m/libc.a(lib_a-mallocr.o)
                0x0000000020002b60                __malloc_top_pad
 .bss.__malloc_current_mallinfo
                0x0000000020002b64       0x28 /usr/lib/gcc/arm-none-eabi/4.8.2/../../../arm-none-eabi/lib/armv7-m/libc.a(lib_a-mallocr.o)
                0x0000000020002b64                __malloc_current_mallinfo
 .bss.heap_end.4061
                0x0000000020002b8c        0x4 /usr/lib/gcc/arm-none-eabi/4.8.2/../../../arm-none-eabi/lib/armv7-m/libnosys.a(sbrk.o)
 *(COMMON)
 COMMON         0x0000000020002b90        0x4 /usr/lib/gcc/arm-none-eabi/4.8.2/../../../arm-none-eabi/lib/armv7-m/libc.a(lib_a-reent.o)
                0x0000000020002b90                errno
                0x0000000020002b94                . = ALIGN (0x4)
                0x0000000020002b94                _ebss = .
                0x0000000020002b94                __bss_end__ = _ebss

._user_heap_stack
                0x0000000020002b94      0x400 load address 0x000000000801bb58
                0x0000000020002b94                . = ALIGN (0x4)
                0x0000000020002b94                PROVIDE (end, .)
                0x0000000020002b94                PROVIDE (_end, .)
                0x0000000020002b94                . = (. + _Min_Heap_Size)
                0x0000000020002f94                . = (. + _Min_Stack_Size)
 *fill*         0x0000000020002b94      0x400 
                0x0000000020002f94                . = ALIGN (0x4)

.memory_b1_text
 *(.mb1text)
 *(.mb1text*)
 *(.mb1rodata)
 *(.mb1rodata*)

/DISCARD/
 libc.a(*)
 libm.a(*)
 libgcc.a(*)

.ARM.attributes
                0x0000000000000000       0x31
 *(.ARM.attributes)
 .ARM.attributes
                0x0000000000000000       0x31 /tmp/cc9XE1Jq.ltrans0.ltrans.o
 .ARM.attributes
                0x0000000000000031       0x31 /tmp/cc9XE1Jq.ltrans1.ltrans.o
 .ARM.attributes
                0x0000000000000062       0x31 /tmp/cc9XE1Jq.ltrans2.ltrans.o
 .ARM.attributes
                0x0000000000000093       0x31 /tmp/cc9XE1Jq.ltrans3.ltrans.o
 .ARM.attributes
                0x00000000000000c4       0x31 /tmp/cc9XE1Jq.ltrans4.ltrans.o
 .ARM.attributes
                0x00000000000000f5       0x31 /tmp/cc9XE1Jq.ltrans5.ltrans.o
 .ARM.attributes
                0x0000000000000126       0x31 /tmp/cc9XE1Jq.ltrans6.ltrans.o
 .ARM.attributes
                0x0000000000000157       0x31 /tmp/cc9XE1Jq.ltrans7.ltrans.o
 .ARM.attributes
                0x0000000000000188       0x31 /tmp/cc9XE1Jq.ltrans8.ltrans.o
 .ARM.attributes
                0x00000000000001b9       0x31 /tmp/cc9XE1Jq.ltrans9.ltrans.o
 .ARM.attributes
                0x00000000000001ea       0x31 /tmp/cc9XE1Jq.ltrans10.ltrans.o
 .ARM.attributes
                0x000000000000021b       0x31 /tmp/cc9XE1Jq.ltrans11.ltrans.o
 .ARM.attributes
                0x000000000000024c       0x31 /tmp/cc9XE1Jq.ltrans12.ltrans.o
 .ARM.attributes
                0x000000000000027d       0x31 /tmp/cc9XE1Jq.ltrans13.ltrans.o
 .ARM.attributes
                0x00000000000002ae       0x31 /tmp/cc9XE1Jq.ltrans14.ltrans.o
 .ARM.attributes
                0x00000000000002df       0x31 /tmp/cc9XE1Jq.ltrans15.ltrans.o
 .ARM.attributes
                0x0000000000000310       0x31 /tmp/cc9XE1Jq.ltrans16.ltrans.o
 .ARM.attributes
                0x0000000000000341       0x31 /tmp/cc9XE1Jq.ltrans17.ltrans.o
 .ARM.attributes
                0x0000000000000372       0x31 /tmp/cc9XE1Jq.ltrans18.ltrans.o
 .ARM.attributes
                0x00000000000003a3       0x31 /tmp/cc9XE1Jq.ltrans19.ltrans.o
 .ARM.attributes
                0x00000000000003d4       0x31 /tmp/cc9XE1Jq.ltrans20.ltrans.o
 .ARM.attributes
                0x0000000000000405       0x31 /tmp/cc9XE1Jq.ltrans21.ltrans.o
 .ARM.attributes
                0x0000000000000436       0x31 /tmp/cc9XE1Jq.ltrans22.ltrans.o
 .ARM.attributes
                0x0000000000000467       0x31 /tmp/cc9XE1Jq.ltrans23.ltrans.o
 .ARM.attributes
                0x0000000000000498       0x31 /tmp/cc9XE1Jq.ltrans24.ltrans.o
 .ARM.attributes
                0x00000000000004c9       0x31 /tmp/cc9XE1Jq.ltrans25.ltrans.o
 .ARM.attributes
                0x00000000000004fa       0x31 /tmp/cc9XE1Jq.ltrans26.ltrans.o
 .ARM.attributes
                0x000000000000052b       0x21 obj/NAZE/startup_stm32f10x_md_gcc.o
 .ARM.attributes
                0x000000000000054c       0x2d /usr/lib/gcc/arm-none-eabi/4.8.2/../../../arm-none-eabi/lib/armv7-m/libc.a(lib_a-atoi.o)
 .ARM.attributes
                0x0000000000000579       0x2d /usr/lib/gcc/arm-none-eabi/4.8.2/../../../arm-none-eabi/lib/armv7-m/libc.a(lib_a-ctype_.o)
 .ARM.attributes
                0x00000000000005a6       0x2d /usr/lib/gcc/arm-none-eabi/4.8.2/../../../arm-none-eabi/lib/armv7-m/libc.a(lib_a-strtol.o)
 .ARM.attributes
                0x00000000000005d3       0x2d /usr/lib/gcc/arm-none-eabi/4.8.2/../../../arm-none-eabi/lib/armv7-m/libc.a(lib_a-impure.o)
 .ARM.attributes
                0x0000000000000600       0x2d /usr/lib/gcc/arm-none-eabi/4.8.2/../../../arm-none-eabi/lib/armv7-m/libm.a(lib_a-s_cos.o)
 .ARM.attributes
                0x000000000000062d       0x2d /usr/lib/gcc/arm-none-eabi/4.8.2/../../../arm-none-eabi/lib/armv7-m/libm.a(lib_a-s_sin.o)
 .ARM.attributes
                0x000000000000065a       0x2d /usr/lib/gcc/arm-none-eabi/4.8.2/../../../arm-none-eabi/lib/armv7-m/libm.a(lib_a-sf_cos.o)
 .ARM.attributes
                0x0000000000000687       0x2d /usr/lib/gcc/arm-none-eabi/4.8.2/../../../arm-none-eabi/lib/armv7-m/libm.a(lib_a-sf_lrint.o)
 .ARM.attributes
                0x00000000000006b4       0x2d /usr/lib/gcc/arm-none-eabi/4.8.2/../../../arm-none-eabi/lib/armv7-m/libm.a(lib_a-sf_sin.o)
 .ARM.attributes
                0x00000000000006e1       0x2d /usr/lib/gcc/arm-none-eabi/4.8.2/../../../arm-none-eabi/lib/armv7-m/libm.a(lib_a-wf_acos.o)
 .ARM.attributes
                0x000000000000070e       0x2d /usr/lib/gcc/arm-none-eabi/4.8.2/../../../arm-none-eabi/lib/armv7-m/libm.a(lib_a-wf_atan2.o)
 .ARM.attributes
                0x000000000000073b       0x2d /usr/lib/gcc/arm-none-eabi/4.8.2/../../../arm-none-eabi/lib/armv7-m/libm.a(lib_a-wf_pow.o)
 .ARM.attributes
                0x0000000000000768       0x2d /usr/lib/gcc/arm-none-eabi/4.8.2/../../../arm-none-eabi/lib/armv7-m/libm.a(lib_a-wf_sqrt.o)
 .ARM.attributes
                0x0000000000000795       0x2d /usr/lib/gcc/arm-none-eabi/4.8.2/../../../arm-none-eabi/lib/armv7-m/libm.a(lib_a-e_rem_pio2.o)
 .ARM.attributes
                0x00000000000007c2       0x2d /usr/lib/gcc/arm-none-eabi/4.8.2/../../../arm-none-eabi/lib/armv7-m/libm.a(lib_a-ef_acos.o)
 .ARM.attributes
                0x00000000000007ef       0x2d /usr/lib/gcc/arm-none-eabi/4.8.2/../../../arm-none-eabi/lib/armv7-m/libm.a(lib_a-ef_atan2.o)
 .ARM.attributes
                0x000000000000081c       0x2d /usr/lib/gcc/arm-none-eabi/4.8.2/../../../arm-none-eabi/lib/armv7-m/libm.a(lib_a-ef_pow.o)
 .ARM.attributes
                0x0000000000000849       0x2d /usr/lib/gcc/arm-none-eabi/4.8.2/../../../arm-none-eabi/lib/armv7-m/libm.a(lib_a-ef_rem_pio2.o)
 .ARM.attributes
                0x0000000000000876       0x2d /usr/lib/gcc/arm-none-eabi/4.8.2/../../../arm-none-eabi/lib/armv7-m/libm.a(lib_a-ef_sqrt.o)
 .ARM.attributes
                0x00000000000008a3       0x2d /usr/lib/gcc/arm-none-eabi/4.8.2/../../../arm-none-eabi/lib/armv7-m/libm.a(lib_a-k_cos.o)
 .ARM.attributes
                0x00000000000008d0       0x2d /usr/lib/gcc/arm-none-eabi/4.8.2/../../../arm-none-eabi/lib/armv7-m/libm.a(lib_a-k_rem_pio2.o)
 .ARM.attributes
                0x00000000000008fd       0x2d /usr/lib/gcc/arm-none-eabi/4.8.2/../../../arm-none-eabi/lib/armv7-m/libm.a(lib_a-k_sin.o)
 .ARM.attributes
                0x000000000000092a       0x2d /usr/lib/gcc/arm-none-eabi/4.8.2/../../../arm-none-eabi/lib/armv7-m/libm.a(lib_a-kf_cos.o)
 .ARM.attributes
                0x0000000000000957       0x2d /usr/lib/gcc/arm-none-eabi/4.8.2/../../../arm-none-eabi/lib/armv7-m/libm.a(lib_a-kf_rem_pio2.o)
 .ARM.attributes
                0x0000000000000984       0x2d /usr/lib/gcc/arm-none-eabi/4.8.2/../../../arm-none-eabi/lib/armv7-m/libm.a(lib_a-kf_sin.o)
 .ARM.attributes
                0x00000000000009b1       0x2d /usr/lib/gcc/arm-none-eabi/4.8.2/../../../arm-none-eabi/lib/armv7-m/libm.a(lib_a-s_fabs.o)
 .ARM.attributes
                0x00000000000009de       0x2d /usr/lib/gcc/arm-none-eabi/4.8.2/../../../arm-none-eabi/lib/armv7-m/libm.a(lib_a-s_floor.o)
 .ARM.attributes
                0x0000000000000a0b       0x2d /usr/lib/gcc/arm-none-eabi/4.8.2/../../../arm-none-eabi/lib/armv7-m/libm.a(lib_a-s_lib_ver.o)
 .ARM.attributes
                0x0000000000000a38       0x2d /usr/lib/gcc/arm-none-eabi/4.8.2/../../../arm-none-eabi/lib/armv7-m/libm.a(lib_a-s_matherr.o)
 .ARM.attributes
                0x0000000000000a65       0x2d /usr/lib/gcc/arm-none-eabi/4.8.2/../../../arm-none-eabi/lib/armv7-m/libm.a(lib_a-s_nan.o)
 .ARM.attributes
                0x0000000000000a92       0x2d /usr/lib/gcc/arm-none-eabi/4.8.2/../../../arm-none-eabi/lib/armv7-m/libm.a(lib_a-s_rint.o)
 .ARM.attributes
                0x0000000000000abf       0x2d /usr/lib/gcc/arm-none-eabi/4.8.2/../../../arm-none-eabi/lib/armv7-m/libm.a(lib_a-s_scalbn.o)
 .ARM.attributes
                0x0000000000000aec       0x2d /usr/lib/gcc/arm-none-eabi/4.8.2/../../../arm-none-eabi/lib/armv7-m/libm.a(lib_a-sf_atan.o)
 .ARM.attributes
                0x0000000000000b19       0x2d /usr/lib/gcc/arm-none-eabi/4.8.2/../../../arm-none-eabi/lib/armv7-m/libm.a(lib_a-sf_fabs.o)
 .ARM.attributes
                0x0000000000000b46       0x2d /usr/lib/gcc/arm-none-eabi/4.8.2/../../../arm-none-eabi/lib/armv7-m/libm.a(lib_a-sf_finite.o)
 .ARM.attributes
                0x0000000000000b73       0x2d /usr/lib/gcc/arm-none-eabi/4.8.2/../../../arm-none-eabi/lib/armv7-m/libm.a(lib_a-sf_floor.o)
 .ARM.attributes
                0x0000000000000ba0       0x2d /usr/lib/gcc/arm-none-eabi/4.8.2/../../../arm-none-eabi/lib/armv7-m/libm.a(lib_a-sf_fpclassify.o)
 .ARM.attributes
                0x0000000000000bcd       0x2d /usr/lib/gcc/arm-none-eabi/4.8.2/../../../arm-none-eabi/lib/armv7-m/libm.a(lib_a-sf_nan.o)
 .ARM.attributes
                0x0000000000000bfa       0x2d /usr/lib/gcc/arm-none-eabi/4.8.2/../../../arm-none-eabi/lib/armv7-m/libm.a(lib_a-sf_scalbn.o)
 .ARM.attributes
                0x0000000000000c27       0x2d /usr/lib/gcc/arm-none-eabi/4.8.2/../../../arm-none-eabi/lib/armv7-m/libm.a(lib_a-s_copysign.o)
 .ARM.attributes
                0x0000000000000c54       0x2d /usr/lib/gcc/arm-none-eabi/4.8.2/../../../arm-none-eabi/lib/armv7-m/libm.a(lib_a-sf_copysign.o)
 .ARM.attributes
                0x0000000000000c81       0x2d /usr/lib/gcc/arm-none-eabi/4.8.2/../../../arm-none-eabi/lib/armv7-m/libc.a(lib_a-calloc.o)
 .ARM.attributes
                0x0000000000000cae       0x2d /usr/lib/gcc/arm-none-eabi/4.8.2/../../../arm-none-eabi/lib/armv7-m/libc.a(lib_a-callocr.o)
 .ARM.attributes